
00:00 +0: loading D:/TulasiHotels/test/config/app_check_config_test.dart                                                                                                                               
00:01 +0: loading D:/TulasiHotels/test/config/app_check_config_test.dart                                                                                                                               
00:02 +0: loading D:/TulasiHotels/test/config/app_check_config_test.dart                                                                                                                               
00:03 +0: loading D:/TulasiHotels/test/config/app_check_config_test.dart                                                                                                                               
00:04 +0: loading D:/TulasiHotels/test/config/app_check_config_test.dart                                                                                                                               
00:04 +0: D:/TulasiHotels/test/config/app_check_config_test.dart: AppCheckConfig recaptchaSiteKey is a string (empty in test environment)                                                              
00:05 +0: D:/TulasiHotels/test/config/app_check_config_test.dart: AppCheckConfig recaptchaSiteKey is a string (empty in test environment)                                                              
00:05 +1: D:/TulasiHotels/test/config/app_check_config_test.dart: AppCheckConfig recaptchaSiteKey is a string (empty in test environment)                                                              
00:05 +1: D:/TulasiHotels/test/config/app_check_config_test.dart: AppCheckConfig isWebConfigured is false when no env var set                                                                          
00:05 +2: D:/TulasiHotels/test/config/app_check_config_test.dart: AppCheckConfig isWebConfigured is false when no env var set                                                                          
00:05 +2: D:/TulasiHotels/test/config/app_check_config_test.dart: AppCheckConfig recaptchaSiteKey is empty string without dart-define                                                                  
00:05 +3: D:/TulasiHotels/test/config/app_check_config_test.dart: AppCheckConfig recaptchaSiteKey is empty string without dart-define                                                                  
00:05 +3: loading D:/TulasiHotels/test/config/razorpay_config_test.dart                                                                                                                                
00:05 +3: D:/TulasiHotels/test/config/razorpay_config_test.dart: RazorpayConfig.appName defaults to platform name when no shop name set                                                                
00:05 +4: D:/TulasiHotels/test/config/razorpay_config_test.dart: RazorpayConfig.appName defaults to platform name when no shop name set                                                                
00:05 +4: D:/TulasiHotels/test/config/razorpay_config_test.dart: RazorpayConfig.appName returns shop name when set                                                                                     
00:05 +5: D:/TulasiHotels/test/config/razorpay_config_test.dart: RazorpayConfig.appName returns shop name when set                                                                                     
00:05 +5: D:/TulasiHotels/test/config/razorpay_config_test.dart: RazorpayConfig.appName falls back to platform name when empty shop name set                                                           
00:05 +6: D:/TulasiHotels/test/config/razorpay_config_test.dart: RazorpayConfig.appName falls back to platform name when empty shop name set                                                           
00:05 +6: D:/TulasiHotels/test/config/razorpay_config_test.dart: RazorpayConfig.appName trims whitespace from shop name                                                                                
00:05 +7: D:/TulasiHotels/test/config/razorpay_config_test.dart: RazorpayConfig.appName trims whitespace from shop name                                                                                
00:05 +7: D:/TulasiHotels/test/config/razorpay_config_test.dart: RazorpayConfig.appName whitespace-only falls back to platform name                                                                    
00:05 +8: D:/TulasiHotels/test/config/razorpay_config_test.dart: RazorpayConfig.appName whitespace-only falls back to platform name                                                                    
00:05 +8: D:/TulasiHotels/test/config/razorpay_config_test.dart: RazorpayConfig.isTestMode true for rzp_test_ prefix                                                                                   
00:05 +9: D:/TulasiHotels/test/config/razorpay_config_test.dart: RazorpayConfig.isTestMode true for rzp_test_ prefix                                                                                   
00:05 +9: D:/TulasiHotels/test/config/razorpay_config_test.dart: RazorpayConfig.isTestMode false for rzp_live_ prefix                                                                                  
00:05 +10: D:/TulasiHotels/test/config/razorpay_config_test.dart: RazorpayConfig.isTestMode false for rzp_live_ prefix                                                                                 
00:05 +10: D:/TulasiHotels/test/config/razorpay_config_test.dart: RazorpayConfig.isTestMode false for empty string                                                                                     
00:05 +11: D:/TulasiHotels/test/config/razorpay_config_test.dart: RazorpayConfig.isTestMode false for empty string                                                                                     
00:05 +11: D:/TulasiHotels/test/config/razorpay_config_test.dart: RazorpayConfig.isConfigured false when key is empty                                                                                  
00:05 +12: D:/TulasiHotels/test/config/razorpay_config_test.dart: RazorpayConfig.isConfigured false when key is empty                                                                                  
00:05 +12: D:/TulasiHotels/test/config/razorpay_config_test.dart: RazorpayConfig.isConfigured true when key is present                                                                                 
00:05 +13: D:/TulasiHotels/test/config/razorpay_config_test.dart: RazorpayConfig.isConfigured true when key is present                                                                                 
00:06 +13: D:/TulasiHotels/test/config/razorpay_config_test.dart: RazorpayConfig.isConfigured true when key is present                                                                                 
00:06 +13: loading D:/TulasiHotels/test/config/remote_config_state_test.dart                                                                                                                           
00:06 +13: D:/TulasiHotels/test/config/remote_config_state_test.dart: RemoteConfigState defaults appVersion defaults to 1.0.0                                                                          
00:06 +14: D:/TulasiHotels/test/config/remote_config_state_test.dart: RemoteConfigState defaults appVersion defaults to 1.0.0                                                                          
00:06 +14: D:/TulasiHotels/test/config/remote_config_state_test.dart: RemoteConfigState defaults announcement defaults to empty                                                                        
00:06 +15: D:/TulasiHotels/test/config/remote_config_state_test.dart: RemoteConfigState defaults announcement defaults to empty                                                                        
00:06 +15: D:/TulasiHotels/test/config/remote_config_state_test.dart: hasNewerVersion false when latestVersion is empty                                                                                
00:06 +16: D:/TulasiHotels/test/config/remote_config_state_test.dart: hasNewerVersion false when latestVersion is empty                                                                                
00:06 +16: D:/TulasiHotels/test/config/remote_config_state_test.dart: hasNewerVersion false when versions are equal                                                                                    
00:06 +17: D:/TulasiHotels/test/config/remote_config_state_test.dart: hasNewerVersion false when versions are equal                                                                                    
00:06 +17: D:/TulasiHotels/test/config/remote_config_state_test.dart: hasNewerVersion true when latest is newer major                                                                                  
00:06 +18: D:/TulasiHotels/test/config/remote_config_state_test.dart: hasNewerVersion true when latest is newer major                                                                                  
00:06 +18: D:/TulasiHotels/test/config/remote_config_state_test.dart: hasNewerVersion true when latest is newer minor                                                                                  
00:06 +19: D:/TulasiHotels/test/config/remote_config_state_test.dart: hasNewerVersion true when latest is newer minor                                                                                  
00:06 +19: D:/TulasiHotels/test/config/remote_config_state_test.dart: hasNewerVersion true when latest is newer patch                                                                                  
00:06 +20: D:/TulasiHotels/test/config/remote_config_state_test.dart: hasNewerVersion true when latest is newer patch                                                                                  
00:06 +20: D:/TulasiHotels/test/config/remote_config_state_test.dart: hasNewerVersion false when current is newer                                                                                      
00:06 +21: D:/TulasiHotels/test/config/remote_config_state_test.dart: hasNewerVersion false when current is newer                                                                                      
00:06 +21: D:/TulasiHotels/test/config/remote_config_state_test.dart: hasNewerVersion false when current minor is newer                                                                                
00:06 +22: D:/TulasiHotels/test/config/remote_config_state_test.dart: hasNewerVersion false when current minor is newer                                                                                
00:06 +22: D:/TulasiHotels/test/config/remote_config_state_test.dart: hasNewerVersion false when current patch is newer                                                                                
00:06 +23: D:/TulasiHotels/test/config/remote_config_state_test.dart: hasNewerVersion false when current patch is newer                                                                                
00:06 +23: D:/TulasiHotels/test/config/remote_config_state_test.dart: hasNewerVersion handles malformed version gracefully (no crash)                                                                  
00:06 +24: D:/TulasiHotels/test/config/remote_config_state_test.dart: hasNewerVersion handles malformed version gracefully (no crash)                                                                  
00:06 +24: D:/TulasiHotels/test/config/remote_config_state_test.dart: hasNewerVersion handles partial versions                                                                                         
00:06 +25: D:/TulasiHotels/test/config/remote_config_state_test.dart: hasNewerVersion handles partial versions                                                                                         
00:06 +25: D:/TulasiHotels/test/config/remote_config_state_test.dart: hasNewerVersion handles double-digit versions                                                                                    
00:06 +26: D:/TulasiHotels/test/config/remote_config_state_test.dart: hasNewerVersion handles double-digit versions                                                                                    
00:06 +26: D:/TulasiHotels/test/config/remote_config_state_test.dart: announcement can be set and read                                                                                                 
00:06 +27: D:/TulasiHotels/test/config/remote_config_state_test.dart: announcement can be set and read                                                                                                 
00:06 +27: D:/TulasiHotels/test/config/remote_config_state_test.dart: announcement empty string means no announcement                                                                                  
00:06 +28: D:/TulasiHotels/test/config/remote_config_state_test.dart: announcement empty string means no announcement                                                                                  
00:07 +28: D:/TulasiHotels/test/config/remote_config_state_test.dart: announcement empty string means no announcement                                                                                  
00:07 +28: loading D:/TulasiHotels/test/constants/firebase_constants_test.dart                                                                                                                         
00:07 +28: D:/TulasiHotels/test/constants/firebase_constants_test.dart: FirebaseConstants collections collection names are non-empty                                                                   
00:07 +29: D:/TulasiHotels/test/constants/firebase_constants_test.dart: FirebaseConstants collections collection names are non-empty                                                                   
00:07 +29: D:/TulasiHotels/test/constants/firebase_constants_test.dart: FirebaseConstants collections collection names are lowercase                                                                   
00:07 +30: D:/TulasiHotels/test/constants/firebase_constants_test.dart: FirebaseConstants collections collection names are lowercase                                                                   
00:07 +30: D:/TulasiHotels/test/constants/firebase_constants_test.dart: FirebaseConstants collections expected collection values                                                                       
00:07 +31: D:/TulasiHotels/test/constants/firebase_constants_test.dart: FirebaseConstants collections expected collection values                                                                       
00:07 +31: D:/TulasiHotels/test/constants/firebase_constants_test.dart: FirebaseConstants field names user fields are non-empty                                                                        
00:07 +32: D:/TulasiHotels/test/constants/firebase_constants_test.dart: FirebaseConstants field names user fields are non-empty                                                                        
00:07 +32: D:/TulasiHotels/test/constants/firebase_constants_test.dart: FirebaseConstants field names product fields are non-empty                                                                     
00:07 +33: D:/TulasiHotels/test/constants/firebase_constants_test.dart: FirebaseConstants field names product fields are non-empty                                                                     
00:07 +33: D:/TulasiHotels/test/constants/firebase_constants_test.dart: FirebaseConstants field names bill fields are non-empty                                                                        
00:07 +34: D:/TulasiHotels/test/constants/firebase_constants_test.dart: FirebaseConstants field names bill fields are non-empty                                                                        
00:07 +34: D:/TulasiHotels/test/constants/firebase_constants_test.dart: FirebaseConstants field names field names use camelCase convention                                                             
00:07 +35: D:/TulasiHotels/test/constants/firebase_constants_test.dart: FirebaseConstants field names field names use camelCase convention                                                             
00:08 +35: D:/TulasiHotels/test/constants/firebase_constants_test.dart: FirebaseConstants field names field names use camelCase convention                                                             
00:08 +35: loading D:/TulasiHotels/test/design/app_colors_test.dart                                                                                                                                    
00:08 +35: D:/TulasiHotels/test/design/app_colors_test.dart: AppColors ├óΓé¼ΓÇ¥ default values default primary is emerald green                                                                             
00:08 +36: D:/TulasiHotels/test/design/app_colors_test.dart: AppColors ├óΓé¼ΓÇ¥ default values default primary is emerald green                                                                             
00:08 +36: D:/TulasiHotels/test/design/app_colors_test.dart: AppColors ├óΓé¼ΓÇ¥ default values secondary syncs with primary                                                                                 
00:08 +37: D:/TulasiHotels/test/design/app_colors_test.dart: AppColors ├óΓé¼ΓÇ¥ default values secondary syncs with primary                                                                                 
00:08 +37: D:/TulasiHotels/test/design/app_colors_test.dart: AppColors ├óΓé¼ΓÇ¥ semantic colors success is green                                                                                            
00:08 +38: D:/TulasiHotels/test/design/app_colors_test.dart: AppColors ├óΓé¼ΓÇ¥ semantic colors success is green                                                                                            
00:08 +38: D:/TulasiHotels/test/design/app_colors_test.dart: AppColors ├óΓé¼ΓÇ¥ semantic colors error is red                                                                                                
00:08 +39: D:/TulasiHotels/test/design/app_colors_test.dart: AppColors ├óΓé¼ΓÇ¥ semantic colors error is red                                                                                                
00:08 +39: D:/TulasiHotels/test/design/app_colors_test.dart: AppColors ├óΓé¼ΓÇ¥ semantic colors warning is amber                                                                                            
00:08 +40: D:/TulasiHotels/test/design/app_colors_test.dart: AppColors ├óΓé¼ΓÇ¥ semantic colors warning is amber                                                                                            
00:08 +40: D:/TulasiHotels/test/design/app_colors_test.dart: AppColors ├óΓé¼ΓÇ¥ semantic colors info is blue                                                                                                
00:08 +41: D:/TulasiHotels/test/design/app_colors_test.dart: AppColors ├óΓé¼ΓÇ¥ semantic colors info is blue                                                                                                
00:08 +41: D:/TulasiHotels/test/design/app_colors_test.dart: AppColors ├óΓé¼ΓÇ¥ semantic colors background colors are lighter than text colors                                                              
00:08 +42: D:/TulasiHotels/test/design/app_colors_test.dart: AppColors ├óΓé¼ΓÇ¥ semantic colors background colors are lighter than text colors                                                              
00:08 +42: D:/TulasiHotels/test/design/app_colors_test.dart: AppColors ├óΓé¼ΓÇ¥ payment colors cash is green                                                                                                
00:08 +43: D:/TulasiHotels/test/design/app_colors_test.dart: AppColors ├óΓé¼ΓÇ¥ payment colors cash is green                                                                                                
00:08 +43: D:/TulasiHotels/test/design/app_colors_test.dart: AppColors ├óΓé¼ΓÇ¥ payment colors upi is indigo                                                                                                
00:08 +44: D:/TulasiHotels/test/design/app_colors_test.dart: AppColors ├óΓé¼ΓÇ¥ payment colors upi is indigo                                                                                                
00:08 +44: D:/TulasiHotels/test/design/app_colors_test.dart: AppColors ├óΓé¼ΓÇ¥ payment colors credit/udhar are red                                                                                         
00:08 +45: D:/TulasiHotels/test/design/app_colors_test.dart: AppColors ├óΓé¼ΓÇ¥ payment colors credit/udhar are red                                                                                         
00:08 +45: D:/TulasiHotels/test/design/app_colors_test.dart: AppColors ├óΓé¼ΓÇ¥ light mode neutrals textPrimary is dark slate                                                                               
00:08 +46: D:/TulasiHotels/test/design/app_colors_test.dart: AppColors ├óΓé¼ΓÇ¥ light mode neutrals textPrimary is dark slate                                                                               
00:08 +46: D:/TulasiHotels/test/design/app_colors_test.dart: AppColors ├óΓé¼ΓÇ¥ light mode neutrals surface is white                                                                                        
00:08 +47: D:/TulasiHotels/test/design/app_colors_test.dart: AppColors ├óΓé¼ΓÇ¥ light mode neutrals surface is white                                                                                        
00:08 +47: D:/TulasiHotels/test/design/app_colors_test.dart: AppColors ├óΓé¼ΓÇ¥ light mode neutrals backward-compatible aliases match                                                                       
00:08 +48: D:/TulasiHotels/test/design/app_colors_test.dart: AppColors ├óΓé¼ΓÇ¥ light mode neutrals backward-compatible aliases match                                                                       
00:08 +48: D:/TulasiHotels/test/design/app_colors_test.dart: AppColors ├óΓé¼ΓÇ¥ dark mode neutrals backgroundDark is very dark                                                                              
00:08 +49: D:/TulasiHotels/test/design/app_colors_test.dart: AppColors ├óΓé¼ΓÇ¥ dark mode neutrals backgroundDark is very dark                                                                              
00:08 +49: D:/TulasiHotels/test/design/app_colors_test.dart: AppColors ├óΓé¼ΓÇ¥ dark mode neutrals textPrimaryDark is near white                                                                            
00:08 +50: D:/TulasiHotels/test/design/app_colors_test.dart: AppColors ├óΓé¼ΓÇ¥ dark mode neutrals textPrimaryDark is near white                                                                            
00:08 +50: D:/TulasiHotels/test/design/app_colors_test.dart: AppColors.updatePrimary updates all primary shades                                                                                        
00:08 +51: D:/TulasiHotels/test/design/app_colors_test.dart: AppColors.updatePrimary updates all primary shades                                                                                        
00:08 +51: D:/TulasiHotels/test/design/app_colors_test.dart: AppColors.updatePrimary primaryDark is darker than primary                                                                                
00:08 +52: D:/TulasiHotels/test/design/app_colors_test.dart: AppColors.updatePrimary primaryDark is darker than primary                                                                                
00:08 +52: D:/TulasiHotels/test/design/app_colors_test.dart: AppColors.updatePrimary primaryLight is lighter than primary                                                                              
00:08 +53: D:/TulasiHotels/test/design/app_colors_test.dart: AppColors.updatePrimary primaryLight is lighter than primary                                                                              
00:08 +53: D:/TulasiHotels/test/design/app_colors_test.dart: AppColors.updatePrimary updates gradients                                                                                                 
00:08 +54: D:/TulasiHotels/test/design/app_colors_test.dart: AppColors.updatePrimary updates gradients                                                                                                 
00:08 +54: D:/TulasiHotels/test/design/app_colors_test.dart: AppSpacing constants spacing values are ascending                                                                                         
00:08 +55: D:/TulasiHotels/test/design/app_colors_test.dart: AppSpacing constants spacing values are ascending                                                                                         
00:08 +55: D:/TulasiHotels/test/design/app_colors_test.dart: AppSpacing constants radius values are ascending                                                                                          
00:08 +56: D:/TulasiHotels/test/design/app_colors_test.dart: AppSpacing constants radius values are ascending                                                                                          
00:08 +56: D:/TulasiHotels/test/design/app_colors_test.dart: AppShadows small shadow has low blur                                                                                                      
00:08 +57: D:/TulasiHotels/test/design/app_colors_test.dart: AppShadows small shadow has low blur                                                                                                      
00:08 +57: D:/TulasiHotels/test/design/app_colors_test.dart: AppShadows medium shadow has moderate blur                                                                                                
00:08 +58: D:/TulasiHotels/test/design/app_colors_test.dart: AppShadows medium shadow has moderate blur                                                                                                
00:08 +58: D:/TulasiHotels/test/design/app_colors_test.dart: AppShadows large shadow has high blur                                                                                                     
00:08 +59: D:/TulasiHotels/test/design/app_colors_test.dart: AppShadows large shadow has high blur                                                                                                     
00:08 +59: D:/TulasiHotels/test/design/app_colors_test.dart: AppShadows shadow sizes are ascending                                                                                                     
00:08 +60: D:/TulasiHotels/test/design/app_colors_test.dart: AppShadows shadow sizes are ascending                                                                                                     
00:08 +60: loading D:/TulasiHotels/test/design/app_sizes_test.dart                                                                                                                                     
00:08 +60: D:/TulasiHotels/test/design/app_sizes_test.dart: AppSizes ΓÇö spacing constants spacing values are positive and ascending                                                                     
00:08 +61: D:/TulasiHotels/test/design/app_sizes_test.dart: AppSizes ΓÇö spacing constants spacing values are positive and ascending                                                                     
00:08 +61: D:/TulasiHotels/test/design/app_sizes_test.dart: AppSizes ΓÇö spacing constants chip and badge sizes                                                                                          
00:08 +62: D:/TulasiHotels/test/design/app_sizes_test.dart: AppSizes ΓÇö spacing constants chip and badge sizes                                                                                          
00:08 +62: D:/TulasiHotels/test/design/app_sizes_test.dart: AppSizes ΓÇö spacing constants card padding values                                                                                           
00:08 +63: D:/TulasiHotels/test/design/app_sizes_test.dart: AppSizes ΓÇö spacing constants card padding values                                                                                           
00:08 +63: D:/TulasiHotels/test/design/app_sizes_test.dart: AppSizes ΓÇö border radius constants radius values are positive and ascending                                                                
00:08 +64: D:/TulasiHotels/test/design/app_sizes_test.dart: AppSizes ΓÇö border radius constants radius values are positive and ascending                                                                
00:08 +64: D:/TulasiHotels/test/design/app_sizes_test.dart: AppSizes ΓÇö icon sizes icon sizes are ascending                                                                                             
00:08 +65: D:/TulasiHotels/test/design/app_sizes_test.dart: AppSizes ΓÇö icon sizes icon sizes are ascending                                                                                             
00:08 +65: D:/TulasiHotels/test/design/app_sizes_test.dart: AppSizes ΓÇö layout widths max content width                                                                                                 
00:08 +66: D:/TulasiHotels/test/design/app_sizes_test.dart: AppSizes ΓÇö layout widths max content width                                                                                                 
00:08 +66: D:/TulasiHotels/test/design/app_sizes_test.dart: AppSizes ΓÇö layout widths navigation dimensions                                                                                             
00:08 +67: D:/TulasiHotels/test/design/app_sizes_test.dart: AppSizes ΓÇö layout widths navigation dimensions                                                                                             
00:08 +67: D:/TulasiHotels/test/design/app_sizes_test.dart: AppSizes ΓÇö layout widths cart bottom sheet fraction is between 0 and 1                                                                     
00:08 +68: D:/TulasiHotels/test/design/app_sizes_test.dart: AppSizes ΓÇö layout widths cart bottom sheet fraction is between 0 and 1                                                                     
00:08 +68: D:/TulasiHotels/test/design/app_sizes_test.dart: AppSizes ΓÇö touch targets minimum touch target meets accessibility guidelines                                                               
00:08 +69: D:/TulasiHotels/test/design/app_sizes_test.dart: AppSizes ΓÇö touch targets minimum touch target meets accessibility guidelines                                                               
00:08 +69: D:/TulasiHotels/test/design/app_sizes_test.dart: AppSizes ΓÇö touch targets icon button and fab sizes                                                                                         
00:08 +70: D:/TulasiHotels/test/design/app_sizes_test.dart: AppSizes ΓÇö touch targets icon button and fab sizes                                                                                         
00:08 +70: D:/TulasiHotels/test/design/app_sizes_test.dart: AppSizes ΓÇö touch targets input height small                                                                                                
00:08 +71: D:/TulasiHotels/test/design/app_sizes_test.dart: AppSizes ΓÇö touch targets input height small                                                                                                
00:09 +71: D:/TulasiHotels/test/design/app_sizes_test.dart: AppSizes ΓÇö touch targets input height small                                                                                                
00:09 +71: loading D:/TulasiHotels/test/design/app_theme_test.dart                                                                                                                                     
00:09 +71: D:/TulasiHotels/test/design/app_theme_test.dart: (setUpAll)                                                                                                                                 
00:09 +71: D:/TulasiHotels/test/design/app_theme_test.dart: (setUpAll)                                                                                                                                 
Error: google_fonts was unable to load font Inter-Bold because the following exception occurred:
Exception: GoogleFonts.config.allowRuntimeFetching is false but font Inter-Bold was not found in the application assets. Ensure Inter-Bold.ttf exists in a folder that is included in your pubspec's assets.

There is likely something wrong with your test. Please see https://github.com/flutter/packages/blob/main/packages/google_fonts/example/test for examples of how to test with google_fonts.
If troubleshooting doesn't solve the problem, please file an issue at https://github.com/flutter/flutter/issues/new/choose.

Error: google_fonts was unable to load font Inter-SemiBold because the following exception occurred:
Exception: GoogleFonts.config.allowRuntimeFetching is false but font Inter-SemiBold was not found in the application assets. Ensure Inter-SemiBold.ttf exists in a folder that is included in your pubspec's assets.

There is likely something wrong with your test. Please see https://github.com/flutter/packages/blob/main/packages/google_fonts/example/test for examples of how to test with google_fonts.
If troubleshooting doesn't solve the problem, please file an issue at https://github.com/flutter/flutter/issues/new/choose.

Error: google_fonts was unable to load font Inter-Regular because the following exception occurred:
Exception: GoogleFonts.config.allowRuntimeFetching is false but font Inter-Regular was not found in the application assets. Ensure Inter-Regular.ttf exists in a folder that is included in your pubspec's assets.

There is likely something wrong with your test. Please see https://github.com/flutter/packages/blob/main/packages/google_fonts/example/test for examples of how to test with google_fonts.
If troubleshooting doesn't solve the problem, please file an issue at https://github.com/flutter/flutter/issues/new/choose.

Error: google_fonts was unable to load font Inter-Medium because the following exception occurred:
Exception: GoogleFonts.config.allowRuntimeFetching is false but font Inter-Medium was not found in the application assets. Ensure Inter-Medium.ttf exists in a folder that is included in your pubspec's assets.

There is likely something wrong with your test. Please see https://github.com/flutter/packages/blob/main/packages/google_fonts/example/test for examples of how to test with google_fonts.
If troubleshooting doesn't solve the problem, please file an issue at https://github.com/flutter/flutter/issues/new/choose.


00:09 +72: D:/TulasiHotels/test/design/app_theme_test.dart: (setUpAll)                                                                                                                                 
00:09 +73: D:/TulasiHotels/test/design/app_theme_test.dart: (setUpAll)                                                                                                                                 
00:09 +74: D:/TulasiHotels/test/design/app_theme_test.dart: (setUpAll)                                                                                                                                 
00:09 +75: D:/TulasiHotels/test/design/app_theme_test.dart: (setUpAll)                                                                                                                                 
00:09 +76: D:/TulasiHotels/test/design/app_theme_test.dart: (setUpAll)                                                                                                                                 
00:09 +77: D:/TulasiHotels/test/design/app_theme_test.dart: (setUpAll)                                                                                                                                 
00:09 +78: D:/TulasiHotels/test/design/app_theme_test.dart: (setUpAll)                                                                                                                                 
00:09 +79: D:/TulasiHotels/test/design/app_theme_test.dart: (setUpAll)                                                                                                                                 
00:09 +80: D:/TulasiHotels/test/design/app_theme_test.dart: (setUpAll)                                                                                                                                 
00:09 +81: D:/TulasiHotels/test/design/app_theme_test.dart: (setUpAll)                                                                                                                                 
00:09 +82: D:/TulasiHotels/test/design/app_theme_test.dart: (setUpAll)                                                                                                                                 
00:09 +83: D:/TulasiHotels/test/design/app_theme_test.dart: (setUpAll)                                                                                                                                 
00:10 +83: D:/TulasiHotels/test/design/app_theme_test.dart: (setUpAll)                                                                                                                                 
00:10 +83: D:/TulasiHotels/test/design/design_system_test.dart: AppColors.updatePrimary updates primary color                                                                                          
00:10 +84: D:/TulasiHotels/test/design/design_system_test.dart: AppColors.updatePrimary updates primary color                                                                                          
00:10 +85: D:/TulasiHotels/test/design/app_theme_test.dart: AppTheme.light brightness is light                                                                                                         
00:10 +86: D:/TulasiHotels/test/design/design_system_test.dart: AppColors.updatePrimary generates darker shade                                                                                         
00:10 +87: D:/TulasiHotels/test/design/app_theme_test.dart: AppTheme.light scaffold background is AppColors.background                                                                                 
00:10 +88: D:/TulasiHotels/test/design/design_system_test.dart: AppColors.updatePrimary generates lighter shade                                                                                        
00:10 +89: D:/TulasiHotels/test/design/app_theme_test.dart: AppTheme.light card color is AppColors.card                                                                                                
00:10 +90: D:/TulasiHotels/test/design/design_system_test.dart: AppColors.updatePrimary syncs secondary with primary                                                                                   
00:10 +91: D:/TulasiHotels/test/design/app_theme_test.dart: AppTheme.light primary color matches AppColors.primary                                                                                     
00:10 +92: D:/TulasiHotels/test/design/design_system_test.dart: AppColors.updatePrimary handles very dark color (lightness near 0)                                                                     
00:10 +93: D:/TulasiHotels/test/design/app_theme_test.dart: AppTheme.light error color is red                                                                                                          
00:10 +94: D:/TulasiHotels/test/design/design_system_test.dart: AppColors.updatePrimary handles very light color (lightness near 1)                                                                    
00:10 +95: D:/TulasiHotels/test/design/app_theme_test.dart: AppTheme.light appBar has no elevation                                                                                                     
00:10 +96: D:/TulasiHotels/test/design/app_theme_test.dart: AppTheme.light appBar has no elevation                                                                                                     
00:10 +96: D:/TulasiHotels/test/design/design_system_test.dart: AppColors semantic colors success color is green                                                                                       
00:10 +97: D:/TulasiHotels/test/design/app_theme_test.dart: AppTheme.light elevated button has primary background                                                                                      
00:10 +98: D:/TulasiHotels/test/design/app_theme_test.dart: AppTheme.light elevated button has primary background                                                                                      
00:10 +99: D:/TulasiHotels/test/design/app_theme_test.dart: AppTheme.light elevated button has primary background                                                                                      
00:10 +99: D:/TulasiHotels/test/design/design_system_test.dart: AppColors semantic colors warning color is amber                                                                                       
00:10 +100: D:/TulasiHotels/test/design/app_theme_test.dart: AppTheme.light card theme has zero elevation and rounded corners                                                                          
00:10 +101: D:/TulasiHotels/test/design/design_system_test.dart: AppColors semantic colors info color is blue                                                                                          
00:10 +102: D:/TulasiHotels/test/design/app_theme_test.dart: AppTheme.light snackbar uses floating behavior                                                                                            
00:10 +103: D:/TulasiHotels/test/design/design_system_test.dart: AppColors semantic colors all background variants are non-null                                                                        
00:10 +104: D:/TulasiHotels/test/design/app_theme_test.dart: AppTheme.light bottom navigation has primary selected color                                                                               
00:10 +105: D:/TulasiHotels/test/design/design_system_test.dart: AppSizes border radius values are positive                                                                                            
00:10 +106: D:/TulasiHotels/test/design/app_theme_test.dart: AppTheme.light text theme has all standard sizes                                                                                          
00:10 +107: D:/TulasiHotels/test/design/design_system_test.dart: AppSizes spacing values are non-negative                                                                                              
00:10 +108: D:/TulasiHotels/test/design/app_theme_test.dart: AppTheme.dark brightness is dark                                                                                                          
00:10 +109: D:/TulasiHotels/test/design/design_system_test.dart: AppSizes spacing values increase                                                                                                      
00:10 +110: D:/TulasiHotels/test/design/app_theme_test.dart: AppTheme.dark scaffold uses dark background                                                                                               
00:10 +111: D:/TulasiHotels/test/design/app_theme_test.dart: AppTheme.dark scaffold uses dark background                                                                                               
00:10 +111: D:/TulasiHotels/test/design/app_theme_test.dart: AppTheme.dark card uses dark card color                                                                                                   
00:10 +112: D:/TulasiHotels/test/design/app_theme_test.dart: AppTheme.dark card uses dark card color                                                                                                   
00:10 +112: D:/TulasiHotels/test/design/app_theme_test.dart: AppTheme.dark text theme uses light text on dark                                                                                          
00:10 +113: D:/TulasiHotels/test/design/app_theme_test.dart: AppTheme.dark text theme uses light text on dark                                                                                          
00:10 +113: D:/TulasiHotels/test/design/app_theme_test.dart: AppTheme.dark primary color is primaryLight for better contrast                                                                           
00:10 +114: D:/TulasiHotels/test/design/app_theme_test.dart: AppTheme.dark primary color is primaryLight for better contrast                                                                           
00:10 +114: D:/TulasiHotels/test/design/app_theme_test.dart: (tearDownAll)                                                                                                                             
00:10 +114: loading D:/TulasiHotels/test/design/spacing_shadows_test.dart                                                                                                                              
00:11 +114: loading D:/TulasiHotels/test/design/spacing_shadows_test.dart                                                                                                                              
00:11 +114: D:/TulasiHotels/test/design/spacing_shadows_test.dart: AppSpacing spacing values increase monotonically                                                                                    
00:11 +115: D:/TulasiHotels/test/design/spacing_shadows_test.dart: AppSpacing spacing values increase monotonically                                                                                    
00:11 +115: D:/TulasiHotels/test/design/spacing_shadows_test.dart: AppSpacing all spacing values are positive                                                                                          
00:11 +116: D:/TulasiHotels/test/design/spacing_shadows_test.dart: AppSpacing all spacing values are positive                                                                                          
00:11 +116: D:/TulasiHotels/test/design/spacing_shadows_test.dart: AppSpacing exact spacing values                                                                                                     
00:11 +117: D:/TulasiHotels/test/design/spacing_shadows_test.dart: AppSpacing exact spacing values                                                                                                     
00:11 +117: D:/TulasiHotels/test/design/spacing_shadows_test.dart: AppSpacing radius values increase monotonically                                                                                     
00:11 +118: D:/TulasiHotels/test/design/spacing_shadows_test.dart: AppSpacing radius values increase monotonically                                                                                     
00:11 +118: D:/TulasiHotels/test/design/spacing_shadows_test.dart: AppSpacing radiusFull is 999 (effective circle)                                                                                     
00:11 +119: D:/TulasiHotels/test/design/spacing_shadows_test.dart: AppSpacing radiusFull is 999 (effective circle)                                                                                     
00:11 +119: D:/TulasiHotels/test/design/spacing_shadows_test.dart: AppShadows small returns single BoxShadow                                                                                           
00:11 +120: D:/TulasiHotels/test/design/spacing_shadows_test.dart: AppShadows small returns single BoxShadow                                                                                           
00:11 +120: D:/TulasiHotels/test/design/spacing_shadows_test.dart: AppShadows medium returns single BoxShadow                                                                                          
00:11 +121: D:/TulasiHotels/test/design/spacing_shadows_test.dart: AppShadows medium returns single BoxShadow                                                                                          
00:11 +121: D:/TulasiHotels/test/design/spacing_shadows_test.dart: AppShadows large returns single BoxShadow                                                                                           
00:11 +122: D:/TulasiHotels/test/design/spacing_shadows_test.dart: AppShadows large returns single BoxShadow                                                                                           
00:11 +122: D:/TulasiHotels/test/design/spacing_shadows_test.dart: AppShadows blur radius increases with shadow size                                                                                   
00:11 +123: D:/TulasiHotels/test/design/spacing_shadows_test.dart: AppShadows blur radius increases with shadow size                                                                                   
00:11 +123: D:/TulasiHotels/test/design/spacing_shadows_test.dart: AppShadows offset.dy increases with shadow size                                                                                     
00:11 +124: D:/TulasiHotels/test/design/spacing_shadows_test.dart: AppShadows offset.dy increases with shadow size                                                                                     
00:11 +124: D:/TulasiHotels/test/design/spacing_shadows_test.dart: AppShadows all shadows cast downward (dx=0, dy>0)                                                                                   
00:11 +125: D:/TulasiHotels/test/design/spacing_shadows_test.dart: AppShadows all shadows cast downward (dx=0, dy>0)                                                                                   
00:11 +125: D:/TulasiHotels/test/design/spacing_shadows_test.dart: AppShadows opacity increases with shadow size                                                                                       
00:11 +126: D:/TulasiHotels/test/design/spacing_shadows_test.dart: AppShadows opacity increases with shadow size                                                                                       
00:12 +126: D:/TulasiHotels/test/design/spacing_shadows_test.dart: AppShadows opacity increases with shadow size                                                                                       
00:12 +126: loading D:/TulasiHotels/test/integration/billing_flow_test.dart                                                                                                                            
00:12 +126: D:/TulasiHotels/test/integration/billing_flow_test.dart: Integration: Full Billing Flow Step 1: Products are valid                                                                         
00:12 +127: D:/TulasiHotels/test/integration/billing_flow_test.dart: Integration: Full Billing Flow Step 1: Products are valid                                                                         
00:12 +127: D:/TulasiHotels/test/integration/billing_flow_test.dart: Integration: Full Billing Flow Step 2: Cart items compute totals correctly                                                        
00:12 +128: D:/TulasiHotels/test/integration/billing_flow_test.dart: Integration: Full Billing Flow Step 2: Cart items compute totals correctly                                                        
00:12 +128: D:/TulasiHotels/test/integration/billing_flow_test.dart: Integration: Full Billing Flow Step 3: Bill creation within subscription limits                                                   
00:12 +129: D:/TulasiHotels/test/integration/billing_flow_test.dart: Integration: Full Billing Flow Step 3: Bill creation within subscription limits                                                   
00:12 +129: D:/TulasiHotels/test/integration/billing_flow_test.dart: Integration: Full Billing Flow Step 4: Stock decrements correctly                                                                 
00:12 +130: D:/TulasiHotels/test/integration/billing_flow_test.dart: Integration: Full Billing Flow Step 4: Stock decrements correctly                                                                 
00:12 +130: D:/TulasiHotels/test/integration/billing_flow_test.dart: Integration: Full Billing Flow Step 5: Udhar bill updates customer balance                                                        
00:12 +131: D:/TulasiHotels/test/integration/billing_flow_test.dart: Integration: Full Billing Flow Step 5: Udhar bill updates customer balance                                                        
00:12 +131: D:/TulasiHotels/test/integration/billing_flow_test.dart: Integration: Full Billing Flow Step 6: Payment records reduce customer balance                                                    
00:12 +132: D:/TulasiHotels/test/integration/billing_flow_test.dart: Integration: Full Billing Flow Step 6: Payment records reduce customer balance                                                    
00:12 +132: D:/TulasiHotels/test/integration/billing_flow_test.dart: Integration: Full Billing Flow Step 7: Daily summary aggregates correctly                                                         
00:12 +133: D:/TulasiHotels/test/integration/billing_flow_test.dart: Integration: Full Billing Flow Step 7: Daily summary aggregates correctly                                                         
00:12 +133: D:/TulasiHotels/test/integration/billing_flow_test.dart: Integration: Full Billing Flow Step 8: Subscription limit blocks at boundary                                                      
00:12 +134: D:/TulasiHotels/test/integration/billing_flow_test.dart: Integration: Full Billing Flow Step 8: Subscription limit blocks at boundary                                                      
00:12 +134: D:/TulasiHotels/test/integration/billing_flow_test.dart: Integration: Subscription Lifecycle Free ├óΓÇáΓÇÖ Pro ├óΓÇáΓÇÖ Business upgrade path                                                        
00:12 +135: D:/TulasiHotels/test/integration/billing_flow_test.dart: Integration: Subscription Lifecycle Free ├óΓÇáΓÇÖ Pro ├óΓÇáΓÇÖ Business upgrade path                                                        
00:12 +135: D:/TulasiHotels/test/integration/billing_flow_test.dart: Integration: Subscription Lifecycle Subscription expiry ├óΓÇáΓÇÖ renewal flow                                                          
00:12 +136: D:/TulasiHotels/test/integration/billing_flow_test.dart: Integration: Subscription Lifecycle Subscription expiry ├óΓÇáΓÇÖ renewal flow                                                          
00:12 +136: D:/TulasiHotels/test/integration/billing_flow_test.dart: Integration: Subscription Lifecycle Cancelled subscription is not active                                                          
00:12 +137: D:/TulasiHotels/test/integration/billing_flow_test.dart: Integration: Subscription Lifecycle Cancelled subscription is not active                                                          
00:12 +137: D:/TulasiHotels/test/integration/billing_flow_test.dart: Integration: Multi-item Cart to Bill Large cart with 50 items computes correctly                                                  
00:12 +138: D:/TulasiHotels/test/integration/billing_flow_test.dart: Integration: Multi-item Cart to Bill Large cart with 50 items computes correctly                                                  
00:12 +138: D:/TulasiHotels/test/integration/billing_flow_test.dart: Integration: Report Period Navigation Navigate through week periods consistently                                                  
00:12 +139: D:/TulasiHotels/test/integration/billing_flow_test.dart: Integration: Report Period Navigation Navigate through week periods consistently                                                  
00:12 +139: D:/TulasiHotels/test/integration/billing_flow_test.dart: Integration: Report Period Navigation Navigate through month periods consistently                                                 
00:12 +140: D:/TulasiHotels/test/integration/billing_flow_test.dart: Integration: Report Period Navigation Navigate through month periods consistently                                                 
00:12 +140: D:/TulasiHotels/test/integration/billing_flow_test.dart: Integration: AppConstants consistency with UserSubscription Free tier limits match AppConstants                                   
00:12 +141: D:/TulasiHotels/test/integration/billing_flow_test.dart: Integration: AppConstants consistency with UserSubscription Free tier limits match AppConstants                                   
00:12 +141: D:/TulasiHotels/test/integration/billing_flow_test.dart: Integration: AppConstants consistency with UserSubscription Pro tier limits match AppConstants                                    
00:12 +142: D:/TulasiHotels/test/integration/billing_flow_test.dart: Integration: AppConstants consistency with UserSubscription Pro tier limits match AppConstants                                    
00:12 +142: D:/TulasiHotels/test/integration/billing_flow_test.dart: Integration: AppConstants consistency with UserSubscription Business tier limits match AppConstants                               
00:12 +143: D:/TulasiHotels/test/integration/billing_flow_test.dart: Integration: AppConstants consistency with UserSubscription Business tier limits match AppConstants                               
00:13 +143: D:/TulasiHotels/test/integration/billing_flow_test.dart: Integration: AppConstants consistency with UserSubscription Business tier limits match AppConstants                               
00:13 +143: loading D:/TulasiHotels/test/integration/concurrency_test.dart                                                                                                                             
00:13 +143: D:/TulasiHotels/test/integration/concurrency_test.dart: ID generation ├óΓé¼ΓÇ¥ collision resistance 1000 sequential IDs have high uniqueness                                                    
00:13 +144: D:/TulasiHotels/test/integration/concurrency_test.dart: ID generation ├óΓé¼ΓÇ¥ collision resistance 1000 sequential IDs have high uniqueness                                                    
00:13 +144: D:/TulasiHotels/test/integration/concurrency_test.dart: ID generation ├óΓé¼ΓÇ¥ collision resistance IDs with different prefixes are unique                                                      
00:13 +145: D:/TulasiHotels/test/integration/concurrency_test.dart: ID generation ├óΓé¼ΓÇ¥ collision resistance IDs with different prefixes are unique                                                      
00:13 +145: D:/TulasiHotels/test/integration/concurrency_test.dart: ID generation ├óΓé¼ΓÇ¥ collision resistance IDs contain their prefix                                                                    
00:13 +146: D:/TulasiHotels/test/integration/concurrency_test.dart: ID generation ├óΓé¼ΓÇ¥ collision resistance IDs contain their prefix                                                                    
00:13 +146: D:/TulasiHotels/test/integration/concurrency_test.dart: ID generation ├óΓé¼ΓÇ¥ collision resistance 10K simultaneous ID generations have near-zero collisions                                   
00:13 +147: D:/TulasiHotels/test/integration/concurrency_test.dart: ID generation ├óΓé¼ΓÇ¥ collision resistance 10K simultaneous ID generations have near-zero collisions                                   
00:13 +147: D:/TulasiHotels/test/integration/concurrency_test.dart: Bill number generation ├óΓé¼ΓÇ¥ uniqueness generateBillNumber produces positive numbers                                                 
00:13 +148: D:/TulasiHotels/test/integration/concurrency_test.dart: Bill number generation ├óΓé¼ΓÇ¥ uniqueness generateBillNumber produces positive numbers                                                 
00:13 +148: D:/TulasiHotels/test/integration/concurrency_test.dart: Bill number generation ├óΓé¼ΓÇ¥ uniqueness bill numbers are reasonable magnitude                                                        
00:13 +149: D:/TulasiHotels/test/integration/concurrency_test.dart: Bill number generation ├óΓé¼ΓÇ¥ uniqueness bill numbers are reasonable magnitude                                                        
00:13 +149: D:/TulasiHotels/test/integration/concurrency_test.dart: WriteBatch size constraints (Firestore limit = 500) batch size for deleteOldBills is 400 (under 500)                               
00:13 +150: D:/TulasiHotels/test/integration/concurrency_test.dart: WriteBatch size constraints (Firestore limit = 500) batch size for deleteOldBills is 400 (under 500)                               
00:13 +150: D:/TulasiHotels/test/integration/concurrency_test.dart: WriteBatch size constraints (Firestore limit = 500) notification send batches at 450                                               
00:13 +151: D:/TulasiHotels/test/integration/concurrency_test.dart: WriteBatch size constraints (Firestore limit = 500) notification send batches at 450                                               
00:13 +151: D:/TulasiHotels/test/integration/concurrency_test.dart: WriteBatch size constraints (Firestore limit = 500) for 10K users, batch operations stay in bounds                                 
00:13 +152: D:/TulasiHotels/test/integration/concurrency_test.dart: WriteBatch size constraints (Firestore limit = 500) for 10K users, batch operations stay in bounds                                 
00:13 +152: D:/TulasiHotels/test/integration/concurrency_test.dart: Atomic write invariants saveBillWithUdharAtomic requires exactly 3 operations                                                      
00:13 +153: D:/TulasiHotels/test/integration/concurrency_test.dart: Atomic write invariants saveBillWithUdharAtomic requires exactly 3 operations                                                      
00:13 +153: D:/TulasiHotels/test/integration/concurrency_test.dart: Atomic write invariants recordPaymentAtomic requires exactly 2 operations                                                          
00:13 +154: D:/TulasiHotels/test/integration/concurrency_test.dart: Atomic write invariants recordPaymentAtomic requires exactly 2 operations                                                          
00:13 +154: D:/TulasiHotels/test/integration/concurrency_test.dart: Atomic write invariants addCreditAtomic requires exactly 2 operations                                                              
00:13 +155: D:/TulasiHotels/test/integration/concurrency_test.dart: Atomic write invariants addCreditAtomic requires exactly 2 operations                                                              
00:13 +155: D:/TulasiHotels/test/integration/concurrency_test.dart: Atomic write invariants udhar bill: balance delta equals bill total                                                                
00:13 +156: D:/TulasiHotels/test/integration/concurrency_test.dart: Atomic write invariants udhar bill: balance delta equals bill total                                                                
00:13 +156: D:/TulasiHotels/test/integration/concurrency_test.dart: Atomic write invariants payment reduces balance by exact amount                                                                    
00:13 +157: D:/TulasiHotels/test/integration/concurrency_test.dart: Atomic write invariants payment reduces balance by exact amount                                                                    
00:13 +157: D:/TulasiHotels/test/integration/concurrency_test.dart: Atomic write invariants credit increases balance by exact amount                                                                   
00:13 +158: D:/TulasiHotels/test/integration/concurrency_test.dart: Atomic write invariants credit increases balance by exact amount                                                                   
00:13 +158: D:/TulasiHotels/test/integration/concurrency_test.dart: Query limit safety (prevents unbounded reads) AppConstants has reasonable query limits                                             
00:13 +159: D:/TulasiHotels/test/integration/concurrency_test.dart: Query limit safety (prevents unbounded reads) AppConstants has reasonable query limits                                             
00:13 +159: D:/TulasiHotels/test/integration/concurrency_test.dart: Transaction model ├óΓé¼ΓÇ¥ type safety for concurrent writes TransactionType enum has exactly 3 values                                  
00:13 +160: D:/TulasiHotels/test/integration/concurrency_test.dart: Transaction model ├óΓé¼ΓÇ¥ type safety for concurrent writes TransactionType enum has exactly 3 values                                  
00:13 +160: D:/TulasiHotels/test/integration/concurrency_test.dart: Transaction model ├óΓé¼ΓÇ¥ type safety for concurrent writes payment amount must be positive                                            
00:13 +161: D:/TulasiHotels/test/integration/concurrency_test.dart: Transaction model ├óΓé¼ΓÇ¥ type safety for concurrent writes payment amount must be positive                                            
00:13 +161: D:/TulasiHotels/test/integration/concurrency_test.dart: Transaction model ├óΓé¼ΓÇ¥ type safety for concurrent writes transaction always has a customerId                                        
00:13 +162: D:/TulasiHotels/test/integration/concurrency_test.dart: Transaction model ├óΓé¼ΓÇ¥ type safety for concurrent writes transaction always has a customerId                                        
00:13 +162: loading D:/TulasiHotels/test/integration/csv_import_flow_test.dart                                                                                                                         
00:13 +162: D:/TulasiHotels/test/integration/csv_import_flow_test.dart: Integration: CSV Import Flow Step 1: Parse CSV rows into ProductModel list                                                     
00:13 +163: D:/TulasiHotels/test/integration/csv_import_flow_test.dart: Integration: CSV Import Flow Step 1: Parse CSV rows into ProductModel list                                                     
00:13 +163: D:/TulasiHotels/test/integration/csv_import_flow_test.dart: Integration: CSV Import Flow Step 2: Validate required fields                                                                  
00:13 +164: D:/TulasiHotels/test/integration/csv_import_flow_test.dart: Integration: CSV Import Flow Step 2: Validate required fields                                                                  
00:13 +164: D:/TulasiHotels/test/integration/csv_import_flow_test.dart: Integration: CSV Import Flow Step 3: Batch chunking respects 490-operation limit                                               
00:13 +165: D:/TulasiHotels/test/integration/csv_import_flow_test.dart: Integration: CSV Import Flow Step 3: Batch chunking respects 490-operation limit                                               
00:13 +165: D:/TulasiHotels/test/integration/csv_import_flow_test.dart: Integration: CSV Import Flow Step 4: Duplicate detection by name (case-insensitive)                                            
00:13 +166: D:/TulasiHotels/test/integration/csv_import_flow_test.dart: Integration: CSV Import Flow Step 4: Duplicate detection by name (case-insensitive)                                            
00:13 +166: D:/TulasiHotels/test/integration/csv_import_flow_test.dart: Integration: CSV Import Flow Step 5: Profit margins computed correctly for imported products                                   
00:13 +167: D:/TulasiHotels/test/integration/csv_import_flow_test.dart: Integration: CSV Import Flow Step 5: Profit margins computed correctly for imported products                                   
00:13 +167: D:/TulasiHotels/test/integration/csv_import_flow_test.dart: Integration: CSV Import Flow Step 6: Gross profit aggregation from imported products                                           
00:13 +168: D:/TulasiHotels/test/integration/csv_import_flow_test.dart: Integration: CSV Import Flow Step 6: Gross profit aggregation from imported products                                           
00:14 +168: D:/TulasiHotels/test/integration/csv_import_flow_test.dart: Integration: CSV Import Flow Step 6: Gross profit aggregation from imported products                                           
00:14 +168: loading D:/TulasiHotels/test/integration/desktop_auth_flow_test.dart                                                                                                                       
00:14 +168: D:/TulasiHotels/test/integration/desktop_auth_flow_test.dart: Integration: Desktop Auth Flow Step 1: Link code is 8 characters, alphanumeric uppercase                                     
00:14 +169: D:/TulasiHotels/test/integration/desktop_auth_flow_test.dart: Integration: Desktop Auth Flow Step 1: Link code is 8 characters, alphanumeric uppercase                                     
00:14 +169: D:/TulasiHotels/test/integration/desktop_auth_flow_test.dart: Integration: Desktop Auth Flow Step 2: Link code expiry is 10 minutes from creation                                          
00:14 +170: D:/TulasiHotels/test/integration/desktop_auth_flow_test.dart: Integration: Desktop Auth Flow Step 2: Link code expiry is 10 minutes from creation                                          
00:14 +170: D:/TulasiHotels/test/integration/desktop_auth_flow_test.dart: Integration: Desktop Auth Flow Step 3: Expired code is rejected                                                              
00:14 +171: D:/TulasiHotels/test/integration/desktop_auth_flow_test.dart: Integration: Desktop Auth Flow Step 3: Expired code is rejected                                                              
00:14 +171: D:/TulasiHotels/test/integration/desktop_auth_flow_test.dart: Integration: Desktop Auth Flow Step 4: Valid code is accepted within window                                                  
00:14 +172: D:/TulasiHotels/test/integration/desktop_auth_flow_test.dart: Integration: Desktop Auth Flow Step 4: Valid code is accepted within window                                                  
00:14 +172: D:/TulasiHotels/test/integration/desktop_auth_flow_test.dart: Integration: Desktop Auth Flow Step 5: Session requires deviceId binding                                                     
00:14 +173: D:/TulasiHotels/test/integration/desktop_auth_flow_test.dart: Integration: Desktop Auth Flow Step 5: Session requires deviceId binding                                                     
00:14 +173: D:/TulasiHotels/test/integration/desktop_auth_flow_test.dart: Integration: Desktop Auth Flow Step 6: Countdown timer computes remaining seconds                                            
00:14 +174: D:/TulasiHotels/test/integration/desktop_auth_flow_test.dart: Integration: Desktop Auth Flow Step 6: Countdown timer computes remaining seconds                                            
00:15 +174: D:/TulasiHotels/test/integration/desktop_auth_flow_test.dart: Integration: Desktop Auth Flow Step 6: Countdown timer computes remaining seconds                                            
00:15 +174: loading D:/TulasiHotels/test/integration/khata_flow_test.dart                                                                                                                              
00:15 +174: D:/TulasiHotels/test/integration/khata_flow_test.dart: Integration: Khata Customer Flow Step 1: New customer starts with zero balance                                                      
00:15 +175: D:/TulasiHotels/test/integration/khata_flow_test.dart: Integration: Khata Customer Flow Step 1: New customer starts with zero balance                                                      
00:15 +175: D:/TulasiHotels/test/integration/khata_flow_test.dart: Integration: Khata Customer Flow Step 2: Udhar bill increases balance (customer owes)                                               
00:15 +176: D:/TulasiHotels/test/integration/khata_flow_test.dart: Integration: Khata Customer Flow Step 2: Udhar bill increases balance (customer owes)                                               
00:15 +176: D:/TulasiHotels/test/integration/khata_flow_test.dart: Integration: Khata Customer Flow Step 3: Partial payment reduces outstanding                                                        
00:15 +177: D:/TulasiHotels/test/integration/khata_flow_test.dart: Integration: Khata Customer Flow Step 3: Partial payment reduces outstanding                                                        
00:15 +177: D:/TulasiHotels/test/integration/khata_flow_test.dart: Integration: Khata Customer Flow Step 4: Full payment clears balance                                                                
00:15 +178: D:/TulasiHotels/test/integration/khata_flow_test.dart: Integration: Khata Customer Flow Step 4: Full payment clears balance                                                                
00:15 +178: D:/TulasiHotels/test/integration/khata_flow_test.dart: Integration: Khata Customer Flow Step 5: Overpayment creates negative balance (advance)                                             
00:15 +179: D:/TulasiHotels/test/integration/khata_flow_test.dart: Integration: Khata Customer Flow Step 5: Overpayment creates negative balance (advance)                                             
00:15 +179: D:/TulasiHotels/test/integration/khata_flow_test.dart: Integration: Khata Stats Aggregation empty customer list gives zero stats                                                           
00:15 +180: D:/TulasiHotels/test/integration/khata_flow_test.dart: Integration: Khata Stats Aggregation empty customer list gives zero stats                                                           
00:15 +180: D:/TulasiHotels/test/integration/khata_flow_test.dart: Integration: Khata Stats Aggregation compute stats from customer list                                                               
00:15 +181: D:/TulasiHotels/test/integration/khata_flow_test.dart: Integration: Khata Stats Aggregation compute stats from customer list                                                               
00:15 +181: D:/TulasiHotels/test/integration/khata_flow_test.dart: Integration: Customer Sorting sort by highest debt puts biggest debtor first                                                        
00:15 +182: D:/TulasiHotels/test/integration/khata_flow_test.dart: Integration: Customer Sorting sort by highest debt puts biggest debtor first                                                        
00:15 +182: D:/TulasiHotels/test/integration/khata_flow_test.dart: Integration: Customer Sorting sort alphabetically                                                                                   
00:15 +183: D:/TulasiHotels/test/integration/khata_flow_test.dart: Integration: Customer Sorting sort alphabetically                                                                                   
00:15 +183: D:/TulasiHotels/test/integration/khata_flow_test.dart: Integration: Customer Sorting sort by recently active puts newest first                                                             
00:15 +184: D:/TulasiHotels/test/integration/khata_flow_test.dart: Integration: Customer Sorting sort by recently active puts newest first                                                             
00:15 +184: D:/TulasiHotels/test/integration/khata_flow_test.dart: Integration: Multi-udhar Bill Cycle multiple udhar bills accumulate correctly                                                       
00:15 +185: D:/TulasiHotels/test/integration/khata_flow_test.dart: Integration: Multi-udhar Bill Cycle multiple udhar bills accumulate correctly                                                       
00:15 +185: D:/TulasiHotels/test/integration/khata_flow_test.dart: Integration: Date Range Filtering for Reports today range covers full day                                                           
00:15 +186: D:/TulasiHotels/test/integration/khata_flow_test.dart: Integration: Date Range Filtering for Reports today range covers full day                                                           
00:15 +186: D:/TulasiHotels/test/integration/khata_flow_test.dart: Integration: Date Range Filtering for Reports this month starts on 1st                                                              
00:15 +187: D:/TulasiHotels/test/integration/khata_flow_test.dart: Integration: Date Range Filtering for Reports this month starts on 1st                                                              
00:15 +187: D:/TulasiHotels/test/integration/khata_flow_test.dart: Integration: Date Range Filtering for Reports this week starts on Monday                                                            
00:15 +188: D:/TulasiHotels/test/integration/khata_flow_test.dart: Integration: Date Range Filtering for Reports this week starts on Monday                                                            
00:16 +188: D:/TulasiHotels/test/integration/khata_flow_test.dart: Integration: Date Range Filtering for Reports this week starts on Monday                                                            
00:16 +188: loading D:/TulasiHotels/test/integration/offline_resilience_test.dart                                                                                                                      
00:16 +188: D:/TulasiHotels/test/integration/offline_resilience_test.dart: Offline resilience ├óΓé¼ΓÇ¥ unauthenticated state getCachedProducts returns empty list sync                                      
00:16 +188: D:/TulasiHotels/test/integration/offline_resilience_test.dart: Offline resilience ├óΓé¼ΓÇ¥ unauthenticated state getCachedProducts returns empty list sync                                      
getCachedProducts: Use productsProvider stream instead

00:16 +189: D:/TulasiHotels/test/integration/offline_resilience_test.dart: Offline resilience ├óΓé¼ΓÇ¥ unauthenticated state getCachedProducts returns empty list sync                                      
00:16 +189: D:/TulasiHotels/test/integration/offline_resilience_test.dart: Offline resilience ├óΓé¼ΓÇ¥ unauthenticated state getCachedBills returns empty list sync                                         
00:16 +190: D:/TulasiHotels/test/integration/offline_resilience_test.dart: Offline resilience ├óΓé¼ΓÇ¥ unauthenticated state getCachedBills returns empty list sync                                         
00:16 +190: D:/TulasiHotels/test/integration/offline_resilience_test.dart: Offline resilience ├óΓé¼ΓÇ¥ unauthenticated state getCachedCustomers returns empty list sync                                     
00:16 +191: D:/TulasiHotels/test/integration/offline_resilience_test.dart: Offline resilience ├óΓé¼ΓÇ¥ unauthenticated state getCachedCustomers returns empty list sync                                     
00:16 +191: D:/TulasiHotels/test/integration/offline_resilience_test.dart: Offline resilience ├óΓé¼ΓÇ¥ unauthenticated state getCachedProduct returns null sync                                             
00:16 +192: D:/TulasiHotels/test/integration/offline_resilience_test.dart: Offline resilience ├óΓé¼ΓÇ¥ unauthenticated state getCachedProduct returns null sync                                             
00:16 +192: D:/TulasiHotels/test/integration/offline_resilience_test.dart: Offline resilience ├óΓé¼ΓÇ¥ SharedPreferences defaults isDataInitialized defaults to false                                       
00:16 +193: D:/TulasiHotels/test/integration/offline_resilience_test.dart: Offline resilience ├óΓé¼ΓÇ¥ SharedPreferences defaults isDataInitialized defaults to false                                       
00:16 +193: D:/TulasiHotels/test/integration/offline_resilience_test.dart: Offline resilience ├óΓé¼ΓÇ¥ SharedPreferences defaults getUsageMetric defaults to 0                                              
00:16 +194: D:/TulasiHotels/test/integration/offline_resilience_test.dart: Offline resilience ├óΓé¼ΓÇ¥ SharedPreferences defaults getUsageMetric defaults to 0                                              
00:16 +194: D:/TulasiHotels/test/integration/offline_resilience_test.dart: Offline resilience ├óΓé¼ΓÇ¥ SharedPreferences defaults getStorageStats returns zeros                                             
00:16 +195: D:/TulasiHotels/test/integration/offline_resilience_test.dart: Offline resilience ├óΓé¼ΓÇ¥ SharedPreferences defaults getStorageStats returns zeros                                             
00:16 +195: D:/TulasiHotels/test/integration/offline_resilience_test.dart: Offline resilience ├óΓé¼ΓÇ¥ model fallback behavior BillModel handles missing fields gracefully                                  
00:16 +196: D:/TulasiHotels/test/integration/offline_resilience_test.dart: Offline resilience ├óΓé¼ΓÇ¥ model fallback behavior BillModel handles missing fields gracefully                                  
00:16 +196: D:/TulasiHotels/test/integration/offline_resilience_test.dart: Offline resilience ├óΓé¼ΓÇ¥ model fallback behavior ProductModel handles empty stock                                             
00:16 +197: D:/TulasiHotels/test/integration/offline_resilience_test.dart: Offline resilience ├óΓé¼ΓÇ¥ model fallback behavior ProductModel handles empty stock                                             
00:16 +197: D:/TulasiHotels/test/integration/offline_resilience_test.dart: Offline resilience ├óΓé¼ΓÇ¥ model fallback behavior CustomerModel handles zero balance                                           
00:16 +198: D:/TulasiHotels/test/integration/offline_resilience_test.dart: Offline resilience ├óΓé¼ΓÇ¥ model fallback behavior CustomerModel handles zero balance                                           
00:16 +198: D:/TulasiHotels/test/integration/offline_resilience_test.dart: Offline resilience ├óΓé¼ΓÇ¥ settings persistence clearAll removes all preferences                                                
00:16 +198: D:/TulasiHotels/test/integration/offline_resilience_test.dart: Offline resilience ├óΓé¼ΓÇ¥ settings persistence clearAll removes all preferences                                                
Γ£à OfflineStorageService initialized (Firestore-based)
Γ£à clearAll: SharedPreferences cleared

00:16 +199: D:/TulasiHotels/test/integration/offline_resilience_test.dart: Offline resilience ├óΓé¼ΓÇ¥ settings persistence clearAll removes all preferences                                                
00:16 +199: D:/TulasiHotels/test/integration/offline_resilience_test.dart: Offline resilience ├óΓé¼ΓÇ¥ settings persistence clearDemoData removes all preferences                                           
00:16 +199: D:/TulasiHotels/test/integration/offline_resilience_test.dart: Offline resilience ├óΓé¼ΓÇ¥ settings persistence clearDemoData removes all preferences                                           
clearDemoData: Clearing local demo preferences

00:16 +200: D:/TulasiHotels/test/integration/offline_resilience_test.dart: Offline resilience ├óΓé¼ΓÇ¥ settings persistence clearDemoData removes all preferences                                           
00:16 +200: D:/TulasiHotels/test/integration/offline_resilience_test.dart: Offline resilience ├óΓé¼ΓÇ¥ user settings isolation on sign-out clearUserLocalSettings removes user-specific keys                
00:16 +200: D:/TulasiHotels/test/integration/offline_resilience_test.dart: Offline resilience ├óΓé¼ΓÇ¥ user settings isolation on sign-out clearUserLocalSettings removes user-specific keys                
Γ£à OfflineStorageService initialized (Firestore-based)
Γ£à User-specific local settings cleared

00:16 +201: D:/TulasiHotels/test/integration/offline_resilience_test.dart: Offline resilience ├óΓé¼ΓÇ¥ user settings isolation on sign-out clearUserLocalSettings removes user-specific keys                
00:16 +201: D:/TulasiHotels/test/integration/offline_resilience_test.dart: Offline resilience ├óΓé¼ΓÇ¥ user settings isolation on sign-out clearUserLocalSettings preserves device-level printer config     
00:16 +201: D:/TulasiHotels/test/integration/offline_resilience_test.dart: Offline resilience ├óΓé¼ΓÇ¥ user settings isolation on sign-out clearUserLocalSettings preserves device-level printer config     
Γ£à OfflineStorageService initialized (Firestore-based)
Γ£à User-specific local settings cleared

00:16 +202: D:/TulasiHotels/test/integration/offline_resilience_test.dart: Offline resilience ├óΓé¼ΓÇ¥ user settings isolation on sign-out clearUserLocalSettings preserves device-level printer config     
00:16 +202: D:/TulasiHotels/test/integration/offline_resilience_test.dart: Offline resilience ├óΓé¼ΓÇ¥ cacheProducts/cacheBills are no-ops cacheProducts does not throw                                     
00:16 +202: D:/TulasiHotels/test/integration/offline_resilience_test.dart: Offline resilience ├óΓé¼ΓÇ¥ cacheProducts/cacheBills are no-ops cacheProducts does not throw                                     
cacheProducts: Firestore handles caching, 0 products

00:16 +203: D:/TulasiHotels/test/integration/offline_resilience_test.dart: Offline resilience ├óΓé¼ΓÇ¥ cacheProducts/cacheBills are no-ops cacheProducts does not throw                                     
00:16 +203: D:/TulasiHotels/test/integration/offline_resilience_test.dart: Offline resilience ├óΓé¼ΓÇ¥ cacheProducts/cacheBills are no-ops cacheBills does not throw                                        
00:16 +203: D:/TulasiHotels/test/integration/offline_resilience_test.dart: Offline resilience ├óΓé¼ΓÇ¥ cacheProducts/cacheBills are no-ops cacheBills does not throw                                        
cacheBills: Firestore handles caching, 0 bills

00:16 +204: D:/TulasiHotels/test/integration/offline_resilience_test.dart: Offline resilience ├óΓé¼ΓÇ¥ cacheProducts/cacheBills are no-ops cacheBills does not throw                                        
00:16 +204: D:/TulasiHotels/test/integration/offline_resilience_test.dart: Offline resilience ├óΓé¼ΓÇ¥ cacheProducts/cacheBills are no-ops cacheCustomers does not throw                                    
00:16 +204: D:/TulasiHotels/test/integration/offline_resilience_test.dart: Offline resilience ├óΓé¼ΓÇ¥ cacheProducts/cacheBills are no-ops cacheCustomers does not throw                                    
cacheCustomers: Firestore handles caching, 0 customers

00:16 +205: D:/TulasiHotels/test/integration/offline_resilience_test.dart: Offline resilience ├óΓé¼ΓÇ¥ cacheProducts/cacheBills are no-ops cacheCustomers does not throw                                    
00:17 +205: D:/TulasiHotels/test/integration/offline_resilience_test.dart: Offline resilience ├óΓé¼ΓÇ¥ cacheProducts/cacheBills are no-ops cacheCustomers does not throw                                    
00:17 +205: loading D:/TulasiHotels/test/integration/product_lifecycle_test.dart                                                                                                                       
00:17 +205: D:/TulasiHotels/test/integration/product_lifecycle_test.dart: Integration: Product CRUD Lifecycle Step 1: Create product from catalog                                                      
00:17 +206: D:/TulasiHotels/test/integration/product_lifecycle_test.dart: Integration: Product CRUD Lifecycle Step 1: Create product from catalog                                                      
00:17 +206: D:/TulasiHotels/test/integration/product_lifecycle_test.dart: Integration: Product CRUD Lifecycle Step 2: Edit product changes copyWith                                                    
00:17 +207: D:/TulasiHotels/test/integration/product_lifecycle_test.dart: Integration: Product CRUD Lifecycle Step 2: Edit product changes copyWith                                                    
00:17 +207: D:/TulasiHotels/test/integration/product_lifecycle_test.dart: Integration: Product CRUD Lifecycle Step 3: Stock decrement after billing                                                    
00:17 +208: D:/TulasiHotels/test/integration/product_lifecycle_test.dart: Integration: Product CRUD Lifecycle Step 3: Stock decrement after billing                                                    
00:17 +208: D:/TulasiHotels/test/integration/product_lifecycle_test.dart: Integration: Product CRUD Lifecycle Step 4: Stock reaches zero                                                               
00:17 +209: D:/TulasiHotels/test/integration/product_lifecycle_test.dart: Integration: Product CRUD Lifecycle Step 4: Stock reaches zero                                                               
00:17 +209: D:/TulasiHotels/test/integration/product_lifecycle_test.dart: Integration: Product CRUD Lifecycle Step 5: Stock reorder back to normal                                                     
00:17 +210: D:/TulasiHotels/test/integration/product_lifecycle_test.dart: Integration: Product CRUD Lifecycle Step 5: Stock reorder back to normal                                                     
00:17 +210: D:/TulasiHotels/test/integration/product_lifecycle_test.dart: Integration: Profit Tracking profit calculated correctly                                                                     
00:17 +211: D:/TulasiHotels/test/integration/product_lifecycle_test.dart: Integration: Profit Tracking profit calculated correctly                                                                     
00:17 +211: D:/TulasiHotels/test/integration/product_lifecycle_test.dart: Integration: Profit Tracking negative profit means loss                                                                      
00:17 +212: D:/TulasiHotels/test/integration/product_lifecycle_test.dart: Integration: Profit Tracking negative profit means loss                                                                      
00:17 +212: D:/TulasiHotels/test/integration/product_lifecycle_test.dart: Integration: Profit Tracking null purchase price means unknown profit                                                        
00:17 +213: D:/TulasiHotels/test/integration/product_lifecycle_test.dart: Integration: Profit Tracking null purchase price means unknown profit                                                        
00:17 +213: D:/TulasiHotels/test/integration/product_lifecycle_test.dart: Integration: ProductUnit Conversion fromString finds by name                                                                 
00:17 +214: D:/TulasiHotels/test/integration/product_lifecycle_test.dart: Integration: ProductUnit Conversion fromString finds by name                                                                 
00:17 +214: D:/TulasiHotels/test/integration/product_lifecycle_test.dart: Integration: ProductUnit Conversion fromString finds by short name                                                           
00:17 +215: D:/TulasiHotels/test/integration/product_lifecycle_test.dart: Integration: ProductUnit Conversion fromString finds by short name                                                           
00:17 +215: D:/TulasiHotels/test/integration/product_lifecycle_test.dart: Integration: ProductUnit Conversion fromString defaults to unknown for unrecognized                                          
00:17 +216: D:/TulasiHotels/test/integration/product_lifecycle_test.dart: Integration: ProductUnit Conversion fromString defaults to unknown for unrecognized                                          
00:17 +216: D:/TulasiHotels/test/integration/product_lifecycle_test.dart: Integration: ProductUnit Conversion all units have short names                                                               
00:17 +217: D:/TulasiHotels/test/integration/product_lifecycle_test.dart: Integration: ProductUnit Conversion all units have short names                                                               
00:17 +217: D:/TulasiHotels/test/integration/product_lifecycle_test.dart: Integration: Barcode Lookup valid EAN-13 barcode passes validation                                                           
00:17 +218: D:/TulasiHotels/test/integration/product_lifecycle_test.dart: Integration: Barcode Lookup valid EAN-13 barcode passes validation                                                           
00:17 +218: D:/TulasiHotels/test/integration/product_lifecycle_test.dart: Integration: Barcode Lookup too-short barcode fails                                                                          
00:17 +219: D:/TulasiHotels/test/integration/product_lifecycle_test.dart: Integration: Barcode Lookup too-short barcode fails                                                                          
00:17 +219: D:/TulasiHotels/test/integration/product_lifecycle_test.dart: Integration: Barcode Lookup barcode product with brand has combined display name                                             
00:17 +220: D:/TulasiHotels/test/integration/product_lifecycle_test.dart: Integration: Barcode Lookup barcode product with brand has combined display name                                             
00:17 +220: D:/TulasiHotels/test/integration/product_lifecycle_test.dart: Integration: Barcode Lookup barcode product without brand uses name only                                                     
00:17 +221: D:/TulasiHotels/test/integration/product_lifecycle_test.dart: Integration: Barcode Lookup barcode product without brand uses name only                                                     
00:17 +221: D:/TulasiHotels/test/integration/product_lifecycle_test.dart: Integration: Catalog ├óΓÇáΓÇÖ Product Pipeline search catalog, convert, verify fields                                             
00:17 +222: D:/TulasiHotels/test/integration/product_lifecycle_test.dart: Integration: Catalog ├óΓÇáΓÇÖ Product Pipeline search catalog, convert, verify fields                                             
00:17 +222: D:/TulasiHotels/test/integration/product_lifecycle_test.dart: Integration: Catalog ├óΓÇáΓÇÖ Product Pipeline every catalog product converts to valid ProductModel                               
00:17 +223: D:/TulasiHotels/test/integration/product_lifecycle_test.dart: Integration: Catalog ├óΓÇáΓÇÖ Product Pipeline every catalog product converts to valid ProductModel                               
00:17 +223: loading D:/TulasiHotels/test/integration/subscription_enforcement_test.dart                                                                                                                
00:17 +223: D:/TulasiHotels/test/integration/subscription_enforcement_test.dart: Integration: Free Tier Enforcement free defaults: 50 bills, 100 products, 10 customers                                
00:17 +224: D:/TulasiHotels/test/integration/subscription_enforcement_test.dart: Integration: Free Tier Enforcement free defaults: 50 bills, 100 products, 10 customers                                
00:17 +224: D:/TulasiHotels/test/integration/subscription_enforcement_test.dart: Integration: Free Tier Enforcement fresh user can create bills                                                        
00:17 +225: D:/TulasiHotels/test/integration/subscription_enforcement_test.dart: Integration: Free Tier Enforcement fresh user can create bills                                                        
00:17 +225: D:/TulasiHotels/test/integration/subscription_enforcement_test.dart: Integration: Free Tier Enforcement approaching limit still allows creation                                            
00:17 +226: D:/TulasiHotels/test/integration/subscription_enforcement_test.dart: Integration: Free Tier Enforcement approaching limit still allows creation                                            
00:17 +226: D:/TulasiHotels/test/integration/subscription_enforcement_test.dart: Integration: Free Tier Enforcement at limit blocks new bills                                                          
00:17 +227: D:/TulasiHotels/test/integration/subscription_enforcement_test.dart: Integration: Free Tier Enforcement at limit blocks new bills                                                          
00:17 +227: D:/TulasiHotels/test/integration/subscription_enforcement_test.dart: Integration: Free Tier Enforcement over limit blocks new bills                                                        
00:17 +228: D:/TulasiHotels/test/integration/subscription_enforcement_test.dart: Integration: Free Tier Enforcement over limit blocks new bills                                                        
00:17 +228: D:/TulasiHotels/test/integration/subscription_enforcement_test.dart: Integration: Free Tier Enforcement product limit enforced                                                             
00:17 +229: D:/TulasiHotels/test/integration/subscription_enforcement_test.dart: Integration: Free Tier Enforcement product limit enforced                                                             
00:17 +229: D:/TulasiHotels/test/integration/subscription_enforcement_test.dart: Integration: Free Tier Enforcement customer limit enforced                                                            
00:17 +230: D:/TulasiHotels/test/integration/subscription_enforcement_test.dart: Integration: Free Tier Enforcement customer limit enforced                                                            
00:17 +230: D:/TulasiHotels/test/integration/subscription_enforcement_test.dart: Integration: Pro Tier Enforcement pro tier has effectively unlimited limits                                           
00:17 +231: D:/TulasiHotels/test/integration/subscription_enforcement_test.dart: Integration: Pro Tier Enforcement pro tier has effectively unlimited limits                                           
00:17 +231: D:/TulasiHotels/test/integration/subscription_enforcement_test.dart: Integration: Subscription Status active subscription is active                                                        
00:17 +232: D:/TulasiHotels/test/integration/subscription_enforcement_test.dart: Integration: Subscription Status active subscription is active                                                        
00:17 +232: D:/TulasiHotels/test/integration/subscription_enforcement_test.dart: Integration: Subscription Status trial subscription is active                                                         
00:17 +233: D:/TulasiHotels/test/integration/subscription_enforcement_test.dart: Integration: Subscription Status trial subscription is active                                                         
00:17 +233: D:/TulasiHotels/test/integration/subscription_enforcement_test.dart: Integration: Subscription Status expired subscription is not active                                                   
00:17 +234: D:/TulasiHotels/test/integration/subscription_enforcement_test.dart: Integration: Subscription Status expired subscription is not active                                                   
00:17 +234: D:/TulasiHotels/test/integration/subscription_enforcement_test.dart: Integration: Subscription Status cancelled subscription is not active                                                 
00:17 +235: D:/TulasiHotels/test/integration/subscription_enforcement_test.dart: Integration: Subscription Status cancelled subscription is not active                                                 
00:17 +235: D:/TulasiHotels/test/integration/subscription_enforcement_test.dart: Integration: Upgrade Flow free user hits limit ΓåÆ upgrades ΓåÆ can create again                                          
00:17 +236: D:/TulasiHotels/test/integration/subscription_enforcement_test.dart: Integration: Upgrade Flow free user hits limit ΓåÆ upgrades ΓåÆ can create again                                          
00:17 +236: D:/TulasiHotels/test/integration/subscription_enforcement_test.dart: Integration: Upgrade Flow product limit upgrade enables adding more                                                   
00:17 +237: D:/TulasiHotels/test/integration/subscription_enforcement_test.dart: Integration: Upgrade Flow product limit upgrade enables adding more                                                   
00:17 +237: D:/TulasiHotels/test/integration/subscription_enforcement_test.dart: Integration: Monthly Reset monthly reset clears bills count                                                           
00:17 +238: D:/TulasiHotels/test/integration/subscription_enforcement_test.dart: Integration: Monthly Reset monthly reset clears bills count                                                           
00:17 +238: D:/TulasiHotels/test/integration/subscription_enforcement_test.dart: UserLimits serialization toMap and fromMap roundtrip                                                                  
00:17 +239: D:/TulasiHotels/test/integration/subscription_enforcement_test.dart: UserLimits serialization toMap and fromMap roundtrip                                                                  
00:17 +239: D:/TulasiHotels/test/integration/subscription_enforcement_test.dart: UserLimits serialization fromMap with null returns defaults                                                           
00:17 +240: D:/TulasiHotels/test/integration/subscription_enforcement_test.dart: UserLimits serialization fromMap with null returns defaults                                                           
00:17 +240: D:/TulasiHotels/test/integration/subscription_enforcement_test.dart: UserLimits serialization fromMap with partial data fills missing with defaults                                        
00:17 +241: D:/TulasiHotels/test/integration/subscription_enforcement_test.dart: UserLimits serialization fromMap with partial data fills missing with defaults                                        
00:18 +241: D:/TulasiHotels/test/integration/subscription_enforcement_test.dart: UserLimits serialization fromMap with partial data fills missing with defaults                                        
00:18 +241: loading D:/TulasiHotels/test/l10n/app_localizations_test.dart                                                                                                                              
00:18 +241: D:/TulasiHotels/test/l10n/app_localizations_test.dart: supportedLocales has 3 entries: en, hi, te                                                                                          
00:18 +242: D:/TulasiHotels/test/l10n/app_localizations_test.dart: supportedLocales has 3 entries: en, hi, te                                                                                          
00:18 +242: D:/TulasiHotels/test/l10n/app_localizations_test.dart: AppLocalizations ├óΓé¼ΓÇ¥ English appName returns non-empty                                                                              
00:18 +243: D:/TulasiHotels/test/l10n/app_localizations_test.dart: AppLocalizations ├óΓé¼ΓÇ¥ English appName returns non-empty                                                                              
00:18 +243: D:/TulasiHotels/test/l10n/app_localizations_test.dart: AppLocalizations ├óΓé¼ΓÇ¥ English navigation strings return non-empty                                                                    
00:18 +244: D:/TulasiHotels/test/l10n/app_localizations_test.dart: AppLocalizations ├óΓé¼ΓÇ¥ English navigation strings return non-empty                                                                    
00:18 +244: D:/TulasiHotels/test/l10n/app_localizations_test.dart: AppLocalizations ├óΓé¼ΓÇ¥ English common actions return non-empty                                                                        
00:18 +245: D:/TulasiHotels/test/l10n/app_localizations_test.dart: AppLocalizations ├óΓé¼ΓÇ¥ English common actions return non-empty                                                                        
00:18 +245: D:/TulasiHotels/test/l10n/app_localizations_test.dart: AppLocalizations ├óΓé¼ΓÇ¥ English billing strings return non-empty                                                                       
00:18 +246: D:/TulasiHotels/test/l10n/app_localizations_test.dart: AppLocalizations ├óΓé¼ΓÇ¥ English billing strings return non-empty                                                                       
00:18 +246: D:/TulasiHotels/test/l10n/app_localizations_test.dart: AppLocalizations ├óΓé¼ΓÇ¥ English billNumber includes number                                                                             
00:18 +247: D:/TulasiHotels/test/l10n/app_localizations_test.dart: AppLocalizations ├óΓé¼ΓÇ¥ English billNumber includes number                                                                             
00:18 +247: D:/TulasiHotels/test/l10n/app_localizations_test.dart: AppLocalizations ├óΓé¼ΓÇ¥ English itemsInCart includes count                                                                             
00:18 +248: D:/TulasiHotels/test/l10n/app_localizations_test.dart: AppLocalizations ├óΓé¼ΓÇ¥ English itemsInCart includes count                                                                             
00:18 +248: D:/TulasiHotels/test/l10n/app_localizations_test.dart: AppLocalizations ├óΓé¼ΓÇ¥ Hindi appName returns non-empty                                                                                
00:18 +249: D:/TulasiHotels/test/l10n/app_localizations_test.dart: AppLocalizations ├óΓé¼ΓÇ¥ Hindi appName returns non-empty                                                                                
00:18 +249: D:/TulasiHotels/test/l10n/app_localizations_test.dart: AppLocalizations ├óΓé¼ΓÇ¥ Hindi navigation strings return non-empty                                                                      
00:18 +250: D:/TulasiHotels/test/l10n/app_localizations_test.dart: AppLocalizations ├óΓé¼ΓÇ¥ Hindi navigation strings return non-empty                                                                      
00:18 +250: D:/TulasiHotels/test/l10n/app_localizations_test.dart: AppLocalizations ├óΓé¼ΓÇ¥ Hindi common actions return non-empty                                                                          
00:18 +251: D:/TulasiHotels/test/l10n/app_localizations_test.dart: AppLocalizations ├óΓé¼ΓÇ¥ Hindi common actions return non-empty                                                                          
00:18 +251: D:/TulasiHotels/test/l10n/app_localizations_test.dart: AppLocalizations ├óΓé¼ΓÇ¥ Telugu appName returns non-empty                                                                               
00:18 +252: D:/TulasiHotels/test/l10n/app_localizations_test.dart: AppLocalizations ├óΓé¼ΓÇ¥ Telugu appName returns non-empty                                                                               
00:18 +252: D:/TulasiHotels/test/l10n/app_localizations_test.dart: AppLocalizations ├óΓé¼ΓÇ¥ Telugu navigation strings return non-empty                                                                     
00:18 +253: D:/TulasiHotels/test/l10n/app_localizations_test.dart: AppLocalizations ├óΓé¼ΓÇ¥ Telugu navigation strings return non-empty                                                                     
00:18 +253: D:/TulasiHotels/test/l10n/app_localizations_test.dart: AppLocalizations ├óΓé¼ΓÇ¥ fallback unsupported locale falls back to English                                                              
00:18 +254: D:/TulasiHotels/test/l10n/app_localizations_test.dart: AppLocalizations ├óΓé¼ΓÇ¥ fallback unsupported locale falls back to English                                                              
00:18 +254: D:/TulasiHotels/test/l10n/app_localizations_test.dart: AppLocalizations ├óΓé¼ΓÇ¥ fallback missing key returns the key itself                                                                    
00:18 +255: D:/TulasiHotels/test/l10n/app_localizations_test.dart: AppLocalizations ├óΓé¼ΓÇ¥ fallback missing key returns the key itself                                                                    
00:18 +255: D:/TulasiHotels/test/l10n/app_localizations_test.dart: AppLocalizationsDelegate delegate supports en, hi, te                                                                               
00:18 +256: D:/TulasiHotels/test/l10n/app_localizations_test.dart: AppLocalizationsDelegate delegate supports en, hi, te                                                                               
00:18 +256: D:/TulasiHotels/test/l10n/app_localizations_test.dart: AppLocalizationsDelegate delegate does not support unsupported locales                                                              
00:18 +257: D:/TulasiHotels/test/l10n/app_localizations_test.dart: AppLocalizationsDelegate delegate does not support unsupported locales                                                              
00:18 +257: loading D:/TulasiHotels/test/models/admin_model_test.dart                                                                                                                                  
00:18 +257: D:/TulasiHotels/test/models/admin_model_test.dart: UserSubscription defaults to free + active                                                                                              
00:18 +258: D:/TulasiHotels/test/models/admin_model_test.dart: UserSubscription defaults to free + active                                                                                              
00:18 +258: D:/TulasiHotels/test/models/admin_model_test.dart: UserSubscription planDisplayName for each plan                                                                                          
00:18 +259: D:/TulasiHotels/test/models/admin_model_test.dart: UserSubscription planDisplayName for each plan                                                                                          
00:18 +259: D:/TulasiHotels/test/models/admin_model_test.dart: UserSubscription planPrice for each plan                                                                                                
00:19 +260: D:/TulasiHotels/test/models/admin_model_test.dart: UserSubscription planPrice for each plan                                                                                                
00:19 +260: D:/TulasiHotels/test/models/admin_model_test.dart: UserSubscription billsLimit increases with plan tier                                                                                    
00:19 +261: D:/TulasiHotels/test/models/admin_model_test.dart: UserSubscription billsLimit increases with plan tier                                                                                    
00:19 +261: D:/TulasiHotels/test/models/admin_model_test.dart: UserSubscription isActive true for active and trial                                                                                     
00:19 +262: D:/TulasiHotels/test/models/admin_model_test.dart: UserSubscription isActive true for active and trial                                                                                     
00:19 +262: D:/TulasiHotels/test/models/admin_model_test.dart: UserSubscription isActive false for expired and cancelled                                                                               
00:19 +263: D:/TulasiHotels/test/models/admin_model_test.dart: UserSubscription isActive false for expired and cancelled                                                                               
00:19 +263: D:/TulasiHotels/test/models/admin_model_test.dart: UserLimits (admin) defaults                                                                                                             
00:19 +264: D:/TulasiHotels/test/models/admin_model_test.dart: UserLimits (admin) defaults                                                                                                             
00:19 +264: D:/TulasiHotels/test/models/admin_model_test.dart: UserLimits (admin) usagePercentage at 0%                                                                                                
00:19 +265: D:/TulasiHotels/test/models/admin_model_test.dart: UserLimits (admin) usagePercentage at 0%                                                                                                
00:19 +265: D:/TulasiHotels/test/models/admin_model_test.dart: UserLimits (admin) usagePercentage at 50%                                                                                               
00:19 +266: D:/TulasiHotels/test/models/admin_model_test.dart: UserLimits (admin) usagePercentage at 50%                                                                                               
00:19 +266: D:/TulasiHotels/test/models/admin_model_test.dart: UserLimits (admin) usagePercentage clamped to 1.0 when over limit                                                                       
00:19 +267: D:/TulasiHotels/test/models/admin_model_test.dart: UserLimits (admin) usagePercentage clamped to 1.0 when over limit                                                                       
00:19 +267: D:/TulasiHotels/test/models/admin_model_test.dart: UserLimits (admin) usagePercentage is 0 when billsLimit is 0                                                                            
00:19 +268: D:/TulasiHotels/test/models/admin_model_test.dart: UserLimits (admin) usagePercentage is 0 when billsLimit is 0                                                                            
00:19 +268: D:/TulasiHotels/test/models/admin_model_test.dart: UserLimits (admin) isNearLimit true at 81%                                                                                              
00:19 +269: D:/TulasiHotels/test/models/admin_model_test.dart: UserLimits (admin) isNearLimit true at 81%                                                                                              
00:19 +269: D:/TulasiHotels/test/models/admin_model_test.dart: UserLimits (admin) isNearLimit false at 80%                                                                                             
00:19 +270: D:/TulasiHotels/test/models/admin_model_test.dart: UserLimits (admin) isNearLimit false at 80%                                                                                             
00:19 +270: D:/TulasiHotels/test/models/admin_model_test.dart: UserLimits (admin) isAtLimit true at exactly limit                                                                                      
00:19 +271: D:/TulasiHotels/test/models/admin_model_test.dart: UserLimits (admin) isAtLimit true at exactly limit                                                                                      
00:19 +271: D:/TulasiHotels/test/models/admin_model_test.dart: UserLimits (admin) isAtLimit true when over limit                                                                                       
00:19 +272: D:/TulasiHotels/test/models/admin_model_test.dart: UserLimits (admin) isAtLimit true when over limit                                                                                       
00:19 +272: D:/TulasiHotels/test/models/admin_model_test.dart: UserLimits (admin) isAtLimit false below limit                                                                                          
00:19 +273: D:/TulasiHotels/test/models/admin_model_test.dart: UserLimits (admin) isAtLimit false below limit                                                                                          
00:19 +273: D:/TulasiHotels/test/models/admin_model_test.dart: UserActivity null lastActiveAt ΓåÆ isActiveToday=false                                                                                    
00:19 +274: D:/TulasiHotels/test/models/admin_model_test.dart: UserActivity null lastActiveAt ΓåÆ isActiveToday=false                                                                                    
00:19 +274: D:/TulasiHotels/test/models/admin_model_test.dart: UserActivity today ΓåÆ isActiveToday=true                                                                                                 
00:19 +275: D:/TulasiHotels/test/models/admin_model_test.dart: UserActivity today ΓåÆ isActiveToday=true                                                                                                 
00:19 +275: D:/TulasiHotels/test/models/admin_model_test.dart: UserActivity yesterday ΓåÆ isActiveToday=false                                                                                            
00:19 +276: D:/TulasiHotels/test/models/admin_model_test.dart: UserActivity yesterday ΓåÆ isActiveToday=false                                                                                            
00:19 +276: D:/TulasiHotels/test/models/admin_model_test.dart: UserActivity null lastActiveAt ΓåÆ isActiveThisWeek=false                                                                                 
00:19 +277: D:/TulasiHotels/test/models/admin_model_test.dart: UserActivity null lastActiveAt ΓåÆ isActiveThisWeek=false                                                                                 
00:19 +277: D:/TulasiHotels/test/models/admin_model_test.dart: UserActivity 3 days ago ΓåÆ isActiveThisWeek=true                                                                                         
00:19 +278: D:/TulasiHotels/test/models/admin_model_test.dart: UserActivity 3 days ago ΓåÆ isActiveThisWeek=true                                                                                         
00:19 +278: D:/TulasiHotels/test/models/admin_model_test.dart: UserActivity 8 days ago ΓåÆ isActiveThisWeek=false                                                                                        
00:19 +279: D:/TulasiHotels/test/models/admin_model_test.dart: UserActivity 8 days ago ΓåÆ isActiveThisWeek=false                                                                                        
00:19 +279: D:/TulasiHotels/test/models/admin_model_test.dart: UserActivity lastActiveAgo returns "Never" for null                                                                                     
00:19 +280: D:/TulasiHotels/test/models/admin_model_test.dart: UserActivity lastActiveAgo returns "Never" for null                                                                                     
00:19 +280: D:/TulasiHotels/test/models/admin_model_test.dart: UserActivity lastActiveAgo returns "Just now" for recent                                                                                
00:19 +281: D:/TulasiHotels/test/models/admin_model_test.dart: UserActivity lastActiveAgo returns "Just now" for recent                                                                                
00:19 +281: D:/TulasiHotels/test/models/admin_model_test.dart: UserActivity lastActiveAgo shows minutes                                                                                                
00:19 +282: D:/TulasiHotels/test/models/admin_model_test.dart: UserActivity lastActiveAgo shows minutes                                                                                                
00:19 +282: D:/TulasiHotels/test/models/admin_model_test.dart: UserActivity lastActiveAgo shows hours                                                                                                  
00:19 +283: D:/TulasiHotels/test/models/admin_model_test.dart: UserActivity lastActiveAgo shows hours                                                                                                  
00:19 +283: D:/TulasiHotels/test/models/admin_model_test.dart: UserActivity lastActiveAgo shows days                                                                                                   
00:19 +284: D:/TulasiHotels/test/models/admin_model_test.dart: UserActivity lastActiveAgo shows days                                                                                                   
00:19 +284: D:/TulasiHotels/test/models/admin_model_test.dart: UserActivity lastActiveAgo shows weeks                                                                                                  
00:19 +285: D:/TulasiHotels/test/models/admin_model_test.dart: UserActivity lastActiveAgo shows weeks                                                                                                  
00:19 +285: D:/TulasiHotels/test/models/admin_model_test.dart: AdminStats defaults to zeros                                                                                                            
00:19 +286: D:/TulasiHotels/test/models/admin_model_test.dart: AdminStats defaults to zeros                                                                                                            
00:19 +286: D:/TulasiHotels/test/models/admin_model_test.dart: AdminStats paidUsers sums pro + business                                                                                                
00:19 +287: D:/TulasiHotels/test/models/admin_model_test.dart: AdminStats paidUsers sums pro + business                                                                                                
00:19 +287: D:/TulasiHotels/test/models/admin_model_test.dart: AdminStats conversionRate calculated correctly                                                                                          
00:19 +288: D:/TulasiHotels/test/models/admin_model_test.dart: AdminStats conversionRate calculated correctly                                                                                          
00:19 +288: D:/TulasiHotels/test/models/admin_model_test.dart: AdminStats conversionRate is 0 when no users                                                                                            
00:19 +289: D:/TulasiHotels/test/models/admin_model_test.dart: AdminStats conversionRate is 0 when no users                                                                                            
00:19 +289: D:/TulasiHotels/test/models/admin_model_test.dart: AdminStats 100% conversion when all users are paid                                                                                      
00:19 +290: D:/TulasiHotels/test/models/admin_model_test.dart: AdminStats 100% conversion when all users are paid                                                                                      
00:19 +290: D:/TulasiHotels/test/models/admin_model_test.dart: AdminStats mrr tracks correctly                                                                                                         
00:19 +291: D:/TulasiHotels/test/models/admin_model_test.dart: AdminStats mrr tracks correctly                                                                                                         
00:19 +291: loading D:/TulasiHotels/test/models/admin_user_model_test.dart                                                                                                                             
00:19 +291: D:/TulasiHotels/test/models/admin_user_model_test.dart: UserSubscription defaults to free/active                                                                                           
00:19 +292: D:/TulasiHotels/test/models/admin_user_model_test.dart: UserSubscription defaults to free/active                                                                                           
00:19 +292: D:/TulasiHotels/test/models/admin_user_model_test.dart: UserSubscription planDisplayName for free                                                                                          
00:19 +293: D:/TulasiHotels/test/models/admin_user_model_test.dart: UserSubscription planDisplayName for free                                                                                          
00:19 +293: D:/TulasiHotels/test/models/admin_user_model_test.dart: UserSubscription planDisplayName for pro                                                                                           
00:19 +294: D:/TulasiHotels/test/models/admin_user_model_test.dart: UserSubscription planDisplayName for pro                                                                                           
00:19 +294: D:/TulasiHotels/test/models/admin_user_model_test.dart: UserSubscription planDisplayName for business                                                                                      
00:19 +295: D:/TulasiHotels/test/models/admin_user_model_test.dart: UserSubscription planDisplayName for business                                                                                      
00:19 +295: D:/TulasiHotels/test/models/admin_user_model_test.dart: UserSubscription planPrice for free is 0                                                                                           
00:19 +296: D:/TulasiHotels/test/models/admin_user_model_test.dart: UserSubscription planPrice for free is 0                                                                                           
00:19 +296: D:/TulasiHotels/test/models/admin_user_model_test.dart: UserSubscription planPrice for pro is 299                                                                                          
00:19 +297: D:/TulasiHotels/test/models/admin_user_model_test.dart: UserSubscription planPrice for pro is 299                                                                                          
00:19 +297: D:/TulasiHotels/test/models/admin_user_model_test.dart: UserSubscription planPrice for business is 999                                                                                     
00:19 +298: D:/TulasiHotels/test/models/admin_user_model_test.dart: UserSubscription planPrice for business is 999                                                                                     
00:19 +298: D:/TulasiHotels/test/models/admin_user_model_test.dart: UserSubscription billsLimit for free is 50                                                                                         
00:19 +299: D:/TulasiHotels/test/models/admin_user_model_test.dart: UserSubscription billsLimit for free is 50                                                                                         
00:19 +299: D:/TulasiHotels/test/models/admin_user_model_test.dart: UserSubscription billsLimit for pro is 500                                                                                         
00:19 +300: D:/TulasiHotels/test/models/admin_user_model_test.dart: UserSubscription billsLimit for pro is 500                                                                                         
00:19 +300: D:/TulasiHotels/test/models/admin_user_model_test.dart: UserSubscription billsLimit for business is unlimited                                                                              
00:19 +301: D:/TulasiHotels/test/models/admin_user_model_test.dart: UserSubscription billsLimit for business is unlimited                                                                              
00:19 +301: D:/TulasiHotels/test/models/admin_user_model_test.dart: UserSubscription isActive for active status                                                                                        
00:19 +302: D:/TulasiHotels/test/models/admin_user_model_test.dart: UserSubscription isActive for active status                                                                                        
00:19 +302: D:/TulasiHotels/test/models/admin_user_model_test.dart: UserSubscription isActive for trial status                                                                                         
00:19 +303: D:/TulasiHotels/test/models/admin_user_model_test.dart: UserSubscription isActive for trial status                                                                                         
00:19 +303: D:/TulasiHotels/test/models/admin_user_model_test.dart: UserSubscription isActive is false for expired                                                                                     
00:19 +304: D:/TulasiHotels/test/models/admin_user_model_test.dart: UserSubscription isActive is false for expired                                                                                     
00:19 +304: D:/TulasiHotels/test/models/admin_user_model_test.dart: UserSubscription isActive is false for cancelled                                                                                   
00:19 +305: D:/TulasiHotels/test/models/admin_user_model_test.dart: UserSubscription isActive is false for cancelled                                                                                   
00:19 +305: D:/TulasiHotels/test/models/admin_user_model_test.dart: UserSubscription toMap includes all fields                                                                                         
00:19 +306: D:/TulasiHotels/test/models/admin_user_model_test.dart: UserSubscription toMap includes all fields                                                                                         
00:19 +306: D:/TulasiHotels/test/models/admin_user_model_test.dart: UserSubscription fromMap with null returns defaults                                                                                
00:19 +307: D:/TulasiHotels/test/models/admin_user_model_test.dart: UserSubscription fromMap with null returns defaults                                                                                
00:19 +307: D:/TulasiHotels/test/models/admin_user_model_test.dart: UserSubscription fromMap parses plan and status                                                                                    
00:19 +308: D:/TulasiHotels/test/models/admin_user_model_test.dart: UserSubscription fromMap parses plan and status                                                                                    
00:19 +308: D:/TulasiHotels/test/models/admin_user_model_test.dart: UserSubscription fromMap handles unknown plan gracefully                                                                           
00:19 +309: D:/TulasiHotels/test/models/admin_user_model_test.dart: UserSubscription fromMap handles unknown plan gracefully                                                                           
00:19 +309: D:/TulasiHotels/test/models/admin_user_model_test.dart: UserLimits defaults to zero usage                                                                                                  
00:19 +310: D:/TulasiHotels/test/models/admin_user_model_test.dart: UserLimits defaults to zero usage                                                                                                  
00:19 +310: D:/TulasiHotels/test/models/admin_user_model_test.dart: UserLimits usagePercentage at half                                                                                                 
00:19 +311: D:/TulasiHotels/test/models/admin_user_model_test.dart: UserLimits usagePercentage at half                                                                                                 
00:19 +311: D:/TulasiHotels/test/models/admin_user_model_test.dart: UserLimits usagePercentage at full                                                                                                 
00:19 +312: D:/TulasiHotels/test/models/admin_user_model_test.dart: UserLimits usagePercentage at full                                                                                                 
00:19 +312: D:/TulasiHotels/test/models/admin_user_model_test.dart: UserLimits usagePercentage clamped above 1                                                                                         
00:19 +313: D:/TulasiHotels/test/models/admin_user_model_test.dart: UserLimits usagePercentage clamped above 1                                                                                         
00:19 +313: D:/TulasiHotels/test/models/admin_user_model_test.dart: UserLimits usagePercentage is 0 when limit is 0                                                                                    
00:19 +314: D:/TulasiHotels/test/models/admin_user_model_test.dart: UserLimits usagePercentage is 0 when limit is 0                                                                                    
00:19 +314: D:/TulasiHotels/test/models/admin_user_model_test.dart: UserLimits isNearLimit when over 80%                                                                                               
00:19 +315: D:/TulasiHotels/test/models/admin_user_model_test.dart: UserLimits isNearLimit when over 80%                                                                                               
00:19 +315: D:/TulasiHotels/test/models/admin_user_model_test.dart: UserLimits isNearLimit is false when under 80%                                                                                     
00:19 +316: D:/TulasiHotels/test/models/admin_user_model_test.dart: UserLimits isNearLimit is false when under 80%                                                                                     
00:19 +316: D:/TulasiHotels/test/models/admin_user_model_test.dart: UserLimits isAtLimit when at exact limit                                                                                           
00:19 +317: D:/TulasiHotels/test/models/admin_user_model_test.dart: UserLimits isAtLimit when at exact limit                                                                                           
00:19 +317: D:/TulasiHotels/test/models/admin_user_model_test.dart: UserLimits isAtLimit when over limit                                                                                               
00:19 +318: D:/TulasiHotels/test/models/admin_user_model_test.dart: UserLimits isAtLimit when over limit                                                                                               
00:19 +318: D:/TulasiHotels/test/models/admin_user_model_test.dart: UserLimits isAtLimit is false when under limit                                                                                     
00:19 +319: D:/TulasiHotels/test/models/admin_user_model_test.dart: UserLimits isAtLimit is false when under limit                                                                                     
00:19 +319: D:/TulasiHotels/test/models/admin_user_model_test.dart: UserLimits fromMap with null returns defaults                                                                                      
00:19 +320: D:/TulasiHotels/test/models/admin_user_model_test.dart: UserLimits fromMap with null returns defaults                                                                                      
00:19 +320: D:/TulasiHotels/test/models/admin_user_model_test.dart: UserLimits fromMap parses values                                                                                                   
00:19 +321: D:/TulasiHotels/test/models/admin_user_model_test.dart: UserLimits fromMap parses values                                                                                                   
00:19 +321: D:/TulasiHotels/test/models/admin_user_model_test.dart: UserActivity defaults to null values                                                                                               
00:19 +322: D:/TulasiHotels/test/models/admin_user_model_test.dart: UserActivity defaults to null values                                                                                               
00:19 +322: D:/TulasiHotels/test/models/admin_user_model_test.dart: UserActivity isActiveToday when last active now                                                                                    
00:19 +323: D:/TulasiHotels/test/models/admin_user_model_test.dart: UserActivity isActiveToday when last active now                                                                                    
00:19 +323: D:/TulasiHotels/test/models/admin_user_model_test.dart: UserActivity isActiveToday is false for yesterday                                                                                  
00:19 +324: D:/TulasiHotels/test/models/admin_user_model_test.dart: UserActivity isActiveToday is false for yesterday                                                                                  
00:19 +324: D:/TulasiHotels/test/models/admin_user_model_test.dart: UserActivity isActiveToday is false when null                                                                                      
00:19 +325: D:/TulasiHotels/test/models/admin_user_model_test.dart: UserActivity isActiveToday is false when null                                                                                      
00:19 +325: D:/TulasiHotels/test/models/admin_user_model_test.dart: UserActivity isActiveThisWeek for recent activity                                                                                  
00:19 +326: D:/TulasiHotels/test/models/admin_user_model_test.dart: UserActivity isActiveThisWeek for recent activity                                                                                  
00:19 +326: D:/TulasiHotels/test/models/admin_user_model_test.dart: UserActivity isActiveThisWeek is false for old activity                                                                            
00:19 +327: D:/TulasiHotels/test/models/admin_user_model_test.dart: UserActivity isActiveThisWeek is false for old activity                                                                            
00:19 +327: D:/TulasiHotels/test/models/admin_user_model_test.dart: UserActivity lastActiveAgo returns Never when null                                                                                 
00:19 +328: D:/TulasiHotels/test/models/admin_user_model_test.dart: UserActivity lastActiveAgo returns Never when null                                                                                 
00:19 +328: D:/TulasiHotels/test/models/admin_user_model_test.dart: UserActivity lastActiveAgo returns Just now                                                                                        
00:19 +329: D:/TulasiHotels/test/models/admin_user_model_test.dart: UserActivity lastActiveAgo returns Just now                                                                                        
00:19 +329: D:/TulasiHotels/test/models/admin_user_model_test.dart: UserActivity lastActiveAgo returns minutes                                                                                         
00:19 +330: D:/TulasiHotels/test/models/admin_user_model_test.dart: UserActivity lastActiveAgo returns minutes                                                                                         
00:19 +330: D:/TulasiHotels/test/models/admin_user_model_test.dart: UserActivity lastActiveAgo returns hours                                                                                           
00:19 +331: D:/TulasiHotels/test/models/admin_user_model_test.dart: UserActivity lastActiveAgo returns hours                                                                                           
00:19 +331: D:/TulasiHotels/test/models/admin_user_model_test.dart: UserActivity lastActiveAgo returns days                                                                                            
00:19 +332: D:/TulasiHotels/test/models/admin_user_model_test.dart: UserActivity lastActiveAgo returns days                                                                                            
00:19 +332: D:/TulasiHotels/test/models/admin_user_model_test.dart: UserActivity lastActiveAgo returns weeks                                                                                           
00:19 +333: D:/TulasiHotels/test/models/admin_user_model_test.dart: UserActivity lastActiveAgo returns weeks                                                                                           
00:19 +333: D:/TulasiHotels/test/models/admin_user_model_test.dart: UserActivity fromMap with null returns defaults                                                                                    
00:19 +334: D:/TulasiHotels/test/models/admin_user_model_test.dart: UserActivity fromMap with null returns defaults                                                                                    
00:19 +334: D:/TulasiHotels/test/models/admin_user_model_test.dart: UserActivity fromMap parses string fields                                                                                          
00:19 +335: D:/TulasiHotels/test/models/admin_user_model_test.dart: UserActivity fromMap parses string fields                                                                                          
00:19 +335: D:/TulasiHotels/test/models/admin_user_model_test.dart: AdminStats defaults to zeros                                                                                                       
00:19 +336: D:/TulasiHotels/test/models/admin_user_model_test.dart: AdminStats defaults to zeros                                                                                                       
00:19 +336: D:/TulasiHotels/test/models/admin_user_model_test.dart: AdminStats paidUsers is sum of pro and business                                                                                    
00:19 +337: D:/TulasiHotels/test/models/admin_user_model_test.dart: AdminStats paidUsers is sum of pro and business                                                                                    
00:19 +337: D:/TulasiHotels/test/models/admin_user_model_test.dart: AdminStats conversionRate calculates correctly                                                                                     
00:19 +338: D:/TulasiHotels/test/models/admin_user_model_test.dart: AdminStats conversionRate calculates correctly                                                                                     
00:19 +338: D:/TulasiHotels/test/models/admin_user_model_test.dart: AdminStats conversionRate is 0 when no users                                                                                       
00:19 +339: D:/TulasiHotels/test/models/admin_user_model_test.dart: AdminStats conversionRate is 0 when no users                                                                                       
00:19 +339: D:/TulasiHotels/test/models/admin_user_model_test.dart: AdminStats conversionRate at 100%                                                                                                  
00:19 +340: D:/TulasiHotels/test/models/admin_user_model_test.dart: AdminStats conversionRate at 100%                                                                                                  
00:19 +340: D:/TulasiHotels/test/models/admin_user_model_test.dart: AdminUser daysSinceRegistration is 0 when null                                                                                     
00:19 +341: D:/TulasiHotels/test/models/admin_user_model_test.dart: AdminUser daysSinceRegistration is 0 when null                                                                                     
00:19 +341: D:/TulasiHotels/test/models/admin_user_model_test.dart: AdminUser daysSinceRegistration calculates from creation date                                                                      
00:19 +342: D:/TulasiHotels/test/models/admin_user_model_test.dart: AdminUser daysSinceRegistration calculates from creation date                                                                      
00:20 +342: D:/TulasiHotels/test/models/admin_user_model_test.dart: AdminUser daysSinceRegistration calculates from creation date                                                                      
00:20 +342: loading D:/TulasiHotels/test/models/billing_logic_test.dart                                                                                                                                
00:20 +342: D:/TulasiHotels/test/models/billing_logic_test.dart: PaymentMethod fromString parses all valid values                                                                                      
00:20 +343: D:/TulasiHotels/test/models/billing_logic_test.dart: PaymentMethod fromString parses all valid values                                                                                      
00:20 +343: D:/TulasiHotels/test/models/billing_logic_test.dart: PaymentMethod fromString falls back to unknown for invalid value                                                                      
00:20 +344: D:/TulasiHotels/test/models/billing_logic_test.dart: PaymentMethod fromString falls back to unknown for invalid value                                                                      
00:20 +344: D:/TulasiHotels/test/models/billing_logic_test.dart: PaymentMethod all enum values have display names                                                                                      
00:20 +345: D:/TulasiHotels/test/models/billing_logic_test.dart: PaymentMethod all enum values have display names                                                                                      
00:20 +345: D:/TulasiHotels/test/models/billing_logic_test.dart: PaymentMethod enum names are unique                                                                                                   
00:20 +346: D:/TulasiHotels/test/models/billing_logic_test.dart: PaymentMethod enum names are unique                                                                                                   
00:20 +346: D:/TulasiHotels/test/models/billing_logic_test.dart: CartItem total = price * quantity                                                                                                     
00:20 +347: D:/TulasiHotels/test/models/billing_logic_test.dart: CartItem total = price * quantity                                                                                                     
00:20 +347: D:/TulasiHotels/test/models/billing_logic_test.dart: CartItem total is 0 when quantity is 0                                                                                                
00:20 +348: D:/TulasiHotels/test/models/billing_logic_test.dart: CartItem total is 0 when quantity is 0                                                                                                
00:20 +348: D:/TulasiHotels/test/models/billing_logic_test.dart: CartItem total with fractional price                                                                                                  
00:20 +349: D:/TulasiHotels/test/models/billing_logic_test.dart: CartItem total with fractional price                                                                                                  
00:20 +349: D:/TulasiHotels/test/models/billing_logic_test.dart: CartItem copyWith updates quantity only                                                                                               
00:20 +350: D:/TulasiHotels/test/models/billing_logic_test.dart: CartItem copyWith updates quantity only                                                                                               
00:20 +350: D:/TulasiHotels/test/models/billing_logic_test.dart: CartItem toMap ├óΓÇáΓÇÖ fromMap round-trip                                                                                                 
00:20 +351: D:/TulasiHotels/test/models/billing_logic_test.dart: CartItem toMap ├óΓÇáΓÇÖ fromMap round-trip                                                                                                 
00:20 +351: D:/TulasiHotels/test/models/billing_logic_test.dart: CartItem fromMap handles missing fields gracefully                                                                                    
00:20 +352: D:/TulasiHotels/test/models/billing_logic_test.dart: CartItem fromMap handles missing fields gracefully                                                                                    
00:20 +352: D:/TulasiHotels/test/models/billing_logic_test.dart: BillModel changeAmount = receivedAmount - total                                                                                       
00:20 +353: D:/TulasiHotels/test/models/billing_logic_test.dart: BillModel changeAmount = receivedAmount - total                                                                                       
00:20 +353: D:/TulasiHotels/test/models/billing_logic_test.dart: BillModel changeAmount is 0 for exact payment                                                                                         
00:20 +354: D:/TulasiHotels/test/models/billing_logic_test.dart: BillModel changeAmount is 0 for exact payment                                                                                         
00:20 +354: D:/TulasiHotels/test/models/billing_logic_test.dart: BillModel changeAmount is negative when underpaid                                                                                     
00:20 +355: D:/TulasiHotels/test/models/billing_logic_test.dart: BillModel changeAmount is negative when underpaid                                                                                     
00:20 +355: D:/TulasiHotels/test/models/billing_logic_test.dart: BillModel itemCount sums all item quantities                                                                                          
00:20 +356: D:/TulasiHotels/test/models/billing_logic_test.dart: BillModel itemCount sums all item quantities                                                                                          
00:20 +356: D:/TulasiHotels/test/models/billing_logic_test.dart: BillModel itemCount is 0 for empty items list                                                                                         
00:20 +357: D:/TulasiHotels/test/models/billing_logic_test.dart: BillModel itemCount is 0 for empty items list                                                                                         
00:20 +357: D:/TulasiHotels/test/models/billing_logic_test.dart: BillModel copyWith preserves unchanged fields                                                                                         
00:20 +358: D:/TulasiHotels/test/models/billing_logic_test.dart: BillModel copyWith preserves unchanged fields                                                                                         
00:20 +358: D:/TulasiHotels/test/models/billing_logic_test.dart: BillModel copyWith updates multiple fields                                                                                            
00:20 +359: D:/TulasiHotels/test/models/billing_logic_test.dart: BillModel copyWith updates multiple fields                                                                                            
00:20 +359: D:/TulasiHotels/test/models/billing_logic_test.dart: BillModel toMap includes all fields                                                                                                   
00:20 +360: D:/TulasiHotels/test/models/billing_logic_test.dart: BillModel toMap includes all fields                                                                                                   
00:20 +360: D:/TulasiHotels/test/models/billing_logic_test.dart: BillModel toFirestore excludes id                                                                                                     
00:20 +361: D:/TulasiHotels/test/models/billing_logic_test.dart: BillModel toFirestore excludes id                                                                                                     
00:20 +361: D:/TulasiHotels/test/models/billing_logic_test.dart: Bulk billing at scale makeBills generates correct count                                                                               
00:20 +362: D:/TulasiHotels/test/models/billing_logic_test.dart: Bulk billing at scale makeBills generates correct count                                                                               
00:20 +362: D:/TulasiHotels/test/models/billing_logic_test.dart: Bulk billing at scale makeBills have unique ids                                                                                       
00:20 +363: D:/TulasiHotels/test/models/billing_logic_test.dart: Bulk billing at scale makeBills have unique ids                                                                                       
00:20 +363: D:/TulasiHotels/test/models/billing_logic_test.dart: Bulk billing at scale makeBills have sequential bill numbers                                                                          
00:20 +364: D:/TulasiHotels/test/models/billing_logic_test.dart: Bulk billing at scale makeBills have sequential bill numbers                                                                          
00:20 +364: D:/TulasiHotels/test/models/billing_logic_test.dart: Bulk billing at scale bills with mixed payment methods                                                                                
00:20 +365: D:/TulasiHotels/test/models/billing_logic_test.dart: Bulk billing at scale bills with mixed payment methods                                                                                
00:20 +365: D:/TulasiHotels/test/models/billing_logic_test.dart: Bulk billing at scale total from 500 bills can be summed without overflow                                                             
00:20 +366: D:/TulasiHotels/test/models/billing_logic_test.dart: Bulk billing at scale total from 500 bills can be summed without overflow                                                             
00:20 +366: loading D:/TulasiHotels/test/models/bill_model_extended2_test.dart                                                                                                                         
00:20 +366: D:/TulasiHotels/test/models/bill_model_extended2_test.dart: CartItem.fromMap edge cases handles empty map with defaults                                                                    
00:20 +367: D:/TulasiHotels/test/models/bill_model_extended2_test.dart: CartItem.fromMap edge cases handles empty map with defaults                                                                    
00:20 +367: D:/TulasiHotels/test/models/bill_model_extended2_test.dart: CartItem.fromMap edge cases handles numeric types gracefully                                                                   
00:20 +368: D:/TulasiHotels/test/models/bill_model_extended2_test.dart: CartItem.fromMap edge cases handles numeric types gracefully                                                                   
00:20 +368: D:/TulasiHotels/test/models/bill_model_extended2_test.dart: CartItem.fromMap edge cases toMap roundtrip preserves data                                                                     
00:20 +369: D:/TulasiHotels/test/models/bill_model_extended2_test.dart: CartItem.fromMap edge cases toMap roundtrip preserves data                                                                     
00:20 +369: D:/TulasiHotels/test/models/bill_model_extended2_test.dart: CartItem.fromMap edge cases total is zero for zero price                                                                       
00:20 +370: D:/TulasiHotels/test/models/bill_model_extended2_test.dart: CartItem.fromMap edge cases total is zero for zero price                                                                       
00:20 +370: D:/TulasiHotels/test/models/bill_model_extended2_test.dart: CartItem.fromMap edge cases copyWith preserves all fields when no args                                                         
00:20 +371: D:/TulasiHotels/test/models/bill_model_extended2_test.dart: CartItem.fromMap edge cases copyWith preserves all fields when no args                                                         
00:20 +371: D:/TulasiHotels/test/models/bill_model_extended2_test.dart: PaymentMethod.fromString parses all known values                                                                               
00:20 +372: D:/TulasiHotels/test/models/bill_model_extended2_test.dart: PaymentMethod.fromString parses all known values                                                                               
00:20 +372: D:/TulasiHotels/test/models/bill_model_extended2_test.dart: PaymentMethod.fromString falls back to unknown for invalid values                                                              
00:20 +373: D:/TulasiHotels/test/models/bill_model_extended2_test.dart: PaymentMethod.fromString falls back to unknown for invalid values                                                              
00:20 +373: D:/TulasiHotels/test/models/bill_model_extended2_test.dart: PaymentMethod.fromString display names are correct                                                                             
00:20 +374: D:/TulasiHotels/test/models/bill_model_extended2_test.dart: PaymentMethod.fromString display names are correct                                                                             
00:20 +374: D:/TulasiHotels/test/models/bill_model_extended2_test.dart: PaymentMethod.fromString emojis are non-empty strings                                                                          
00:20 +375: D:/TulasiHotels/test/models/bill_model_extended2_test.dart: PaymentMethod.fromString emojis are non-empty strings                                                                          
00:20 +375: D:/TulasiHotels/test/models/bill_model_extended2_test.dart: BillModel.toMap includes all fields                                                                                            
00:20 +376: D:/TulasiHotels/test/models/bill_model_extended2_test.dart: BillModel.toMap includes all fields                                                                                            
00:20 +376: D:/TulasiHotels/test/models/bill_model_extended2_test.dart: BillModel.toMap null optional fields serialize as null                                                                         
00:20 +377: D:/TulasiHotels/test/models/bill_model_extended2_test.dart: BillModel.toMap null optional fields serialize as null                                                                         
00:20 +377: D:/TulasiHotels/test/models/bill_model_extended2_test.dart: BillModel.toMap createdAt serializes as ISO 8601                                                                               
00:20 +378: D:/TulasiHotels/test/models/bill_model_extended2_test.dart: BillModel.toMap createdAt serializes as ISO 8601                                                                               
00:20 +378: D:/TulasiHotels/test/models/bill_model_extended2_test.dart: BillModel.toMap items serialize correctly                                                                                      
00:20 +379: D:/TulasiHotels/test/models/bill_model_extended2_test.dart: BillModel.toMap items serialize correctly                                                                                      
00:20 +379: D:/TulasiHotels/test/models/bill_model_extended2_test.dart: BillModel.copyWith preserves all fields when no args                                                                           
00:20 +380: D:/TulasiHotels/test/models/bill_model_extended2_test.dart: BillModel.copyWith preserves all fields when no args                                                                           
00:20 +380: D:/TulasiHotels/test/models/bill_model_extended2_test.dart: BillModel.copyWith overrides specified fields                                                                                  
00:20 +381: D:/TulasiHotels/test/models/bill_model_extended2_test.dart: BillModel.copyWith overrides specified fields                                                                                  
00:20 +381: D:/TulasiHotels/test/models/bill_model_extended2_test.dart: BillModel.copyWith can set customer info                                                                                       
00:20 +382: D:/TulasiHotels/test/models/bill_model_extended2_test.dart: BillModel.copyWith can set customer info                                                                                       
00:20 +382: D:/TulasiHotels/test/models/bill_model_extended2_test.dart: BillModel computed getters changeAmount with exact payment                                                                     
00:20 +383: D:/TulasiHotels/test/models/bill_model_extended2_test.dart: BillModel computed getters changeAmount with exact payment                                                                     
00:20 +383: D:/TulasiHotels/test/models/bill_model_extended2_test.dart: BillModel computed getters changeAmount with overpayment                                                                       
00:20 +384: D:/TulasiHotels/test/models/bill_model_extended2_test.dart: BillModel computed getters changeAmount with overpayment                                                                       
00:20 +384: D:/TulasiHotels/test/models/bill_model_extended2_test.dart: BillModel computed getters changeAmount with underpayment                                                                      
00:20 +385: D:/TulasiHotels/test/models/bill_model_extended2_test.dart: BillModel computed getters changeAmount with underpayment                                                                      
00:20 +385: D:/TulasiHotels/test/models/bill_model_extended2_test.dart: BillModel computed getters itemCount sums quantities                                                                           
00:20 +386: D:/TulasiHotels/test/models/bill_model_extended2_test.dart: BillModel computed getters itemCount sums quantities                                                                           
00:20 +386: D:/TulasiHotels/test/models/bill_model_extended2_test.dart: BillModel computed getters itemCount is zero for empty items                                                                   
00:20 +387: D:/TulasiHotels/test/models/bill_model_extended2_test.dart: BillModel computed getters itemCount is zero for empty items                                                                   
00:21 +387: D:/TulasiHotels/test/models/bill_model_extended2_test.dart: BillModel computed getters itemCount is zero for empty items                                                                   
00:21 +387: loading D:/TulasiHotels/test/models/bill_model_extended_test.dart                                                                                                                          
00:21 +387: D:/TulasiHotels/test/models/bill_model_extended_test.dart: BillModel.changeAmount calculates change correctly                                                                              
00:21 +388: D:/TulasiHotels/test/models/bill_model_extended_test.dart: BillModel.changeAmount calculates change correctly                                                                              
00:21 +388: D:/TulasiHotels/test/models/bill_model_extended_test.dart: BillModel.changeAmount returns 0 when exact amount paid                                                                         
00:21 +389: D:/TulasiHotels/test/models/bill_model_extended_test.dart: BillModel.changeAmount returns 0 when exact amount paid                                                                         
00:21 +389: D:/TulasiHotels/test/models/bill_model_extended_test.dart: BillModel.changeAmount returns null when receivedAmount is null                                                                 
00:21 +390: D:/TulasiHotels/test/models/bill_model_extended_test.dart: BillModel.changeAmount returns null when receivedAmount is null                                                                 
00:21 +390: D:/TulasiHotels/test/models/bill_model_extended_test.dart: Cash payment bill has paymentMethod cash in toMap                                                                               
00:21 +391: D:/TulasiHotels/test/models/bill_model_extended_test.dart: Cash payment bill has paymentMethod cash in toMap                                                                               
00:21 +391: D:/TulasiHotels/test/models/bill_model_extended_test.dart: UPI payment bill has paymentMethod upi                                                                                          
00:21 +392: D:/TulasiHotels/test/models/bill_model_extended_test.dart: UPI payment bill has paymentMethod upi                                                                                          
00:21 +392: D:/TulasiHotels/test/models/bill_model_extended_test.dart: Credit bill has paymentMethod udhar and customer set                                                                            
00:21 +393: D:/TulasiHotels/test/models/bill_model_extended_test.dart: Credit bill has paymentMethod udhar and customer set                                                                            
00:21 +393: D:/TulasiHotels/test/models/bill_model_extended_test.dart: BillModel.itemCount sums all item quantities                                                                                    
00:21 +394: D:/TulasiHotels/test/models/bill_model_extended_test.dart: BillModel.itemCount sums all item quantities                                                                                    
00:21 +394: D:/TulasiHotels/test/models/bill_model_extended_test.dart: ExpenseModel creates expense with category                                                                                      
00:21 +395: D:/TulasiHotels/test/models/bill_model_extended_test.dart: ExpenseModel creates expense with category                                                                                      
00:21 +395: D:/TulasiHotels/test/models/bill_model_extended_test.dart: ExpenseModel each category has a displayName                                                                                    
00:21 +396: D:/TulasiHotels/test/models/bill_model_extended_test.dart: ExpenseModel each category has a displayName                                                                                    
00:21 +396: D:/TulasiHotels/test/models/bill_model_extended_test.dart: PaymentMethod fromString returns correct enum                                                                                   
00:21 +397: D:/TulasiHotels/test/models/bill_model_extended_test.dart: PaymentMethod fromString returns correct enum                                                                                   
00:21 +397: D:/TulasiHotels/test/models/bill_model_extended_test.dart: PaymentMethod fromString returns unknown for invalid value                                                                      
00:21 +398: D:/TulasiHotels/test/models/bill_model_extended_test.dart: PaymentMethod fromString returns unknown for invalid value                                                                      
00:21 +398: D:/TulasiHotels/test/models/bill_model_extended_test.dart: PaymentMethod displayName is set for all values                                                                                 
00:21 +399: D:/TulasiHotels/test/models/bill_model_extended_test.dart: PaymentMethod displayName is set for all values                                                                                 
00:21 +399: loading D:/TulasiHotels/test/models/bill_model_test.dart                                                                                                                                   
00:21 +399: D:/TulasiHotels/test/models/bill_model_test.dart: CartItem should create cart item with required fields                                                                                    
00:21 +400: D:/TulasiHotels/test/models/bill_model_test.dart: CartItem should create cart item with required fields                                                                                    
00:21 +400: D:/TulasiHotels/test/models/bill_model_test.dart: CartItem should calculate total correctly                                                                                                
00:21 +401: D:/TulasiHotels/test/models/bill_model_test.dart: CartItem should calculate total correctly                                                                                                
00:21 +401: D:/TulasiHotels/test/models/bill_model_test.dart: CartItem should copy with new quantity                                                                                                   
00:21 +402: D:/TulasiHotels/test/models/bill_model_test.dart: CartItem should copy with new quantity                                                                                                   
00:21 +402: D:/TulasiHotels/test/models/bill_model_test.dart: CartItem should serialize to map correctly                                                                                               
00:21 +403: D:/TulasiHotels/test/models/bill_model_test.dart: CartItem should serialize to map correctly                                                                                               
00:21 +403: D:/TulasiHotels/test/models/bill_model_test.dart: CartItem should deserialize from map correctly                                                                                           
00:21 +404: D:/TulasiHotels/test/models/bill_model_test.dart: CartItem should deserialize from map correctly                                                                                           
00:21 +404: D:/TulasiHotels/test/models/bill_model_test.dart: BillModel should create bill with required fields                                                                                        
00:21 +405: D:/TulasiHotels/test/models/bill_model_test.dart: BillModel should create bill with required fields                                                                                        
00:21 +405: D:/TulasiHotels/test/models/bill_model_test.dart: BillModel should calculate change amount correctly                                                                                       
00:21 +406: D:/TulasiHotels/test/models/bill_model_test.dart: BillModel should calculate change amount correctly                                                                                       
00:21 +406: D:/TulasiHotels/test/models/bill_model_test.dart: BillModel should return null change when no received amount                                                                              
00:21 +407: D:/TulasiHotels/test/models/bill_model_test.dart: BillModel should return null change when no received amount                                                                              
00:21 +407: D:/TulasiHotels/test/models/bill_model_test.dart: BillModel should calculate item count correctly                                                                                          
00:21 +408: D:/TulasiHotels/test/models/bill_model_test.dart: BillModel should calculate item count correctly                                                                                          
00:21 +408: D:/TulasiHotels/test/models/bill_model_test.dart: PaymentMethod should have correct display names                                                                                          
00:21 +409: D:/TulasiHotels/test/models/bill_model_test.dart: PaymentMethod should have correct display names                                                                                          
00:21 +409: D:/TulasiHotels/test/models/bill_model_test.dart: PaymentMethod should have correct emojis                                                                                                 
00:22 +409: D:/TulasiHotels/test/models/bill_model_test.dart: PaymentMethod should have correct emojis                                                                                                 
00:22 +409 -1: D:/TulasiHotels/test/models/bill_model_test.dart: PaymentMethod should have correct emojis [E]                                                                                          
  Expected: '├░┼╕ΓÇÖ┬╡'
    Actual: '≡ƒÆ╡'
     Which: is different.
            Expected: ├░┼╕ΓÇÖ┬╡
              Actual: ≡ƒÆ╡
                      ^
             Differ at offset 0
  
  package:matcher                                     expect
  package:flutter_test/src/widget_tester.dart 473:18  expect
  test\models\bill_model_test.dart 182:7              main.<fn>.<fn>
  

To run this test again: C:\Tools\flutter\bin\cache\dart-sdk\bin\dart.exe test D:/TulasiHotels/test/models/bill_model_test.dart -p vm --plain-name "PaymentMethod should have correct emojis"

00:22 +409 -1: D:/TulasiHotels/test/models/bill_model_test.dart: PaymentMethod should parse from string correctly                                                                                      
00:22 +410 -1: D:/TulasiHotels/test/models/bill_model_test.dart: PaymentMethod should parse from string correctly                                                                                      
00:22 +410 -1: loading D:/TulasiHotels/test/models/customer_model_extended_test.dart                                                                                                                   
00:22 +410 -1: D:/TulasiHotels/test/models/customer_model_extended_test.dart: CustomerModel.copyWith preserves all fields when no args                                                                 
00:22 +411 -1: D:/TulasiHotels/test/models/customer_model_extended_test.dart: CustomerModel.copyWith preserves all fields when no args                                                                 
00:22 +411 -1: D:/TulasiHotels/test/models/customer_model_extended_test.dart: CustomerModel.copyWith overrides name                                                                                    
00:22 +412 -1: D:/TulasiHotels/test/models/customer_model_extended_test.dart: CustomerModel.copyWith overrides name                                                                                    
00:22 +412 -1: D:/TulasiHotels/test/models/customer_model_extended_test.dart: CustomerModel.copyWith overrides balance                                                                                 
00:22 +413 -1: D:/TulasiHotels/test/models/customer_model_extended_test.dart: CustomerModel.copyWith overrides balance                                                                                 
00:22 +413 -1: D:/TulasiHotels/test/models/customer_model_extended_test.dart: CustomerModel.copyWith overrides phone                                                                                   
00:22 +414 -1: D:/TulasiHotels/test/models/customer_model_extended_test.dart: CustomerModel.copyWith overrides phone                                                                                   
00:22 +414 -1: D:/TulasiHotels/test/models/customer_model_extended_test.dart: CustomerModel.copyWith overrides lastTransactionAt                                                                       
00:22 +415 -1: D:/TulasiHotels/test/models/customer_model_extended_test.dart: CustomerModel.copyWith overrides lastTransactionAt                                                                       
00:22 +415 -1: D:/TulasiHotels/test/models/customer_model_extended_test.dart: CustomerModel.copyWith sets updatedAt to now                                                                             
00:22 +416 -1: D:/TulasiHotels/test/models/customer_model_extended_test.dart: CustomerModel.copyWith sets updatedAt to now                                                                             
00:22 +416 -1: D:/TulasiHotels/test/models/customer_model_extended_test.dart: CustomerModel.copyWith preserves id and createdAt                                                                        
00:22 +417 -1: D:/TulasiHotels/test/models/customer_model_extended_test.dart: CustomerModel.copyWith preserves id and createdAt                                                                        
00:22 +417 -1: D:/TulasiHotels/test/models/customer_model_extended_test.dart: CustomerModel.isOverdueAfter returns true when overdue past custom threshold                                             
00:22 +418 -1: D:/TulasiHotels/test/models/customer_model_extended_test.dart: CustomerModel.isOverdueAfter returns true when overdue past custom threshold                                             
00:22 +418 -1: D:/TulasiHotels/test/models/customer_model_extended_test.dart: CustomerModel.isOverdueAfter returns false when within custom threshold                                                  
00:22 +419 -1: D:/TulasiHotels/test/models/customer_model_extended_test.dart: CustomerModel.isOverdueAfter returns false when within custom threshold                                                  
00:22 +419 -1: D:/TulasiHotels/test/models/customer_model_extended_test.dart: CustomerModel.isOverdueAfter returns false when lastTransactionAt is null                                                
00:22 +420 -1: D:/TulasiHotels/test/models/customer_model_extended_test.dart: CustomerModel.isOverdueAfter returns false when lastTransactionAt is null                                                
00:22 +420 -1: D:/TulasiHotels/test/models/customer_model_extended_test.dart: CustomerModel.isOverdueAfter boundary: exactly at threshold                                                              
00:22 +421 -1: D:/TulasiHotels/test/models/customer_model_extended_test.dart: CustomerModel.isOverdueAfter boundary: exactly at threshold                                                              
00:22 +421 -1: D:/TulasiHotels/test/models/customer_model_extended_test.dart: CustomerModel.isOverdueAfter boundary: one day past threshold                                                            
00:22 +422 -1: D:/TulasiHotels/test/models/customer_model_extended_test.dart: CustomerModel.isOverdueAfter boundary: one day past threshold                                                            
00:22 +422 -1: D:/TulasiHotels/test/models/customer_model_extended_test.dart: CustomerModel.isOverdueAfter custom threshold of 7 days                                                                  
00:22 +423 -1: D:/TulasiHotels/test/models/customer_model_extended_test.dart: CustomerModel.isOverdueAfter custom threshold of 7 days                                                                  
00:22 +423 -1: D:/TulasiHotels/test/models/customer_model_extended_test.dart: CustomerModel.daysSinceLastTransaction null when lastTransactionAt is null                                               
00:22 +424 -1: D:/TulasiHotels/test/models/customer_model_extended_test.dart: CustomerModel.daysSinceLastTransaction null when lastTransactionAt is null                                               
00:22 +424 -1: D:/TulasiHotels/test/models/customer_model_extended_test.dart: CustomerModel.daysSinceLastTransaction 0 for today                                                                       
00:22 +425 -1: D:/TulasiHotels/test/models/customer_model_extended_test.dart: CustomerModel.daysSinceLastTransaction 0 for today                                                                       
00:22 +425 -1: D:/TulasiHotels/test/models/customer_model_extended_test.dart: CustomerModel.daysSinceLastTransaction positive for past date                                                            
00:22 +426 -1: D:/TulasiHotels/test/models/customer_model_extended_test.dart: CustomerModel.daysSinceLastTransaction positive for past date                                                            
00:22 +426 -1: D:/TulasiHotels/test/models/customer_model_extended_test.dart: CustomerModel static constants defaultOverdueDays has reasonable value                                                   
00:22 +427 -1: D:/TulasiHotels/test/models/customer_model_extended_test.dart: CustomerModel static constants defaultOverdueDays has reasonable value                                                   
00:22 +427 -1: D:/TulasiHotels/test/models/customer_model_extended_test.dart: CustomerModel.hasDue edge cases false for zero balance                                                                   
00:22 +428 -1: D:/TulasiHotels/test/models/customer_model_extended_test.dart: CustomerModel.hasDue edge cases false for zero balance                                                                   
00:22 +428 -1: D:/TulasiHotels/test/models/customer_model_extended_test.dart: CustomerModel.hasDue edge cases true for small positive                                                                  
00:22 +429 -1: D:/TulasiHotels/test/models/customer_model_extended_test.dart: CustomerModel.hasDue edge cases true for small positive                                                                  
00:22 +429 -1: D:/TulasiHotels/test/models/customer_model_extended_test.dart: CustomerModel.hasDue edge cases false for negative balance (advance payment)                                             
00:22 +430 -1: D:/TulasiHotels/test/models/customer_model_extended_test.dart: CustomerModel.hasDue edge cases false for negative balance (advance payment)                                             
00:23 +430 -1: D:/TulasiHotels/test/models/customer_model_extended_test.dart: CustomerModel.hasDue edge cases false for negative balance (advance payment)                                             
00:23 +430 -1: loading D:/TulasiHotels/test/models/customer_model_test.dart                                                                                                                            
00:23 +430 -1: D:/TulasiHotels/test/models/customer_model_test.dart: CustomerModel should create customer with required fields                                                                         
00:23 +431 -1: D:/TulasiHotels/test/models/customer_model_test.dart: CustomerModel should create customer with required fields                                                                         
00:23 +431 -1: D:/TulasiHotels/test/models/customer_model_test.dart: CustomerModel should detect due correctly                                                                                         
00:23 +432 -1: D:/TulasiHotels/test/models/customer_model_test.dart: CustomerModel should detect due correctly                                                                                         
00:23 +432 -1: D:/TulasiHotels/test/models/customer_model_test.dart: CustomerModel should calculate days since last transaction                                                                        
00:23 +433 -1: D:/TulasiHotels/test/models/customer_model_test.dart: CustomerModel should calculate days since last transaction                                                                        
00:23 +433 -1: D:/TulasiHotels/test/models/customer_model_test.dart: CustomerModel should detect overdue customer                                                                                      
00:23 +434 -1: D:/TulasiHotels/test/models/customer_model_test.dart: CustomerModel should detect overdue customer                                                                                      
00:23 +434 -1: D:/TulasiHotels/test/models/customer_model_test.dart: CustomerModel should serialize to Firestore correctly                                                                             
00:23 +435 -1: D:/TulasiHotels/test/models/customer_model_test.dart: CustomerModel should serialize to Firestore correctly                                                                             
00:23 +435 -1: D:/TulasiHotels/test/models/customer_model_test.dart: TransactionModel should create transaction with required fields                                                                   
00:23 +436 -1: D:/TulasiHotels/test/models/customer_model_test.dart: TransactionModel should create transaction with required fields                                                                   
00:23 +436 -1: D:/TulasiHotels/test/models/customer_model_test.dart: TransactionModel should calculate signed amount correctly                                                                         
00:23 +437 -1: D:/TulasiHotels/test/models/customer_model_test.dart: TransactionModel should calculate signed amount correctly                                                                         
00:23 +437 -1: D:/TulasiHotels/test/models/customer_model_test.dart: TransactionModel should serialize to Firestore correctly                                                                          
00:23 +438 -1: D:/TulasiHotels/test/models/customer_model_test.dart: TransactionModel should serialize to Firestore correctly                                                                          
00:23 +438 -1: D:/TulasiHotels/test/models/customer_model_test.dart: TransactionType should have correct display names                                                                                 
00:23 +439 -1: D:/TulasiHotels/test/models/customer_model_test.dart: TransactionType should have correct display names                                                                                 
00:23 +439 -1: D:/TulasiHotels/test/models/customer_model_test.dart: TransactionType should parse from string correctly                                                                                
00:23 +440 -1: D:/TulasiHotels/test/models/customer_model_test.dart: TransactionType should parse from string correctly                                                                                
00:23 +440 -1: loading D:/TulasiHotels/test/models/expense_model_test.dart                                                                                                                             
00:23 +440 -1: D:/TulasiHotels/test/models/expense_model_test.dart: ExpenseCategory should have correct display names                                                                                  
00:23 +441 -1: D:/TulasiHotels/test/models/expense_model_test.dart: ExpenseCategory should have correct display names                                                                                  
00:23 +441 -1: D:/TulasiHotels/test/models/expense_model_test.dart: ExpenseCategory should have correct emojis                                                                                         
00:23 +441 -2: D:/TulasiHotels/test/models/expense_model_test.dart: ExpenseCategory should have correct emojis [E]                                                                                     
  Expected: '├░┼╕┬Å┬á'
    Actual: '≡ƒÅá'
     Which: is different.
            Expected: ├░┼╕┬Å┬á
              Actual: ≡ƒÅá
                      ^
             Differ at offset 0
  
  package:matcher                                     expect
  package:flutter_test/src/widget_tester.dart 473:18  expect
  test\models\expense_model_test.dart 18:7            main.<fn>.<fn>
  

To run this test again: C:\Tools\flutter\bin\cache\dart-sdk\bin\dart.exe test D:/TulasiHotels/test/models/expense_model_test.dart -p vm --plain-name "ExpenseCategory should have correct emojis"

00:23 +441 -2: D:/TulasiHotels/test/models/expense_model_test.dart: ExpenseCategory should parse from string correctly                                                                                 
00:23 +442 -2: D:/TulasiHotels/test/models/expense_model_test.dart: ExpenseCategory should parse from string correctly                                                                                 
00:23 +442 -2: D:/TulasiHotels/test/models/expense_model_test.dart: ExpenseCategory should default to other for unknown values                                                                         
00:23 +443 -2: D:/TulasiHotels/test/models/expense_model_test.dart: ExpenseCategory should default to other for unknown values                                                                         
00:23 +443 -2: D:/TulasiHotels/test/models/expense_model_test.dart: ExpenseModel should create expense with required fields                                                                            
00:23 +444 -2: D:/TulasiHotels/test/models/expense_model_test.dart: ExpenseModel should create expense with required fields                                                                            
00:23 +444 -2: D:/TulasiHotels/test/models/expense_model_test.dart: ExpenseModel should create expense with optional description                                                                       
00:23 +445 -2: D:/TulasiHotels/test/models/expense_model_test.dart: ExpenseModel should create expense with optional description                                                                       
00:23 +445 -2: D:/TulasiHotels/test/models/expense_model_test.dart: ExpenseModel should serialize to map correctly                                                                                     
00:23 +446 -2: D:/TulasiHotels/test/models/expense_model_test.dart: ExpenseModel should serialize to map correctly                                                                                     
00:23 +446 -2: D:/TulasiHotels/test/models/expense_model_test.dart: ExpenseModel should deserialize from map correctly                                                                                 
00:23 +447 -2: D:/TulasiHotels/test/models/expense_model_test.dart: ExpenseModel should deserialize from map correctly                                                                                 
00:23 +447 -2: D:/TulasiHotels/test/models/expense_model_test.dart: ExpenseModel should handle missing/null fields in fromMap                                                                          
00:23 +448 -2: D:/TulasiHotels/test/models/expense_model_test.dart: ExpenseModel should handle missing/null fields in fromMap                                                                          
00:23 +448 -2: D:/TulasiHotels/test/models/expense_model_test.dart: ExpenseModel should handle wrong types in fromMap gracefully                                                                       
00:23 +449 -2: D:/TulasiHotels/test/models/expense_model_test.dart: ExpenseModel should handle wrong types in fromMap gracefully                                                                       
00:23 +449 -2: D:/TulasiHotels/test/models/expense_model_test.dart: ExpenseModel should serialize to Firestore format correctly                                                                        
00:23 +450 -2: D:/TulasiHotels/test/models/expense_model_test.dart: ExpenseModel should serialize to Firestore format correctly                                                                        
00:23 +450 -2: D:/TulasiHotels/test/models/expense_model_test.dart: ExpenseModel should round-trip through toMap/fromMap                                                                               
00:23 +451 -2: D:/TulasiHotels/test/models/expense_model_test.dart: ExpenseModel should round-trip through toMap/fromMap                                                                               
00:23 +451 -2: loading D:/TulasiHotels/test/models/notification_model_test.dart                                                                                                                        
00:23 +451 -2: D:/TulasiHotels/test/models/notification_model_test.dart: NotificationModel creation with required fields                                                                               
00:24 +451 -2: D:/TulasiHotels/test/models/notification_model_test.dart: NotificationModel creation with required fields                                                                               
00:24 +452 -2: D:/TulasiHotels/test/models/notification_model_test.dart: NotificationModel creation with required fields                                                                               
00:24 +452 -2: D:/TulasiHotels/test/models/notification_model_test.dart: NotificationModel copyWith marks as read                                                                                      
00:24 +453 -2: D:/TulasiHotels/test/models/notification_model_test.dart: NotificationModel copyWith marks as read                                                                                      
00:24 +453 -2: D:/TulasiHotels/test/models/notification_model_test.dart: NotificationModel copyWith with no args preserves values                                                                      
00:24 +454 -2: D:/TulasiHotels/test/models/notification_model_test.dart: NotificationModel copyWith with no args preserves values                                                                      
00:24 +454 -2: D:/TulasiHotels/test/models/notification_model_test.dart: NotificationModel data defaults to null                                                                                       
00:24 +455 -2: D:/TulasiHotels/test/models/notification_model_test.dart: NotificationModel data defaults to null                                                                                       
00:24 +455 -2: D:/TulasiHotels/test/models/notification_model_test.dart: NotificationModel targetUserId defaults to null                                                                               
00:24 +456 -2: D:/TulasiHotels/test/models/notification_model_test.dart: NotificationModel targetUserId defaults to null                                                                               
00:24 +456 -2: D:/TulasiHotels/test/models/notification_model_test.dart: NotificationModel creation with optional fields                                                                               
00:24 +457 -2: D:/TulasiHotels/test/models/notification_model_test.dart: NotificationModel creation with optional fields                                                                               
00:24 +457 -2: D:/TulasiHotels/test/models/notification_model_test.dart: NotificationType has all expected values                                                                                      
00:24 +458 -2: D:/TulasiHotels/test/models/notification_model_test.dart: NotificationType has all expected values                                                                                      
00:24 +458 -2: D:/TulasiHotels/test/models/notification_model_test.dart: NotificationType has exactly 4 values                                                                                         
00:24 +459 -2: D:/TulasiHotels/test/models/notification_model_test.dart: NotificationType has exactly 4 values                                                                                         
00:24 +459 -2: D:/TulasiHotels/test/models/notification_model_test.dart: NotificationTargetType has all expected values                                                                                
00:24 +460 -2: D:/TulasiHotels/test/models/notification_model_test.dart: NotificationTargetType has all expected values                                                                                
00:24 +460 -2: D:/TulasiHotels/test/models/notification_model_test.dart: NotificationTargetType has exactly 3 values                                                                                   
00:24 +461 -2: D:/TulasiHotels/test/models/notification_model_test.dart: NotificationTargetType has exactly 3 values                                                                                   
00:24 +461 -2: loading D:/TulasiHotels/test/models/product_customer_extended_test.dart                                                                                                                 
00:24 +461 -2: D:/TulasiHotels/test/models/product_customer_extended_test.dart: ProductUnit fromString parses name correctly                                                                           
00:24 +462 -2: D:/TulasiHotels/test/models/product_customer_extended_test.dart: ProductUnit fromString parses name correctly                                                                           
00:24 +462 -2: D:/TulasiHotels/test/models/product_customer_extended_test.dart: ProductUnit fromString falls back to unknown for invalid value                                                         
00:24 +463 -2: D:/TulasiHotels/test/models/product_customer_extended_test.dart: ProductUnit fromString falls back to unknown for invalid value                                                         
00:24 +463 -2: D:/TulasiHotels/test/models/product_customer_extended_test.dart: ProductUnit all units have displayName and shortName                                                                   
00:24 +464 -2: D:/TulasiHotels/test/models/product_customer_extended_test.dart: ProductUnit all units have displayName and shortName                                                                   
00:24 +464 -2: D:/TulasiHotels/test/models/product_customer_extended_test.dart: ProductUnit fromString can match by shortName                                                                          
00:24 +465 -2: D:/TulasiHotels/test/models/product_customer_extended_test.dart: ProductUnit fromString can match by shortName                                                                          
00:24 +465 -2: D:/TulasiHotels/test/models/product_customer_extended_test.dart: ProductModel computed properties isLowStock is true when stock <= lowStockAlert                                        
00:24 +466 -2: D:/TulasiHotels/test/models/product_customer_extended_test.dart: ProductModel computed properties isLowStock is true when stock <= lowStockAlert                                        
00:24 +466 -2: D:/TulasiHotels/test/models/product_customer_extended_test.dart: ProductModel computed properties isLowStock is true when stock == lowStockAlert                                        
00:24 +467 -2: D:/TulasiHotels/test/models/product_customer_extended_test.dart: ProductModel computed properties isLowStock is true when stock == lowStockAlert                                        
00:24 +467 -2: D:/TulasiHotels/test/models/product_customer_extended_test.dart: ProductModel computed properties isLowStock is false when stock > lowStockAlert                                        
00:24 +468 -2: D:/TulasiHotels/test/models/product_customer_extended_test.dart: ProductModel computed properties isLowStock is false when stock > lowStockAlert                                        
00:24 +468 -2: D:/TulasiHotels/test/models/product_customer_extended_test.dart: ProductModel computed properties isLowStock is false when lowStockAlert is null                                        
00:24 +469 -2: D:/TulasiHotels/test/models/product_customer_extended_test.dart: ProductModel computed properties isLowStock is false when lowStockAlert is null                                        
00:24 +469 -2: D:/TulasiHotels/test/models/product_customer_extended_test.dart: ProductModel computed properties isOutOfStock is true when stock is 0                                                  
00:24 +470 -2: D:/TulasiHotels/test/models/product_customer_extended_test.dart: ProductModel computed properties isOutOfStock is true when stock is 0                                                  
00:24 +470 -2: D:/TulasiHotels/test/models/product_customer_extended_test.dart: ProductModel computed properties isOutOfStock is true when stock is negative                                           
00:24 +471 -2: D:/TulasiHotels/test/models/product_customer_extended_test.dart: ProductModel computed properties isOutOfStock is true when stock is negative                                           
00:24 +471 -2: D:/TulasiHotels/test/models/product_customer_extended_test.dart: ProductModel computed properties isOutOfStock is false when stock > 0                                                  
00:24 +472 -2: D:/TulasiHotels/test/models/product_customer_extended_test.dart: ProductModel computed properties isOutOfStock is false when stock > 0                                                  
00:24 +472 -2: D:/TulasiHotels/test/models/product_customer_extended_test.dart: ProductModel computed properties profit calculates correctly                                                           
00:24 +473 -2: D:/TulasiHotels/test/models/product_customer_extended_test.dart: ProductModel computed properties profit calculates correctly                                                           
00:24 +473 -2: D:/TulasiHotels/test/models/product_customer_extended_test.dart: ProductModel computed properties profit is null when purchasePrice is null                                             
00:24 +474 -2: D:/TulasiHotels/test/models/product_customer_extended_test.dart: ProductModel computed properties profit is null when purchasePrice is null                                             
00:24 +474 -2: D:/TulasiHotels/test/models/product_customer_extended_test.dart: ProductModel computed properties profit can be negative (selling at loss)                                              
00:24 +475 -2: D:/TulasiHotels/test/models/product_customer_extended_test.dart: ProductModel computed properties profit can be negative (selling at loss)                                              
00:24 +475 -2: D:/TulasiHotels/test/models/product_customer_extended_test.dart: ProductModel computed properties profitPercentage calculates correctly                                                 
00:24 +476 -2: D:/TulasiHotels/test/models/product_customer_extended_test.dart: ProductModel computed properties profitPercentage calculates correctly                                                 
00:24 +476 -2: D:/TulasiHotels/test/models/product_customer_extended_test.dart: ProductModel computed properties profitPercentage is null when no purchasePrice                                        
00:24 +477 -2: D:/TulasiHotels/test/models/product_customer_extended_test.dart: ProductModel computed properties profitPercentage is null when no purchasePrice                                        
00:24 +477 -2: D:/TulasiHotels/test/models/product_customer_extended_test.dart: ProductModel computed properties profitPercentage is null when purchasePrice is 0                                      
00:24 +478 -2: D:/TulasiHotels/test/models/product_customer_extended_test.dart: ProductModel computed properties profitPercentage is null when purchasePrice is 0                                      
00:24 +478 -2: D:/TulasiHotels/test/models/product_customer_extended_test.dart: ProductModel copyWith sentinel pattern preserves nullable fields when not specified                                    
00:24 +479 -2: D:/TulasiHotels/test/models/product_customer_extended_test.dart: ProductModel copyWith sentinel pattern preserves nullable fields when not specified                                    
00:24 +479 -2: D:/TulasiHotels/test/models/product_customer_extended_test.dart: ProductModel copyWith sentinel pattern can clear nullable field to null                                                
00:24 +480 -2: D:/TulasiHotels/test/models/product_customer_extended_test.dart: ProductModel copyWith sentinel pattern can clear nullable field to null                                                
00:24 +480 -2: D:/TulasiHotels/test/models/product_customer_extended_test.dart: ProductModel copyWith sentinel pattern can set nullable field from null to value                                       
00:24 +481 -2: D:/TulasiHotels/test/models/product_customer_extended_test.dart: ProductModel copyWith sentinel pattern can set nullable field from null to value                                       
00:24 +481 -2: D:/TulasiHotels/test/models/product_customer_extended_test.dart: ProductModel copyWith sentinel pattern preserves id and createdAt                                                      
00:24 +482 -2: D:/TulasiHotels/test/models/product_customer_extended_test.dart: ProductModel copyWith sentinel pattern preserves id and createdAt                                                      
00:24 +482 -2: D:/TulasiHotels/test/models/product_customer_extended_test.dart: ProductModel copyWith sentinel pattern sets updatedAt on copyWith                                                      
00:24 +483 -2: D:/TulasiHotels/test/models/product_customer_extended_test.dart: ProductModel copyWith sentinel pattern sets updatedAt on copyWith                                                      
00:24 +483 -2: D:/TulasiHotels/test/models/product_customer_extended_test.dart: CustomerModel hasDue is true when balance > 0                                                                          
00:24 +484 -2: D:/TulasiHotels/test/models/product_customer_extended_test.dart: CustomerModel hasDue is true when balance > 0                                                                          
00:24 +484 -2: D:/TulasiHotels/test/models/product_customer_extended_test.dart: CustomerModel hasDue is false when balance is 0                                                                        
00:24 +485 -2: D:/TulasiHotels/test/models/product_customer_extended_test.dart: CustomerModel hasDue is false when balance is 0                                                                        
00:24 +485 -2: D:/TulasiHotels/test/models/product_customer_extended_test.dart: CustomerModel hasDue is false when balance is negative                                                                 
00:24 +486 -2: D:/TulasiHotels/test/models/product_customer_extended_test.dart: CustomerModel hasDue is false when balance is negative                                                                 
00:24 +486 -2: D:/TulasiHotels/test/models/product_customer_extended_test.dart: CustomerModel daysSinceLastTransaction is null when no transaction                                                     
00:24 +487 -2: D:/TulasiHotels/test/models/product_customer_extended_test.dart: CustomerModel daysSinceLastTransaction is null when no transaction                                                     
00:24 +487 -2: D:/TulasiHotels/test/models/product_customer_extended_test.dart: CustomerModel daysSinceLastTransaction calculates correctly                                                            
00:24 +488 -2: D:/TulasiHotels/test/models/product_customer_extended_test.dart: CustomerModel daysSinceLastTransaction calculates correctly                                                            
00:24 +488 -2: D:/TulasiHotels/test/models/product_customer_extended_test.dart: CustomerModel daysSinceLastTransaction is 0 for today                                                                  
00:24 +489 -2: D:/TulasiHotels/test/models/product_customer_extended_test.dart: CustomerModel daysSinceLastTransaction is 0 for today                                                                  
00:24 +489 -2: D:/TulasiHotels/test/models/product_customer_extended_test.dart: CustomerModel isOverdue uses 30-day default threshold                                                                  
00:24 +490 -2: D:/TulasiHotels/test/models/product_customer_extended_test.dart: CustomerModel isOverdue uses 30-day default threshold                                                                  
00:24 +490 -2: D:/TulasiHotels/test/models/product_customer_extended_test.dart: CustomerModel isOverdueAfter uses custom threshold                                                                     
00:24 +491 -2: D:/TulasiHotels/test/models/product_customer_extended_test.dart: CustomerModel isOverdueAfter uses custom threshold                                                                     
00:24 +491 -2: D:/TulasiHotels/test/models/product_customer_extended_test.dart: CustomerModel isOverdueAfter returns false when no last transaction                                                    
00:24 +492 -2: D:/TulasiHotels/test/models/product_customer_extended_test.dart: CustomerModel isOverdueAfter returns false when no last transaction                                                    
00:24 +492 -2: D:/TulasiHotels/test/models/product_customer_extended_test.dart: CustomerModel defaultOverdueDays constant is 30                                                                        
00:24 +493 -2: D:/TulasiHotels/test/models/product_customer_extended_test.dart: CustomerModel defaultOverdueDays constant is 30                                                                        
00:24 +493 -2: D:/TulasiHotels/test/models/product_customer_extended_test.dart: CustomerModel copyWith preserves id and createdAt                                                                      
00:24 +494 -2: D:/TulasiHotels/test/models/product_customer_extended_test.dart: CustomerModel copyWith preserves id and createdAt                                                                      
00:24 +494 -2: D:/TulasiHotels/test/models/product_customer_extended_test.dart: CustomerModel copyWith sets updatedAt                                                                                  
00:24 +495 -2: D:/TulasiHotels/test/models/product_customer_extended_test.dart: CustomerModel copyWith sets updatedAt                                                                                  
00:24 +495 -2: D:/TulasiHotels/test/models/product_customer_extended_test.dart: CustomerModel copyWith updates balance                                                                                 
00:24 +496 -2: D:/TulasiHotels/test/models/product_customer_extended_test.dart: CustomerModel copyWith updates balance                                                                                 
00:24 +496 -2: D:/TulasiHotels/test/models/product_customer_extended_test.dart: Scale: product catalog 100 products can be created and checked                                                         
00:24 +497 -2: D:/TulasiHotels/test/models/product_customer_extended_test.dart: Scale: product catalog 100 products can be created and checked                                                         
00:24 +497 -2: D:/TulasiHotels/test/models/product_customer_extended_test.dart: Scale: customer khata overdue customers can be filtered                                                                
00:24 +498 -2: D:/TulasiHotels/test/models/product_customer_extended_test.dart: Scale: customer khata overdue customers can be filtered                                                                
00:25 +498 -2: D:/TulasiHotels/test/models/product_customer_extended_test.dart: Scale: customer khata overdue customers can be filtered                                                                
00:25 +498 -2: loading D:/TulasiHotels/test/models/product_model_extended_test.dart                                                                                                                    
00:25 +498 -2: D:/TulasiHotels/test/models/product_model_extended_test.dart: ProductUnit.fromString matches by name                                                                                    
00:25 +499 -2: D:/TulasiHotels/test/models/product_model_extended_test.dart: ProductUnit.fromString matches by name                                                                                    
00:25 +499 -2: D:/TulasiHotels/test/models/product_model_extended_test.dart: ProductUnit.fromString matches by shortName                                                                               
00:25 +500 -2: D:/TulasiHotels/test/models/product_model_extended_test.dart: ProductUnit.fromString matches by shortName                                                                               
00:25 +500 -2: D:/TulasiHotels/test/models/product_model_extended_test.dart: ProductUnit.fromString falls back to unknown for invalid                                                                  
00:25 +501 -2: D:/TulasiHotels/test/models/product_model_extended_test.dart: ProductUnit.fromString falls back to unknown for invalid                                                                  
00:25 +501 -2: D:/TulasiHotels/test/models/product_model_extended_test.dart: ProductUnit.fromString all units have non-empty displayName and shortName                                                 
00:25 +502 -2: D:/TulasiHotels/test/models/product_model_extended_test.dart: ProductUnit.fromString all units have non-empty displayName and shortName                                                 
00:25 +502 -2: D:/TulasiHotels/test/models/product_model_extended_test.dart: ProductModel.profitPercentage null when no purchase price                                                                 
00:25 +503 -2: D:/TulasiHotels/test/models/product_model_extended_test.dart: ProductModel.profitPercentage null when no purchase price                                                                 
00:25 +503 -2: D:/TulasiHotels/test/models/product_model_extended_test.dart: ProductModel.profitPercentage null when purchase price is zero                                                            
00:25 +504 -2: D:/TulasiHotels/test/models/product_model_extended_test.dart: ProductModel.profitPercentage null when purchase price is zero                                                            
00:25 +504 -2: D:/TulasiHotels/test/models/product_model_extended_test.dart: ProductModel.profitPercentage correct for typical margin                                                                  
00:25 +505 -2: D:/TulasiHotels/test/models/product_model_extended_test.dart: ProductModel.profitPercentage correct for typical margin                                                                  
00:25 +505 -2: D:/TulasiHotels/test/models/product_model_extended_test.dart: ProductModel.profitPercentage negative for loss                                                                           
00:25 +506 -2: D:/TulasiHotels/test/models/product_model_extended_test.dart: ProductModel.profitPercentage negative for loss                                                                           
00:25 +506 -2: D:/TulasiHotels/test/models/product_model_extended_test.dart: ProductModel.profitPercentage zero for break-even                                                                         
00:25 +507 -2: D:/TulasiHotels/test/models/product_model_extended_test.dart: ProductModel.profitPercentage zero for break-even                                                                         
00:25 +507 -2: D:/TulasiHotels/test/models/product_model_extended_test.dart: ProductModel.profitPercentage high margin                                                                                 
00:25 +508 -2: D:/TulasiHotels/test/models/product_model_extended_test.dart: ProductModel.profitPercentage high margin                                                                                 
00:25 +508 -2: D:/TulasiHotels/test/models/product_model_extended_test.dart: ProductModel.isLowStock false when lowStockAlert is null                                                                  
00:25 +509 -2: D:/TulasiHotels/test/models/product_model_extended_test.dart: ProductModel.isLowStock false when lowStockAlert is null                                                                  
00:25 +509 -2: D:/TulasiHotels/test/models/product_model_extended_test.dart: ProductModel.isLowStock true when stock equals alert                                                                      
00:25 +510 -2: D:/TulasiHotels/test/models/product_model_extended_test.dart: ProductModel.isLowStock true when stock equals alert                                                                      
00:25 +510 -2: D:/TulasiHotels/test/models/product_model_extended_test.dart: ProductModel.isLowStock true when stock below alert                                                                       
00:25 +511 -2: D:/TulasiHotels/test/models/product_model_extended_test.dart: ProductModel.isLowStock true when stock below alert                                                                       
00:25 +511 -2: D:/TulasiHotels/test/models/product_model_extended_test.dart: ProductModel.isLowStock false when stock above alert                                                                      
00:25 +512 -2: D:/TulasiHotels/test/models/product_model_extended_test.dart: ProductModel.isLowStock false when stock above alert                                                                      
00:25 +512 -2: D:/TulasiHotels/test/models/product_model_extended_test.dart: ProductModel.isLowStock true when stock zero with any alert                                                               
00:25 +513 -2: D:/TulasiHotels/test/models/product_model_extended_test.dart: ProductModel.isLowStock true when stock zero with any alert                                                               
00:25 +513 -2: D:/TulasiHotels/test/models/product_model_extended_test.dart: ProductModel.isOutOfStock true for zero stock                                                                             
00:25 +514 -2: D:/TulasiHotels/test/models/product_model_extended_test.dart: ProductModel.isOutOfStock true for zero stock                                                                             
00:25 +514 -2: D:/TulasiHotels/test/models/product_model_extended_test.dart: ProductModel.isOutOfStock true for negative stock                                                                         
00:25 +515 -2: D:/TulasiHotels/test/models/product_model_extended_test.dart: ProductModel.isOutOfStock true for negative stock                                                                         
00:25 +515 -2: D:/TulasiHotels/test/models/product_model_extended_test.dart: ProductModel.isOutOfStock false for positive stock                                                                        
00:25 +516 -2: D:/TulasiHotels/test/models/product_model_extended_test.dart: ProductModel.isOutOfStock false for positive stock                                                                        
00:25 +516 -2: D:/TulasiHotels/test/models/product_model_extended_test.dart: ProductModel.copyWith preserves all fields when no args                                                                   
00:25 +517 -2: D:/TulasiHotels/test/models/product_model_extended_test.dart: ProductModel.copyWith preserves all fields when no args                                                                   
00:25 +517 -2: D:/TulasiHotels/test/models/product_model_extended_test.dart: ProductModel.copyWith overrides simple fields                                                                             
00:25 +518 -2: D:/TulasiHotels/test/models/product_model_extended_test.dart: ProductModel.copyWith overrides simple fields                                                                             
00:25 +518 -2: D:/TulasiHotels/test/models/product_model_extended_test.dart: ProductModel.copyWith can set nullable field to null (sentinel pattern)                                                   
00:25 +519 -2: D:/TulasiHotels/test/models/product_model_extended_test.dart: ProductModel.copyWith can set nullable field to null (sentinel pattern)                                                   
00:25 +519 -2: D:/TulasiHotels/test/models/product_model_extended_test.dart: ProductModel.copyWith can clear lowStockAlert via null                                                                    
00:25 +520 -2: D:/TulasiHotels/test/models/product_model_extended_test.dart: ProductModel.copyWith can clear lowStockAlert via null                                                                    
00:25 +520 -2: D:/TulasiHotels/test/models/product_model_extended_test.dart: ProductModel.copyWith can clear imageUrl via null                                                                         
00:25 +521 -2: D:/TulasiHotels/test/models/product_model_extended_test.dart: ProductModel.copyWith can clear imageUrl via null                                                                         
00:25 +521 -2: D:/TulasiHotels/test/models/product_model_extended_test.dart: ProductModel.copyWith updatedAt is set to now on copy                                                                     
00:25 +522 -2: D:/TulasiHotels/test/models/product_model_extended_test.dart: ProductModel.copyWith updatedAt is set to now on copy                                                                     
00:25 +522 -2: D:/TulasiHotels/test/models/product_model_extended_test.dart: ProductModel.copyWith preserves id and createdAt                                                                          
00:25 +523 -2: D:/TulasiHotels/test/models/product_model_extended_test.dart: ProductModel.copyWith preserves id and createdAt                                                                          
00:25 +523 -2: D:/TulasiHotels/test/models/product_model_extended_test.dart: ProductModel.copyWith unit can be changed                                                                                 
00:25 +524 -2: D:/TulasiHotels/test/models/product_model_extended_test.dart: ProductModel.copyWith unit can be changed                                                                                 
00:25 +524 -2: D:/TulasiHotels/test/models/product_model_extended_test.dart: ProductModel.profit null when no purchase price                                                                           
00:25 +525 -2: D:/TulasiHotels/test/models/product_model_extended_test.dart: ProductModel.profit null when no purchase price                                                                           
00:25 +525 -2: D:/TulasiHotels/test/models/product_model_extended_test.dart: ProductModel.profit positive for markup                                                                                   
00:25 +526 -2: D:/TulasiHotels/test/models/product_model_extended_test.dart: ProductModel.profit positive for markup                                                                                   
00:25 +526 -2: D:/TulasiHotels/test/models/product_model_extended_test.dart: ProductModel.profit negative for loss                                                                                     
00:25 +527 -2: D:/TulasiHotels/test/models/product_model_extended_test.dart: ProductModel.profit negative for loss                                                                                     
00:25 +527 -2: D:/TulasiHotels/test/models/product_model_extended_test.dart: ProductModel.profit zero for same price                                                                                   
00:25 +528 -2: D:/TulasiHotels/test/models/product_model_extended_test.dart: ProductModel.profit zero for same price                                                                                   
00:26 +528 -2: D:/TulasiHotels/test/models/product_model_extended_test.dart: ProductModel.profit zero for same price                                                                                   
00:26 +528 -2: loading D:/TulasiHotels/test/models/product_model_test.dart                                                                                                                             
00:26 +528 -2: D:/TulasiHotels/test/models/product_model_test.dart: ProductModel should create product with required fields                                                                            
00:26 +529 -2: D:/TulasiHotels/test/models/product_model_test.dart: ProductModel should create product with required fields                                                                            
00:26 +529 -2: D:/TulasiHotels/test/models/product_model_test.dart: ProductModel should calculate profit correctly                                                                                     
00:26 +530 -2: D:/TulasiHotels/test/models/product_model_test.dart: ProductModel should calculate profit correctly                                                                                     
00:26 +530 -2: D:/TulasiHotels/test/models/product_model_test.dart: ProductModel should return null profit when no purchase price                                                                      
00:26 +531 -2: D:/TulasiHotels/test/models/product_model_test.dart: ProductModel should return null profit when no purchase price                                                                      
00:26 +531 -2: D:/TulasiHotels/test/models/product_model_test.dart: ProductModel should detect low stock                                                                                               
00:26 +532 -2: D:/TulasiHotels/test/models/product_model_test.dart: ProductModel should detect low stock                                                                                               
00:26 +532 -2: D:/TulasiHotels/test/models/product_model_test.dart: ProductModel should detect out of stock                                                                                            
00:26 +533 -2: D:/TulasiHotels/test/models/product_model_test.dart: ProductModel should detect out of stock                                                                                            
00:26 +533 -2: D:/TulasiHotels/test/models/product_model_test.dart: ProductModel should serialize to Firestore correctly                                                                               
00:26 +534 -2: D:/TulasiHotels/test/models/product_model_test.dart: ProductModel should serialize to Firestore correctly                                                                               
00:26 +534 -2: D:/TulasiHotels/test/models/product_model_test.dart: ProductUnit should have correct display names                                                                                      
00:26 +535 -2: D:/TulasiHotels/test/models/product_model_test.dart: ProductUnit should have correct display names                                                                                      
00:26 +535 -2: D:/TulasiHotels/test/models/product_model_test.dart: ProductUnit should have correct short names                                                                                        
00:26 +536 -2: D:/TulasiHotels/test/models/product_model_test.dart: ProductUnit should have correct short names                                                                                        
00:26 +536 -2: loading D:/TulasiHotels/test/models/product_stock_profit_test.dart                                                                                                                      
00:26 +536 -2: D:/TulasiHotels/test/models/product_stock_profit_test.dart: ProductModel.isLowStock true when stock <= lowStockAlert                                                                    
00:26 +537 -2: D:/TulasiHotels/test/models/product_stock_profit_test.dart: ProductModel.isLowStock true when stock <= lowStockAlert                                                                    
00:26 +537 -2: D:/TulasiHotels/test/models/product_stock_profit_test.dart: ProductModel.isLowStock true when stock equals lowStockAlert                                                                
00:26 +538 -2: D:/TulasiHotels/test/models/product_stock_profit_test.dart: ProductModel.isLowStock true when stock equals lowStockAlert                                                                
00:26 +538 -2: D:/TulasiHotels/test/models/product_stock_profit_test.dart: ProductModel.isLowStock false when stock > lowStockAlert                                                                    
00:26 +539 -2: D:/TulasiHotels/test/models/product_stock_profit_test.dart: ProductModel.isLowStock false when stock > lowStockAlert                                                                    
00:26 +539 -2: D:/TulasiHotels/test/models/product_stock_profit_test.dart: ProductModel.isLowStock false when lowStockAlert is null                                                                    
00:26 +540 -2: D:/TulasiHotels/test/models/product_stock_profit_test.dart: ProductModel.isLowStock false when lowStockAlert is null                                                                    
00:26 +540 -2: D:/TulasiHotels/test/models/product_stock_profit_test.dart: ProductModel.isOutOfStock true when stock is 0                                                                              
00:26 +541 -2: D:/TulasiHotels/test/models/product_stock_profit_test.dart: ProductModel.isOutOfStock true when stock is 0                                                                              
00:26 +541 -2: D:/TulasiHotels/test/models/product_stock_profit_test.dart: ProductModel.isOutOfStock true when stock is negative                                                                       
00:26 +542 -2: D:/TulasiHotels/test/models/product_stock_profit_test.dart: ProductModel.isOutOfStock true when stock is negative                                                                       
00:26 +542 -2: D:/TulasiHotels/test/models/product_stock_profit_test.dart: ProductModel.isOutOfStock false when stock > 0                                                                              
00:26 +543 -2: D:/TulasiHotels/test/models/product_stock_profit_test.dart: ProductModel.isOutOfStock false when stock > 0                                                                              
00:26 +543 -2: D:/TulasiHotels/test/models/product_stock_profit_test.dart: ProductModel.profit calculates profit per unit                                                                              
00:26 +544 -2: D:/TulasiHotels/test/models/product_stock_profit_test.dart: ProductModel.profit calculates profit per unit                                                                              
00:26 +544 -2: D:/TulasiHotels/test/models/product_stock_profit_test.dart: ProductModel.profit returns null when purchasePrice is null                                                                 
00:26 +545 -2: D:/TulasiHotels/test/models/product_stock_profit_test.dart: ProductModel.profit returns null when purchasePrice is null                                                                 
00:26 +545 -2: D:/TulasiHotels/test/models/product_stock_profit_test.dart: ProductModel.profit handles negative profit (loss)                                                                          
00:26 +546 -2: D:/TulasiHotels/test/models/product_stock_profit_test.dart: ProductModel.profit handles negative profit (loss)                                                                          
00:26 +546 -2: D:/TulasiHotels/test/models/product_stock_profit_test.dart: ProductModel.profitPercentage calculates correct percentage                                                                 
00:26 +547 -2: D:/TulasiHotels/test/models/product_stock_profit_test.dart: ProductModel.profitPercentage calculates correct percentage                                                                 
00:26 +547 -2: D:/TulasiHotels/test/models/product_stock_profit_test.dart: ProductModel.profitPercentage returns null when purchasePrice is null                                                       
00:26 +548 -2: D:/TulasiHotels/test/models/product_stock_profit_test.dart: ProductModel.profitPercentage returns null when purchasePrice is null                                                       
00:26 +548 -2: D:/TulasiHotels/test/models/product_stock_profit_test.dart: ProductModel.profitPercentage returns null when purchasePrice is 0                                                          
00:26 +549 -2: D:/TulasiHotels/test/models/product_stock_profit_test.dart: ProductModel.profitPercentage returns null when purchasePrice is 0                                                          
00:26 +549 -2: D:/TulasiHotels/test/models/product_stock_profit_test.dart: ProductModel.profitPercentage 100% profit when price is double the purchase                                                 
00:26 +550 -2: D:/TulasiHotels/test/models/product_stock_profit_test.dart: ProductModel.profitPercentage 100% profit when price is double the purchase                                                 
00:27 +550 -2: D:/TulasiHotels/test/models/product_stock_profit_test.dart: ProductModel.profitPercentage 100% profit when price is double the purchase                                                 
00:27 +550 -2: loading D:/TulasiHotels/test/models/reports_model_test.dart                                                                                                                             
00:27 +550 -2: D:/TulasiHotels/test/models/reports_model_test.dart: SalesSummary profit = totalSales - totalExpenses                                                                                   
00:27 +551 -2: D:/TulasiHotels/test/models/reports_model_test.dart: SalesSummary profit = totalSales - totalExpenses                                                                                   
00:27 +551 -2: D:/TulasiHotels/test/models/reports_model_test.dart: SalesSummary profit is totalSales when no expenses                                                                                 
00:27 +552 -2: D:/TulasiHotels/test/models/reports_model_test.dart: SalesSummary profit is totalSales when no expenses                                                                                 
00:27 +552 -2: D:/TulasiHotels/test/models/reports_model_test.dart: SalesSummary cashPercentage calculates correctly                                                                                   
00:27 +553 -2: D:/TulasiHotels/test/models/reports_model_test.dart: SalesSummary cashPercentage calculates correctly                                                                                   
00:27 +553 -2: D:/TulasiHotels/test/models/reports_model_test.dart: SalesSummary percentages sum to ~100 when all accounted                                                                            
00:27 +554 -2: D:/TulasiHotels/test/models/reports_model_test.dart: SalesSummary percentages sum to ~100 when all accounted                                                                            
00:27 +554 -2: D:/TulasiHotels/test/models/reports_model_test.dart: SalesSummary percentages are 0 when totalSales is 0                                                                                
00:27 +555 -2: D:/TulasiHotels/test/models/reports_model_test.dart: SalesSummary percentages are 0 when totalSales is 0                                                                                
00:27 +555 -2: D:/TulasiHotels/test/models/reports_model_test.dart: SalesSummary empty() creates zeroed summary                                                                                        
00:27 +556 -2: D:/TulasiHotels/test/models/reports_model_test.dart: SalesSummary empty() creates zeroed summary                                                                                        
00:27 +556 -2: D:/TulasiHotels/test/models/reports_model_test.dart: ProductSale creates correctly                                                                                                      
00:27 +557 -2: D:/TulasiHotels/test/models/reports_model_test.dart: ProductSale creates correctly                                                                                                      
00:27 +557 -2: D:/TulasiHotels/test/models/reports_model_test.dart: DateRange today() starts at midnight and ends at 23:59:59                                                                          
00:27 +558 -2: D:/TulasiHotels/test/models/reports_model_test.dart: DateRange today() starts at midnight and ends at 23:59:59                                                                          
00:27 +558 -2: D:/TulasiHotels/test/models/reports_model_test.dart: DateRange today() start and end are same calendar day                                                                              
00:27 +559 -2: D:/TulasiHotels/test/models/reports_model_test.dart: DateRange today() start and end are same calendar day                                                                              
00:27 +559 -2: D:/TulasiHotels/test/models/reports_model_test.dart: DateRange thisWeek() spans 7 days                                                                                                  
00:27 +560 -2: D:/TulasiHotels/test/models/reports_model_test.dart: DateRange thisWeek() spans 7 days                                                                                                  
00:27 +560 -2: D:/TulasiHotels/test/models/reports_model_test.dart: DateRange thisWeek() starts on Monday                                                                                              
00:27 +561 -2: D:/TulasiHotels/test/models/reports_model_test.dart: DateRange thisWeek() starts on Monday                                                                                              
00:27 +561 -2: D:/TulasiHotels/test/models/reports_model_test.dart: DateRange thisMonth() starts on day 1                                                                                              
00:27 +562 -2: D:/TulasiHotels/test/models/reports_model_test.dart: DateRange thisMonth() starts on day 1                                                                                              
00:27 +562 -2: D:/TulasiHotels/test/models/reports_model_test.dart: DateRange thisMonth() ends on last day of month                                                                                    
00:27 +563 -2: D:/TulasiHotels/test/models/reports_model_test.dart: DateRange thisMonth() ends on last day of month                                                                                    
00:27 +563 -2: D:/TulasiHotels/test/models/reports_model_test.dart: DateRange custom() normalizes to day boundaries                                                                                    
00:27 +564 -2: D:/TulasiHotels/test/models/reports_model_test.dart: DateRange custom() normalizes to day boundaries                                                                                    
00:27 +564 -2: D:/TulasiHotels/test/models/reports_model_test.dart: DateRange startStr and endStr format correctly                                                                                     
00:27 +565 -2: D:/TulasiHotels/test/models/reports_model_test.dart: DateRange startStr and endStr format correctly                                                                                     
00:27 +565 -2: D:/TulasiHotels/test/models/reports_model_test.dart: DateRange startStr pads single-digit month/day                                                                                     
00:27 +566 -2: D:/TulasiHotels/test/models/reports_model_test.dart: DateRange startStr pads single-digit month/day                                                                                     
00:27 +566 -2: D:/TulasiHotels/test/models/reports_model_test.dart: ReportPeriod all periods have display names                                                                                        
00:27 +567 -2: D:/TulasiHotels/test/models/reports_model_test.dart: ReportPeriod all periods have display names                                                                                        
00:27 +567 -2: D:/TulasiHotels/test/models/reports_model_test.dart: ReportPeriod today dateRange is today                                                                                              
00:27 +568 -2: D:/TulasiHotels/test/models/reports_model_test.dart: ReportPeriod today dateRange is today                                                                                              
00:27 +568 -2: D:/TulasiHotels/test/models/reports_model_test.dart: ReportPeriod today with offset -1 is yesterday                                                                                     
00:27 +569 -2: D:/TulasiHotels/test/models/reports_model_test.dart: ReportPeriod today with offset -1 is yesterday                                                                                     
00:27 +569 -2: D:/TulasiHotels/test/models/reports_model_test.dart: ReportPeriod today with offset +1 is tomorrow                                                                                      
00:27 +570 -2: D:/TulasiHotels/test/models/reports_model_test.dart: ReportPeriod today with offset +1 is tomorrow                                                                                      
00:27 +570 -2: D:/TulasiHotels/test/models/reports_model_test.dart: ReportPeriod week with offset -1 is previous week                                                                                  
00:27 +571 -2: D:/TulasiHotels/test/models/reports_model_test.dart: ReportPeriod week with offset -1 is previous week                                                                                  
00:27 +571 -2: D:/TulasiHotels/test/models/reports_model_test.dart: ReportPeriod month with offset -1 is previous month                                                                                
00:27 +572 -2: D:/TulasiHotels/test/models/reports_model_test.dart: ReportPeriod month with offset -1 is previous month                                                                                
00:27 +572 -2: D:/TulasiHotels/test/models/reports_model_test.dart: ReportPeriod month starts on day 1 for any offset                                                                                  
00:27 +573 -2: D:/TulasiHotels/test/models/reports_model_test.dart: ReportPeriod month starts on day 1 for any offset                                                                                  
00:27 +573 -2: D:/TulasiHotels/test/models/reports_model_test.dart: ReportPeriod custom returns today as fallback                                                                                      
00:27 +574 -2: D:/TulasiHotels/test/models/reports_model_test.dart: ReportPeriod custom returns today as fallback                                                                                      
00:27 +574 -2: D:/TulasiHotels/test/models/reports_model_test.dart: ReportPeriod backward compatible dateRange getter works                                                                            
00:27 +575 -2: D:/TulasiHotels/test/models/reports_model_test.dart: ReportPeriod backward compatible dateRange getter works                                                                            
00:27 +575 -2: D:/TulasiHotels/test/models/reports_model_test.dart: Scale: 10K subscriber report accuracy summary with 10K bills computes correctly                                                    
00:27 +576 -2: D:/TulasiHotels/test/models/reports_model_test.dart: Scale: 10K subscriber report accuracy summary with 10K bills computes correctly                                                    
00:27 +576 -2: D:/TulasiHotels/test/models/reports_model_test.dart: Scale: 10K subscriber report accuracy zero-bill summary edge case                                                                  
00:27 +577 -2: D:/TulasiHotels/test/models/reports_model_test.dart: Scale: 10K subscriber report accuracy zero-bill summary edge case                                                                  
00:27 +577 -2: loading D:/TulasiHotels/test/models/sales_summary_test.dart                                                                                                                             
00:27 +577 -2: D:/TulasiHotels/test/models/sales_summary_test.dart: CartItem edge cases should handle fromMap with missing fields gracefully                                                           
00:28 +577 -2: D:/TulasiHotels/test/models/sales_summary_test.dart: CartItem edge cases should handle fromMap with missing fields gracefully                                                           
00:28 +578 -2: D:/TulasiHotels/test/models/sales_summary_test.dart: CartItem edge cases should handle fromMap with missing fields gracefully                                                           
00:28 +578 -2: D:/TulasiHotels/test/models/sales_summary_test.dart: CartItem edge cases should handle fromMap with null values gracefully                                                              
00:28 +579 -2: D:/TulasiHotels/test/models/sales_summary_test.dart: CartItem edge cases should handle fromMap with null values gracefully                                                              
00:28 +579 -2: D:/TulasiHotels/test/models/sales_summary_test.dart: CartItem edge cases should handle int price in fromMap                                                                             
00:28 +580 -2: D:/TulasiHotels/test/models/sales_summary_test.dart: CartItem edge cases should handle int price in fromMap                                                                             
00:28 +580 -2: D:/TulasiHotels/test/models/sales_summary_test.dart: CartItem edge cases should compute total correctly for zero price                                                                  
00:28 +581 -2: D:/TulasiHotels/test/models/sales_summary_test.dart: CartItem edge cases should compute total correctly for zero price                                                                  
00:28 +581 -2: D:/TulasiHotels/test/models/sales_summary_test.dart: CartItem edge cases should round-trip through toMap/fromMap                                                                        
00:28 +582 -2: D:/TulasiHotels/test/models/sales_summary_test.dart: CartItem edge cases should round-trip through toMap/fromMap                                                                        
00:28 +582 -2: D:/TulasiHotels/test/models/sales_summary_test.dart: BillModel edge cases should handle empty items list                                                                                
00:28 +583 -2: D:/TulasiHotels/test/models/sales_summary_test.dart: BillModel edge cases should handle empty items list                                                                                
00:28 +583 -2: D:/TulasiHotels/test/models/sales_summary_test.dart: BillModel edge cases should handle negative change (underpayment)                                                                  
00:28 +584 -2: D:/TulasiHotels/test/models/sales_summary_test.dart: BillModel edge cases should handle negative change (underpayment)                                                                  
00:28 +584 -2: D:/TulasiHotels/test/models/sales_summary_test.dart: BillModel edge cases should handle exact payment (zero change)                                                                     
00:28 +585 -2: D:/TulasiHotels/test/models/sales_summary_test.dart: BillModel edge cases should handle exact payment (zero change)                                                                     
00:28 +585 -2: D:/TulasiHotels/test/models/sales_summary_test.dart: BillModel edge cases should serialize to map and back correctly                                                                    
00:28 +586 -2: D:/TulasiHotels/test/models/sales_summary_test.dart: BillModel edge cases should serialize to map and back correctly                                                                    
00:28 +586 -2: D:/TulasiHotels/test/models/sales_summary_test.dart: BillModel edge cases should handle unknown payment method in fromString                                                            
00:28 +587 -2: D:/TulasiHotels/test/models/sales_summary_test.dart: BillModel edge cases should handle unknown payment method in fromString                                                            
00:28 +587 -2: D:/TulasiHotels/test/models/sales_summary_test.dart: SalesSummary should calculate percentages correctly                                                                                
00:28 +588 -2: D:/TulasiHotels/test/models/sales_summary_test.dart: SalesSummary should calculate percentages correctly                                                                                
00:28 +588 -2: D:/TulasiHotels/test/models/sales_summary_test.dart: SalesSummary should return zero percentages when totalSales is zero                                                                
00:28 +589 -2: D:/TulasiHotels/test/models/sales_summary_test.dart: SalesSummary should return zero percentages when totalSales is zero                                                                
00:28 +589 -2: D:/TulasiHotels/test/models/sales_summary_test.dart: SalesSummary should calculate profit correctly                                                                                     
00:28 +590 -2: D:/TulasiHotels/test/models/sales_summary_test.dart: SalesSummary should calculate profit correctly                                                                                     
00:28 +590 -2: D:/TulasiHotels/test/models/sales_summary_test.dart: SalesSummary should handle negative profit (loss)                                                                                  
00:28 +591 -2: D:/TulasiHotels/test/models/sales_summary_test.dart: SalesSummary should handle negative profit (loss)                                                                                  
00:28 +591 -2: D:/TulasiHotels/test/models/sales_summary_test.dart: SalesSummary should have zero expenses by default                                                                                  
00:28 +592 -2: D:/TulasiHotels/test/models/sales_summary_test.dart: SalesSummary should have zero expenses by default                                                                                  
00:28 +592 -2: D:/TulasiHotels/test/models/sales_summary_test.dart: DateRange today should cover full day                                                                                              
00:28 +593 -2: D:/TulasiHotels/test/models/sales_summary_test.dart: DateRange today should cover full day                                                                                              
00:28 +593 -2: D:/TulasiHotels/test/models/sales_summary_test.dart: DateRange thisMonth should start on day 1                                                                                          
00:28 +594 -2: D:/TulasiHotels/test/models/sales_summary_test.dart: DateRange thisMonth should start on day 1                                                                                          
00:28 +594 -2: D:/TulasiHotels/test/models/sales_summary_test.dart: DateRange custom should accept arbitrary dates                                                                                     
00:28 +595 -2: D:/TulasiHotels/test/models/sales_summary_test.dart: DateRange custom should accept arbitrary dates                                                                                     
00:28 +595 -2: D:/TulasiHotels/test/models/sales_summary_test.dart: DateRange startStr and endStr should format correctly                                                                              
00:28 +596 -2: D:/TulasiHotels/test/models/sales_summary_test.dart: DateRange startStr and endStr should format correctly                                                                              
00:28 +596 -2: D:/TulasiHotels/test/models/sales_summary_test.dart: ReportPeriod should return correct date range for today                                                                            
00:28 +597 -2: D:/TulasiHotels/test/models/sales_summary_test.dart: ReportPeriod should return correct date range for today                                                                            
00:28 +597 -2: D:/TulasiHotels/test/models/sales_summary_test.dart: ReportPeriod should support offset for navigation                                                                                  
00:28 +598 -2: D:/TulasiHotels/test/models/sales_summary_test.dart: ReportPeriod should support offset for navigation                                                                                  
00:28 +598 -2: D:/TulasiHotels/test/models/sales_summary_test.dart: ReportPeriod custom period should return today as fallback                                                                         
00:28 +599 -2: D:/TulasiHotels/test/models/sales_summary_test.dart: ReportPeriod custom period should return today as fallback                                                                         
00:28 +599 -2: loading D:/TulasiHotels/test/models/subscription_test.dart                                                                                                                              
00:28 +599 -2: D:/TulasiHotels/test/models/subscription_test.dart: Subscription tier constants FREE tier limits are correct                                                                            
00:28 +600 -2: D:/TulasiHotels/test/models/subscription_test.dart: Subscription tier constants FREE tier limits are correct                                                                            
00:28 +600 -2: D:/TulasiHotels/test/models/subscription_test.dart: Subscription tier constants PRO tier limits are correct                                                                             
00:28 +601 -2: D:/TulasiHotels/test/models/subscription_test.dart: Subscription tier constants PRO tier limits are correct                                                                             
00:28 +601 -2: D:/TulasiHotels/test/models/subscription_test.dart: Subscription tier constants BUSINESS tier limits are correct                                                                        
00:28 +602 -2: D:/TulasiHotels/test/models/subscription_test.dart: Subscription tier constants BUSINESS tier limits are correct                                                                        
00:28 +602 -2: D:/TulasiHotels/test/models/subscription_test.dart: Subscription tier constants PRO price is correct                                                                                    
00:28 +603 -2: D:/TulasiHotels/test/models/subscription_test.dart: Subscription tier constants PRO price is correct                                                                                    
00:28 +603 -2: D:/TulasiHotels/test/models/subscription_test.dart: Subscription tier constants BUSINESS price is correct                                                                               
00:28 +604 -2: D:/TulasiHotels/test/models/subscription_test.dart: Subscription tier constants BUSINESS price is correct                                                                               
00:28 +604 -2: D:/TulasiHotels/test/models/subscription_test.dart: Subscription tier constants annual pricing has ~20% discount                                                                        
00:28 +605 -2: D:/TulasiHotels/test/models/subscription_test.dart: Subscription tier constants annual pricing has ~20% discount                                                                        
00:28 +605 -2: D:/TulasiHotels/test/models/subscription_test.dart: UserSubscription defaults to free active plan                                                                                       
00:28 +606 -2: D:/TulasiHotels/test/models/subscription_test.dart: UserSubscription defaults to free active plan                                                                                       
00:28 +606 -2: D:/TulasiHotels/test/models/subscription_test.dart: UserSubscription planDisplayName returns correct strings                                                                            
00:28 +607 -2: D:/TulasiHotels/test/models/subscription_test.dart: UserSubscription planDisplayName returns correct strings                                                                            
00:28 +607 -2: D:/TulasiHotels/test/models/subscription_test.dart: UserSubscription planPrice returns correct amounts                                                                                  
00:28 +608 -2: D:/TulasiHotels/test/models/subscription_test.dart: UserSubscription planPrice returns correct amounts                                                                                  
00:28 +608 -2: D:/TulasiHotels/test/models/subscription_test.dart: UserSubscription billsLimit returns correct per-plan limits                                                                         
00:28 +609 -2: D:/TulasiHotels/test/models/subscription_test.dart: UserSubscription billsLimit returns correct per-plan limits                                                                         
00:28 +609 -2: D:/TulasiHotels/test/models/subscription_test.dart: UserSubscription isActive is true for active and trial                                                                              
00:28 +610 -2: D:/TulasiHotels/test/models/subscription_test.dart: UserSubscription isActive is true for active and trial                                                                              
00:28 +610 -2: D:/TulasiHotels/test/models/subscription_test.dart: UserSubscription isActive is false for expired and cancelled                                                                        
00:28 +611 -2: D:/TulasiHotels/test/models/subscription_test.dart: UserSubscription isActive is false for expired and cancelled                                                                        
00:28 +611 -2: D:/TulasiHotels/test/models/subscription_test.dart: UserSubscription fromMap parses plan correctly                                                                                      
00:28 +612 -2: D:/TulasiHotels/test/models/subscription_test.dart: UserSubscription fromMap parses plan correctly                                                                                      
00:28 +612 -2: D:/TulasiHotels/test/models/subscription_test.dart: UserSubscription fromMap with null returns free defaults                                                                            
00:28 +613 -2: D:/TulasiHotels/test/models/subscription_test.dart: UserSubscription fromMap with null returns free defaults                                                                            
00:28 +613 -2: D:/TulasiHotels/test/models/subscription_test.dart: UserSubscription fromMap with invalid plan falls back to free                                                                       
00:28 +614 -2: D:/TulasiHotels/test/models/subscription_test.dart: UserSubscription fromMap with invalid plan falls back to free                                                                       
00:28 +614 -2: D:/TulasiHotels/test/models/subscription_test.dart: UserSubscription fromMap with invalid status falls back to active                                                                   
00:28 +615 -2: D:/TulasiHotels/test/models/subscription_test.dart: UserSubscription fromMap with invalid status falls back to active                                                                   
00:28 +615 -2: D:/TulasiHotels/test/models/subscription_test.dart: UserSubscription toMap round-trips correctly                                                                                        
00:28 +616 -2: D:/TulasiHotels/test/models/subscription_test.dart: UserSubscription toMap round-trips correctly                                                                                        
00:28 +616 -2: D:/TulasiHotels/test/models/subscription_test.dart: UserLimits defaults to free tier limits                                                                                             
00:28 +617 -2: D:/TulasiHotels/test/models/subscription_test.dart: UserLimits defaults to free tier limits                                                                                             
00:28 +617 -2: D:/TulasiHotels/test/models/subscription_test.dart: UserLimits usagePercentage calculates correctly                                                                                     
00:28 +618 -2: D:/TulasiHotels/test/models/subscription_test.dart: UserLimits usagePercentage calculates correctly                                                                                     
00:28 +618 -2: D:/TulasiHotels/test/models/subscription_test.dart: UserLimits usagePercentage clamps to 1.0 when over limit                                                                            
00:28 +619 -2: D:/TulasiHotels/test/models/subscription_test.dart: UserLimits usagePercentage clamps to 1.0 when over limit                                                                            
00:28 +619 -2: D:/TulasiHotels/test/models/subscription_test.dart: UserLimits usagePercentage is 0 when billsLimit is 0                                                                                
00:28 +620 -2: D:/TulasiHotels/test/models/subscription_test.dart: UserLimits usagePercentage is 0 when billsLimit is 0                                                                                
00:28 +620 -2: D:/TulasiHotels/test/models/subscription_test.dart: UserLimits isNearLimit is true when > 80%                                                                                           
00:28 +621 -2: D:/TulasiHotels/test/models/subscription_test.dart: UserLimits isNearLimit is true when > 80%                                                                                           
00:28 +621 -2: D:/TulasiHotels/test/models/subscription_test.dart: UserLimits isNearLimit is false when <= 80%                                                                                         
00:28 +622 -2: D:/TulasiHotels/test/models/subscription_test.dart: UserLimits isNearLimit is false when <= 80%                                                                                         
00:28 +622 -2: D:/TulasiHotels/test/models/subscription_test.dart: UserLimits isAtLimit is true when bills >= limit                                                                                    
00:28 +623 -2: D:/TulasiHotels/test/models/subscription_test.dart: UserLimits isAtLimit is true when bills >= limit                                                                                    
00:28 +623 -2: D:/TulasiHotels/test/models/subscription_test.dart: UserLimits isAtLimit is false when under limit                                                                                      
00:28 +624 -2: D:/TulasiHotels/test/models/subscription_test.dart: UserLimits isAtLimit is false when under limit                                                                                      
00:28 +624 -2: D:/TulasiHotels/test/models/subscription_test.dart: UserLimits fromMap parses correctly                                                                                                 
00:28 +625 -2: D:/TulasiHotels/test/models/subscription_test.dart: UserLimits fromMap parses correctly                                                                                                 
00:28 +625 -2: D:/TulasiHotels/test/models/subscription_test.dart: UserLimits fromMap with null returns defaults                                                                                       
00:28 +626 -2: D:/TulasiHotels/test/models/subscription_test.dart: UserLimits fromMap with null returns defaults                                                                                       
00:28 +626 -2: D:/TulasiHotels/test/models/subscription_test.dart: UserLimits boundary: exactly at 80% threshold                                                                                       
00:28 +627 -2: D:/TulasiHotels/test/models/subscription_test.dart: UserLimits boundary: exactly at 80% threshold                                                                                       
00:28 +627 -2: D:/TulasiHotels/test/models/subscription_test.dart: UserLimits boundary: 1 bill over limit                                                                                              
00:28 +628 -2: D:/TulasiHotels/test/models/subscription_test.dart: UserLimits boundary: 1 bill over limit                                                                                              
00:28 +628 -2: D:/TulasiHotels/test/models/subscription_test.dart: Plan transitions free ├óΓÇáΓÇÖ pro increases bills limit                                                                                 
00:28 +629 -2: D:/TulasiHotels/test/models/subscription_test.dart: Plan transitions free ├óΓÇáΓÇÖ pro increases bills limit                                                                                 
00:28 +629 -2: D:/TulasiHotels/test/models/subscription_test.dart: Plan transitions pro ├óΓÇáΓÇÖ business increases bills limit                                                                             
00:28 +630 -2: D:/TulasiHotels/test/models/subscription_test.dart: Plan transitions pro ├óΓÇáΓÇÖ business increases bills limit                                                                             
00:28 +630 -2: D:/TulasiHotels/test/models/subscription_test.dart: Plan transitions expired subscription is not active                                                                                 
00:28 +631 -2: D:/TulasiHotels/test/models/subscription_test.dart: Plan transitions expired subscription is not active                                                                                 
00:28 +631 -2: D:/TulasiHotels/test/models/subscription_test.dart: Plan transitions cancelled subscription is not active                                                                               
00:28 +632 -2: D:/TulasiHotels/test/models/subscription_test.dart: Plan transitions cancelled subscription is not active                                                                               
00:28 +632 -2: D:/TulasiHotels/test/models/subscription_test.dart: SubscriptionPlan enum all plans have unique names                                                                                   
00:28 +633 -2: D:/TulasiHotels/test/models/subscription_test.dart: SubscriptionPlan enum all plans have unique names                                                                                   
00:28 +633 -2: D:/TulasiHotels/test/models/subscription_test.dart: SubscriptionPlan enum all statuses have unique names                                                                                
00:28 +634 -2: D:/TulasiHotels/test/models/subscription_test.dart: SubscriptionPlan enum all statuses have unique names                                                                                
00:28 +634 -2: D:/TulasiHotels/test/models/subscription_test.dart: Scale: 10K subscriber scenarios free user at limit gets blocked                                                                     
00:28 +635 -2: D:/TulasiHotels/test/models/subscription_test.dart: Scale: 10K subscriber scenarios free user at limit gets blocked                                                                     
00:28 +635 -2: D:/TulasiHotels/test/models/subscription_test.dart: Scale: 10K subscriber scenarios pro user can create 500 bills/month                                                                 
00:28 +636 -2: D:/TulasiHotels/test/models/subscription_test.dart: Scale: 10K subscriber scenarios pro user can create 500 bills/month                                                                 
00:28 +636 -2: D:/TulasiHotels/test/models/subscription_test.dart: Scale: 10K subscriber scenarios business user effectively unlimited                                                                 
00:28 +637 -2: D:/TulasiHotels/test/models/subscription_test.dart: Scale: 10K subscriber scenarios business user effectively unlimited                                                                 
00:28 +637 -2: D:/TulasiHotels/test/models/subscription_test.dart: Scale: 10K subscriber scenarios concurrent users with different plans                                                               
00:28 +638 -2: D:/TulasiHotels/test/models/subscription_test.dart: Scale: 10K subscriber scenarios concurrent users with different plans                                                               
00:28 +638 -2: loading D:/TulasiHotels/test/models/theme_settings_test.dart                                                                                                                            
00:28 +638 -2: D:/TulasiHotels/test/models/theme_settings_test.dart: ThemeSettingsModel should have sensible defaults                                                                                  
00:28 +639 -2: D:/TulasiHotels/test/models/theme_settings_test.dart: ThemeSettingsModel should have sensible defaults                                                                                  
00:28 +639 -2: D:/TulasiHotels/test/models/theme_settings_test.dart: ThemeSettingsModel should parse primaryColor from hex                                                                             
00:29 +640 -2: D:/TulasiHotels/test/models/theme_settings_test.dart: ThemeSettingsModel should parse primaryColor from hex                                                                             
00:29 +640 -2: D:/TulasiHotels/test/models/theme_settings_test.dart: ThemeSettingsModel should fallback on invalid color hex                                                                           
00:29 +641 -2: D:/TulasiHotels/test/models/theme_settings_test.dart: ThemeSettingsModel should fallback on invalid color hex                                                                           
00:29 +641 -2: D:/TulasiHotels/test/models/theme_settings_test.dart: ThemeSettingsModel should have 8 color presets                                                                                    
00:29 +642 -2: D:/TulasiHotels/test/models/theme_settings_test.dart: ThemeSettingsModel should have 8 color presets                                                                                    
00:29 +642 -2: D:/TulasiHotels/test/models/theme_settings_test.dart: ThemeSettingsModel should have 5 font presets                                                                                     
00:29 +643 -2: D:/TulasiHotels/test/models/theme_settings_test.dart: ThemeSettingsModel should have 5 font presets                                                                                     
00:29 +643 -2: D:/TulasiHotels/test/models/theme_settings_test.dart: ThemeSettingsModel should copyWith preserve unchanged fields                                                                      
00:29 +644 -2: D:/TulasiHotels/test/models/theme_settings_test.dart: ThemeSettingsModel should copyWith preserve unchanged fields                                                                      
00:29 +644 -2: D:/TulasiHotels/test/models/theme_settings_test.dart: ThemeSettingsModel should serialize to JSON                                                                                       
00:29 +645 -2: D:/TulasiHotels/test/models/theme_settings_test.dart: ThemeSettingsModel should serialize to JSON                                                                                       
00:29 +645 -2: D:/TulasiHotels/test/models/theme_settings_test.dart: ThemeSettingsModel should deserialize from JSON                                                                                   
00:29 +646 -2: D:/TulasiHotels/test/models/theme_settings_test.dart: ThemeSettingsModel should deserialize from JSON                                                                                   
00:29 +646 -2: D:/TulasiHotels/test/models/theme_settings_test.dart: ThemeSettingsModel should handle missing JSON fields with defaults                                                                
00:29 +647 -2: D:/TulasiHotels/test/models/theme_settings_test.dart: ThemeSettingsModel should handle missing JSON fields with defaults                                                                
00:29 +647 -2: D:/TulasiHotels/test/models/theme_settings_test.dart: ThemeSettingsModel should round-trip through JSON correctly                                                                       
00:29 +648 -2: D:/TulasiHotels/test/models/theme_settings_test.dart: ThemeSettingsModel should round-trip through JSON correctly                                                                       
00:29 +648 -2: D:/TulasiHotels/test/models/theme_settings_test.dart: ThemeSettingsModel should handle int fontSizeScale from JSON                                                                      
00:29 +649 -2: D:/TulasiHotels/test/models/theme_settings_test.dart: ThemeSettingsModel should handle int fontSizeScale from JSON                                                                      
00:29 +649 -2: loading D:/TulasiHotels/test/models/transaction_model_extended_test.dart                                                                                                                
00:29 +649 -2: D:/TulasiHotels/test/models/transaction_model_extended_test.dart: TransactionModel.copyWith preserves all fields when no args                                                           
00:29 +650 -2: D:/TulasiHotels/test/models/transaction_model_extended_test.dart: TransactionModel.copyWith preserves all fields when no args                                                           
00:29 +650 -2: D:/TulasiHotels/test/models/transaction_model_extended_test.dart: TransactionModel.copyWith overrides id                                                                                
00:29 +651 -2: D:/TulasiHotels/test/models/transaction_model_extended_test.dart: TransactionModel.copyWith overrides id                                                                                
00:29 +651 -2: D:/TulasiHotels/test/models/transaction_model_extended_test.dart: TransactionModel.copyWith overrides type                                                                              
00:29 +652 -2: D:/TulasiHotels/test/models/transaction_model_extended_test.dart: TransactionModel.copyWith overrides type                                                                              
00:29 +652 -2: D:/TulasiHotels/test/models/transaction_model_extended_test.dart: TransactionModel.copyWith overrides amount                                                                            
00:29 +653 -2: D:/TulasiHotels/test/models/transaction_model_extended_test.dart: TransactionModel.copyWith overrides amount                                                                            
00:29 +653 -2: D:/TulasiHotels/test/models/transaction_model_extended_test.dart: TransactionModel.copyWith overrides billId and note                                                                   
00:29 +654 -2: D:/TulasiHotels/test/models/transaction_model_extended_test.dart: TransactionModel.copyWith overrides billId and note                                                                   
00:29 +654 -2: D:/TulasiHotels/test/models/transaction_model_extended_test.dart: TransactionModel.copyWith overrides paymentMode                                                                       
00:29 +655 -2: D:/TulasiHotels/test/models/transaction_model_extended_test.dart: TransactionModel.copyWith overrides paymentMode                                                                       
00:29 +655 -2: D:/TulasiHotels/test/models/transaction_model_extended_test.dart: TransactionModel.copyWith overrides createdAt                                                                         
00:29 +656 -2: D:/TulasiHotels/test/models/transaction_model_extended_test.dart: TransactionModel.copyWith overrides createdAt                                                                         
00:29 +656 -2: D:/TulasiHotels/test/models/transaction_model_extended_test.dart: TransactionModel.signedAmount edge cases purchase with zero amount                                                    
00:29 +657 -2: D:/TulasiHotels/test/models/transaction_model_extended_test.dart: TransactionModel.signedAmount edge cases purchase with zero amount                                                    
00:29 +657 -2: D:/TulasiHotels/test/models/transaction_model_extended_test.dart: TransactionModel.signedAmount edge cases payment with zero amount                                                     
00:29 +658 -2: D:/TulasiHotels/test/models/transaction_model_extended_test.dart: TransactionModel.signedAmount edge cases payment with zero amount                                                     
00:29 +658 -2: D:/TulasiHotels/test/models/transaction_model_extended_test.dart: TransactionModel.signedAmount edge cases unknown type not debit                                                       
00:29 +659 -2: D:/TulasiHotels/test/models/transaction_model_extended_test.dart: TransactionModel.signedAmount edge cases unknown type not debit                                                       
00:29 +659 -2: D:/TulasiHotels/test/models/transaction_model_extended_test.dart: TransactionModel.signedAmount edge cases large amount                                                                 
00:29 +660 -2: D:/TulasiHotels/test/models/transaction_model_extended_test.dart: TransactionModel.signedAmount edge cases large amount                                                                 
00:29 +660 -2: D:/TulasiHotels/test/models/transaction_model_extended_test.dart: TransactionType unknown has correct properties                                                                        
00:29 +660 -3: D:/TulasiHotels/test/models/transaction_model_extended_test.dart: TransactionType unknown has correct properties [E]                                                                    
  Expected: '├ó┬¥ΓÇ£'
    Actual: '?'
     Which: is different.
            Expected: ├ó┬¥ΓÇ£
              Actual: ?
                      ^
             Differ at offset 0
  
  package:matcher                                         expect
  package:flutter_test/src/widget_tester.dart 473:18      expect
  test\models\transaction_model_extended_test.dart 101:7  main.<fn>.<fn>
  

To run this test again: C:\Tools\flutter\bin\cache\dart-sdk\bin\dart.exe test D:/TulasiHotels/test/models/transaction_model_extended_test.dart -p vm --plain-name "TransactionType unknown has correct properties"

00:29 +660 -3: D:/TulasiHotels/test/models/transaction_model_extended_test.dart: TransactionType purchase is debit, payment is not                                                                     
00:29 +661 -3: D:/TulasiHotels/test/models/transaction_model_extended_test.dart: TransactionType purchase is debit, payment is not                                                                     
00:29 +661 -3: D:/TulasiHotels/test/models/transaction_model_extended_test.dart: TransactionType fromString is case-sensitive                                                                          
00:29 +662 -3: D:/TulasiHotels/test/models/transaction_model_extended_test.dart: TransactionType fromString is case-sensitive                                                                          
00:30 +662 -3: D:/TulasiHotels/test/models/transaction_model_extended_test.dart: TransactionType fromString is case-sensitive                                                                          
00:30 +662 -3: loading D:/TulasiHotels/test/models/transaction_model_test.dart                                                                                                                         
00:30 +662 -3: D:/TulasiHotels/test/models/transaction_model_test.dart: TransactionType.fromString parses purchase                                                                                     
00:30 +663 -3: D:/TulasiHotels/test/models/transaction_model_test.dart: TransactionType.fromString parses purchase                                                                                     
00:30 +663 -3: D:/TulasiHotels/test/models/transaction_model_test.dart: TransactionType.fromString parses payment                                                                                      
00:30 +664 -3: D:/TulasiHotels/test/models/transaction_model_test.dart: TransactionType.fromString parses payment                                                                                      
00:30 +664 -3: D:/TulasiHotels/test/models/transaction_model_test.dart: TransactionType.fromString returns unknown for invalid string                                                                  
00:30 +665 -3: D:/TulasiHotels/test/models/transaction_model_test.dart: TransactionType.fromString returns unknown for invalid string                                                                  
00:30 +665 -3: D:/TulasiHotels/test/models/transaction_model_test.dart: TransactionType.fromString returns unknown for empty string                                                                    
00:30 +666 -3: D:/TulasiHotels/test/models/transaction_model_test.dart: TransactionType.fromString returns unknown for empty string                                                                    
00:30 +666 -3: D:/TulasiHotels/test/models/transaction_model_test.dart: TransactionType properties purchase is debit                                                                                   
00:30 +667 -3: D:/TulasiHotels/test/models/transaction_model_test.dart: TransactionType properties purchase is debit                                                                                   
00:30 +667 -3: D:/TulasiHotels/test/models/transaction_model_test.dart: TransactionType properties payment is not debit                                                                                
00:30 +668 -3: D:/TulasiHotels/test/models/transaction_model_test.dart: TransactionType properties payment is not debit                                                                                
00:30 +668 -3: D:/TulasiHotels/test/models/transaction_model_test.dart: TransactionType properties unknown is not debit                                                                                
00:30 +669 -3: D:/TulasiHotels/test/models/transaction_model_test.dart: TransactionType properties unknown is not debit                                                                                
00:30 +669 -3: D:/TulasiHotels/test/models/transaction_model_test.dart: TransactionType properties purchase has display name                                                                           
00:30 +670 -3: D:/TulasiHotels/test/models/transaction_model_test.dart: TransactionType properties purchase has display name                                                                           
00:30 +670 -3: D:/TulasiHotels/test/models/transaction_model_test.dart: TransactionType properties payment has emoji                                                                                   
00:30 +670 -4: D:/TulasiHotels/test/models/transaction_model_test.dart: TransactionType properties payment has emoji [E]                                                                               
  Expected: '├░┼╕ΓÇÖ┬╡'
    Actual: '??'
     Which: is different.
            Expected: ├░┼╕ΓÇÖ┬╡
              Actual: ??
                      ^
             Differ at offset 0
  
  package:matcher                                     expect
  package:flutter_test/src/widget_tester.dart 473:18  expect
  test\models\transaction_model_test.dart 44:7        main.<fn>.<fn>
  

To run this test again: C:\Tools\flutter\bin\cache\dart-sdk\bin\dart.exe test D:/TulasiHotels/test/models/transaction_model_test.dart -p vm --plain-name "TransactionType properties payment has emoji"

00:30 +670 -4: D:/TulasiHotels/test/models/transaction_model_test.dart: TransactionModel.signedAmount purchase returns positive amount                                                                 
00:30 +671 -4: D:/TulasiHotels/test/models/transaction_model_test.dart: TransactionModel.signedAmount purchase returns positive amount                                                                 
00:30 +671 -4: D:/TulasiHotels/test/models/transaction_model_test.dart: TransactionModel.signedAmount payment returns negative amount                                                                  
00:30 +672 -4: D:/TulasiHotels/test/models/transaction_model_test.dart: TransactionModel.signedAmount payment returns negative amount                                                                  
00:30 +672 -4: D:/TulasiHotels/test/models/transaction_model_test.dart: TransactionModel.signedAmount zero amount returns zero                                                                         
00:30 +673 -4: D:/TulasiHotels/test/models/transaction_model_test.dart: TransactionModel.signedAmount zero amount returns zero                                                                         
00:30 +673 -4: D:/TulasiHotels/test/models/transaction_model_test.dart: TransactionModel.toFirestore serializes all required fields                                                                    
00:30 +674 -4: D:/TulasiHotels/test/models/transaction_model_test.dart: TransactionModel.toFirestore serializes all required fields                                                                    
00:30 +674 -4: D:/TulasiHotels/test/models/transaction_model_test.dart: TransactionModel.toFirestore serializes optional fields when present                                                           
00:30 +675 -4: D:/TulasiHotels/test/models/transaction_model_test.dart: TransactionModel.toFirestore serializes optional fields when present                                                           
00:30 +675 -4: D:/TulasiHotels/test/models/transaction_model_test.dart: TransactionModel.toFirestore serializes nulls for missing optional fields                                                      
00:30 +676 -4: D:/TulasiHotels/test/models/transaction_model_test.dart: TransactionModel.toFirestore serializes nulls for missing optional fields                                                      
00:30 +676 -4: D:/TulasiHotels/test/models/transaction_model_test.dart: TransactionModel.toFirestore does not include id in Firestore data                                                             
00:30 +677 -4: D:/TulasiHotels/test/models/transaction_model_test.dart: TransactionModel.toFirestore does not include id in Firestore data                                                             
00:30 +677 -4: loading D:/TulasiHotels/test/models/user_model_extended_test.dart                                                                                                                       
00:30 +677 -4: D:/TulasiHotels/test/models/user_model_extended_test.dart: UserModel.copyWith newer fields overrides upiId                                                                              
00:30 +678 -4: D:/TulasiHotels/test/models/user_model_extended_test.dart: UserModel.copyWith newer fields overrides upiId                                                                              
00:30 +678 -4: D:/TulasiHotels/test/models/user_model_extended_test.dart: UserModel.copyWith newer fields overrides profileImagePath                                                                   
00:30 +679 -4: D:/TulasiHotels/test/models/user_model_extended_test.dart: UserModel.copyWith newer fields overrides profileImagePath                                                                   
00:30 +679 -4: D:/TulasiHotels/test/models/user_model_extended_test.dart: UserModel.copyWith newer fields overrides photoUrl                                                                           
00:30 +680 -4: D:/TulasiHotels/test/models/user_model_extended_test.dart: UserModel.copyWith newer fields overrides photoUrl                                                                           
00:30 +680 -4: D:/TulasiHotels/test/models/user_model_extended_test.dart: UserModel.copyWith newer fields overrides isPaid                                                                             
00:30 +681 -4: D:/TulasiHotels/test/models/user_model_extended_test.dart: UserModel.copyWith newer fields overrides isPaid                                                                             
00:30 +681 -4: D:/TulasiHotels/test/models/user_model_extended_test.dart: UserModel.copyWith newer fields overrides phoneVerified                                                                      
00:30 +682 -4: D:/TulasiHotels/test/models/user_model_extended_test.dart: UserModel.copyWith newer fields overrides phoneVerified                                                                      
00:30 +682 -4: D:/TulasiHotels/test/models/user_model_extended_test.dart: UserModel.copyWith newer fields overrides emailVerified                                                                      
00:30 +683 -4: D:/TulasiHotels/test/models/user_model_extended_test.dart: UserModel.copyWith newer fields overrides emailVerified                                                                      
00:30 +683 -4: D:/TulasiHotels/test/models/user_model_extended_test.dart: UserModel.copyWith newer fields overrides phoneVerifiedAt                                                                    
00:30 +684 -4: D:/TulasiHotels/test/models/user_model_extended_test.dart: UserModel.copyWith newer fields overrides phoneVerifiedAt                                                                    
00:30 +684 -4: D:/TulasiHotels/test/models/user_model_extended_test.dart: UserModel.copyWith newer fields preserves all other fields                                                                   
00:30 +685 -4: D:/TulasiHotels/test/models/user_model_extended_test.dart: UserModel.copyWith newer fields preserves all other fields                                                                   
00:30 +685 -4: D:/TulasiHotels/test/models/user_model_extended_test.dart: UserModel.copyWith newer fields sets updatedAt on copy                                                                       
00:30 +686 -4: D:/TulasiHotels/test/models/user_model_extended_test.dart: UserModel.copyWith newer fields sets updatedAt on copy                                                                       
00:30 +686 -4: D:/TulasiHotels/test/models/user_model_extended_test.dart: UserSettings complete fields defaults for all fields                                                                         
00:30 +687 -4: D:/TulasiHotels/test/models/user_model_extended_test.dart: UserSettings complete fields defaults for all fields                                                                         
00:30 +687 -4: D:/TulasiHotels/test/models/user_model_extended_test.dart: UserSettings complete fields toMap includes all fields                                                                       
00:30 +688 -4: D:/TulasiHotels/test/models/user_model_extended_test.dart: UserSettings complete fields toMap includes all fields                                                                       
00:30 +688 -4: D:/TulasiHotels/test/models/user_model_extended_test.dart: UserSettings complete fields fromMap handles all fields                                                                      
00:30 +689 -4: D:/TulasiHotels/test/models/user_model_extended_test.dart: UserSettings complete fields fromMap handles all fields                                                                      
00:30 +689 -4: D:/TulasiHotels/test/models/user_model_extended_test.dart: UserSettings complete fields fromMap with empty map uses defaults                                                            
00:30 +690 -4: D:/TulasiHotels/test/models/user_model_extended_test.dart: UserSettings complete fields fromMap with empty map uses defaults                                                            
00:30 +690 -4: D:/TulasiHotels/test/models/user_model_extended_test.dart: UserSettings complete fields copyWith overrides individual alert fields                                                      
00:30 +691 -4: D:/TulasiHotels/test/models/user_model_extended_test.dart: UserSettings complete fields copyWith overrides individual alert fields                                                      
00:30 +691 -4: D:/TulasiHotels/test/models/user_model_extended_test.dart: UserSettings complete fields toMap ├óΓÇáΓÇÖ fromMap roundtrip preserves all fields                                                
00:30 +692 -4: D:/TulasiHotels/test/models/user_model_extended_test.dart: UserSettings complete fields toMap ├óΓÇáΓÇÖ fromMap roundtrip preserves all fields                                                
00:31 +692 -4: D:/TulasiHotels/test/models/user_model_extended_test.dart: UserSettings complete fields toMap ├óΓÇáΓÇÖ fromMap roundtrip preserves all fields                                                
00:31 +692 -4: loading D:/TulasiHotels/test/models/user_model_test.dart                                                                                                                                
00:31 +692 -4: D:/TulasiHotels/test/models/user_model_test.dart: UserModel should create with required fields                                                                                          
00:31 +693 -4: D:/TulasiHotels/test/models/user_model_test.dart: UserModel should create with required fields                                                                                          
00:31 +693 -4: D:/TulasiHotels/test/models/user_model_test.dart: UserModel should create with all optional fields                                                                                      
00:31 +694 -4: D:/TulasiHotels/test/models/user_model_test.dart: UserModel should create with all optional fields                                                                                      
00:31 +694 -4: D:/TulasiHotels/test/models/user_model_test.dart: UserModel should serialize to map correctly                                                                                           
00:31 +695 -4: D:/TulasiHotels/test/models/user_model_test.dart: UserModel should serialize to map correctly                                                                                           
00:31 +695 -4: D:/TulasiHotels/test/models/user_model_test.dart: UserModel should copyWith preserve unchanged fields                                                                                   
00:31 +696 -4: D:/TulasiHotels/test/models/user_model_test.dart: UserModel should copyWith preserve unchanged fields                                                                                   
00:31 +696 -4: D:/TulasiHotels/test/models/user_model_test.dart: UserModel should copyWith update multiple fields                                                                                      
00:31 +697 -4: D:/TulasiHotels/test/models/user_model_test.dart: UserModel should copyWith update multiple fields                                                                                      
00:31 +697 -4: D:/TulasiHotels/test/models/user_model_test.dart: UserSettings should have sensible defaults                                                                                            
00:31 +698 -4: D:/TulasiHotels/test/models/user_model_test.dart: UserSettings should have sensible defaults                                                                                            
00:31 +698 -4: D:/TulasiHotels/test/models/user_model_test.dart: UserSettings should serialize defaults to map                                                                                         
00:31 +699 -4: D:/TulasiHotels/test/models/user_model_test.dart: UserSettings should serialize defaults to map                                                                                         
00:31 +699 -4: D:/TulasiHotels/test/models/user_model_test.dart: UserSettings should deserialize from map                                                                                              
00:31 +700 -4: D:/TulasiHotels/test/models/user_model_test.dart: UserSettings should deserialize from map                                                                                              
00:31 +700 -4: D:/TulasiHotels/test/models/user_model_test.dart: UserSettings should handle empty map with defaults                                                                                    
00:31 +701 -4: D:/TulasiHotels/test/models/user_model_test.dart: UserSettings should handle empty map with defaults                                                                                    
00:31 +701 -4: D:/TulasiHotels/test/models/user_model_test.dart: UserSettings should copyWith update specific fields                                                                                   
00:31 +702 -4: D:/TulasiHotels/test/models/user_model_test.dart: UserSettings should copyWith update specific fields                                                                                   
00:31 +702 -4: D:/TulasiHotels/test/models/user_model_test.dart: UserSettings should round-trip through toMap/fromMap                                                                                  
00:31 +703 -4: D:/TulasiHotels/test/models/user_model_test.dart: UserSettings should round-trip through toMap/fromMap                                                                                  
00:32 +703 -4: D:/TulasiHotels/test/models/user_model_test.dart: UserSettings should round-trip through toMap/fromMap                                                                                  
00:32 +703 -4: loading D:/TulasiHotels/test/models/user_settings_test.dart                                                                                                                             
00:32 +703 -4: D:/TulasiHotels/test/models/user_settings_test.dart: UserModel should create with required fields                                                                                       
00:32 +704 -4: D:/TulasiHotels/test/models/user_settings_test.dart: UserModel should create with required fields                                                                                       
00:32 +704 -4: D:/TulasiHotels/test/models/user_settings_test.dart: UserModel isPaid defaults to false                                                                                                 
00:32 +705 -4: D:/TulasiHotels/test/models/user_settings_test.dart: UserModel isPaid defaults to false                                                                                                 
00:32 +705 -4: D:/TulasiHotels/test/models/user_settings_test.dart: UserModel phone/email verified default to false                                                                                    
00:32 +706 -4: D:/TulasiHotels/test/models/user_settings_test.dart: UserModel phone/email verified default to false                                                                                    
00:32 +706 -4: D:/TulasiHotels/test/models/user_settings_test.dart: UserModel copyWith preserves unchanged fields                                                                                      
00:32 +707 -4: D:/TulasiHotels/test/models/user_settings_test.dart: UserModel copyWith preserves unchanged fields                                                                                      
00:32 +707 -4: D:/TulasiHotels/test/models/user_settings_test.dart: UserModel copyWith updates multiple fields                                                                                         
00:32 +708 -4: D:/TulasiHotels/test/models/user_settings_test.dart: UserModel copyWith updates multiple fields                                                                                         
00:32 +708 -4: D:/TulasiHotels/test/models/user_settings_test.dart: UserModel copyWith preserves id and createdAt                                                                                      
00:32 +709 -4: D:/TulasiHotels/test/models/user_settings_test.dart: UserModel copyWith preserves id and createdAt                                                                                      
00:32 +709 -4: D:/TulasiHotels/test/models/user_settings_test.dart: UserModel copyWith sets updatedAt                                                                                                  
00:32 +710 -4: D:/TulasiHotels/test/models/user_settings_test.dart: UserModel copyWith sets updatedAt                                                                                                  
00:32 +710 -4: D:/TulasiHotels/test/models/user_settings_test.dart: UserModel toFirestore serializes all fields                                                                                        
00:32 +711 -4: D:/TulasiHotels/test/models/user_settings_test.dart: UserModel toFirestore serializes all fields                                                                                        
00:32 +711 -4: D:/TulasiHotels/test/models/user_settings_test.dart: UserModel toFirestore does NOT include id                                                                                          
00:32 +712 -4: D:/TulasiHotels/test/models/user_settings_test.dart: UserModel toFirestore does NOT include id                                                                                          
00:32 +712 -4: D:/TulasiHotels/test/models/user_settings_test.dart: UserSettings has correct defaults                                                                                                  
00:32 +713 -4: D:/TulasiHotels/test/models/user_settings_test.dart: UserSettings has correct defaults                                                                                                  
00:32 +713 -4: D:/TulasiHotels/test/models/user_settings_test.dart: UserSettings fromMap parses complete map                                                                                           
00:32 +714 -4: D:/TulasiHotels/test/models/user_settings_test.dart: UserSettings fromMap parses complete map                                                                                           
00:32 +714 -4: D:/TulasiHotels/test/models/user_settings_test.dart: UserSettings fromMap with empty map returns defaults                                                                               
00:32 +715 -4: D:/TulasiHotels/test/models/user_settings_test.dart: UserSettings fromMap with empty map returns defaults                                                                               
00:32 +715 -4: D:/TulasiHotels/test/models/user_settings_test.dart: UserSettings fromMap handles numeric taxRate                                                                                       
00:32 +716 -4: D:/TulasiHotels/test/models/user_settings_test.dart: UserSettings fromMap handles numeric taxRate                                                                                       
00:32 +716 -4: D:/TulasiHotels/test/models/user_settings_test.dart: UserSettings toMap serializes all fields                                                                                           
00:32 +717 -4: D:/TulasiHotels/test/models/user_settings_test.dart: UserSettings toMap serializes all fields                                                                                           
00:32 +717 -4: D:/TulasiHotels/test/models/user_settings_test.dart: UserSettings toMap ├óΓÇáΓÇÖ fromMap round-trip preserves all values                                                                     
00:32 +718 -4: D:/TulasiHotels/test/models/user_settings_test.dart: UserSettings toMap ├óΓÇáΓÇÖ fromMap round-trip preserves all values                                                                     
00:32 +718 -4: D:/TulasiHotels/test/models/user_settings_test.dart: UserSettings copyWith updates single field                                                                                         
00:32 +719 -4: D:/TulasiHotels/test/models/user_settings_test.dart: UserSettings copyWith updates single field                                                                                         
00:32 +719 -4: D:/TulasiHotels/test/models/user_settings_test.dart: UserSettings copyWith updates multiple fields                                                                                      
00:32 +720 -4: D:/TulasiHotels/test/models/user_settings_test.dart: UserSettings copyWith updates multiple fields                                                                                      
00:32 +720 -4: D:/TulasiHotels/test/models/user_settings_test.dart: Edge cases user with empty strings                                                                                                 
00:32 +721 -4: D:/TulasiHotels/test/models/user_settings_test.dart: Edge cases user with empty strings                                                                                                 
00:32 +721 -4: D:/TulasiHotels/test/models/user_settings_test.dart: Edge cases user with very long shop name                                                                                           
00:32 +722 -4: D:/TulasiHotels/test/models/user_settings_test.dart: Edge cases user with very long shop name                                                                                           
00:32 +722 -4: D:/TulasiHotels/test/models/user_settings_test.dart: Edge cases settings with edge tax rates                                                                                            
00:32 +723 -4: D:/TulasiHotels/test/models/user_settings_test.dart: Edge cases settings with edge tax rates                                                                                            
00:33 +723 -4: D:/TulasiHotels/test/models/user_settings_test.dart: Edge cases settings with edge tax rates                                                                                            
00:33 +723 -4: loading D:/TulasiHotels/test/providers/auth_state_test.dart                                                                                                                             
00:33 +723 -4: D:/TulasiHotels/test/providers/auth_state_test.dart: AuthStatus enum has 2 values                                                                                                       
00:33 +724 -4: D:/TulasiHotels/test/providers/auth_state_test.dart: AuthStatus enum has 2 values                                                                                                       
00:33 +724 -4: D:/TulasiHotels/test/providers/auth_state_test.dart: AuthStatus enum contains unauthenticated and authenticated                                                                         
00:33 +725 -4: D:/TulasiHotels/test/providers/auth_state_test.dart: AuthStatus enum contains unauthenticated and authenticated                                                                         
00:33 +725 -4: D:/TulasiHotels/test/providers/auth_state_test.dart: AuthState default constructor has sensible defaults                                                                                
00:33 +726 -4: D:/TulasiHotels/test/providers/auth_state_test.dart: AuthState default constructor has sensible defaults                                                                                
00:33 +726 -4: D:/TulasiHotels/test/providers/auth_state_test.dart: AuthState copyWith preserves all fields when no args given                                                                         
00:33 +727 -4: D:/TulasiHotels/test/providers/auth_state_test.dart: AuthState copyWith preserves all fields when no args given                                                                         
00:33 +727 -4: D:/TulasiHotels/test/providers/auth_state_test.dart: AuthState copyWith overrides status                                                                                                
00:33 +728 -4: D:/TulasiHotels/test/providers/auth_state_test.dart: AuthState copyWith overrides status                                                                                                
00:33 +728 -4: D:/TulasiHotels/test/providers/auth_state_test.dart: AuthState copyWith overrides isLoggedIn                                                                                            
00:33 +729 -4: D:/TulasiHotels/test/providers/auth_state_test.dart: AuthState copyWith overrides isLoggedIn                                                                                            
00:33 +729 -4: D:/TulasiHotels/test/providers/auth_state_test.dart: AuthState copyWith overrides isDemoMode                                                                                            
00:33 +730 -4: D:/TulasiHotels/test/providers/auth_state_test.dart: AuthState copyWith overrides isDemoMode                                                                                            
00:33 +730 -4: D:/TulasiHotels/test/providers/auth_state_test.dart: AuthState copyWith overrides isLoading                                                                                             
00:33 +731 -4: D:/TulasiHotels/test/providers/auth_state_test.dart: AuthState copyWith overrides isLoading                                                                                             
00:33 +731 -4: D:/TulasiHotels/test/providers/auth_state_test.dart: AuthState copyWith overrides error                                                                                                 
00:33 +732 -4: D:/TulasiHotels/test/providers/auth_state_test.dart: AuthState copyWith overrides error                                                                                                 
00:33 +732 -4: D:/TulasiHotels/test/providers/auth_state_test.dart: AuthState copyWith clears error when not provided                                                                                  
00:33 +733 -4: D:/TulasiHotels/test/providers/auth_state_test.dart: AuthState copyWith clears error when not provided                                                                                  
00:33 +733 -4: D:/TulasiHotels/test/providers/auth_state_test.dart: AuthState copyWith overrides desktopLinkCode                                                                                       
00:33 +734 -4: D:/TulasiHotels/test/providers/auth_state_test.dart: AuthState copyWith overrides desktopLinkCode                                                                                       
00:33 +734 -4: D:/TulasiHotels/test/providers/auth_state_test.dart: AuthState copyWith overrides isShopSetupComplete                                                                                   
00:33 +735 -4: D:/TulasiHotels/test/providers/auth_state_test.dart: AuthState copyWith overrides isShopSetupComplete                                                                                   
00:33 +735 -4: D:/TulasiHotels/test/providers/auth_state_test.dart: AuthState copyWith overrides isEmailVerified                                                                                       
00:33 +736 -4: D:/TulasiHotels/test/providers/auth_state_test.dart: AuthState copyWith overrides isEmailVerified                                                                                       
00:33 +736 -4: D:/TulasiHotels/test/providers/auth_state_test.dart: AuthState copyWith with sentinel pattern allows setting firebaseUser to null                                                       
00:33 +737 -4: D:/TulasiHotels/test/providers/auth_state_test.dart: AuthState copyWith with sentinel pattern allows setting firebaseUser to null                                                       
00:33 +737 -4: D:/TulasiHotels/test/providers/auth_state_test.dart: AuthState copyWith with sentinel pattern allows setting user to null                                                               
00:33 +738 -4: D:/TulasiHotels/test/providers/auth_state_test.dart: AuthState copyWith with sentinel pattern allows setting user to null                                                               
00:34 +738 -4: D:/TulasiHotels/test/providers/auth_state_test.dart: AuthState copyWith with sentinel pattern allows setting user to null                                                               
00:34 +738 -4: loading D:/TulasiHotels/test/providers/billing_provider_test.dart                                                                                                                       
00:34 +738 -4: D:/TulasiHotels/test/providers/billing_provider_test.dart: RecordType enum has 3 values                                                                                                 
00:34 +739 -4: D:/TulasiHotels/test/providers/billing_provider_test.dart: RecordType enum has 3 values                                                                                                 
00:34 +739 -4: D:/TulasiHotels/test/providers/billing_provider_test.dart: RecordType enum contains all, bills, expenses                                                                                
00:34 +740 -4: D:/TulasiHotels/test/providers/billing_provider_test.dart: RecordType enum contains all, bills, expenses                                                                                
00:34 +740 -4: D:/TulasiHotels/test/providers/billing_provider_test.dart: BillsFilter default constructor has sensible defaults                                                                        
00:34 +741 -4: D:/TulasiHotels/test/providers/billing_provider_test.dart: BillsFilter default constructor has sensible defaults                                                                        
00:34 +741 -4: D:/TulasiHotels/test/providers/billing_provider_test.dart: BillsFilter copyWith preserves values when no args given                                                                     
00:34 +742 -4: D:/TulasiHotels/test/providers/billing_provider_test.dart: BillsFilter copyWith preserves values when no args given                                                                     
00:34 +742 -4: D:/TulasiHotels/test/providers/billing_provider_test.dart: BillsFilter copyWith overrides searchQuery                                                                                   
00:34 +743 -4: D:/TulasiHotels/test/providers/billing_provider_test.dart: BillsFilter copyWith overrides searchQuery                                                                                   
00:34 +743 -4: D:/TulasiHotels/test/providers/billing_provider_test.dart: BillsFilter copyWith overrides paymentMethod                                                                                 
00:34 +744 -4: D:/TulasiHotels/test/providers/billing_provider_test.dart: BillsFilter copyWith overrides paymentMethod                                                                                 
00:34 +744 -4: D:/TulasiHotels/test/providers/billing_provider_test.dart: BillsFilter copyWith overrides dateRange                                                                                     
00:34 +745 -4: D:/TulasiHotels/test/providers/billing_provider_test.dart: BillsFilter copyWith overrides dateRange                                                                                     
00:34 +745 -4: D:/TulasiHotels/test/providers/billing_provider_test.dart: BillsFilter copyWith clearDateRange removes dateRange                                                                        
00:34 +746 -4: D:/TulasiHotels/test/providers/billing_provider_test.dart: BillsFilter copyWith clearDateRange removes dateRange                                                                        
00:34 +746 -4: D:/TulasiHotels/test/providers/billing_provider_test.dart: BillsFilter copyWith clearPaymentMethod removes paymentMethod                                                                
00:34 +747 -4: D:/TulasiHotels/test/providers/billing_provider_test.dart: BillsFilter copyWith clearPaymentMethod removes paymentMethod                                                                
00:34 +747 -4: D:/TulasiHotels/test/providers/billing_provider_test.dart: BillsFilter copyWith overrides page and perPage                                                                              
00:34 +748 -4: D:/TulasiHotels/test/providers/billing_provider_test.dart: BillsFilter copyWith overrides page and perPage                                                                              
00:34 +748 -4: D:/TulasiHotels/test/providers/billing_provider_test.dart: BillsFilter copyWith overrides recordType                                                                                    
00:34 +749 -4: D:/TulasiHotels/test/providers/billing_provider_test.dart: BillsFilter copyWith overrides recordType                                                                                    
00:34 +749 -4: D:/TulasiHotels/test/providers/billing_provider_test.dart: BillsFilter clearDateRange takes precedence over dateRange                                                                   
00:34 +750 -4: D:/TulasiHotels/test/providers/billing_provider_test.dart: BillsFilter clearDateRange takes precedence over dateRange                                                                   
00:34 +750 -4: D:/TulasiHotels/test/providers/billing_provider_test.dart: BillsFilter clearPaymentMethod takes precedence over paymentMethod                                                           
00:34 +751 -4: D:/TulasiHotels/test/providers/billing_provider_test.dart: BillsFilter clearPaymentMethod takes precedence over paymentMethod                                                           
00:35 +751 -4: D:/TulasiHotels/test/providers/billing_provider_test.dart: BillsFilter clearPaymentMethod takes precedence over paymentMethod                                                           
00:35 +751 -4: loading D:/TulasiHotels/test/providers/bills_filter_test.dart                                                                                                                           
00:35 +751 -4: D:/TulasiHotels/test/providers/bills_filter_test.dart: BillsFilter defaults                                                                                                             
00:35 +752 -4: D:/TulasiHotels/test/providers/bills_filter_test.dart: BillsFilter defaults                                                                                                             
00:35 +752 -4: D:/TulasiHotels/test/providers/bills_filter_test.dart: BillsFilter copyWith updates searchQuery                                                                                         
00:35 +753 -4: D:/TulasiHotels/test/providers/bills_filter_test.dart: BillsFilter copyWith updates searchQuery                                                                                         
00:35 +753 -4: D:/TulasiHotels/test/providers/bills_filter_test.dart: BillsFilter copyWith updates dateRange                                                                                           
00:35 +754 -4: D:/TulasiHotels/test/providers/bills_filter_test.dart: BillsFilter copyWith updates dateRange                                                                                           
00:35 +754 -4: D:/TulasiHotels/test/providers/bills_filter_test.dart: BillsFilter copyWith clearDateRange resets to null                                                                               
00:35 +755 -4: D:/TulasiHotels/test/providers/bills_filter_test.dart: BillsFilter copyWith clearDateRange resets to null                                                                               
00:35 +755 -4: D:/TulasiHotels/test/providers/bills_filter_test.dart: BillsFilter copyWith updates paymentMethod                                                                                       
00:35 +756 -4: D:/TulasiHotels/test/providers/bills_filter_test.dart: BillsFilter copyWith updates paymentMethod                                                                                       
00:35 +756 -4: D:/TulasiHotels/test/providers/bills_filter_test.dart: BillsFilter copyWith clearPaymentMethod resets to null                                                                           
00:35 +757 -4: D:/TulasiHotels/test/providers/bills_filter_test.dart: BillsFilter copyWith clearPaymentMethod resets to null                                                                           
00:35 +757 -4: D:/TulasiHotels/test/providers/bills_filter_test.dart: BillsFilter copyWith updates recordType                                                                                          
00:35 +758 -4: D:/TulasiHotels/test/providers/bills_filter_test.dart: BillsFilter copyWith updates recordType                                                                                          
00:35 +758 -4: D:/TulasiHotels/test/providers/bills_filter_test.dart: BillsFilter copyWith updates page                                                                                                
00:35 +759 -4: D:/TulasiHotels/test/providers/bills_filter_test.dart: BillsFilter copyWith updates page                                                                                                
00:35 +759 -4: D:/TulasiHotels/test/providers/bills_filter_test.dart: BillsFilter copyWith updates perPage                                                                                             
00:35 +760 -4: D:/TulasiHotels/test/providers/bills_filter_test.dart: BillsFilter copyWith updates perPage                                                                                             
00:35 +760 -4: D:/TulasiHotels/test/providers/bills_filter_test.dart: BillsFilter copyWith preserves all when no args                                                                                  
00:35 +761 -4: D:/TulasiHotels/test/providers/bills_filter_test.dart: BillsFilter copyWith preserves all when no args                                                                                  
00:35 +761 -4: D:/TulasiHotels/test/providers/bills_filter_test.dart: BillsFilter clearDateRange true ignores new dateRange                                                                            
00:35 +762 -4: D:/TulasiHotels/test/providers/bills_filter_test.dart: BillsFilter clearDateRange true ignores new dateRange                                                                            
00:35 +762 -4: D:/TulasiHotels/test/providers/bills_filter_test.dart: BillsFilter clearPaymentMethod true ignores new paymentMethod                                                                    
00:35 +763 -4: D:/TulasiHotels/test/providers/bills_filter_test.dart: BillsFilter clearPaymentMethod true ignores new paymentMethod                                                                    
00:35 +763 -4: D:/TulasiHotels/test/providers/bills_filter_test.dart: RecordType has all, bills, expenses                                                                                              
00:35 +764 -4: D:/TulasiHotels/test/providers/bills_filter_test.dart: RecordType has all, bills, expenses                                                                                              
00:36 +764 -4: D:/TulasiHotels/test/providers/bills_filter_test.dart: RecordType has all, bills, expenses                                                                                              
00:36 +764 -4: loading D:/TulasiHotels/test/providers/cart_provider_test.dart                                                                                                                          
00:36 +764 -4: D:/TulasiHotels/test/providers/cart_provider_test.dart: CartState default is empty                                                                                                      
00:36 +765 -4: D:/TulasiHotels/test/providers/cart_provider_test.dart: CartState default is empty                                                                                                      
00:36 +765 -4: D:/TulasiHotels/test/providers/cart_provider_test.dart: CartState total sums item totals                                                                                                
00:36 +766 -4: D:/TulasiHotels/test/providers/cart_provider_test.dart: CartState total sums item totals                                                                                                
00:36 +766 -4: D:/TulasiHotels/test/providers/cart_provider_test.dart: CartState itemCount sums quantities                                                                                             
00:36 +767 -4: D:/TulasiHotels/test/providers/cart_provider_test.dart: CartState itemCount sums quantities                                                                                             
00:36 +767 -4: D:/TulasiHotels/test/providers/cart_provider_test.dart: CartState copyWith preserves fields                                                                                             
00:36 +768 -4: D:/TulasiHotels/test/providers/cart_provider_test.dart: CartState copyWith preserves fields                                                                                             
00:36 +768 -4: D:/TulasiHotels/test/providers/cart_provider_test.dart: CartState copyWith overrides items                                                                                              
00:36 +769 -4: D:/TulasiHotels/test/providers/cart_provider_test.dart: CartState copyWith overrides items                                                                                              
00:36 +769 -4: D:/TulasiHotels/test/providers/cart_provider_test.dart: CartState clearCustomer removes customer but keeps items                                                                        
00:36 +770 -4: D:/TulasiHotels/test/providers/cart_provider_test.dart: CartState clearCustomer removes customer but keeps items                                                                        
00:36 +770 -4: D:/TulasiHotels/test/providers/cart_provider_test.dart: CartNotifier initial state is empty                                                                                             
00:36 +771 -4: D:/TulasiHotels/test/providers/cart_provider_test.dart: CartNotifier initial state is empty                                                                                             
00:36 +771 -4: D:/TulasiHotels/test/providers/cart_provider_test.dart: CartNotifier addProduct adds new item                                                                                           
00:36 +772 -4: D:/TulasiHotels/test/providers/cart_provider_test.dart: CartNotifier addProduct adds new item                                                                                           
00:36 +772 -4: D:/TulasiHotels/test/providers/cart_provider_test.dart: CartNotifier addProduct increments quantity for existing product                                                                
00:36 +773 -4: D:/TulasiHotels/test/providers/cart_provider_test.dart: CartNotifier addProduct increments quantity for existing product                                                                
00:36 +773 -4: D:/TulasiHotels/test/providers/cart_provider_test.dart: CartNotifier addProduct with custom quantity                                                                                    
00:36 +774 -4: D:/TulasiHotels/test/providers/cart_provider_test.dart: CartNotifier addProduct with custom quantity                                                                                    
00:36 +774 -4: D:/TulasiHotels/test/providers/cart_provider_test.dart: CartNotifier addProduct uses product unit shortName                                                                             
00:36 +775 -4: D:/TulasiHotels/test/providers/cart_provider_test.dart: CartNotifier addProduct uses product unit shortName                                                                             
00:36 +775 -4: D:/TulasiHotels/test/providers/cart_provider_test.dart: CartNotifier addProduct caps at max quantity                                                                                    
00:36 +776 -4: D:/TulasiHotels/test/providers/cart_provider_test.dart: CartNotifier addProduct caps at max quantity                                                                                    
00:36 +776 -4: D:/TulasiHotels/test/providers/cart_provider_test.dart: CartNotifier updateQuantity changes item quantity                                                                               
00:36 +777 -4: D:/TulasiHotels/test/providers/cart_provider_test.dart: CartNotifier updateQuantity changes item quantity                                                                               
00:36 +777 -4: D:/TulasiHotels/test/providers/cart_provider_test.dart: CartNotifier updateQuantity with zero removes item                                                                              
00:36 +778 -4: D:/TulasiHotels/test/providers/cart_provider_test.dart: CartNotifier updateQuantity with zero removes item                                                                              
00:36 +778 -4: D:/TulasiHotels/test/providers/cart_provider_test.dart: CartNotifier updateQuantity clamps to max                                                                                       
00:36 +779 -4: D:/TulasiHotels/test/providers/cart_provider_test.dart: CartNotifier updateQuantity clamps to max                                                                                       
00:36 +779 -4: D:/TulasiHotels/test/providers/cart_provider_test.dart: CartNotifier incrementQuantity adds 1                                                                                           
00:36 +780 -4: D:/TulasiHotels/test/providers/cart_provider_test.dart: CartNotifier incrementQuantity adds 1                                                                                           
00:36 +780 -4: D:/TulasiHotels/test/providers/cart_provider_test.dart: CartNotifier incrementQuantity no-op for non-existent product                                                                   
00:36 +781 -4: D:/TulasiHotels/test/providers/cart_provider_test.dart: CartNotifier incrementQuantity no-op for non-existent product                                                                   
00:36 +781 -4: D:/TulasiHotels/test/providers/cart_provider_test.dart: CartNotifier decrementQuantity subtracts 1                                                                                      
00:36 +782 -4: D:/TulasiHotels/test/providers/cart_provider_test.dart: CartNotifier decrementQuantity subtracts 1                                                                                      
00:36 +782 -4: D:/TulasiHotels/test/providers/cart_provider_test.dart: CartNotifier decrementQuantity to 0 removes item                                                                                
00:36 +783 -4: D:/TulasiHotels/test/providers/cart_provider_test.dart: CartNotifier decrementQuantity to 0 removes item                                                                                
00:36 +783 -4: D:/TulasiHotels/test/providers/cart_provider_test.dart: CartNotifier removeItem removes specified product                                                                               
00:36 +784 -4: D:/TulasiHotels/test/providers/cart_provider_test.dart: CartNotifier removeItem removes specified product                                                                               
00:36 +784 -4: D:/TulasiHotels/test/providers/cart_provider_test.dart: CartNotifier removeItem no-op for non-existent product                                                                          
00:36 +785 -4: D:/TulasiHotels/test/providers/cart_provider_test.dart: CartNotifier removeItem no-op for non-existent product                                                                          
00:36 +785 -4: D:/TulasiHotels/test/providers/cart_provider_test.dart: CartNotifier setCustomer updates customer info                                                                                  
00:36 +786 -4: D:/TulasiHotels/test/providers/cart_provider_test.dart: CartNotifier setCustomer updates customer info                                                                                  
00:36 +786 -4: D:/TulasiHotels/test/providers/cart_provider_test.dart: CartNotifier clearCustomer removes customer                                                                                     
00:36 +787 -4: D:/TulasiHotels/test/providers/cart_provider_test.dart: CartNotifier clearCustomer removes customer                                                                                     
00:36 +787 -4: D:/TulasiHotels/test/providers/cart_provider_test.dart: CartNotifier clearCart resets everything                                                                                        
00:36 +788 -4: D:/TulasiHotels/test/providers/cart_provider_test.dart: CartNotifier clearCart resets everything                                                                                        
00:36 +788 -4: D:/TulasiHotels/test/providers/cart_provider_test.dart: CartNotifier total updates correctly as items change                                                                            
00:36 +789 -4: D:/TulasiHotels/test/providers/cart_provider_test.dart: CartNotifier total updates correctly as items change                                                                            
00:36 +789 -4: D:/TulasiHotels/test/providers/cart_provider_test.dart: CartNotifier multiple products with different units                                                                             
00:36 +790 -4: D:/TulasiHotels/test/providers/cart_provider_test.dart: CartNotifier multiple products with different units                                                                             
00:37 +790 -4: D:/TulasiHotels/test/providers/cart_provider_test.dart: CartNotifier multiple products with different units                                                                             
00:37 +790 -4: loading D:/TulasiHotels/test/providers/core_providers_test.dart                                                                                                                         
00:37 +790 -4: D:/TulasiHotels/test/providers/core_providers_test.dart: currentUserIdProvider returns local_user as default                                                                            
00:37 +791 -4: D:/TulasiHotels/test/providers/core_providers_test.dart: currentUserIdProvider returns local_user as default                                                                            
00:37 +791 -4: D:/TulasiHotels/test/providers/core_providers_test.dart: currentUserIdProvider returns non-null value                                                                                   
00:37 +792 -4: D:/TulasiHotels/test/providers/core_providers_test.dart: currentUserIdProvider returns non-null value                                                                                   
00:37 +792 -4: loading D:/TulasiHotels/test/providers/expense_filter_test.dart                                                                                                                         
00:37 +792 -4: D:/TulasiHotels/test/providers/expense_filter_test.dart: ExpenseCategory should have all expected categories                                                                            
00:37 +792 -5: D:/TulasiHotels/test/providers/expense_filter_test.dart: ExpenseCategory should have all expected categories [E]                                                                        
  Expected: <7>
    Actual: <8>
  
  package:matcher                                     expect
  package:flutter_test/src/widget_tester.dart 473:18  expect
  test\providers\expense_filter_test.dart 15:7        main.<fn>.<fn>
  

To run this test again: C:\Tools\flutter\bin\cache\dart-sdk\bin\dart.exe test D:/TulasiHotels/test/providers/expense_filter_test.dart -p vm --plain-name "ExpenseCategory should have all expected categories"

00:37 +792 -5: D:/TulasiHotels/test/providers/expense_filter_test.dart: ExpenseCategory fromString handles unknown values                                                                              
00:37 +793 -5: D:/TulasiHotels/test/providers/expense_filter_test.dart: ExpenseCategory fromString handles unknown values                                                                              
00:37 +793 -5: D:/TulasiHotels/test/providers/expense_filter_test.dart: ExpenseCategory fromString parses valid categories                                                                             
00:37 +794 -5: D:/TulasiHotels/test/providers/expense_filter_test.dart: ExpenseCategory fromString parses valid categories                                                                             
00:37 +794 -5: D:/TulasiHotels/test/providers/expense_filter_test.dart: ExpenseCategory display names are correct                                                                                      
00:37 +795 -5: D:/TulasiHotels/test/providers/expense_filter_test.dart: ExpenseCategory display names are correct                                                                                      
00:37 +795 -5: D:/TulasiHotels/test/providers/expense_filter_test.dart: ExpenseModel should create expense with required fields                                                                        
00:37 +796 -5: D:/TulasiHotels/test/providers/expense_filter_test.dart: ExpenseModel should create expense with required fields                                                                        
00:37 +796 -5: D:/TulasiHotels/test/providers/expense_filter_test.dart: ExpenseModel toMap/fromMap roundtrip                                                                                           
00:37 +797 -5: D:/TulasiHotels/test/providers/expense_filter_test.dart: ExpenseModel toMap/fromMap roundtrip                                                                                           
00:37 +797 -5: D:/TulasiHotels/test/providers/expense_filter_test.dart: ExpenseModel fromMap handles missing/null fields                                                                               
00:37 +798 -5: D:/TulasiHotels/test/providers/expense_filter_test.dart: ExpenseModel fromMap handles missing/null fields                                                                               
00:37 +798 -5: D:/TulasiHotels/test/providers/expense_filter_test.dart: Expense filtering logic search filter by description                                                                           
00:37 +799 -5: D:/TulasiHotels/test/providers/expense_filter_test.dart: Expense filtering logic search filter by description                                                                           
00:37 +799 -5: D:/TulasiHotels/test/providers/expense_filter_test.dart: Expense filtering logic search filter by category name                                                                         
00:37 +800 -5: D:/TulasiHotels/test/providers/expense_filter_test.dart: Expense filtering logic search filter by category name                                                                         
00:37 +800 -5: D:/TulasiHotels/test/providers/expense_filter_test.dart: Expense filtering logic payment method filter                                                                                  
00:37 +801 -5: D:/TulasiHotels/test/providers/expense_filter_test.dart: Expense filtering logic payment method filter                                                                                  
00:37 +801 -5: D:/TulasiHotels/test/providers/expense_filter_test.dart: Expense filtering logic date range filter                                                                                      
00:37 +802 -5: D:/TulasiHotels/test/providers/expense_filter_test.dart: Expense filtering logic date range filter                                                                                      
00:37 +802 -5: D:/TulasiHotels/test/providers/expense_filter_test.dart: Expense filtering logic sort by date descending                                                                                
00:37 +803 -5: D:/TulasiHotels/test/providers/expense_filter_test.dart: Expense filtering logic sort by date descending                                                                                
00:37 +803 -5: D:/TulasiHotels/test/providers/expense_filter_test.dart: Expense filtering logic total expense calculation                                                                              
00:37 +804 -5: D:/TulasiHotels/test/providers/expense_filter_test.dart: Expense filtering logic total expense calculation                                                                              
00:38 +804 -5: D:/TulasiHotels/test/providers/expense_filter_test.dart: Expense filtering logic total expense calculation                                                                              
00:38 +804 -5: loading D:/TulasiHotels/test/providers/khata_logic_test.dart                                                                                                                            
00:38 +804 -5: D:/TulasiHotels/test/providers/khata_logic_test.dart: CustomerModel should create customer with default balance 0                                                                       
00:38 +805 -5: D:/TulasiHotels/test/providers/khata_logic_test.dart: CustomerModel should create customer with default balance 0                                                                       
00:38 +805 -5: D:/TulasiHotels/test/providers/khata_logic_test.dart: CustomerModel hasDue should be true when balance > 0                                                                              
00:38 +806 -5: D:/TulasiHotels/test/providers/khata_logic_test.dart: CustomerModel hasDue should be true when balance > 0                                                                              
00:38 +806 -5: D:/TulasiHotels/test/providers/khata_logic_test.dart: CustomerModel hasDue should be false when balance = 0 or negative                                                                 
00:38 +807 -5: D:/TulasiHotels/test/providers/khata_logic_test.dart: CustomerModel hasDue should be false when balance = 0 or negative                                                                 
00:38 +807 -5: D:/TulasiHotels/test/providers/khata_logic_test.dart: CustomerModel daysSinceLastTransaction returns null when no transaction                                                           
00:38 +808 -5: D:/TulasiHotels/test/providers/khata_logic_test.dart: CustomerModel daysSinceLastTransaction returns null when no transaction                                                           
00:38 +808 -5: D:/TulasiHotels/test/providers/khata_logic_test.dart: CustomerModel isOverdue should be true when > 30 days since last transaction                                                      
00:38 +809 -5: D:/TulasiHotels/test/providers/khata_logic_test.dart: CustomerModel isOverdue should be true when > 30 days since last transaction                                                      
00:38 +809 -5: D:/TulasiHotels/test/providers/khata_logic_test.dart: CustomerModel isOverdue should be false when < 30 days                                                                            
00:38 +810 -5: D:/TulasiHotels/test/providers/khata_logic_test.dart: CustomerModel isOverdue should be false when < 30 days                                                                            
00:38 +810 -5: D:/TulasiHotels/test/providers/khata_logic_test.dart: CustomerModel isOverdue should be false when no transaction history                                                               
00:38 +811 -5: D:/TulasiHotels/test/providers/khata_logic_test.dart: CustomerModel isOverdue should be false when no transaction history                                                               
00:38 +811 -5: D:/TulasiHotels/test/providers/khata_logic_test.dart: CustomerModel copyWith should update specified fields                                                                             
00:38 +812 -5: D:/TulasiHotels/test/providers/khata_logic_test.dart: CustomerModel copyWith should update specified fields                                                                             
00:38 +812 -5: D:/TulasiHotels/test/providers/khata_logic_test.dart: CustomerModel copyWith preserves original fields when not specified                                                               
00:38 +813 -5: D:/TulasiHotels/test/providers/khata_logic_test.dart: CustomerModel copyWith preserves original fields when not specified                                                               
00:38 +813 -5: D:/TulasiHotels/test/providers/khata_logic_test.dart: TransactionModel purchase should have positive signedAmount                                                                       
00:38 +814 -5: D:/TulasiHotels/test/providers/khata_logic_test.dart: TransactionModel purchase should have positive signedAmount                                                                       
00:38 +814 -5: D:/TulasiHotels/test/providers/khata_logic_test.dart: TransactionModel payment should have negative signedAmount                                                                        
00:38 +815 -5: D:/TulasiHotels/test/providers/khata_logic_test.dart: TransactionModel payment should have negative signedAmount                                                                        
00:38 +815 -5: D:/TulasiHotels/test/providers/khata_logic_test.dart: TransactionModel purchase isDebit=true, payment isDebit=false                                                                     
00:38 +816 -5: D:/TulasiHotels/test/providers/khata_logic_test.dart: TransactionModel purchase isDebit=true, payment isDebit=false                                                                     
00:38 +816 -5: D:/TulasiHotels/test/providers/khata_logic_test.dart: TransactionModel TransactionType display names                                                                                    
00:38 +817 -5: D:/TulasiHotels/test/providers/khata_logic_test.dart: TransactionModel TransactionType display names                                                                                    
00:38 +817 -5: D:/TulasiHotels/test/providers/khata_logic_test.dart: TransactionModel TransactionType fromString handles unknown                                                                       
00:38 +818 -5: D:/TulasiHotels/test/providers/khata_logic_test.dart: TransactionModel TransactionType fromString handles unknown                                                                       
00:38 +818 -5: D:/TulasiHotels/test/providers/khata_logic_test.dart: TransactionModel TransactionType fromString parses valid types                                                                    
00:38 +819 -5: D:/TulasiHotels/test/providers/khata_logic_test.dart: TransactionModel TransactionType fromString parses valid types                                                                    
00:38 +819 -5: D:/TulasiHotels/test/providers/khata_logic_test.dart: Khata business logic ├óΓé¼ΓÇ¥ balance tracking simulation credit purchase increases balance, payment decreases it                      
00:38 +820 -5: D:/TulasiHotels/test/providers/khata_logic_test.dart: Khata business logic ├óΓé¼ΓÇ¥ balance tracking simulation credit purchase increases balance, payment decreases it                      
00:38 +820 -5: D:/TulasiHotels/test/providers/khata_logic_test.dart: Khata business logic ├óΓé¼ΓÇ¥ balance tracking simulation multiple transactions compute correct final balance                          
00:38 +821 -5: D:/TulasiHotels/test/providers/khata_logic_test.dart: Khata business logic ├óΓé¼ΓÇ¥ balance tracking simulation multiple transactions compute correct final balance                          
00:38 +821 -5: D:/TulasiHotels/test/providers/khata_logic_test.dart: Khata business logic ├óΓé¼ΓÇ¥ balance tracking simulation sort transactions by date descending                                         
00:38 +822 -5: D:/TulasiHotels/test/providers/khata_logic_test.dart: Khata business logic ├óΓé¼ΓÇ¥ balance tracking simulation sort transactions by date descending                                         
00:38 +822 -5: loading D:/TulasiHotels/test/providers/khata_stats_test.dart                                                                                                                            
00:38 +822 -5: D:/TulasiHotels/test/providers/khata_stats_test.dart: KhataStats creates with required fields                                                                                           
00:38 +823 -5: D:/TulasiHotels/test/providers/khata_stats_test.dart: KhataStats creates with required fields                                                                                           
00:38 +823 -5: D:/TulasiHotels/test/providers/khata_stats_test.dart: KhataStats empty factory creates zeros                                                                                            
00:38 +824 -5: D:/TulasiHotels/test/providers/khata_stats_test.dart: KhataStats empty factory creates zeros                                                                                            
00:38 +824 -5: D:/TulasiHotels/test/providers/khata_stats_test.dart: CustomerSortOption has 4 options                                                                                                  
00:38 +825 -5: D:/TulasiHotels/test/providers/khata_stats_test.dart: CustomerSortOption has 4 options                                                                                                  
00:38 +825 -5: D:/TulasiHotels/test/providers/khata_stats_test.dart: CustomerSortOption all options are accessible                                                                                     
00:38 +826 -5: D:/TulasiHotels/test/providers/khata_stats_test.dart: CustomerSortOption all options are accessible                                                                                     
00:38 +826 -5: D:/TulasiHotels/test/providers/khata_stats_test.dart: Outstanding calculation no customers gives zero outstanding                                                                       
00:38 +827 -5: D:/TulasiHotels/test/providers/khata_stats_test.dart: Outstanding calculation no customers gives zero outstanding                                                                       
00:38 +827 -5: D:/TulasiHotels/test/providers/khata_stats_test.dart: Outstanding calculation single customer with positive balance                                                                     
00:38 +828 -5: D:/TulasiHotels/test/providers/khata_stats_test.dart: Outstanding calculation single customer with positive balance                                                                     
00:38 +828 -5: D:/TulasiHotels/test/providers/khata_stats_test.dart: Outstanding calculation negative balance is not counted as outstanding                                                            
00:38 +829 -5: D:/TulasiHotels/test/providers/khata_stats_test.dart: Outstanding calculation negative balance is not counted as outstanding                                                            
00:38 +829 -5: D:/TulasiHotels/test/providers/khata_stats_test.dart: Outstanding calculation zero balance is not counted                                                                               
00:38 +830 -5: D:/TulasiHotels/test/providers/khata_stats_test.dart: Outstanding calculation zero balance is not counted                                                                               
00:38 +830 -5: D:/TulasiHotels/test/providers/khata_stats_test.dart: Outstanding calculation mixed balances summed correctly                                                                           
00:38 +831 -5: D:/TulasiHotels/test/providers/khata_stats_test.dart: Outstanding calculation mixed balances summed correctly                                                                           
00:38 +831 -5: D:/TulasiHotels/test/providers/khata_stats_test.dart: Customer sorting highestDebt sorts by balance descending                                                                          
00:38 +832 -5: D:/TulasiHotels/test/providers/khata_stats_test.dart: Customer sorting highestDebt sorts by balance descending                                                                          
00:38 +832 -5: D:/TulasiHotels/test/providers/khata_stats_test.dart: Customer sorting alphabetical sorts by name                                                                                       
00:38 +833 -5: D:/TulasiHotels/test/providers/khata_stats_test.dart: Customer sorting alphabetical sorts by name                                                                                       
00:38 +833 -5: D:/TulasiHotels/test/providers/khata_stats_test.dart: Customer sorting recentlyActive sorts by last transaction date                                                                    
00:38 +834 -5: D:/TulasiHotels/test/providers/khata_stats_test.dart: Customer sorting recentlyActive sorts by last transaction date                                                                    
00:39 +834 -5: D:/TulasiHotels/test/providers/khata_stats_test.dart: Customer sorting recentlyActive sorts by last transaction date                                                                    
00:39 +834 -5: loading D:/TulasiHotels/test/providers/paginated_provider_test.dart                                                                                                                     
00:39 +834 -5: D:/TulasiHotels/test/providers/paginated_provider_test.dart: PaginatedState default state is correct                                                                                    
00:39 +835 -5: D:/TulasiHotels/test/providers/paginated_provider_test.dart: PaginatedState default state is correct                                                                                    
00:39 +835 -5: D:/TulasiHotels/test/providers/paginated_provider_test.dart: PaginatedState copyWith preserves unchanged fields                                                                         
00:39 +836 -5: D:/TulasiHotels/test/providers/paginated_provider_test.dart: PaginatedState copyWith preserves unchanged fields                                                                         
00:39 +836 -5: D:/TulasiHotels/test/providers/paginated_provider_test.dart: PaginatedState copyWith clears error when not specified                                                                    
00:39 +837 -5: D:/TulasiHotels/test/providers/paginated_provider_test.dart: PaginatedState copyWith clears error when not specified                                                                    
00:39 +837 -5: D:/TulasiHotels/test/providers/paginated_provider_test.dart: PaginatedState copyWith overrides items                                                                                    
00:39 +838 -5: D:/TulasiHotels/test/providers/paginated_provider_test.dart: PaginatedState copyWith overrides items                                                                                    
00:39 +838 -5: D:/TulasiHotels/test/providers/paginated_provider_test.dart: PaginatedNotifier initial state before loadInitial                                                                         
00:39 +839 -5: D:/TulasiHotels/test/providers/paginated_provider_test.dart: PaginatedNotifier initial state before loadInitial                                                                         
00:39 +839 -5: D:/TulasiHotels/test/providers/paginated_provider_test.dart: PaginatedNotifier loadInitial loads first page                                                                             
00:39 +840 -5: D:/TulasiHotels/test/providers/paginated_provider_test.dart: PaginatedNotifier loadInitial loads first page                                                                             
00:39 +840 -5: D:/TulasiHotels/test/providers/paginated_provider_test.dart: PaginatedNotifier loadInitial with fewer items than pageSize sets hasMore=false                                            
00:39 +841 -5: D:/TulasiHotels/test/providers/paginated_provider_test.dart: PaginatedNotifier loadInitial with fewer items than pageSize sets hasMore=false                                            
00:39 +841 -5: D:/TulasiHotels/test/providers/paginated_provider_test.dart: PaginatedNotifier loadInitial with empty result                                                                            
00:39 +842 -5: D:/TulasiHotels/test/providers/paginated_provider_test.dart: PaginatedNotifier loadInitial with empty result                                                                            
00:39 +842 -5: D:/TulasiHotels/test/providers/paginated_provider_test.dart: PaginatedNotifier loadMore appends to existing items                                                                       
00:39 +843 -5: D:/TulasiHotels/test/providers/paginated_provider_test.dart: PaginatedNotifier loadMore appends to existing items                                                                       
00:39 +843 -5: D:/TulasiHotels/test/providers/paginated_provider_test.dart: PaginatedNotifier loadMore does nothing when hasMore is false                                                              
00:39 +844 -5: D:/TulasiHotels/test/providers/paginated_provider_test.dart: PaginatedNotifier loadMore does nothing when hasMore is false                                                              
00:39 +844 -5: D:/TulasiHotels/test/providers/paginated_provider_test.dart: PaginatedNotifier loadInitial handles fetcher error                                                                        
00:39 +845 -5: D:/TulasiHotels/test/providers/paginated_provider_test.dart: PaginatedNotifier loadInitial handles fetcher error                                                                        
00:39 +845 -5: D:/TulasiHotels/test/providers/paginated_provider_test.dart: PaginatedNotifier loadMore handles fetcher error                                                                           
00:39 +846 -5: D:/TulasiHotels/test/providers/paginated_provider_test.dart: PaginatedNotifier loadMore handles fetcher error                                                                           
00:39 +846 -5: D:/TulasiHotels/test/providers/paginated_provider_test.dart: PaginatedNotifier refresh reloads from scratch                                                                             
00:39 +847 -5: D:/TulasiHotels/test/providers/paginated_provider_test.dart: PaginatedNotifier refresh reloads from scratch                                                                             
00:40 +847 -5: D:/TulasiHotels/test/providers/paginated_provider_test.dart: PaginatedNotifier refresh reloads from scratch                                                                             
00:40 +847 -5: loading D:/TulasiHotels/test/providers/phone_auth_state_test.dart                                                                                                                       
00:40 +847 -5: D:/TulasiHotels/test/providers/phone_auth_state_test.dart: PhoneAuthStatus has 6 values                                                                                                 
00:40 +848 -5: D:/TulasiHotels/test/providers/phone_auth_state_test.dart: PhoneAuthStatus has 6 values                                                                                                 
00:40 +848 -5: D:/TulasiHotels/test/providers/phone_auth_state_test.dart: PhoneAuthStatus all values accessible                                                                                        
00:40 +849 -5: D:/TulasiHotels/test/providers/phone_auth_state_test.dart: PhoneAuthStatus all values accessible                                                                                        
00:40 +849 -5: D:/TulasiHotels/test/providers/phone_auth_state_test.dart: PhoneAuthState defaults default constructor has initial status                                                               
00:40 +850 -5: D:/TulasiHotels/test/providers/phone_auth_state_test.dart: PhoneAuthState defaults default constructor has initial status                                                               
00:40 +850 -5: D:/TulasiHotels/test/providers/phone_auth_state_test.dart: PhoneAuthState.copyWith preserves all fields when no args                                                                    
00:40 +851 -5: D:/TulasiHotels/test/providers/phone_auth_state_test.dart: PhoneAuthState.copyWith preserves all fields when no args                                                                    
00:40 +851 -5: D:/TulasiHotels/test/providers/phone_auth_state_test.dart: PhoneAuthState.copyWith overrides status                                                                                     
00:40 +852 -5: D:/TulasiHotels/test/providers/phone_auth_state_test.dart: PhoneAuthState.copyWith overrides status                                                                                     
00:40 +852 -5: D:/TulasiHotels/test/providers/phone_auth_state_test.dart: PhoneAuthState.copyWith error parameter always replaces (even with null)                                                     
00:40 +853 -5: D:/TulasiHotels/test/providers/phone_auth_state_test.dart: PhoneAuthState.copyWith error parameter always replaces (even with null)                                                     
00:40 +853 -5: D:/TulasiHotels/test/providers/phone_auth_state_test.dart: PhoneAuthState.copyWith error is set when provided                                                                           
00:40 +854 -5: D:/TulasiHotels/test/providers/phone_auth_state_test.dart: PhoneAuthState.copyWith error is set when provided                                                                           
00:40 +854 -5: D:/TulasiHotels/test/providers/phone_auth_state_test.dart: PhoneAuthState.copyWith can update countdown and canResend                                                                   
00:40 +855 -5: D:/TulasiHotels/test/providers/phone_auth_state_test.dart: PhoneAuthState.copyWith can update countdown and canResend                                                                   
00:40 +855 -5: D:/TulasiHotels/test/providers/phone_auth_state_test.dart: PhoneAuthState.copyWith state transitions: initial ΓåÆ sending ΓåÆ codeSent ΓåÆ verifying ΓåÆ verified                               
00:40 +856 -5: D:/TulasiHotels/test/providers/phone_auth_state_test.dart: PhoneAuthState.copyWith state transitions: initial ΓåÆ sending ΓåÆ codeSent ΓåÆ verifying ΓåÆ verified                               
00:40 +856 -5: D:/TulasiHotels/test/providers/phone_auth_state_test.dart: formatPhoneNumber 10-digit Indian number gets +91 prefix                                                                     
00:40 +857 -5: D:/TulasiHotels/test/providers/phone_auth_state_test.dart: formatPhoneNumber 10-digit Indian number gets +91 prefix                                                                     
00:40 +857 -5: D:/TulasiHotels/test/providers/phone_auth_state_test.dart: formatPhoneNumber strips leading zero                                                                                        
00:40 +858 -5: D:/TulasiHotels/test/providers/phone_auth_state_test.dart: formatPhoneNumber strips leading zero                                                                                        
00:40 +858 -5: D:/TulasiHotels/test/providers/phone_auth_state_test.dart: formatPhoneNumber preserves existing + prefix                                                                                
00:40 +859 -5: D:/TulasiHotels/test/providers/phone_auth_state_test.dart: formatPhoneNumber preserves existing + prefix                                                                                
00:40 +859 -5: D:/TulasiHotels/test/providers/phone_auth_state_test.dart: formatPhoneNumber strips spaces                                                                                              
00:40 +860 -5: D:/TulasiHotels/test/providers/phone_auth_state_test.dart: formatPhoneNumber strips spaces                                                                                              
00:40 +860 -5: D:/TulasiHotels/test/providers/phone_auth_state_test.dart: formatPhoneNumber strips hyphens                                                                                             
00:40 +861 -5: D:/TulasiHotels/test/providers/phone_auth_state_test.dart: formatPhoneNumber strips hyphens                                                                                             
00:40 +861 -5: D:/TulasiHotels/test/providers/phone_auth_state_test.dart: formatPhoneNumber strips parentheses                                                                                         
00:40 +862 -5: D:/TulasiHotels/test/providers/phone_auth_state_test.dart: formatPhoneNumber strips parentheses                                                                                         
00:40 +862 -5: D:/TulasiHotels/test/providers/phone_auth_state_test.dart: formatPhoneNumber handles combined formatting                                                                                
00:40 +863 -5: D:/TulasiHotels/test/providers/phone_auth_state_test.dart: formatPhoneNumber handles combined formatting                                                                                
00:40 +863 -5: D:/TulasiHotels/test/providers/phone_auth_state_test.dart: sendOtp state management copyWith preserves resendToken when transitioning to sending                                        
00:40 +864 -5: D:/TulasiHotels/test/providers/phone_auth_state_test.dart: sendOtp state management copyWith preserves resendToken when transitioning to sending                                        
00:40 +864 -5: D:/TulasiHotels/test/providers/phone_auth_state_test.dart: sendOtp state management new PhoneAuthState constructor loses resendToken (old bug)                                          
00:40 +865 -5: D:/TulasiHotels/test/providers/phone_auth_state_test.dart: sendOtp state management new PhoneAuthState constructor loses resendToken (old bug)                                          
00:40 +865 -5: D:/TulasiHotels/test/providers/phone_auth_state_test.dart: provider-already-linked handling verified status is distinct from error status                                               
00:40 +866 -5: D:/TulasiHotels/test/providers/phone_auth_state_test.dart: provider-already-linked handling verified status is distinct from error status                                               
00:40 +866 -5: D:/TulasiHotels/test/providers/phone_auth_state_test.dart: auto-verification failure recovery codeSent status lets user enter code manually after auto-verify fail                      
00:40 +867 -5: D:/TulasiHotels/test/providers/phone_auth_state_test.dart: auto-verification failure recovery codeSent status lets user enter code manually after auto-verify fail                      
00:40 +867 -5: D:/TulasiHotels/test/providers/phone_auth_state_test.dart: auto-verification failure recovery error status blocks manual code entry                                                     
00:40 +868 -5: D:/TulasiHotels/test/providers/phone_auth_state_test.dart: auto-verification failure recovery error status blocks manual code entry                                                     
00:40 +868 -5: loading D:/TulasiHotels/test/providers/products_provider_test.dart                                                                                                                      
00:40 +868 -5: D:/TulasiHotels/test/providers/products_provider_test.dart: Products path construction _productsPath format is users/UID/products                                                       
00:40 +869 -5: D:/TulasiHotels/test/providers/products_provider_test.dart: Products path construction _productsPath format is users/UID/products                                                       
00:40 +869 -5: D:/TulasiHotels/test/providers/products_provider_test.dart: Products path construction path is different for different UIDs                                                             
00:40 +870 -5: D:/TulasiHotels/test/providers/products_provider_test.dart: Products path construction path is different for different UIDs                                                             
00:40 +870 -5: D:/TulasiHotels/test/providers/products_provider_test.dart: Products query limits query limit is defined and reasonable                                                                 
00:40 +871 -5: D:/TulasiHotels/test/providers/products_provider_test.dart: Products query limits query limit is defined and reasonable                                                                 
00:40 +871 -5: D:/TulasiHotels/test/providers/products_provider_test.dart: Products pagination logic default page size is 50                                                                           
00:40 +872 -5: D:/TulasiHotels/test/providers/products_provider_test.dart: Products pagination logic default page size is 50                                                                           
00:40 +872 -5: D:/TulasiHotels/test/providers/products_provider_test.dart: Products pagination logic empty page means no more data                                                                     
00:40 +873 -5: D:/TulasiHotels/test/providers/products_provider_test.dart: Products pagination logic empty page means no more data                                                                     
00:40 +873 -5: D:/TulasiHotels/test/providers/products_provider_test.dart: Products pagination logic full page suggests more data available                                                            
00:40 +874 -5: D:/TulasiHotels/test/providers/products_provider_test.dart: Products pagination logic full page suggests more data available                                                            
00:40 +874 -5: D:/TulasiHotels/test/providers/products_provider_test.dart: Products ├óΓé¼ΓÇ¥ model validation product with zero price is valid (freebie)                                                    
00:40 +875 -5: D:/TulasiHotels/test/providers/products_provider_test.dart: Products ├óΓé¼ΓÇ¥ model validation product with zero price is valid (freebie)                                                    
00:40 +875 -5: D:/TulasiHotels/test/providers/products_provider_test.dart: Products ├óΓé¼ΓÇ¥ model validation product with zero stock is valid (out of stock)                                               
00:40 +876 -5: D:/TulasiHotels/test/providers/products_provider_test.dart: Products ├óΓé¼ΓÇ¥ model validation product with zero stock is valid (out of stock)                                               
00:40 +876 -5: D:/TulasiHotels/test/providers/products_provider_test.dart: Products ├óΓé¼ΓÇ¥ model validation product with negative stock is technically valid                                              
00:40 +877 -5: D:/TulasiHotels/test/providers/products_provider_test.dart: Products ├óΓé¼ΓÇ¥ model validation product with negative stock is technically valid                                              
00:40 +877 -5: D:/TulasiHotels/test/providers/products_provider_test.dart: Products ├óΓé¼ΓÇ¥ model validation product with purchase price enables profit calc                                               
00:40 +878 -5: D:/TulasiHotels/test/providers/products_provider_test.dart: Products ├óΓé¼ΓÇ¥ model validation product with purchase price enables profit calc                                               
00:40 +878 -5: D:/TulasiHotels/test/providers/products_provider_test.dart: Products ├óΓé¼ΓÇ¥ model validation product without purchase price has null margin                                                
00:40 +879 -5: D:/TulasiHotels/test/providers/products_provider_test.dart: Products ├óΓé¼ΓÇ¥ model validation product without purchase price has null margin                                                
00:40 +879 -5: D:/TulasiHotels/test/providers/products_provider_test.dart: Products ├óΓé¼ΓÇ¥ sorting products sort by name alphabetically                                                                   
00:40 +880 -5: D:/TulasiHotels/test/providers/products_provider_test.dart: Products ├óΓé¼ΓÇ¥ sorting products sort by name alphabetically                                                                   
00:40 +880 -5: D:/TulasiHotels/test/providers/products_provider_test.dart: Products ├óΓé¼ΓÇ¥ 10K scale warnings 1000+ products triggers performance warning threshold                                       
00:40 +881 -5: D:/TulasiHotels/test/providers/products_provider_test.dart: Products ├óΓé¼ΓÇ¥ 10K scale warnings 1000+ products triggers performance warning threshold                                       
00:40 +881 -5: D:/TulasiHotels/test/providers/products_provider_test.dart: Products ├óΓé¼ΓÇ¥ unit enum coverage ProductUnit has all expected values                                                         
00:41 +882 -5: D:/TulasiHotels/test/providers/products_provider_test.dart: Products ├óΓé¼ΓÇ¥ unit enum coverage ProductUnit has all expected values                                                         
00:41 +882 -5: loading D:/TulasiHotels/test/providers/reports_provider_test.dart                                                                                                                       
00:41 +882 -5: D:/TulasiHotels/test/providers/reports_provider_test.dart: ReportPeriod has 4 values                                                                                                    
00:41 +883 -5: D:/TulasiHotels/test/providers/reports_provider_test.dart: ReportPeriod has 4 values                                                                                                    
00:41 +883 -5: D:/TulasiHotels/test/providers/reports_provider_test.dart: ReportPeriod all have display names                                                                                          
00:41 +884 -5: D:/TulasiHotels/test/providers/reports_provider_test.dart: ReportPeriod all have display names                                                                                          
00:41 +884 -5: D:/TulasiHotels/test/providers/reports_provider_test.dart: ReportPeriod today.dateRange covers today                                                                                    
00:41 +885 -5: D:/TulasiHotels/test/providers/reports_provider_test.dart: ReportPeriod today.dateRange covers today                                                                                    
00:41 +885 -5: D:/TulasiHotels/test/providers/reports_provider_test.dart: ReportPeriod month.dateRange starts on 1st                                                                                   
00:41 +886 -5: D:/TulasiHotels/test/providers/reports_provider_test.dart: ReportPeriod month.dateRange starts on 1st                                                                                   
00:41 +886 -5: D:/TulasiHotels/test/providers/reports_provider_test.dart: ReportPeriod today.getDateRange offset=-1 gives yesterday                                                                    
00:41 +887 -5: D:/TulasiHotels/test/providers/reports_provider_test.dart: ReportPeriod today.getDateRange offset=-1 gives yesterday                                                                    
00:41 +887 -5: D:/TulasiHotels/test/providers/reports_provider_test.dart: ReportPeriod week.getDateRange starts on Monday                                                                              
00:41 +888 -5: D:/TulasiHotels/test/providers/reports_provider_test.dart: ReportPeriod week.getDateRange starts on Monday                                                                              
00:41 +888 -5: D:/TulasiHotels/test/providers/reports_provider_test.dart: DateRange today factory covers current day                                                                                   
00:41 +889 -5: D:/TulasiHotels/test/providers/reports_provider_test.dart: DateRange today factory covers current day                                                                                   
00:41 +889 -5: D:/TulasiHotels/test/providers/reports_provider_test.dart: DateRange thisMonth factory starts on 1st                                                                                    
00:41 +890 -5: D:/TulasiHotels/test/providers/reports_provider_test.dart: DateRange thisMonth factory starts on 1st                                                                                    
00:41 +890 -5: D:/TulasiHotels/test/providers/reports_provider_test.dart: DateRange custom factory sets correct bounds                                                                                 
00:41 +891 -5: D:/TulasiHotels/test/providers/reports_provider_test.dart: DateRange custom factory sets correct bounds                                                                                 
00:41 +891 -5: D:/TulasiHotels/test/providers/reports_provider_test.dart: DateRange startStr formats correctly                                                                                         
00:41 +892 -5: D:/TulasiHotels/test/providers/reports_provider_test.dart: DateRange startStr formats correctly                                                                                         
00:41 +892 -5: D:/TulasiHotels/test/providers/reports_provider_test.dart: DateRange endStr formats correctly                                                                                           
00:41 +893 -5: D:/TulasiHotels/test/providers/reports_provider_test.dart: DateRange endStr formats correctly                                                                                           
00:41 +893 -5: D:/TulasiHotels/test/providers/reports_provider_test.dart: getEffectiveDateRange uses period date range when not custom                                                                 
00:41 +894 -5: D:/TulasiHotels/test/providers/reports_provider_test.dart: getEffectiveDateRange uses period date range when not custom                                                                 
00:41 +894 -5: D:/TulasiHotels/test/providers/reports_provider_test.dart: getEffectiveDateRange uses custom range when period is custom                                                                
00:41 +895 -5: D:/TulasiHotels/test/providers/reports_provider_test.dart: getEffectiveDateRange uses custom range when period is custom                                                                
00:41 +895 -5: D:/TulasiHotels/test/providers/reports_provider_test.dart: getEffectiveDateRange falls back to today when custom range is null                                                          
00:41 +896 -5: D:/TulasiHotels/test/providers/reports_provider_test.dart: getEffectiveDateRange falls back to today when custom range is null                                                          
00:41 +896 -5: D:/TulasiHotels/test/providers/reports_provider_test.dart: getEffectiveDateRange applies offset to period                                                                               
00:41 +897 -5: D:/TulasiHotels/test/providers/reports_provider_test.dart: getEffectiveDateRange applies offset to period                                                                               
00:41 +897 -5: D:/TulasiHotels/test/providers/reports_provider_test.dart: SalesSummary empty factory creates zeros                                                                                     
00:41 +898 -5: D:/TulasiHotels/test/providers/reports_provider_test.dart: SalesSummary empty factory creates zeros                                                                                     
00:41 +898 -5: D:/TulasiHotels/test/providers/reports_provider_test.dart: SalesSummary profit is sales minus expenses                                                                                  
00:41 +899 -5: D:/TulasiHotels/test/providers/reports_provider_test.dart: SalesSummary profit is sales minus expenses                                                                                  
00:41 +899 -5: D:/TulasiHotels/test/providers/reports_provider_test.dart: SalesSummary cashPercentage calculation                                                                                      
00:41 +900 -5: D:/TulasiHotels/test/providers/reports_provider_test.dart: SalesSummary cashPercentage calculation                                                                                      
00:41 +900 -5: D:/TulasiHotels/test/providers/reports_provider_test.dart: SalesSummary percentages are 0 when no sales                                                                                 
00:41 +901 -5: D:/TulasiHotels/test/providers/reports_provider_test.dart: SalesSummary percentages are 0 when no sales                                                                                 
00:41 +901 -5: D:/TulasiHotels/test/providers/reports_provider_test.dart: ProductSale creates correctly                                                                                                
00:41 +902 -5: D:/TulasiHotels/test/providers/reports_provider_test.dart: ProductSale creates correctly                                                                                                
00:41 +902 -5: D:/TulasiHotels/test/providers/reports_provider_test.dart: Sales aggregation logic empty bill list gives zero summary                                                                   
00:41 +903 -5: D:/TulasiHotels/test/providers/reports_provider_test.dart: Sales aggregation logic empty bill list gives zero summary                                                                   
00:41 +903 -5: D:/TulasiHotels/test/providers/reports_provider_test.dart: Sales aggregation logic single cash bill aggregates correctly                                                                
00:41 +904 -5: D:/TulasiHotels/test/providers/reports_provider_test.dart: Sales aggregation logic single cash bill aggregates correctly                                                                
00:41 +904 -5: D:/TulasiHotels/test/providers/reports_provider_test.dart: Sales aggregation logic mixed payment methods bucketize correctly                                                            
00:41 +905 -5: D:/TulasiHotels/test/providers/reports_provider_test.dart: Sales aggregation logic mixed payment methods bucketize correctly                                                            
00:41 +905 -5: D:/TulasiHotels/test/providers/reports_provider_test.dart: Sales aggregation logic unknown payment method is not bucketed                                                               
00:41 +906 -5: D:/TulasiHotels/test/providers/reports_provider_test.dart: Sales aggregation logic unknown payment method is not bucketed                                                               
00:41 +906 -5: D:/TulasiHotels/test/providers/reports_provider_test.dart: Top products aggregation empty bills gives empty products                                                                    
00:41 +907 -5: D:/TulasiHotels/test/providers/reports_provider_test.dart: Top products aggregation empty bills gives empty products                                                                    
00:41 +907 -5: D:/TulasiHotels/test/providers/reports_provider_test.dart: Top products aggregation single bill with 2 items aggregates correctly                                                       
00:41 +908 -5: D:/TulasiHotels/test/providers/reports_provider_test.dart: Top products aggregation single bill with 2 items aggregates correctly                                                       
00:41 +908 -5: D:/TulasiHotels/test/providers/reports_provider_test.dart: Top products aggregation same product across multiple bills is merged                                                        
00:41 +909 -5: D:/TulasiHotels/test/providers/reports_provider_test.dart: Top products aggregation same product across multiple bills is merged                                                        
00:41 +909 -5: D:/TulasiHotels/test/providers/reports_provider_test.dart: Top products aggregation returns top 10 sorted by quantity                                                                   
00:41 +910 -5: D:/TulasiHotels/test/providers/reports_provider_test.dart: Top products aggregation returns top 10 sorted by quantity                                                                   
00:42 +910 -5: D:/TulasiHotels/test/providers/reports_provider_test.dart: Top products aggregation returns top 10 sorted by quantity                                                                   
00:42 +910 -5: loading D:/TulasiHotels/test/providers/settings_provider_test.dart                                                                                                                      
00:42 +910 -5: D:/TulasiHotels/test/providers/settings_provider_test.dart: AppSettings defaults are correct                                                                                            
00:42 +911 -5: D:/TulasiHotels/test/providers/settings_provider_test.dart: AppSettings defaults are correct                                                                                            
00:42 +911 -5: D:/TulasiHotels/test/providers/settings_provider_test.dart: AppSettings copyWith preserves unchanged fields                                                                             
00:42 +912 -5: D:/TulasiHotels/test/providers/settings_provider_test.dart: AppSettings copyWith preserves unchanged fields                                                                             
00:42 +912 -5: D:/TulasiHotels/test/providers/settings_provider_test.dart: AppSettings copyWith overrides specified fields                                                                             
00:42 +913 -5: D:/TulasiHotels/test/providers/settings_provider_test.dart: AppSettings copyWith overrides specified fields                                                                             
00:42 +913 -5: D:/TulasiHotels/test/providers/settings_provider_test.dart: AppSettings retentionPeriod derives from retentionDays                                                                      
00:42 +914 -5: D:/TulasiHotels/test/providers/settings_provider_test.dart: AppSettings retentionPeriod derives from retentionDays                                                                      
00:42 +914 -5: D:/TulasiHotels/test/providers/settings_provider_test.dart: AppLanguage has 3 languages                                                                                                 
00:42 +915 -5: D:/TulasiHotels/test/providers/settings_provider_test.dart: AppLanguage has 3 languages                                                                                                 
00:42 +915 -5: D:/TulasiHotels/test/providers/settings_provider_test.dart: AppLanguage english has code en                                                                                             
00:42 +916 -5: D:/TulasiHotels/test/providers/settings_provider_test.dart: AppLanguage english has code en                                                                                             
00:42 +916 -5: D:/TulasiHotels/test/providers/settings_provider_test.dart: AppLanguage hindi has code hi                                                                                               
00:42 +917 -5: D:/TulasiHotels/test/providers/settings_provider_test.dart: AppLanguage hindi has code hi                                                                                               
00:42 +917 -5: D:/TulasiHotels/test/providers/settings_provider_test.dart: AppLanguage telugu has code te                                                                                              
00:42 +918 -5: D:/TulasiHotels/test/providers/settings_provider_test.dart: AppLanguage telugu has code te                                                                                              
00:42 +918 -5: D:/TulasiHotels/test/providers/settings_provider_test.dart: AppLanguage fromCode returns matching language                                                                              
00:42 +919 -5: D:/TulasiHotels/test/providers/settings_provider_test.dart: AppLanguage fromCode returns matching language                                                                              
00:42 +919 -5: D:/TulasiHotels/test/providers/settings_provider_test.dart: AppLanguage fromCode defaults to english for unknown code                                                                   
00:42 +920 -5: D:/TulasiHotels/test/providers/settings_provider_test.dart: AppLanguage fromCode defaults to english for unknown code                                                                   
00:42 +920 -5: D:/TulasiHotels/test/providers/settings_provider_test.dart: PrinterFontSize has 3 sizes                                                                                                 
00:42 +921 -5: D:/TulasiHotels/test/providers/settings_provider_test.dart: PrinterFontSize has 3 sizes                                                                                                 
00:42 +921 -5: D:/TulasiHotels/test/providers/settings_provider_test.dart: PrinterFontSize small has value 0                                                                                           
00:42 +922 -5: D:/TulasiHotels/test/providers/settings_provider_test.dart: PrinterFontSize small has value 0                                                                                           
00:42 +922 -5: D:/TulasiHotels/test/providers/settings_provider_test.dart: PrinterFontSize normal has value 1                                                                                          
00:42 +923 -5: D:/TulasiHotels/test/providers/settings_provider_test.dart: PrinterFontSize normal has value 1                                                                                          
00:42 +923 -5: D:/TulasiHotels/test/providers/settings_provider_test.dart: PrinterFontSize large has value 2                                                                                           
00:42 +924 -5: D:/TulasiHotels/test/providers/settings_provider_test.dart: PrinterFontSize large has value 2                                                                                           
00:42 +924 -5: D:/TulasiHotels/test/providers/settings_provider_test.dart: PrinterFontSize fromValue returns matching size                                                                             
00:42 +925 -5: D:/TulasiHotels/test/providers/settings_provider_test.dart: PrinterFontSize fromValue returns matching size                                                                             
00:42 +925 -5: D:/TulasiHotels/test/providers/settings_provider_test.dart: PrinterFontSize fromValue defaults to normal for unknown value                                                              
00:42 +926 -5: D:/TulasiHotels/test/providers/settings_provider_test.dart: PrinterFontSize fromValue defaults to normal for unknown value                                                              
00:42 +926 -5: D:/TulasiHotels/test/providers/settings_provider_test.dart: PrinterTypeOption has 4 types                                                                                               
00:42 +927 -5: D:/TulasiHotels/test/providers/settings_provider_test.dart: PrinterTypeOption has 4 types                                                                                               
00:42 +927 -5: D:/TulasiHotels/test/providers/settings_provider_test.dart: PrinterTypeOption system is not thermal                                                                                     
00:42 +928 -5: D:/TulasiHotels/test/providers/settings_provider_test.dart: PrinterTypeOption system is not thermal                                                                                     
00:42 +928 -5: D:/TulasiHotels/test/providers/settings_provider_test.dart: PrinterTypeOption bluetooth is thermal                                                                                      
00:42 +929 -5: D:/TulasiHotels/test/providers/settings_provider_test.dart: PrinterTypeOption bluetooth is thermal                                                                                      
00:42 +929 -5: D:/TulasiHotels/test/providers/settings_provider_test.dart: PrinterTypeOption usb is thermal                                                                                            
00:42 +930 -5: D:/TulasiHotels/test/providers/settings_provider_test.dart: PrinterTypeOption usb is thermal                                                                                            
00:42 +930 -5: D:/TulasiHotels/test/providers/settings_provider_test.dart: PrinterTypeOption wifi is thermal                                                                                           
00:42 +931 -5: D:/TulasiHotels/test/providers/settings_provider_test.dart: PrinterTypeOption wifi is thermal                                                                                           
00:42 +931 -5: D:/TulasiHotels/test/providers/settings_provider_test.dart: PrinterTypeOption fromString returns matching type                                                                          
00:42 +932 -5: D:/TulasiHotels/test/providers/settings_provider_test.dart: PrinterTypeOption fromString returns matching type                                                                          
00:42 +932 -5: D:/TulasiHotels/test/providers/settings_provider_test.dart: PrinterTypeOption fromString defaults to system for unknown                                                                 
00:42 +933 -5: D:/TulasiHotels/test/providers/settings_provider_test.dart: PrinterTypeOption fromString defaults to system for unknown                                                                 
00:42 +933 -5: D:/TulasiHotels/test/providers/settings_provider_test.dart: PrinterTypeOption all have labels                                                                                           
00:42 +934 -5: D:/TulasiHotels/test/providers/settings_provider_test.dart: PrinterTypeOption all have labels                                                                                           
00:42 +934 -5: D:/TulasiHotels/test/providers/settings_provider_test.dart: PrinterTypeOption all have descriptions                                                                                     
00:42 +935 -5: D:/TulasiHotels/test/providers/settings_provider_test.dart: PrinterTypeOption all have descriptions                                                                                     
00:42 +935 -5: D:/TulasiHotels/test/providers/settings_provider_test.dart: PrinterState defaults are correct                                                                                           
00:42 +936 -5: D:/TulasiHotels/test/providers/settings_provider_test.dart: PrinterState defaults are correct                                                                                           
00:42 +936 -5: D:/TulasiHotels/test/providers/settings_provider_test.dart: PrinterState paperSizeLabel for 58mm                                                                                        
00:42 +937 -5: D:/TulasiHotels/test/providers/settings_provider_test.dart: PrinterState paperSizeLabel for 58mm                                                                                        
00:42 +937 -5: D:/TulasiHotels/test/providers/settings_provider_test.dart: PrinterState paperSizeLabel for 80mm                                                                                        
00:42 +938 -5: D:/TulasiHotels/test/providers/settings_provider_test.dart: PrinterState paperSizeLabel for 80mm                                                                                        
00:42 +938 -5: D:/TulasiHotels/test/providers/settings_provider_test.dart: PrinterState fontSize returns correct enum                                                                                  
00:42 +939 -5: D:/TulasiHotels/test/providers/settings_provider_test.dart: PrinterState fontSize returns correct enum                                                                                  
00:42 +939 -5: D:/TulasiHotels/test/providers/settings_provider_test.dart: PrinterState effectiveWidth with auto (58mm)                                                                                
00:42 +940 -5: D:/TulasiHotels/test/providers/settings_provider_test.dart: PrinterState effectiveWidth with auto (58mm)                                                                                
00:42 +940 -5: D:/TulasiHotels/test/providers/settings_provider_test.dart: PrinterState effectiveWidth with auto (80mm)                                                                                
00:42 +941 -5: D:/TulasiHotels/test/providers/settings_provider_test.dart: PrinterState effectiveWidth with auto (80mm)                                                                                
00:42 +941 -5: D:/TulasiHotels/test/providers/settings_provider_test.dart: PrinterState effectiveWidth with custom width                                                                               
00:42 +942 -5: D:/TulasiHotels/test/providers/settings_provider_test.dart: PrinterState effectiveWidth with custom width                                                                               
00:42 +942 -5: D:/TulasiHotels/test/providers/settings_provider_test.dart: PrinterState widthLabel with auto                                                                                           
00:42 +943 -5: D:/TulasiHotels/test/providers/settings_provider_test.dart: PrinterState widthLabel with auto                                                                                           
00:42 +943 -5: D:/TulasiHotels/test/providers/settings_provider_test.dart: PrinterState widthLabel with custom                                                                                         
00:42 +944 -5: D:/TulasiHotels/test/providers/settings_provider_test.dart: PrinterState widthLabel with custom                                                                                         
00:42 +944 -5: D:/TulasiHotels/test/providers/settings_provider_test.dart: PrinterState copyWith preserves unchanged fields                                                                            
00:42 +945 -5: D:/TulasiHotels/test/providers/settings_provider_test.dart: PrinterState copyWith preserves unchanged fields                                                                            
00:42 +945 -5: D:/TulasiHotels/test/providers/settings_provider_test.dart: PrinterState copyWith clears error when not specified                                                                       
00:42 +946 -5: D:/TulasiHotels/test/providers/settings_provider_test.dart: PrinterState copyWith clears error when not specified                                                                       
00:42 +946 -5: D:/TulasiHotels/test/providers/settings_provider_test.dart: ThemeModeNotifier initial mode is system                                                                                    
00:42 +947 -5: D:/TulasiHotels/test/providers/settings_provider_test.dart: ThemeModeNotifier initial mode is system                                                                                    
00:42 +947 -5: D:/TulasiHotels/test/providers/settings_provider_test.dart: ThemeModeNotifier setThemeMode changes mode                                                                                 
00:42 +948 -5: D:/TulasiHotels/test/providers/settings_provider_test.dart: ThemeModeNotifier setThemeMode changes mode                                                                                 
00:42 +948 -5: D:/TulasiHotels/test/providers/settings_provider_test.dart: ThemeModeNotifier toggleDarkMode from system goes to dark                                                                   
00:42 +949 -5: D:/TulasiHotels/test/providers/settings_provider_test.dart: ThemeModeNotifier toggleDarkMode from system goes to dark                                                                   
00:42 +949 -5: D:/TulasiHotels/test/providers/settings_provider_test.dart: ThemeModeNotifier toggleDarkMode from dark goes to light                                                                    
00:42 +950 -5: D:/TulasiHotels/test/providers/settings_provider_test.dart: ThemeModeNotifier toggleDarkMode from dark goes to light                                                                    
00:42 +950 -5: D:/TulasiHotels/test/providers/settings_provider_test.dart: ThemeModeNotifier toggleDarkMode from light goes to dark                                                                    
00:42 +951 -5: D:/TulasiHotels/test/providers/settings_provider_test.dart: ThemeModeNotifier toggleDarkMode from light goes to dark                                                                    
00:42 +951 -5: D:/TulasiHotels/test/providers/settings_provider_test.dart: ThemeModeNotifier isDarkMode returns correct value                                                                          
00:42 +952 -5: D:/TulasiHotels/test/providers/settings_provider_test.dart: ThemeModeNotifier isDarkMode returns correct value                                                                          
00:42 +952 -5: D:/TulasiHotels/test/providers/settings_provider_test.dart: LanguageNotifier initial language is english                                                                                
00:42 +953 -5: D:/TulasiHotels/test/providers/settings_provider_test.dart: LanguageNotifier initial language is english                                                                                
00:42 +953 -5: D:/TulasiHotels/test/providers/settings_provider_test.dart: LanguageNotifier setLanguage changes language                                                                               
00:42 +954 -5: D:/TulasiHotels/test/providers/settings_provider_test.dart: LanguageNotifier setLanguage changes language                                                                               
00:42 +954 -5: D:/TulasiHotels/test/providers/settings_provider_test.dart: LanguageNotifier can set all languages                                                                                      
00:42 +955 -5: D:/TulasiHotels/test/providers/settings_provider_test.dart: LanguageNotifier can set all languages                                                                                      
00:43 +955 -5: D:/TulasiHotels/test/providers/settings_provider_test.dart: LanguageNotifier can set all languages                                                                                      
00:43 +955 -5: loading D:/TulasiHotels/test/providers/super_admin_data_test.dart                                                                                                                       
00:43 +955 -5: D:/TulasiHotels/test/providers/super_admin_data_test.dart: superAdminEmails contains expected email count                                                                               
00:43 +956 -5: D:/TulasiHotels/test/providers/super_admin_data_test.dart: superAdminEmails contains expected email count                                                                               
00:43 +956 -5: D:/TulasiHotels/test/providers/super_admin_data_test.dart: superAdminEmails all emails are lowercase                                                                                    
00:43 +957 -5: D:/TulasiHotels/test/providers/super_admin_data_test.dart: superAdminEmails all emails are lowercase                                                                                    
00:43 +957 -5: D:/TulasiHotels/test/providers/super_admin_data_test.dart: superAdminEmails all emails have @ and domain                                                                                
00:43 +958 -5: D:/TulasiHotels/test/providers/super_admin_data_test.dart: superAdminEmails all emails have @ and domain                                                                                
00:43 +958 -5: D:/TulasiHotels/test/providers/super_admin_data_test.dart: superAdminEmails membership check works for known admin                                                                      
00:43 +959 -5: D:/TulasiHotels/test/providers/super_admin_data_test.dart: superAdminEmails membership check works for known admin                                                                      
00:43 +959 -5: D:/TulasiHotels/test/providers/super_admin_data_test.dart: superAdminEmails membership check is case sensitive (needs .toLowerCase)                                                     
00:43 +960 -5: D:/TulasiHotels/test/providers/super_admin_data_test.dart: superAdminEmails membership check is case sensitive (needs .toLowerCase)                                                     
00:43 +960 -5: D:/TulasiHotels/test/providers/super_admin_data_test.dart: superAdminEmails non-admin email is rejected                                                                                 
00:43 +961 -5: D:/TulasiHotels/test/providers/super_admin_data_test.dart: superAdminEmails non-admin email is rejected                                                                                 
00:43 +961 -5: D:/TulasiHotels/test/providers/super_admin_data_test.dart: UsersQueryParams default values                                                                                              
00:43 +962 -5: D:/TulasiHotels/test/providers/super_admin_data_test.dart: UsersQueryParams default values                                                                                              
00:43 +962 -5: D:/TulasiHotels/test/providers/super_admin_data_test.dart: UsersQueryParams custom values                                                                                               
00:43 +963 -5: D:/TulasiHotels/test/providers/super_admin_data_test.dart: UsersQueryParams custom values                                                                                               
00:43 +963 -5: D:/TulasiHotels/test/providers/super_admin_data_test.dart: UsersQueryParams equality with same values                                                                                   
00:43 +964 -5: D:/TulasiHotels/test/providers/super_admin_data_test.dart: UsersQueryParams equality with same values                                                                                   
00:43 +964 -5: D:/TulasiHotels/test/providers/super_admin_data_test.dart: UsersQueryParams inequality with different limit                                                                             
00:43 +965 -5: D:/TulasiHotels/test/providers/super_admin_data_test.dart: UsersQueryParams inequality with different limit                                                                             
00:43 +965 -5: D:/TulasiHotels/test/providers/super_admin_data_test.dart: UsersQueryParams inequality with different searchQuery                                                                       
00:43 +966 -5: D:/TulasiHotels/test/providers/super_admin_data_test.dart: UsersQueryParams inequality with different searchQuery                                                                       
00:43 +966 -5: D:/TulasiHotels/test/providers/super_admin_data_test.dart: UsersQueryParams inequality with different planFilter                                                                        
00:43 +967 -5: D:/TulasiHotels/test/providers/super_admin_data_test.dart: UsersQueryParams inequality with different planFilter                                                                        
00:43 +967 -5: D:/TulasiHotels/test/providers/super_admin_data_test.dart: UsersQueryParams inequality with null vs value                                                                               
00:43 +968 -5: D:/TulasiHotels/test/providers/super_admin_data_test.dart: UsersQueryParams inequality with null vs value                                                                               
00:43 +968 -5: D:/TulasiHotels/test/providers/super_admin_data_test.dart: UsersQueryParams identical returns equal                                                                                     
00:43 +969 -5: D:/TulasiHotels/test/providers/super_admin_data_test.dart: UsersQueryParams identical returns equal                                                                                     
00:43 +969 -5: D:/TulasiHotels/test/providers/super_admin_data_test.dart: UsersQueryParams different type not equal                                                                                    
00:43 +970 -5: D:/TulasiHotels/test/providers/super_admin_data_test.dart: UsersQueryParams different type not equal                                                                                    
00:44 +970 -5: D:/TulasiHotels/test/providers/super_admin_data_test.dart: UsersQueryParams different type not equal                                                                                    
00:44 +970 -5: loading D:/TulasiHotels/test/providers/super_admin_provider_test.dart                                                                                                                   
00:44 +970 -5: D:/TulasiHotels/test/providers/super_admin_provider_test.dart: superAdminEmails contains expected emails                                                                                
00:44 +971 -5: D:/TulasiHotels/test/providers/super_admin_provider_test.dart: superAdminEmails contains expected emails                                                                                
00:44 +971 -5: D:/TulasiHotels/test/providers/super_admin_provider_test.dart: superAdminEmails has at least 5 entries                                                                                  
00:44 +972 -5: D:/TulasiHotels/test/providers/super_admin_provider_test.dart: superAdminEmails has at least 5 entries                                                                                  
00:44 +972 -5: D:/TulasiHotels/test/providers/super_admin_provider_test.dart: superAdminEmails all emails are lowercase                                                                                
00:44 +973 -5: D:/TulasiHotels/test/providers/super_admin_provider_test.dart: superAdminEmails all emails are lowercase                                                                                
00:44 +973 -5: D:/TulasiHotels/test/providers/super_admin_provider_test.dart: superAdminEmails all emails contain @ symbol                                                                             
00:44 +974 -5: D:/TulasiHotels/test/providers/super_admin_provider_test.dart: superAdminEmails all emails contain @ symbol                                                                             
00:44 +974 -5: D:/TulasiHotels/test/providers/super_admin_provider_test.dart: superAdminEmails no duplicate emails                                                                                     
00:44 +975 -5: D:/TulasiHotels/test/providers/super_admin_provider_test.dart: superAdminEmails no duplicate emails                                                                                     
00:44 +975 -5: D:/TulasiHotels/test/providers/super_admin_provider_test.dart: superAdminEmails normalization check lowercased email matches list entry                                                 
00:44 +976 -5: D:/TulasiHotels/test/providers/super_admin_provider_test.dart: superAdminEmails normalization check lowercased email matches list entry                                                 
00:44 +976 -5: D:/TulasiHotels/test/providers/super_admin_provider_test.dart: superAdminEmails normalization check trimmed email matches list entry                                                    
00:44 +977 -5: D:/TulasiHotels/test/providers/super_admin_provider_test.dart: superAdminEmails normalization check trimmed email matches list entry                                                    
00:44 +977 -5: D:/TulasiHotels/test/providers/super_admin_provider_test.dart: superAdminEmails normalization check non-admin email does not match                                                      
00:44 +978 -5: D:/TulasiHotels/test/providers/super_admin_provider_test.dart: superAdminEmails normalization check non-admin email does not match                                                      
00:45 +978 -5: D:/TulasiHotels/test/providers/super_admin_provider_test.dart: superAdminEmails normalization check non-admin email does not match                                                      
00:45 +978 -5: loading D:/TulasiHotels/test/providers/theme_settings_provider_test.dart                                                                                                                
00:45 +978 -5: D:/TulasiHotels/test/providers/theme_settings_provider_test.dart: ThemeSettingsModel defaults are correct                                                                               
00:45 +979 -5: D:/TulasiHotels/test/providers/theme_settings_provider_test.dart: ThemeSettingsModel defaults are correct                                                                               
00:45 +979 -5: D:/TulasiHotels/test/providers/theme_settings_provider_test.dart: ThemeSettingsModel primaryColor parses hex correctly                                                                  
00:45 +980 -5: D:/TulasiHotels/test/providers/theme_settings_provider_test.dart: ThemeSettingsModel primaryColor parses hex correctly                                                                  
00:45 +980 -5: D:/TulasiHotels/test/providers/theme_settings_provider_test.dart: ThemeSettingsModel primaryColor handles default emerald                                                               
00:45 +981 -5: D:/TulasiHotels/test/providers/theme_settings_provider_test.dart: ThemeSettingsModel primaryColor handles default emerald                                                               
00:45 +981 -5: D:/TulasiHotels/test/providers/theme_settings_provider_test.dart: ThemeSettingsModel primaryColor handles invalid hex gracefully                                                        
00:45 +982 -5: D:/TulasiHotels/test/providers/theme_settings_provider_test.dart: ThemeSettingsModel primaryColor handles invalid hex gracefully                                                        
00:45 +982 -5: D:/TulasiHotels/test/providers/theme_settings_provider_test.dart: ThemeSettingsModel colorPresets has expected length                                                                   
00:45 +983 -5: D:/TulasiHotels/test/providers/theme_settings_provider_test.dart: ThemeSettingsModel colorPresets has expected length                                                                   
00:45 +983 -5: D:/TulasiHotels/test/providers/theme_settings_provider_test.dart: ThemeSettingsModel fontPresets has expected fonts                                                                     
00:45 +984 -5: D:/TulasiHotels/test/providers/theme_settings_provider_test.dart: ThemeSettingsModel fontPresets has expected fonts                                                                     
00:45 +984 -5: D:/TulasiHotels/test/providers/theme_settings_provider_test.dart: ThemeSettingsModel.copyWith preserves unchanged fields                                                                
00:45 +985 -5: D:/TulasiHotels/test/providers/theme_settings_provider_test.dart: ThemeSettingsModel.copyWith preserves unchanged fields                                                                
00:45 +985 -5: D:/TulasiHotels/test/providers/theme_settings_provider_test.dart: ThemeSettingsModel.copyWith overrides specified fields                                                                
00:45 +986 -5: D:/TulasiHotels/test/providers/theme_settings_provider_test.dart: ThemeSettingsModel.copyWith overrides specified fields                                                                
00:45 +986 -5: D:/TulasiHotels/test/providers/theme_settings_provider_test.dart: ThemeSettingsModel serialization toJson includes all fields                                                           
00:45 +987 -5: D:/TulasiHotels/test/providers/theme_settings_provider_test.dart: ThemeSettingsModel serialization toJson includes all fields                                                           
00:45 +987 -5: D:/TulasiHotels/test/providers/theme_settings_provider_test.dart: ThemeSettingsModel serialization fromJson parses all fields                                                           
00:45 +988 -5: D:/TulasiHotels/test/providers/theme_settings_provider_test.dart: ThemeSettingsModel serialization fromJson parses all fields                                                           
00:45 +988 -5: D:/TulasiHotels/test/providers/theme_settings_provider_test.dart: ThemeSettingsModel serialization fromJson handles missing fields with defaults                                        
00:45 +989 -5: D:/TulasiHotels/test/providers/theme_settings_provider_test.dart: ThemeSettingsModel serialization fromJson handles missing fields with defaults                                        
00:45 +989 -5: D:/TulasiHotels/test/providers/theme_settings_provider_test.dart: ThemeSettingsModel serialization fromJson handles null values                                                         
00:45 +990 -5: D:/TulasiHotels/test/providers/theme_settings_provider_test.dart: ThemeSettingsModel serialization fromJson handles null values                                                         
00:45 +990 -5: D:/TulasiHotels/test/providers/theme_settings_provider_test.dart: ThemeSettingsModel serialization toJson├óΓÇáΓÇÖfromJson roundtrip preserves data                                           
00:45 +991 -5: D:/TulasiHotels/test/providers/theme_settings_provider_test.dart: ThemeSettingsModel serialization toJson├óΓÇáΓÇÖfromJson roundtrip preserves data                                           
00:45 +991 -5: D:/TulasiHotels/test/providers/theme_settings_provider_test.dart: ThemeSettingsModel serialization fromJson handles int fontSizeScale                                                   
00:45 +992 -5: D:/TulasiHotels/test/providers/theme_settings_provider_test.dart: ThemeSettingsModel serialization fromJson handles int fontSizeScale                                                   
00:45 +992 -5: D:/TulasiHotels/test/providers/theme_settings_provider_test.dart: Theme mode determination system theme overrides dark mode setting                                                     
00:45 +993 -5: D:/TulasiHotels/test/providers/theme_settings_provider_test.dart: Theme mode determination system theme overrides dark mode setting                                                     
00:45 +993 -5: D:/TulasiHotels/test/providers/theme_settings_provider_test.dart: Theme mode determination dark mode when system theme disabled                                                         
00:45 +994 -5: D:/TulasiHotels/test/providers/theme_settings_provider_test.dart: Theme mode determination dark mode when system theme disabled                                                         
00:45 +994 -5: D:/TulasiHotels/test/providers/theme_settings_provider_test.dart: Theme mode determination light mode as default                                                                        
00:45 +995 -5: D:/TulasiHotels/test/providers/theme_settings_provider_test.dart: Theme mode determination light mode as default                                                                        
00:45 +995 -5: D:/TulasiHotels/test/providers/theme_settings_provider_test.dart: Theme mode determination explicit light mode                                                                          
00:45 +996 -5: D:/TulasiHotels/test/providers/theme_settings_provider_test.dart: Theme mode determination explicit light mode                                                                          
00:45 +996 -5: loading D:/TulasiHotels/test/routing/routing_test.dart                                                                                                                                  
00:45 +996 -5: D:/TulasiHotels/test/routing/routing_test.dart: AppRoutes login route is /login                                                                                                         
00:45 +997 -5: D:/TulasiHotels/test/routing/routing_test.dart: AppRoutes login route is /login                                                                                                         
00:45 +997 -5: D:/TulasiHotels/test/routing/routing_test.dart: AppRoutes register route is /register                                                                                                   
00:45 +998 -5: D:/TulasiHotels/test/routing/routing_test.dart: AppRoutes register route is /register                                                                                                   
00:45 +998 -5: D:/TulasiHotels/test/routing/routing_test.dart: AppRoutes billing route is /billing                                                                                                     
00:45 +999 -5: D:/TulasiHotels/test/routing/routing_test.dart: AppRoutes billing route is /billing                                                                                                     
00:45 +999 -5: D:/TulasiHotels/test/routing/routing_test.dart: AppRoutes products route is /products                                                                                                   
00:45 +1000 -5: D:/TulasiHotels/test/routing/routing_test.dart: AppRoutes products route is /products                                                                                                  
00:45 +1000 -5: D:/TulasiHotels/test/routing/routing_test.dart: AppRoutes khata route is /khata                                                                                                        
00:45 +1001 -5: D:/TulasiHotels/test/routing/routing_test.dart: AppRoutes khata route is /khata                                                                                                        
00:45 +1001 -5: D:/TulasiHotels/test/routing/routing_test.dart: AppRoutes settings route is /settings                                                                                                  
00:45 +1002 -5: D:/TulasiHotels/test/routing/routing_test.dart: AppRoutes settings route is /settings                                                                                                  
00:45 +1002 -5: D:/TulasiHotels/test/routing/routing_test.dart: AppRoutes shopSetup route exists                                                                                                       
00:45 +1003 -5: D:/TulasiHotels/test/routing/routing_test.dart: AppRoutes shopSetup route exists                                                                                                       
00:45 +1003 -5: D:/TulasiHotels/test/routing/routing_test.dart: AppRoutes forgotPassword route exists                                                                                                  
00:45 +1004 -5: D:/TulasiHotels/test/routing/routing_test.dart: AppRoutes forgotPassword route exists                                                                                                  
00:45 +1004 -5: D:/TulasiHotels/test/routing/routing_test.dart: AppRoutes customerDetail has :id parameter                                                                                             
00:45 +1005 -5: D:/TulasiHotels/test/routing/routing_test.dart: AppRoutes customerDetail has :id parameter                                                                                             
00:45 +1005 -5: D:/TulasiHotels/test/routing/routing_test.dart: AppRoutes productDetail has :id parameter                                                                                              
00:45 +1006 -5: D:/TulasiHotels/test/routing/routing_test.dart: AppRoutes productDetail has :id parameter                                                                                              
00:45 +1006 -5: D:/TulasiHotels/test/routing/routing_test.dart: AppRoutes loading route exists                                                                                                         
00:45 +1007 -5: D:/TulasiHotels/test/routing/routing_test.dart: AppRoutes loading route exists                                                                                                         
00:45 +1007 -5: D:/TulasiHotels/test/routing/routing_test.dart: AppRoutes all routes start with /                                                                                                      
00:45 +1008 -5: D:/TulasiHotels/test/routing/routing_test.dart: AppRoutes all routes start with /                                                                                                      
00:45 +1008 -5: D:/TulasiHotels/test/routing/routing_test.dart: AppRoutes superAdminLogin route exists                                                                                                 
00:45 +1009 -5: D:/TulasiHotels/test/routing/routing_test.dart: AppRoutes superAdminLogin route exists                                                                                                 
00:46 +1009 -5: D:/TulasiHotels/test/routing/routing_test.dart: AppRoutes superAdminLogin route exists                                                                                                 
00:46 +1009 -5: loading D:/TulasiHotels/test/security/admin_protection_test.dart                                                                                                                       
00:46 +1009 -5: D:/TulasiHotels/test/security/admin_protection_test.dart: AdminFirestoreService ├óΓé¼ΓÇ¥ primary owner protection primary owner email is a compile-time constant                            
00:46 +1010 -5: D:/TulasiHotels/test/security/admin_protection_test.dart: AdminFirestoreService ├óΓé¼ΓÇ¥ primary owner protection primary owner email is a compile-time constant                            
00:46 +1010 -5: D:/TulasiHotels/test/security/admin_protection_test.dart: AdminFirestoreService ├óΓé¼ΓÇ¥ primary owner protection normalized email matches primary owner (case-insensitive)                 
00:46 +1011 -5: D:/TulasiHotels/test/security/admin_protection_test.dart: AdminFirestoreService ├óΓé¼ΓÇ¥ primary owner protection normalized email matches primary owner (case-insensitive)                 
00:46 +1011 -5: D:/TulasiHotels/test/security/admin_protection_test.dart: AdminFirestoreService ├óΓé¼ΓÇ¥ primary owner protection email validation rejects empty string                                     
00:46 +1012 -5: D:/TulasiHotels/test/security/admin_protection_test.dart: AdminFirestoreService ├óΓé¼ΓÇ¥ primary owner protection email validation rejects empty string                                     
00:46 +1012 -5: D:/TulasiHotels/test/security/admin_protection_test.dart: AdminFirestoreService ├óΓé¼ΓÇ¥ primary owner protection email validation rejects string without @                                 
00:46 +1013 -5: D:/TulasiHotels/test/security/admin_protection_test.dart: AdminFirestoreService ├óΓé¼ΓÇ¥ primary owner protection email validation rejects string without @                                 
00:46 +1013 -5: D:/TulasiHotels/test/security/admin_protection_test.dart: AdminFirestoreService ├óΓé¼ΓÇ¥ primary owner protection email validation accepts valid emails                                     
00:46 +1014 -5: D:/TulasiHotels/test/security/admin_protection_test.dart: AdminFirestoreService ├óΓé¼ΓÇ¥ primary owner protection email validation accepts valid emails                                     
00:46 +1014 -5: D:/TulasiHotels/test/security/admin_protection_test.dart: AdminStats ├óΓé¼ΓÇ¥ computed properties default AdminStats is all zeros                                                           
00:46 +1015 -5: D:/TulasiHotels/test/security/admin_protection_test.dart: AdminStats ├óΓé¼ΓÇ¥ computed properties default AdminStats is all zeros                                                           
00:46 +1015 -5: D:/TulasiHotels/test/security/admin_protection_test.dart: AdminStats ├óΓé¼ΓÇ¥ computed properties paidUsers = proUsers + businessUsers                                                      
00:46 +1016 -5: D:/TulasiHotels/test/security/admin_protection_test.dart: AdminStats ├óΓé¼ΓÇ¥ computed properties paidUsers = proUsers + businessUsers                                                      
00:46 +1016 -5: D:/TulasiHotels/test/security/admin_protection_test.dart: AdminStats ├óΓé¼ΓÇ¥ computed properties conversionRate calculates correctly                                                       
00:46 +1017 -5: D:/TulasiHotels/test/security/admin_protection_test.dart: AdminStats ├óΓé¼ΓÇ¥ computed properties conversionRate calculates correctly                                                       
00:46 +1017 -5: D:/TulasiHotels/test/security/admin_protection_test.dart: AdminStats ├óΓé¼ΓÇ¥ computed properties conversionRate is 0 when totalUsers is 0                                                  
00:46 +1018 -5: D:/TulasiHotels/test/security/admin_protection_test.dart: AdminStats ├óΓé¼ΓÇ¥ computed properties conversionRate is 0 when totalUsers is 0                                                  
00:46 +1018 -5: D:/TulasiHotels/test/security/admin_protection_test.dart: AdminStats ├óΓé¼ΓÇ¥ computed properties mrr at 10K subscribers scale                                                              
00:46 +1019 -5: D:/TulasiHotels/test/security/admin_protection_test.dart: AdminStats ├óΓé¼ΓÇ¥ computed properties mrr at 10K subscribers scale                                                              
00:46 +1019 -5: D:/TulasiHotels/test/security/admin_protection_test.dart: UserSubscription ├óΓé¼ΓÇ¥ plan limits free plan has 50 bill limit                                                                 
00:46 +1020 -5: D:/TulasiHotels/test/security/admin_protection_test.dart: UserSubscription ├óΓé¼ΓÇ¥ plan limits free plan has 50 bill limit                                                                 
00:46 +1020 -5: D:/TulasiHotels/test/security/admin_protection_test.dart: UserSubscription ├óΓé¼ΓÇ¥ plan limits pro plan has 500 bill limit                                                                 
00:46 +1021 -5: D:/TulasiHotels/test/security/admin_protection_test.dart: UserSubscription ├óΓé¼ΓÇ¥ plan limits pro plan has 500 bill limit                                                                 
00:46 +1021 -5: D:/TulasiHotels/test/security/admin_protection_test.dart: UserSubscription ├óΓé¼ΓÇ¥ plan limits business plan has unlimited bills                                                           
00:46 +1022 -5: D:/TulasiHotels/test/security/admin_protection_test.dart: UserSubscription ├óΓé¼ΓÇ¥ plan limits business plan has unlimited bills                                                           
00:46 +1022 -5: D:/TulasiHotels/test/security/admin_protection_test.dart: UserSubscription ├óΓé¼ΓÇ¥ plan limits isActive is true for active and trial                                                       
00:46 +1023 -5: D:/TulasiHotels/test/security/admin_protection_test.dart: UserSubscription ├óΓé¼ΓÇ¥ plan limits isActive is true for active and trial                                                       
00:46 +1023 -5: D:/TulasiHotels/test/security/admin_protection_test.dart: UserSubscription ├óΓé¼ΓÇ¥ plan limits isActive is false for expired and cancelled                                                 
00:46 +1024 -5: D:/TulasiHotels/test/security/admin_protection_test.dart: UserSubscription ├óΓé¼ΓÇ¥ plan limits isActive is false for expired and cancelled                                                 
00:46 +1024 -5: D:/TulasiHotels/test/security/admin_protection_test.dart: UserSubscription ├óΓé¼ΓÇ¥ plan limits fromMap handles null gracefully                                                             
00:46 +1025 -5: D:/TulasiHotels/test/security/admin_protection_test.dart: UserSubscription ├óΓé¼ΓÇ¥ plan limits fromMap handles null gracefully                                                             
00:46 +1025 -5: D:/TulasiHotels/test/security/admin_protection_test.dart: UserSubscription ├óΓé¼ΓÇ¥ plan limits fromMap handles unknown plan name                                                           
00:46 +1026 -5: D:/TulasiHotels/test/security/admin_protection_test.dart: UserSubscription ├óΓé¼ΓÇ¥ plan limits fromMap handles unknown plan name                                                           
00:46 +1026 -5: D:/TulasiHotels/test/security/admin_protection_test.dart: UserSubscription ├óΓé¼ΓÇ¥ plan limits toMap round-trips correctly                                                                 
00:46 +1027 -5: D:/TulasiHotels/test/security/admin_protection_test.dart: UserSubscription ├óΓé¼ΓÇ¥ plan limits toMap round-trips correctly                                                                 
00:46 +1027 -5: D:/TulasiHotels/test/security/admin_protection_test.dart: UserLimits ├óΓé¼ΓÇ¥ usage tracking usagePercentage is 0 when no bills                                                             
00:46 +1028 -5: D:/TulasiHotels/test/security/admin_protection_test.dart: UserLimits ├óΓé¼ΓÇ¥ usage tracking usagePercentage is 0 when no bills                                                             
00:46 +1028 -5: D:/TulasiHotels/test/security/admin_protection_test.dart: UserLimits ├óΓé¼ΓÇ¥ usage tracking usagePercentage is 80% at near-limit                                                           
00:46 +1029 -5: D:/TulasiHotels/test/security/admin_protection_test.dart: UserLimits ├óΓé¼ΓÇ¥ usage tracking usagePercentage is 80% at near-limit                                                           
00:46 +1029 -5: D:/TulasiHotels/test/security/admin_protection_test.dart: UserLimits ├óΓé¼ΓÇ¥ usage tracking isNearLimit triggers above 80%                                                                 
00:46 +1030 -5: D:/TulasiHotels/test/security/admin_protection_test.dart: UserLimits ├óΓé¼ΓÇ¥ usage tracking isNearLimit triggers above 80%                                                                 
00:46 +1030 -5: D:/TulasiHotels/test/security/admin_protection_test.dart: UserLimits ├óΓé¼ΓÇ¥ usage tracking isAtLimit when bills >= limit                                                                  
00:46 +1031 -5: D:/TulasiHotels/test/security/admin_protection_test.dart: UserLimits ├óΓé¼ΓÇ¥ usage tracking isAtLimit when bills >= limit                                                                  
00:46 +1031 -5: D:/TulasiHotels/test/security/admin_protection_test.dart: UserLimits ├óΓé¼ΓÇ¥ usage tracking usagePercentage clamps at 1.0                                                                  
00:46 +1032 -5: D:/TulasiHotels/test/security/admin_protection_test.dart: UserLimits ├óΓé¼ΓÇ¥ usage tracking usagePercentage clamps at 1.0                                                                  
00:46 +1032 -5: D:/TulasiHotels/test/security/admin_protection_test.dart: UserLimits ├óΓé¼ΓÇ¥ usage tracking usagePercentage handles 0 limit                                                                
00:46 +1033 -5: D:/TulasiHotels/test/security/admin_protection_test.dart: UserLimits ├óΓé¼ΓÇ¥ usage tracking usagePercentage handles 0 limit                                                                
00:46 +1033 -5: D:/TulasiHotels/test/security/admin_protection_test.dart: UserLimits ├óΓé¼ΓÇ¥ usage tracking fromMap handles null                                                                           
00:46 +1034 -5: D:/TulasiHotels/test/security/admin_protection_test.dart: UserLimits ├óΓé¼ΓÇ¥ usage tracking fromMap handles null                                                                           
00:46 +1034 -5: D:/TulasiHotels/test/security/admin_protection_test.dart: UserActivity ├óΓé¼ΓÇ¥ activity tracking isActiveToday for activity today                                                          
00:46 +1035 -5: D:/TulasiHotels/test/security/admin_protection_test.dart: UserActivity ├óΓé¼ΓÇ¥ activity tracking isActiveToday for activity today                                                          
00:46 +1035 -5: D:/TulasiHotels/test/security/admin_protection_test.dart: UserActivity ├óΓé¼ΓÇ¥ activity tracking isActiveToday is false for yesterday                                                      
00:46 +1036 -5: D:/TulasiHotels/test/security/admin_protection_test.dart: UserActivity ├óΓé¼ΓÇ¥ activity tracking isActiveToday is false for yesterday                                                      
00:46 +1036 -5: D:/TulasiHotels/test/security/admin_protection_test.dart: UserActivity ├óΓé¼ΓÇ¥ activity tracking isActiveThisWeek for activity 3 days ago                                                  
00:46 +1037 -5: D:/TulasiHotels/test/security/admin_protection_test.dart: UserActivity ├óΓé¼ΓÇ¥ activity tracking isActiveThisWeek for activity 3 days ago                                                  
00:46 +1037 -5: D:/TulasiHotels/test/security/admin_protection_test.dart: UserActivity ├óΓé¼ΓÇ¥ activity tracking isActiveThisWeek is false for 8 days ago                                                  
00:46 +1038 -5: D:/TulasiHotels/test/security/admin_protection_test.dart: UserActivity ├óΓé¼ΓÇ¥ activity tracking isActiveThisWeek is false for 8 days ago                                                  
00:46 +1038 -5: D:/TulasiHotels/test/security/admin_protection_test.dart: UserActivity ├óΓé¼ΓÇ¥ activity tracking lastActiveAgo returns "Never" for null                                                    
00:46 +1039 -5: D:/TulasiHotels/test/security/admin_protection_test.dart: UserActivity ├óΓé¼ΓÇ¥ activity tracking lastActiveAgo returns "Never" for null                                                    
00:46 +1039 -5: D:/TulasiHotels/test/security/admin_protection_test.dart: UserActivity ├óΓé¼ΓÇ¥ activity tracking lastActiveAgo returns "Just now" for recent activity                                      
00:46 +1040 -5: D:/TulasiHotels/test/security/admin_protection_test.dart: UserActivity ├óΓé¼ΓÇ¥ activity tracking lastActiveAgo returns "Just now" for recent activity                                      
00:46 +1040 -5: D:/TulasiHotels/test/security/admin_protection_test.dart: UserActivity ├óΓé¼ΓÇ¥ activity tracking fromMap handles null                                                                      
00:46 +1041 -5: D:/TulasiHotels/test/security/admin_protection_test.dart: UserActivity ├óΓé¼ΓÇ¥ activity tracking fromMap handles null                                                                      
00:46 +1041 -5: D:/TulasiHotels/test/security/admin_protection_test.dart: AdminUser ├óΓé¼ΓÇ¥ security-relevant properties daysSinceRegistration is 0 for null createdAt                                     
00:46 +1042 -5: D:/TulasiHotels/test/security/admin_protection_test.dart: AdminUser ├óΓé¼ΓÇ¥ security-relevant properties daysSinceRegistration is 0 for null createdAt                                     
00:46 +1042 -5: D:/TulasiHotels/test/security/admin_protection_test.dart: AdminUser ├óΓé¼ΓÇ¥ security-relevant properties daysSinceRegistration calculates correctly                                        
00:46 +1043 -5: D:/TulasiHotels/test/security/admin_protection_test.dart: AdminUser ├óΓé¼ΓÇ¥ security-relevant properties daysSinceRegistration calculates correctly                                        
00:46 +1043 -5: D:/TulasiHotels/test/security/admin_protection_test.dart: AdminUser ├óΓé¼ΓÇ¥ security-relevant properties default subscription is free/active                                               
00:46 +1044 -5: D:/TulasiHotels/test/security/admin_protection_test.dart: AdminUser ├óΓé¼ΓÇ¥ security-relevant properties default subscription is free/active                                               
00:46 +1044 -5: D:/TulasiHotels/test/security/admin_protection_test.dart: AdminUser ├óΓé¼ΓÇ¥ security-relevant properties default limits are sensible                                                       
00:46 +1045 -5: D:/TulasiHotels/test/security/admin_protection_test.dart: AdminUser ├óΓé¼ΓÇ¥ security-relevant properties default limits are sensible                                                       
00:46 +1045 -5: loading D:/TulasiHotels/test/security/data_isolation_test.dart                                                                                                                         
00:46 +1045 -5: D:/TulasiHotels/test/security/data_isolation_test.dart: Data isolation ├óΓé¼ΓÇ¥ UID-scoped path construction basePath returns empty when uid is null                                        
00:46 +1046 -5: D:/TulasiHotels/test/security/data_isolation_test.dart: Data isolation ├óΓé¼ΓÇ¥ UID-scoped path construction basePath returns empty when uid is null                                        
00:46 +1046 -5: D:/TulasiHotels/test/security/data_isolation_test.dart: Data isolation ├óΓé¼ΓÇ¥ UID-scoped path construction basePath returns empty when uid is empty string                                
00:46 +1047 -5: D:/TulasiHotels/test/security/data_isolation_test.dart: Data isolation ├óΓé¼ΓÇ¥ UID-scoped path construction basePath returns empty when uid is empty string                                
00:46 +1047 -5: D:/TulasiHotels/test/security/data_isolation_test.dart: Data isolation ├óΓé¼ΓÇ¥ UID-scoped path construction basePath contains uid                                                          
00:46 +1048 -5: D:/TulasiHotels/test/security/data_isolation_test.dart: Data isolation ├óΓé¼ΓÇ¥ UID-scoped path construction basePath contains uid                                                          
00:46 +1048 -5: D:/TulasiHotels/test/security/data_isolation_test.dart: Data isolation ├óΓé¼ΓÇ¥ UID-scoped path construction two different users get different base paths                                   
00:46 +1049 -5: D:/TulasiHotels/test/security/data_isolation_test.dart: Data isolation ├óΓé¼ΓÇ¥ UID-scoped path construction two different users get different base paths                                   
00:46 +1049 -5: D:/TulasiHotels/test/security/data_isolation_test.dart: Data isolation ├óΓé¼ΓÇ¥ UID-scoped path construction collection paths are scoped per user products is scoped to user UID            
00:46 +1050 -5: D:/TulasiHotels/test/security/data_isolation_test.dart: Data isolation ├óΓé¼ΓÇ¥ UID-scoped path construction collection paths are scoped per user products is scoped to user UID            
00:46 +1050 -5: D:/TulasiHotels/test/security/data_isolation_test.dart: ... ├óΓé¼ΓÇ¥ UID-scoped path construction collection paths are scoped per user products returns empty when not authenticated        
00:46 +1051 -5: D:/TulasiHotels/test/security/data_isolation_test.dart: ... ├óΓé¼ΓÇ¥ UID-scoped path construction collection paths are scoped per user products returns empty when not authenticated        
00:46 +1051 -5: D:/TulasiHotels/test/security/data_isolation_test.dart: Data isolation ├óΓé¼ΓÇ¥ UID-scoped path construction collection paths are scoped per user bills is scoped to user UID               
00:46 +1052 -5: D:/TulasiHotels/test/security/data_isolation_test.dart: Data isolation ├óΓé¼ΓÇ¥ UID-scoped path construction collection paths are scoped per user bills is scoped to user UID               
00:46 +1052 -5: D:/TulasiHotels/test/security/data_isolation_test.dart: Data isolation ├óΓé¼ΓÇ¥ UID-scoped path construction collection paths are scoped per user bills returns empty when not authenticated
00:46 +1053 -5: D:/TulasiHotels/test/security/data_isolation_test.dart: Data isolation ├óΓé¼ΓÇ¥ UID-scoped path construction collection paths are scoped per user bills returns empty when not authenticated
00:46 +1053 -5: D:/TulasiHotels/test/security/data_isolation_test.dart: Data isolation ├óΓé¼ΓÇ¥ UID-scoped path construction collection paths are scoped per user customers is scoped to user UID           
00:46 +1054 -5: D:/TulasiHotels/test/security/data_isolation_test.dart: Data isolation ├óΓé¼ΓÇ¥ UID-scoped path construction collection paths are scoped per user customers is scoped to user UID           
00:46 +1054 -5: D:/TulasiHotels/test/security/data_isolation_test.dart: ... ├óΓé¼ΓÇ¥ UID-scoped path construction collection paths are scoped per user customers returns empty when not authenticated       
00:46 +1055 -5: D:/TulasiHotels/test/security/data_isolation_test.dart: ... ├óΓé¼ΓÇ¥ UID-scoped path construction collection paths are scoped per user customers returns empty when not authenticated       
00:46 +1055 -5: D:/TulasiHotels/test/security/data_isolation_test.dart: Data isolation ├óΓé¼ΓÇ¥ UID-scoped path construction collection paths are scoped per user expenses is scoped to user UID            
00:46 +1056 -5: D:/TulasiHotels/test/security/data_isolation_test.dart: Data isolation ├óΓé¼ΓÇ¥ UID-scoped path construction collection paths are scoped per user expenses is scoped to user UID            
00:46 +1056 -5: D:/TulasiHotels/test/security/data_isolation_test.dart: ... ├óΓé¼ΓÇ¥ UID-scoped path construction collection paths are scoped per user expenses returns empty when not authenticated        
00:46 +1057 -5: D:/TulasiHotels/test/security/data_isolation_test.dart: ... ├óΓé¼ΓÇ¥ UID-scoped path construction collection paths are scoped per user expenses returns empty when not authenticated        
00:46 +1057 -5: D:/TulasiHotels/test/security/data_isolation_test.dart: Data isolation ├óΓé¼ΓÇ¥ UID-scoped path construction collection paths are scoped per user transactions is scoped to user UID        
00:46 +1058 -5: D:/TulasiHotels/test/security/data_isolation_test.dart: Data isolation ├óΓé¼ΓÇ¥ UID-scoped path construction collection paths are scoped per user transactions is scoped to user UID        
00:46 +1058 -5: D:/TulasiHotels/test/security/data_isolation_test.dart: ... ├óΓé¼ΓÇ¥ UID-scoped path construction collection paths are scoped per user transactions returns empty when not authenticated    
00:46 +1059 -5: D:/TulasiHotels/test/security/data_isolation_test.dart: ... ├óΓé¼ΓÇ¥ UID-scoped path construction collection paths are scoped per user transactions returns empty when not authenticated    
00:46 +1059 -5: D:/TulasiHotels/test/security/data_isolation_test.dart: Data isolation ├óΓé¼ΓÇ¥ UID-scoped path construction collection paths are scoped per user notifications is scoped to user UID       
00:46 +1060 -5: D:/TulasiHotels/test/security/data_isolation_test.dart: Data isolation ├óΓé¼ΓÇ¥ UID-scoped path construction collection paths are scoped per user notifications is scoped to user UID       
00:46 +1060 -5: D:/TulasiHotels/test/security/data_isolation_test.dart: ... ├óΓé¼ΓÇ¥ UID-scoped path construction collection paths are scoped per user notifications returns empty when not authenticated   
00:46 +1061 -5: D:/TulasiHotels/test/security/data_isolation_test.dart: ... ├óΓé¼ΓÇ¥ UID-scoped path construction collection paths are scoped per user notifications returns empty when not authenticated   
00:46 +1061 -5: D:/TulasiHotels/test/security/data_isolation_test.dart: Data isolation ├óΓé¼ΓÇ¥ UID-scoped path construction collection paths are scoped per user settings is scoped to user UID            
00:46 +1062 -5: D:/TulasiHotels/test/security/data_isolation_test.dart: Data isolation ├óΓé¼ΓÇ¥ UID-scoped path construction collection paths are scoped per user settings is scoped to user UID            
00:46 +1062 -5: D:/TulasiHotels/test/security/data_isolation_test.dart: ... ├óΓé¼ΓÇ¥ UID-scoped path construction collection paths are scoped per user settings returns empty when not authenticated        
00:46 +1063 -5: D:/TulasiHotels/test/security/data_isolation_test.dart: ... ├óΓé¼ΓÇ¥ UID-scoped path construction collection paths are scoped per user settings returns empty when not authenticated        
00:46 +1063 -5: D:/TulasiHotels/test/security/data_isolation_test.dart: Data isolation ├óΓé¼ΓÇ¥ UID-scoped path construction collection paths are scoped per user counters is scoped to user UID            
00:46 +1064 -5: D:/TulasiHotels/test/security/data_isolation_test.dart: Data isolation ├óΓé¼ΓÇ¥ UID-scoped path construction collection paths are scoped per user counters is scoped to user UID            
00:46 +1064 -5: D:/TulasiHotels/test/security/data_isolation_test.dart: ... ├óΓé¼ΓÇ¥ UID-scoped path construction collection paths are scoped per user counters returns empty when not authenticated        
00:46 +1065 -5: D:/TulasiHotels/test/security/data_isolation_test.dart: ... ├óΓé¼ΓÇ¥ UID-scoped path construction collection paths are scoped per user counters returns empty when not authenticated        
00:46 +1065 -5: D:/TulasiHotels/test/security/data_isolation_test.dart: Data isolation ├óΓé¼ΓÇ¥ UID-scoped path construction user A cannot construct user B product path                                    
00:46 +1066 -5: D:/TulasiHotels/test/security/data_isolation_test.dart: Data isolation ├óΓé¼ΓÇ¥ UID-scoped path construction user A cannot construct user B product path                                    
00:46 +1066 -5: D:/TulasiHotels/test/security/data_isolation_test.dart: Data isolation ├óΓé¼ΓÇ¥ UID-scoped path construction document paths maintain isolation                                              
00:46 +1067 -5: D:/TulasiHotels/test/security/data_isolation_test.dart: Data isolation ├óΓé¼ΓÇ¥ UID-scoped path construction document paths maintain isolation                                              
00:46 +1067 -5: D:/TulasiHotels/test/security/data_isolation_test.dart: Data isolation ├óΓé¼ΓÇ¥ UID-scoped path construction counter paths are per-user                                                     
00:46 +1068 -5: D:/TulasiHotels/test/security/data_isolation_test.dart: Data isolation ├óΓé¼ΓÇ¥ UID-scoped path construction counter paths are per-user                                                     
00:46 +1068 -5: D:/TulasiHotels/test/security/data_isolation_test.dart: Data isolation ├óΓé¼ΓÇ¥ UID-scoped path construction settings paths are per-user                                                    
00:46 +1069 -5: D:/TulasiHotels/test/security/data_isolation_test.dart: Data isolation ├óΓé¼ΓÇ¥ UID-scoped path construction settings paths are per-user                                                    
00:46 +1069 -5: D:/TulasiHotels/test/security/data_isolation_test.dart: Data isolation ├óΓé¼ΓÇ¥ service boundary conditions empty basePath results in no-op for all CRUD operations                         
00:46 +1070 -5: D:/TulasiHotels/test/security/data_isolation_test.dart: Data isolation ├óΓé¼ΓÇ¥ service boundary conditions empty basePath results in no-op for all CRUD operations                         
00:46 +1070 -5: D:/TulasiHotels/test/security/data_isolation_test.dart: Data isolation ├óΓé¼ΓÇ¥ service boundary conditions subscription audit trail is per-user                                            
00:46 +1071 -5: D:/TulasiHotels/test/security/data_isolation_test.dart: Data isolation ├óΓé¼ΓÇ¥ service boundary conditions subscription audit trail is per-user                                            
00:46 +1071 -5: D:/TulasiHotels/test/security/data_isolation_test.dart: Firebase constants ├óΓé¼ΓÇ¥ collection names FirebaseConstants has expected collection names                                        
00:46 +1072 -5: D:/TulasiHotels/test/security/data_isolation_test.dart: Firebase constants ├óΓé¼ΓÇ¥ collection names FirebaseConstants has expected collection names                                        
00:47 +1072 -5: D:/TulasiHotels/test/security/data_isolation_test.dart: Firebase constants ├óΓé¼ΓÇ¥ collection names FirebaseConstants has expected collection names                                        
00:47 +1072 -5: loading D:/TulasiHotels/test/services/analytics_platform_test.dart                                                                                                                     
00:47 +1072 -5: D:/TulasiHotels/test/services/analytics_platform_test.dart: AnalyticsService ΓÇö platform detection desktop platforms are detected                                                       
00:47 +1073 -5: D:/TulasiHotels/test/services/analytics_platform_test.dart: AnalyticsService ΓÇö platform detection desktop platforms are detected                                                       
00:47 +1073 -5: D:/TulasiHotels/test/services/analytics_platform_test.dart: AnalyticsService ΓÇö platform detection isSupported is false on desktop (where test runs)                                    
00:47 +1074 -5: D:/TulasiHotels/test/services/analytics_platform_test.dart: AnalyticsService ΓÇö platform detection isSupported is false on desktop (where test runs)                                    
00:47 +1074 -5: D:/TulasiHotels/test/services/analytics_platform_test.dart: AnalyticsService ΓÇö platform detection hasCrashlytics is false on desktop                                                   
00:47 +1075 -5: D:/TulasiHotels/test/services/analytics_platform_test.dart: AnalyticsService ΓÇö platform detection hasCrashlytics is false on desktop                                                   
00:47 +1075 -5: D:/TulasiHotels/test/services/analytics_platform_test.dart: AnalyticsService ΓÇö event naming conventions event names follow Firebase conventions (snake_case)                           
00:47 +1076 -5: D:/TulasiHotels/test/services/analytics_platform_test.dart: AnalyticsService ΓÇö event naming conventions event names follow Firebase conventions (snake_case)                           
00:47 +1076 -5: D:/TulasiHotels/test/services/analytics_platform_test.dart: AnalyticsService ΓÇö event naming conventions event names are within Firebase 40-char limit                                  
00:47 +1077 -5: D:/TulasiHotels/test/services/analytics_platform_test.dart: AnalyticsService ΓÇö event naming conventions event names are within Firebase 40-char limit                                  
00:47 +1077 -5: D:/TulasiHotels/test/services/analytics_platform_test.dart: AnalyticsService ΓÇö event naming conventions parameter names are within Firebase 40-char limit                              
00:47 +1078 -5: D:/TulasiHotels/test/services/analytics_platform_test.dart: AnalyticsService ΓÇö event naming conventions parameter names are within Firebase 40-char limit                              
00:47 +1078 -5: D:/TulasiHotels/test/services/analytics_platform_test.dart: AnalyticsService ΓÇö performance trace names trace names are descriptive and valid                                           
00:47 +1079 -5: D:/TulasiHotels/test/services/analytics_platform_test.dart: AnalyticsService ΓÇö performance trace names trace names are descriptive and valid                                           
00:47 +1079 -5: loading D:/TulasiHotels/test/services/app_health_test.dart                                                                                                                             
00:47 +1079 -5: D:/TulasiHotels/test/services/app_health_test.dart: AppHealthMetrics creates with required fields                                                                                      
00:47 +1080 -5: D:/TulasiHotels/test/services/app_health_test.dart: AppHealthMetrics creates with required fields                                                                                      
00:47 +1080 -5: D:/TulasiHotels/test/services/app_health_test.dart: AppHealthMetrics creates with userId                                                                                               
00:47 +1081 -5: D:/TulasiHotels/test/services/app_health_test.dart: AppHealthMetrics creates with userId                                                                                               
00:47 +1081 -5: D:/TulasiHotels/test/services/app_health_test.dart: AppHealthMetrics toFirestore serializes correctly                                                                                  
00:47 +1082 -5: D:/TulasiHotels/test/services/app_health_test.dart: AppHealthMetrics toFirestore serializes correctly                                                                                  
00:47 +1082 -5: D:/TulasiHotels/test/services/app_health_test.dart: AppHealthMetrics toFirestore handles null userId                                                                                   
00:47 +1083 -5: D:/TulasiHotels/test/services/app_health_test.dart: AppHealthMetrics toFirestore handles null userId                                                                                   
00:48 +1083 -5: D:/TulasiHotels/test/services/app_health_test.dart: AppHealthMetrics toFirestore handles null userId                                                                                   
00:48 +1083 -5: loading D:/TulasiHotels/test/services/barcode_lookup_test.dart                                                                                                                         
00:48 +1083 -5: D:/TulasiHotels/test/services/barcode_lookup_test.dart: BarcodeProduct creates with required fields                                                                                    
00:48 +1084 -5: D:/TulasiHotels/test/services/barcode_lookup_test.dart: BarcodeProduct creates with required fields                                                                                    
00:48 +1084 -5: D:/TulasiHotels/test/services/barcode_lookup_test.dart: BarcodeProduct creates with all fields                                                                                         
00:48 +1085 -5: D:/TulasiHotels/test/services/barcode_lookup_test.dart: BarcodeProduct creates with all fields                                                                                         
00:48 +1085 -5: D:/TulasiHotels/test/services/barcode_lookup_test.dart: BarcodeProduct.displayName returns brand + name when brand present                                                             
00:48 +1086 -5: D:/TulasiHotels/test/services/barcode_lookup_test.dart: BarcodeProduct.displayName returns brand + name when brand present                                                             
00:48 +1086 -5: D:/TulasiHotels/test/services/barcode_lookup_test.dart: BarcodeProduct.displayName returns name only when brand is null                                                                
00:48 +1087 -5: D:/TulasiHotels/test/services/barcode_lookup_test.dart: BarcodeProduct.displayName returns name only when brand is null                                                                
00:48 +1087 -5: D:/TulasiHotels/test/services/barcode_lookup_test.dart: BarcodeProduct.displayName returns name only when brand is empty                                                               
00:48 +1088 -5: D:/TulasiHotels/test/services/barcode_lookup_test.dart: BarcodeProduct.displayName returns name only when brand is empty                                                               
00:48 +1088 -5: D:/TulasiHotels/test/services/barcode_lookup_test.dart: BarcodeProduct.fromOpenFoodFacts parses complete product data                                                                  
00:48 +1089 -5: D:/TulasiHotels/test/services/barcode_lookup_test.dart: BarcodeProduct.fromOpenFoodFacts parses complete product data                                                                  
00:48 +1089 -5: D:/TulasiHotels/test/services/barcode_lookup_test.dart: BarcodeProduct.fromOpenFoodFacts falls back to product_name_en when product_name is null                                       
00:48 +1090 -5: D:/TulasiHotels/test/services/barcode_lookup_test.dart: BarcodeProduct.fromOpenFoodFacts falls back to product_name_en when product_name is null                                       
00:48 +1090 -5: D:/TulasiHotels/test/services/barcode_lookup_test.dart: BarcodeProduct.fromOpenFoodFacts returns Unknown Product when no name fields                                                   
00:48 +1091 -5: D:/TulasiHotels/test/services/barcode_lookup_test.dart: BarcodeProduct.fromOpenFoodFacts returns Unknown Product when no name fields                                                   
00:48 +1091 -5: D:/TulasiHotels/test/services/barcode_lookup_test.dart: BarcodeProduct.fromOpenFoodFacts returns Unknown Product when product is null                                                  
00:48 +1092 -5: D:/TulasiHotels/test/services/barcode_lookup_test.dart: BarcodeProduct.fromOpenFoodFacts returns Unknown Product when product is null                                                  
00:48 +1092 -5: D:/TulasiHotels/test/services/barcode_lookup_test.dart: BarcodeProduct.fromOpenFoodFacts falls back to image_url when image_front_small_url is null                                    
00:48 +1093 -5: D:/TulasiHotels/test/services/barcode_lookup_test.dart: BarcodeProduct.fromOpenFoodFacts falls back to image_url when image_front_small_url is null                                    
00:48 +1093 -5: D:/TulasiHotels/test/services/barcode_lookup_test.dart: BarcodeProduct.fromOpenFoodFacts imageUrl is null when no image fields                                                         
00:48 +1094 -5: D:/TulasiHotels/test/services/barcode_lookup_test.dart: BarcodeProduct.fromOpenFoodFacts imageUrl is null when no image fields                                                         
00:48 +1094 -5: D:/TulasiHotels/test/services/barcode_lookup_test.dart: BarcodeLookupService.isValidBarcode EAN-8 is valid (8 digits)                                                                  
00:48 +1095 -5: D:/TulasiHotels/test/services/barcode_lookup_test.dart: BarcodeLookupService.isValidBarcode EAN-8 is valid (8 digits)                                                                  
00:48 +1095 -5: D:/TulasiHotels/test/services/barcode_lookup_test.dart: BarcodeLookupService.isValidBarcode EAN-13 is valid (13 digits)                                                                
00:48 +1096 -5: D:/TulasiHotels/test/services/barcode_lookup_test.dart: BarcodeLookupService.isValidBarcode EAN-13 is valid (13 digits)                                                                
00:48 +1096 -5: D:/TulasiHotels/test/services/barcode_lookup_test.dart: BarcodeLookupService.isValidBarcode UPC-A is valid (12 digits)                                                                 
00:48 +1097 -5: D:/TulasiHotels/test/services/barcode_lookup_test.dart: BarcodeLookupService.isValidBarcode UPC-A is valid (12 digits)                                                                 
00:48 +1097 -5: D:/TulasiHotels/test/services/barcode_lookup_test.dart: BarcodeLookupService.isValidBarcode 14 digits is valid                                                                         
00:48 +1098 -5: D:/TulasiHotels/test/services/barcode_lookup_test.dart: BarcodeLookupService.isValidBarcode 14 digits is valid                                                                         
00:48 +1098 -5: D:/TulasiHotels/test/services/barcode_lookup_test.dart: BarcodeLookupService.isValidBarcode 7 digits is too short                                                                      
00:48 +1099 -5: D:/TulasiHotels/test/services/barcode_lookup_test.dart: BarcodeLookupService.isValidBarcode 7 digits is too short                                                                      
00:48 +1099 -5: D:/TulasiHotels/test/services/barcode_lookup_test.dart: BarcodeLookupService.isValidBarcode 15 digits is too long                                                                      
00:48 +1100 -5: D:/TulasiHotels/test/services/barcode_lookup_test.dart: BarcodeLookupService.isValidBarcode 15 digits is too long                                                                      
00:48 +1100 -5: D:/TulasiHotels/test/services/barcode_lookup_test.dart: BarcodeLookupService.isValidBarcode empty string is invalid                                                                    
00:48 +1101 -5: D:/TulasiHotels/test/services/barcode_lookup_test.dart: BarcodeLookupService.isValidBarcode empty string is invalid                                                                    
00:48 +1101 -5: D:/TulasiHotels/test/services/barcode_lookup_test.dart: BarcodeLookupService.isValidBarcode strips non-digit characters before validating                                              
00:48 +1102 -5: D:/TulasiHotels/test/services/barcode_lookup_test.dart: BarcodeLookupService.isValidBarcode strips non-digit characters before validating                                              
00:48 +1102 -5: D:/TulasiHotels/test/services/barcode_lookup_test.dart: BarcodeLookupService.isValidBarcode whitespace-only is invalid                                                                 
00:48 +1103 -5: D:/TulasiHotels/test/services/barcode_lookup_test.dart: BarcodeLookupService.isValidBarcode whitespace-only is invalid                                                                 
00:48 +1103 -5: D:/TulasiHotels/test/services/barcode_lookup_test.dart: BarcodeLookupService.isValidBarcode leading/trailing spaces are trimmed                                                        
00:48 +1104 -5: D:/TulasiHotels/test/services/barcode_lookup_test.dart: BarcodeLookupService.isValidBarcode leading/trailing spaces are trimmed                                                        
00:49 +1104 -5: D:/TulasiHotels/test/services/barcode_lookup_test.dart: BarcodeLookupService.isValidBarcode leading/trailing spaces are trimmed                                                        
00:49 +1104 -5: loading D:/TulasiHotels/test/services/billing_filter_test.dart                                                                                                                         
00:49 +1104 -5: D:/TulasiHotels/test/services/billing_filter_test.dart: BillsFilter should have sensible defaults                                                                                      
00:49 +1105 -5: D:/TulasiHotels/test/services/billing_filter_test.dart: BillsFilter should have sensible defaults                                                                                      
00:49 +1105 -5: D:/TulasiHotels/test/services/billing_filter_test.dart: BillsFilter copyWith should update only specified fields                                                                       
00:49 +1106 -5: D:/TulasiHotels/test/services/billing_filter_test.dart: BillsFilter copyWith should update only specified fields                                                                       
00:49 +1106 -5: D:/TulasiHotels/test/services/billing_filter_test.dart: BillsFilter copyWith clearDateRange should set dateRange to null                                                               
00:49 +1107 -5: D:/TulasiHotels/test/services/billing_filter_test.dart: BillsFilter copyWith clearDateRange should set dateRange to null                                                               
00:49 +1107 -5: D:/TulasiHotels/test/services/billing_filter_test.dart: BillsFilter copyWith clearPaymentMethod should set paymentMethod to null                                                       
00:49 +1108 -5: D:/TulasiHotels/test/services/billing_filter_test.dart: BillsFilter copyWith clearPaymentMethod should set paymentMethod to null                                                       
00:49 +1108 -5: D:/TulasiHotels/test/services/billing_filter_test.dart: BillsFilter copyWith with recordType                                                                                           
00:49 +1109 -5: D:/TulasiHotels/test/services/billing_filter_test.dart: BillsFilter copyWith with recordType                                                                                           
00:49 +1109 -5: D:/TulasiHotels/test/services/billing_filter_test.dart: BillsFilter pagination should work correctly                                                                                   
00:49 +1110 -5: D:/TulasiHotels/test/services/billing_filter_test.dart: BillsFilter pagination should work correctly                                                                                   
00:49 +1110 -5: D:/TulasiHotels/test/services/billing_filter_test.dart: RecordType should have all expected values                                                                                     
00:49 +1111 -5: D:/TulasiHotels/test/services/billing_filter_test.dart: RecordType should have all expected values                                                                                     
00:49 +1111 -5: D:/TulasiHotels/test/services/billing_filter_test.dart: Bill filtering logic search filter by bill number                                                                              
00:49 +1112 -5: D:/TulasiHotels/test/services/billing_filter_test.dart: Bill filtering logic search filter by bill number                                                                              
00:49 +1112 -5: D:/TulasiHotels/test/services/billing_filter_test.dart: Bill filtering logic search filter by customer name                                                                            
00:49 +1113 -5: D:/TulasiHotels/test/services/billing_filter_test.dart: Bill filtering logic search filter by customer name                                                                            
00:49 +1113 -5: D:/TulasiHotels/test/services/billing_filter_test.dart: Bill filtering logic walk-in bills should be searchable as Walk-in                                                             
00:49 +1114 -5: D:/TulasiHotels/test/services/billing_filter_test.dart: Bill filtering logic walk-in bills should be searchable as Walk-in                                                             
00:49 +1114 -5: D:/TulasiHotels/test/services/billing_filter_test.dart: Bill filtering logic payment method filter                                                                                     
00:49 +1115 -5: D:/TulasiHotels/test/services/billing_filter_test.dart: Bill filtering logic payment method filter                                                                                     
00:49 +1115 -5: D:/TulasiHotels/test/services/billing_filter_test.dart: Bill filtering logic date range filter                                                                                         
00:49 +1116 -5: D:/TulasiHotels/test/services/billing_filter_test.dart: Bill filtering logic date range filter                                                                                         
00:49 +1116 -5: D:/TulasiHotels/test/services/billing_filter_test.dart: Bill filtering logic sort by date descending                                                                                   
00:49 +1117 -5: D:/TulasiHotels/test/services/billing_filter_test.dart: Bill filtering logic sort by date descending                                                                                   
00:49 +1117 -5: loading D:/TulasiHotels/test/services/billing_service_test.dart                                                                                                                        
00:49 +1117 -5: D:/TulasiHotels/test/services/billing_service_test.dart: Today summary aggregation empty bills gives zero summary                                                                      
00:49 +1118 -5: D:/TulasiHotels/test/services/billing_service_test.dart: Today summary aggregation empty bills gives zero summary                                                                      
00:49 +1118 -5: D:/TulasiHotels/test/services/billing_service_test.dart: Today summary aggregation single cash bill                                                                                    
00:49 +1119 -5: D:/TulasiHotels/test/services/billing_service_test.dart: Today summary aggregation single cash bill                                                                                    
00:49 +1119 -5: D:/TulasiHotels/test/services/billing_service_test.dart: Today summary aggregation mixed payment methods                                                                               
00:49 +1120 -5: D:/TulasiHotels/test/services/billing_service_test.dart: Today summary aggregation mixed payment methods                                                                               
00:49 +1120 -5: D:/TulasiHotels/test/services/billing_service_test.dart: Today summary aggregation unknown payment method adds to total but not buckets                                                
00:49 +1121 -5: D:/TulasiHotels/test/services/billing_service_test.dart: Today summary aggregation unknown payment method adds to total but not buckets                                                
00:49 +1121 -5: D:/TulasiHotels/test/services/billing_service_test.dart: Today summary aggregation large number of bills                                                                               
00:49 +1122 -5: D:/TulasiHotels/test/services/billing_service_test.dart: Today summary aggregation large number of bills                                                                               
00:50 +1122 -5: D:/TulasiHotels/test/services/billing_service_test.dart: Today summary aggregation large number of bills                                                                               
00:51 +1122 -5: D:/TulasiHotels/test/services/billing_service_test.dart: Today summary aggregation large number of bills                                                                               
00:51 +1122 -5: loading D:/TulasiHotels/test/services/bill_share_test.dart                                                                                                                             
00:51 +1122 -5: D:/TulasiHotels/test/services/bill_share_test.dart: BillShareService.generateBillText includes bill number                                                                             
00:51 +1123 -5: D:/TulasiHotels/test/services/bill_share_test.dart: BillShareService.generateBillText includes bill number                                                                             
00:51 +1123 -5: D:/TulasiHotels/test/services/bill_share_test.dart: BillShareService.generateBillText includes item names                                                                              
00:51 +1124 -5: D:/TulasiHotels/test/services/bill_share_test.dart: BillShareService.generateBillText includes item names                                                                              
00:51 +1124 -5: D:/TulasiHotels/test/services/bill_share_test.dart: BillShareService.generateBillText includes total amount                                                                            
00:51 +1125 -5: D:/TulasiHotels/test/services/bill_share_test.dart: BillShareService.generateBillText includes total amount                                                                            
00:51 +1125 -5: D:/TulasiHotels/test/services/bill_share_test.dart: BillShareService.generateBillText returns non-empty string                                                                         
00:51 +1126 -5: D:/TulasiHotels/test/services/bill_share_test.dart: BillShareService.generateBillText returns non-empty string                                                                         
00:51 +1126 -5: D:/TulasiHotels/test/services/bill_share_test.dart: BillShareService.generateBillText includes date                                                                                    
00:51 +1127 -5: D:/TulasiHotels/test/services/bill_share_test.dart: BillShareService.generateBillText includes date                                                                                    
00:51 +1127 -5: D:/TulasiHotels/test/services/bill_share_test.dart: BillShareService.generateBillText includes quantities                                                                              
00:51 +1128 -5: D:/TulasiHotels/test/services/bill_share_test.dart: BillShareService.generateBillText includes quantities                                                                              
00:51 +1128 -5: D:/TulasiHotels/test/services/bill_share_test.dart: BillShareService.generateBillText handles single item bill                                                                         
00:51 +1129 -5: D:/TulasiHotels/test/services/bill_share_test.dart: BillShareService.generateBillText handles single item bill                                                                         
00:51 +1129 -5: D:/TulasiHotels/test/services/bill_share_test.dart: BillShareService.generateBillText handles customer name when present                                                               
00:51 +1130 -5: D:/TulasiHotels/test/services/bill_share_test.dart: BillShareService.generateBillText handles customer name when present                                                               
00:51 +1130 -5: loading D:/TulasiHotels/test/services/conflict_resolution_test.dart                                                                                                                    
00:51 +1130 -5: D:/TulasiHotels/test/services/conflict_resolution_test.dart: ConflictResult has all expected values                                                                                    
00:51 +1131 -5: D:/TulasiHotels/test/services/conflict_resolution_test.dart: ConflictResult has all expected values                                                                                    
00:51 +1131 -5: D:/TulasiHotels/test/services/conflict_resolution_test.dart: ConflictResult noConflict indicates safe to write                                                                         
00:51 +1132 -5: D:/TulasiHotels/test/services/conflict_resolution_test.dart: ConflictResult noConflict indicates safe to write                                                                         
00:51 +1132 -5: D:/TulasiHotels/test/services/conflict_resolution_test.dart: ConflictResult serverNewer indicates remote change                                                                        
00:51 +1133 -5: D:/TulasiHotels/test/services/conflict_resolution_test.dart: ConflictResult serverNewer indicates remote change                                                                        
00:51 +1133 -5: D:/TulasiHotels/test/services/conflict_resolution_test.dart: ConflictResult localNewer indicates local is ahead                                                                        
00:51 +1134 -5: D:/TulasiHotels/test/services/conflict_resolution_test.dart: ConflictResult localNewer indicates local is ahead                                                                        
00:51 +1134 -5: D:/TulasiHotels/test/services/conflict_resolution_test.dart: ConflictResult notFound indicates no server document                                                                      
00:51 +1135 -5: D:/TulasiHotels/test/services/conflict_resolution_test.dart: ConflictResult notFound indicates no server document                                                                      
00:51 +1135 -5: D:/TulasiHotels/test/services/conflict_resolution_test.dart: ConflictResult values are all distinct                                                                                    
00:51 +1136 -5: D:/TulasiHotels/test/services/conflict_resolution_test.dart: ConflictResult values are all distinct                                                                                    
00:51 +1136 -5: D:/TulasiHotels/test/services/conflict_resolution_test.dart: ConflictAction has all expected values                                                                                    
00:51 +1137 -5: D:/TulasiHotels/test/services/conflict_resolution_test.dart: ConflictAction has all expected values                                                                                    
00:51 +1137 -5: D:/TulasiHotels/test/services/conflict_resolution_test.dart: ConflictAction overwrite is available                                                                                     
00:51 +1138 -5: D:/TulasiHotels/test/services/conflict_resolution_test.dart: ConflictAction overwrite is available                                                                                     
00:51 +1138 -5: D:/TulasiHotels/test/services/conflict_resolution_test.dart: ConflictAction discard is available                                                                                       
00:51 +1139 -5: D:/TulasiHotels/test/services/conflict_resolution_test.dart: ConflictAction discard is available                                                                                       
00:51 +1139 -5: D:/TulasiHotels/test/services/conflict_resolution_test.dart: ConflictAction merge is available                                                                                         
00:51 +1140 -5: D:/TulasiHotels/test/services/conflict_resolution_test.dart: ConflictAction merge is available                                                                                         
00:51 +1140 -5: D:/TulasiHotels/test/services/conflict_resolution_test.dart: ConflictAction values are all distinct                                                                                    
00:51 +1141 -5: D:/TulasiHotels/test/services/conflict_resolution_test.dart: ConflictAction values are all distinct                                                                                    
00:52 +1141 -5: D:/TulasiHotels/test/services/conflict_resolution_test.dart: ConflictAction values are all distinct                                                                                    
00:52 +1141 -5: loading D:/TulasiHotels/test/services/connectivity_test.dart                                                                                                                           
00:52 +1141 -5: D:/TulasiHotels/test/services/connectivity_test.dart: ConnectivityStatus has 2 values                                                                                                  
00:52 +1142 -5: D:/TulasiHotels/test/services/connectivity_test.dart: ConnectivityStatus has 2 values                                                                                                  
00:52 +1142 -5: D:/TulasiHotels/test/services/connectivity_test.dart: ConnectivityStatus online is available                                                                                           
00:52 +1143 -5: D:/TulasiHotels/test/services/connectivity_test.dart: ConnectivityStatus online is available                                                                                           
00:52 +1143 -5: D:/TulasiHotels/test/services/connectivity_test.dart: ConnectivityStatus offline is available                                                                                          
00:52 +1144 -5: D:/TulasiHotels/test/services/connectivity_test.dart: ConnectivityStatus offline is available                                                                                          
00:52 +1144 -5: D:/TulasiHotels/test/services/connectivity_test.dart: ConnectivityStatus values are distinct                                                                                           
00:52 +1145 -5: D:/TulasiHotels/test/services/connectivity_test.dart: ConnectivityStatus values are distinct                                                                                           
00:53 +1145 -5: D:/TulasiHotels/test/services/connectivity_test.dart: ConnectivityStatus values are distinct                                                                                           
00:53 +1145 -5: loading D:/TulasiHotels/test/services/csv_parsing_test.dart                                                                                                                            
00:53 +1145 -5: D:/TulasiHotels/test/services/csv_parsing_test.dart: CsvImportResult imported count equals products length                                                                             
00:53 +1146 -5: D:/TulasiHotels/test/services/csv_parsing_test.dart: CsvImportResult imported count equals products length                                                                             
00:53 +1146 -5: D:/TulasiHotels/test/services/csv_parsing_test.dart: CsvImportResult hasErrors when errors list is non-empty                                                                           
00:53 +1147 -5: D:/TulasiHotels/test/services/csv_parsing_test.dart: CsvImportResult hasErrors when errors list is non-empty                                                                           
00:53 +1147 -5: D:/TulasiHotels/test/services/csv_parsing_test.dart: CsvImportResult no errors when errors list is empty                                                                               
00:53 +1148 -5: D:/TulasiHotels/test/services/csv_parsing_test.dart: CsvImportResult no errors when errors list is empty                                                                               
00:53 +1148 -5: D:/TulasiHotels/test/services/csv_parsing_test.dart: CsvImportResult skipped defaults to 0                                                                                             
00:53 +1149 -5: D:/TulasiHotels/test/services/csv_parsing_test.dart: CsvImportResult skipped defaults to 0                                                                                             
00:53 +1149 -5: D:/TulasiHotels/test/services/csv_parsing_test.dart: CsvImportResult errors defaults to empty list                                                                                     
00:53 +1150 -5: D:/TulasiHotels/test/services/csv_parsing_test.dart: CsvImportResult errors defaults to empty list                                                                                     
00:53 +1150 -5: D:/TulasiHotels/test/services/csv_parsing_test.dart: ProductCsvService.getSampleCsv returns non-empty CSV                                                                              
00:53 +1151 -5: D:/TulasiHotels/test/services/csv_parsing_test.dart: ProductCsvService.getSampleCsv returns non-empty CSV                                                                              
00:53 +1151 -5: D:/TulasiHotels/test/services/csv_parsing_test.dart: ProductCsvService.getSampleCsv contains header row                                                                                
00:53 +1152 -5: D:/TulasiHotels/test/services/csv_parsing_test.dart: ProductCsvService.getSampleCsv contains header row                                                                                
00:53 +1152 -5: D:/TulasiHotels/test/services/csv_parsing_test.dart: ProductCsvService.getSampleCsv contains sample data rows                                                                          
00:53 +1153 -5: D:/TulasiHotels/test/services/csv_parsing_test.dart: ProductCsvService.getSampleCsv contains sample data rows                                                                          
00:53 +1153 -5: D:/TulasiHotels/test/services/csv_parsing_test.dart: ProductCsvService.getSampleCsv has purchasePrice column                                                                           
00:53 +1154 -5: D:/TulasiHotels/test/services/csv_parsing_test.dart: ProductCsvService.getSampleCsv has purchasePrice column                                                                           
00:53 +1154 -5: D:/TulasiHotels/test/services/csv_parsing_test.dart: ProductCsvService.getSampleCsv has lowStockAlert column                                                                           
00:53 +1155 -5: D:/TulasiHotels/test/services/csv_parsing_test.dart: ProductCsvService.getSampleCsv has lowStockAlert column                                                                           
00:53 +1155 -5: D:/TulasiHotels/test/services/csv_parsing_test.dart: ProductCsvService.getSampleCsv sample data has realistic values                                                                   
00:53 +1156 -5: D:/TulasiHotels/test/services/csv_parsing_test.dart: ProductCsvService.getSampleCsv sample data has realistic values                                                                   
00:54 +1156 -5: D:/TulasiHotels/test/services/csv_parsing_test.dart: ProductCsvService.getSampleCsv sample data has realistic values                                                                   
00:54 +1156 -5: loading D:/TulasiHotels/test/services/data_export_classes_test.dart                                                                                                                    
00:54 +1156 -5: D:/TulasiHotels/test/services/data_export_classes_test.dart: ExportFormat csv has correct extension                                                                                    
00:54 +1157 -5: D:/TulasiHotels/test/services/data_export_classes_test.dart: ExportFormat csv has correct extension                                                                                    
00:54 +1157 -5: D:/TulasiHotels/test/services/data_export_classes_test.dart: ExportFormat json has correct extension                                                                                   
00:54 +1158 -5: D:/TulasiHotels/test/services/data_export_classes_test.dart: ExportFormat json has correct extension                                                                                   
00:54 +1158 -5: D:/TulasiHotels/test/services/data_export_classes_test.dart: ExportFormat each format has a label                                                                                      
00:54 +1159 -5: D:/TulasiHotels/test/services/data_export_classes_test.dart: ExportFormat each format has a label                                                                                      
00:54 +1159 -5: D:/TulasiHotels/test/services/data_export_classes_test.dart: ExportFormat each format has a description                                                                                
00:54 +1160 -5: D:/TulasiHotels/test/services/data_export_classes_test.dart: ExportFormat each format has a description                                                                                
00:54 +1160 -5: D:/TulasiHotels/test/services/data_export_classes_test.dart: ExportRange.toDateRange today returns same-day range                                                                      
00:54 +1161 -5: D:/TulasiHotels/test/services/data_export_classes_test.dart: ExportRange.toDateRange today returns same-day range                                                                      
00:54 +1161 -5: D:/TulasiHotels/test/services/data_export_classes_test.dart: ExportRange.toDateRange last7Days starts 7 days ago                                                                       
00:54 +1162 -5: D:/TulasiHotels/test/services/data_export_classes_test.dart: ExportRange.toDateRange last7Days starts 7 days ago                                                                       
00:54 +1162 -5: D:/TulasiHotels/test/services/data_export_classes_test.dart: ExportRange.toDateRange last30Days starts 30 days ago                                                                     
00:54 +1163 -5: D:/TulasiHotels/test/services/data_export_classes_test.dart: ExportRange.toDateRange last30Days starts 30 days ago                                                                     
00:54 +1163 -5: D:/TulasiHotels/test/services/data_export_classes_test.dart: ExportRange.toDateRange last90Days starts 90 days ago                                                                     
00:54 +1164 -5: D:/TulasiHotels/test/services/data_export_classes_test.dart: ExportRange.toDateRange last90Days starts 90 days ago                                                                     
00:54 +1164 -5: D:/TulasiHotels/test/services/data_export_classes_test.dart: ExportRange.toDateRange thisMonth starts on first of current month                                                        
00:54 +1165 -5: D:/TulasiHotels/test/services/data_export_classes_test.dart: ExportRange.toDateRange thisMonth starts on first of current month                                                        
00:54 +1165 -5: D:/TulasiHotels/test/services/data_export_classes_test.dart: ExportRange.toDateRange lastMonth starts on first of previous month                                                       
00:54 +1166 -5: D:/TulasiHotels/test/services/data_export_classes_test.dart: ExportRange.toDateRange lastMonth starts on first of previous month                                                       
00:54 +1166 -5: D:/TulasiHotels/test/services/data_export_classes_test.dart: ExportRange.toDateRange allTime starts from 2020                                                                          
00:54 +1167 -5: D:/TulasiHotels/test/services/data_export_classes_test.dart: ExportRange.toDateRange allTime starts from 2020                                                                          
00:54 +1167 -5: D:/TulasiHotels/test/services/data_export_classes_test.dart: ExportRange.toDateRange all ranges have label                                                                             
00:54 +1168 -5: D:/TulasiHotels/test/services/data_export_classes_test.dart: ExportRange.toDateRange all ranges have label                                                                             
00:54 +1168 -5: D:/TulasiHotels/test/services/data_export_classes_test.dart: DateTimeRange.includes includes date within range                                                                         
00:54 +1169 -5: D:/TulasiHotels/test/services/data_export_classes_test.dart: DateTimeRange.includes includes date within range                                                                         
00:54 +1169 -5: D:/TulasiHotels/test/services/data_export_classes_test.dart: DateTimeRange.includes includes start date                                                                                
00:54 +1170 -5: D:/TulasiHotels/test/services/data_export_classes_test.dart: DateTimeRange.includes includes start date                                                                                
00:54 +1170 -5: D:/TulasiHotels/test/services/data_export_classes_test.dart: DateTimeRange.includes excludes date before range                                                                         
00:54 +1171 -5: D:/TulasiHotels/test/services/data_export_classes_test.dart: DateTimeRange.includes excludes date before range                                                                         
00:54 +1171 -5: D:/TulasiHotels/test/services/data_export_classes_test.dart: DateTimeRange.includes excludes date after range                                                                          
00:54 +1172 -5: D:/TulasiHotels/test/services/data_export_classes_test.dart: DateTimeRange.includes excludes date after range                                                                          
00:54 +1172 -5: D:/TulasiHotels/test/services/data_export_classes_test.dart: ExportResult success result has path and no error                                                                         
00:54 +1173 -5: D:/TulasiHotels/test/services/data_export_classes_test.dart: ExportResult success result has path and no error                                                                         
00:54 +1173 -5: D:/TulasiHotels/test/services/data_export_classes_test.dart: ExportResult failure result has error message                                                                             
00:54 +1174 -5: D:/TulasiHotels/test/services/data_export_classes_test.dart: ExportResult failure result has error message                                                                             
00:54 +1174 -5: loading D:/TulasiHotels/test/services/data_export_service_test.dart                                                                                                                    
00:54 +1174 -5: D:/TulasiHotels/test/services/data_export_service_test.dart: ExportFormat csv has correct properties                                                                                   
00:54 +1175 -5: D:/TulasiHotels/test/services/data_export_service_test.dart: ExportFormat csv has correct properties                                                                                   
00:54 +1175 -5: D:/TulasiHotels/test/services/data_export_service_test.dart: ExportFormat json has correct properties                                                                                  
00:54 +1176 -5: D:/TulasiHotels/test/services/data_export_service_test.dart: ExportFormat json has correct properties                                                                                  
00:54 +1176 -5: D:/TulasiHotels/test/services/data_export_service_test.dart: ExportFormat all formats covered                                                                                          
00:54 +1177 -5: D:/TulasiHotels/test/services/data_export_service_test.dart: ExportFormat all formats covered                                                                                          
00:54 +1177 -5: D:/TulasiHotels/test/services/data_export_service_test.dart: ExportRange today range starts at midnight                                                                                
00:54 +1178 -5: D:/TulasiHotels/test/services/data_export_service_test.dart: ExportRange today range starts at midnight                                                                                
00:54 +1178 -5: D:/TulasiHotels/test/services/data_export_service_test.dart: ExportRange today range ends at current time                                                                              
00:54 +1179 -5: D:/TulasiHotels/test/services/data_export_service_test.dart: ExportRange today range ends at current time                                                                              
00:54 +1179 -5: D:/TulasiHotels/test/services/data_export_service_test.dart: ExportRange last7Days range spans 7 days                                                                                  
00:54 +1180 -5: D:/TulasiHotels/test/services/data_export_service_test.dart: ExportRange last7Days range spans 7 days                                                                                  
00:54 +1180 -5: D:/TulasiHotels/test/services/data_export_service_test.dart: ExportRange last30Days range spans 30 days                                                                                
00:54 +1181 -5: D:/TulasiHotels/test/services/data_export_service_test.dart: ExportRange last30Days range spans 30 days                                                                                
00:54 +1181 -5: D:/TulasiHotels/test/services/data_export_service_test.dart: ExportRange last90Days range spans 90 days                                                                                
00:54 +1182 -5: D:/TulasiHotels/test/services/data_export_service_test.dart: ExportRange last90Days range spans 90 days                                                                                
00:54 +1182 -5: D:/TulasiHotels/test/services/data_export_service_test.dart: ExportRange thisMonth starts on 1st of current month                                                                      
00:54 +1183 -5: D:/TulasiHotels/test/services/data_export_service_test.dart: ExportRange thisMonth starts on 1st of current month                                                                      
00:54 +1183 -5: D:/TulasiHotels/test/services/data_export_service_test.dart: ExportRange lastMonth ends on last day of previous month                                                                  
00:54 +1184 -5: D:/TulasiHotels/test/services/data_export_service_test.dart: ExportRange lastMonth ends on last day of previous month                                                                  
00:54 +1184 -5: D:/TulasiHotels/test/services/data_export_service_test.dart: ExportRange lastMonth starts on 1st of previous month                                                                     
00:54 +1185 -5: D:/TulasiHotels/test/services/data_export_service_test.dart: ExportRange lastMonth starts on 1st of previous month                                                                     
00:54 +1185 -5: D:/TulasiHotels/test/services/data_export_service_test.dart: ExportRange allTime starts from 2020                                                                                      
00:54 +1186 -5: D:/TulasiHotels/test/services/data_export_service_test.dart: ExportRange allTime starts from 2020                                                                                      
00:54 +1186 -5: D:/TulasiHotels/test/services/data_export_service_test.dart: ExportRange all range values covered                                                                                      
00:54 +1187 -5: D:/TulasiHotels/test/services/data_export_service_test.dart: ExportRange all range values covered                                                                                      
00:54 +1187 -5: D:/TulasiHotels/test/services/data_export_service_test.dart: DateTimeRange includes returns true for date within range                                                                 
00:54 +1188 -5: D:/TulasiHotels/test/services/data_export_service_test.dart: DateTimeRange includes returns true for date within range                                                                 
00:54 +1188 -5: D:/TulasiHotels/test/services/data_export_service_test.dart: DateTimeRange includes returns true for start boundary                                                                    
00:54 +1189 -5: D:/TulasiHotels/test/services/data_export_service_test.dart: DateTimeRange includes returns true for start boundary                                                                    
00:54 +1189 -5: D:/TulasiHotels/test/services/data_export_service_test.dart: DateTimeRange includes returns true for end boundary                                                                      
00:54 +1190 -5: D:/TulasiHotels/test/services/data_export_service_test.dart: DateTimeRange includes returns true for end boundary                                                                      
00:54 +1190 -5: D:/TulasiHotels/test/services/data_export_service_test.dart: DateTimeRange includes returns false for date before range                                                                
00:54 +1191 -5: D:/TulasiHotels/test/services/data_export_service_test.dart: DateTimeRange includes returns false for date before range                                                                
00:54 +1191 -5: D:/TulasiHotels/test/services/data_export_service_test.dart: DateTimeRange includes returns false for date after range                                                                 
00:54 +1192 -5: D:/TulasiHotels/test/services/data_export_service_test.dart: DateTimeRange includes returns false for date after range                                                                 
00:55 +1192 -5: D:/TulasiHotels/test/services/data_export_service_test.dart: DateTimeRange includes returns false for date after range                                                                 
00:56 +1192 -5: D:/TulasiHotels/test/services/data_export_service_test.dart: DateTimeRange includes returns false for date after range                                                                 
00:56 +1192 -5: loading D:/TulasiHotels/test/services/data_retention_test.dart                                                                                                                         
00:56 +1192 -5: D:/TulasiHotels/test/services/data_retention_test.dart: RetentionPeriod has all expected values                                                                                        
00:56 +1193 -5: D:/TulasiHotels/test/services/data_retention_test.dart: RetentionPeriod has all expected values                                                                                        
00:56 +1193 -5: D:/TulasiHotels/test/services/data_retention_test.dart: RetentionPeriod days30 is 30 days                                                                                              
00:56 +1194 -5: D:/TulasiHotels/test/services/data_retention_test.dart: RetentionPeriod days30 is 30 days                                                                                              
00:56 +1194 -5: D:/TulasiHotels/test/services/data_retention_test.dart: RetentionPeriod days90 is 90 days                                                                                              
00:56 +1195 -5: D:/TulasiHotels/test/services/data_retention_test.dart: RetentionPeriod days90 is 90 days                                                                                              
00:56 +1195 -5: D:/TulasiHotels/test/services/data_retention_test.dart: RetentionPeriod year1 is 365 days                                                                                              
00:56 +1196 -5: D:/TulasiHotels/test/services/data_retention_test.dart: RetentionPeriod year1 is 365 days                                                                                              
00:56 +1196 -5: D:/TulasiHotels/test/services/data_retention_test.dart: RetentionPeriod forever never expires                                                                                          
00:56 +1197 -5: D:/TulasiHotels/test/services/data_retention_test.dart: RetentionPeriod forever never expires                                                                                          
00:56 +1197 -5: D:/TulasiHotels/test/services/data_retention_test.dart: RetentionPeriod all have labels                                                                                                
00:56 +1198 -5: D:/TulasiHotels/test/services/data_retention_test.dart: RetentionPeriod all have labels                                                                                                
00:56 +1198 -5: D:/TulasiHotels/test/services/data_retention_test.dart: RetentionPeriod all have descriptions                                                                                          
00:56 +1199 -5: D:/TulasiHotels/test/services/data_retention_test.dart: RetentionPeriod all have descriptions                                                                                          
00:56 +1199 -5: D:/TulasiHotels/test/services/data_retention_test.dart: RetentionPeriod.cutoffDate forever returns null                                                                                
00:56 +1200 -5: D:/TulasiHotels/test/services/data_retention_test.dart: RetentionPeriod.cutoffDate forever returns null                                                                                
00:56 +1200 -5: D:/TulasiHotels/test/services/data_retention_test.dart: RetentionPeriod.cutoffDate days30 returns date ~30 days ago                                                                    
00:56 +1201 -5: D:/TulasiHotels/test/services/data_retention_test.dart: RetentionPeriod.cutoffDate days30 returns date ~30 days ago                                                                    
00:56 +1201 -5: D:/TulasiHotels/test/services/data_retention_test.dart: RetentionPeriod.cutoffDate days90 returns date ~90 days ago                                                                    
00:56 +1202 -5: D:/TulasiHotels/test/services/data_retention_test.dart: RetentionPeriod.cutoffDate days90 returns date ~90 days ago                                                                    
00:56 +1202 -5: D:/TulasiHotels/test/services/data_retention_test.dart: RetentionPeriod.cutoffDate year1 returns date ~365 days ago                                                                    
00:56 +1203 -5: D:/TulasiHotels/test/services/data_retention_test.dart: RetentionPeriod.cutoffDate year1 returns date ~365 days ago                                                                    
00:56 +1203 -5: D:/TulasiHotels/test/services/data_retention_test.dart: RetentionPeriod.fromDays returns days30 for 30                                                                                 
00:56 +1204 -5: D:/TulasiHotels/test/services/data_retention_test.dart: RetentionPeriod.fromDays returns days30 for 30                                                                                 
00:56 +1204 -5: D:/TulasiHotels/test/services/data_retention_test.dart: RetentionPeriod.fromDays returns days90 for 90                                                                                 
00:56 +1205 -5: D:/TulasiHotels/test/services/data_retention_test.dart: RetentionPeriod.fromDays returns days90 for 90                                                                                 
00:56 +1205 -5: D:/TulasiHotels/test/services/data_retention_test.dart: RetentionPeriod.fromDays returns year1 for 365                                                                                 
00:56 +1206 -5: D:/TulasiHotels/test/services/data_retention_test.dart: RetentionPeriod.fromDays returns year1 for 365                                                                                 
00:56 +1206 -5: D:/TulasiHotels/test/services/data_retention_test.dart: RetentionPeriod.fromDays returns forever for -1                                                                                
00:56 +1207 -5: D:/TulasiHotels/test/services/data_retention_test.dart: RetentionPeriod.fromDays returns forever for -1                                                                                
00:56 +1207 -5: D:/TulasiHotels/test/services/data_retention_test.dart: RetentionPeriod.fromDays defaults to days90 for unknown value                                                                  
00:56 +1208 -5: D:/TulasiHotels/test/services/data_retention_test.dart: RetentionPeriod.fromDays defaults to days90 for unknown value                                                                  
00:56 +1208 -5: D:/TulasiHotels/test/services/data_retention_test.dart: RetentionPeriod.fromDays defaults to days90 for 0                                                                              
00:56 +1209 -5: D:/TulasiHotels/test/services/data_retention_test.dart: RetentionPeriod.fromDays defaults to days90 for 0                                                                              
00:56 +1209 -5: D:/TulasiHotels/test/services/data_retention_test.dart: CleanupResult totalDeleted aggregates bills and expenses                                                                       
00:56 +1210 -5: D:/TulasiHotels/test/services/data_retention_test.dart: CleanupResult totalDeleted aggregates bills and expenses                                                                       
00:56 +1210 -5: D:/TulasiHotels/test/services/data_retention_test.dart: CleanupResult totalDeleted is zero for empty cleanup                                                                           
00:56 +1211 -5: D:/TulasiHotels/test/services/data_retention_test.dart: CleanupResult totalDeleted is zero for empty cleanup                                                                           
00:56 +1211 -5: D:/TulasiHotels/test/services/data_retention_test.dart: CleanupResult bytesFreedFormatted shows bytes                                                                                  
00:56 +1212 -5: D:/TulasiHotels/test/services/data_retention_test.dart: CleanupResult bytesFreedFormatted shows bytes                                                                                  
00:56 +1212 -5: D:/TulasiHotels/test/services/data_retention_test.dart: CleanupResult bytesFreedFormatted shows KB                                                                                     
00:56 +1213 -5: D:/TulasiHotels/test/services/data_retention_test.dart: CleanupResult bytesFreedFormatted shows KB                                                                                     
00:56 +1213 -5: D:/TulasiHotels/test/services/data_retention_test.dart: CleanupResult bytesFreedFormatted shows MB                                                                                     
00:56 +1214 -5: D:/TulasiHotels/test/services/data_retention_test.dart: CleanupResult bytesFreedFormatted shows MB                                                                                     
00:56 +1214 -5: D:/TulasiHotels/test/services/data_retention_test.dart: CleanupResult skipped defaults to false                                                                                        
00:56 +1215 -5: D:/TulasiHotels/test/services/data_retention_test.dart: CleanupResult skipped defaults to false                                                                                        
00:56 +1215 -5: D:/TulasiHotels/test/services/data_retention_test.dart: CleanupResult dryRun defaults to false                                                                                         
00:56 +1216 -5: D:/TulasiHotels/test/services/data_retention_test.dart: CleanupResult dryRun defaults to false                                                                                         
00:56 +1216 -5: D:/TulasiHotels/test/services/data_retention_test.dart: CleanupResult skipped result has reason                                                                                        
00:56 +1217 -5: D:/TulasiHotels/test/services/data_retention_test.dart: CleanupResult skipped result has reason                                                                                        
00:56 +1217 -5: D:/TulasiHotels/test/services/data_retention_test.dart: CleanupResult dryRun result shows what would be deleted                                                                        
00:56 +1218 -5: D:/TulasiHotels/test/services/data_retention_test.dart: CleanupResult dryRun result shows what would be deleted                                                                        
00:57 +1218 -5: D:/TulasiHotels/test/services/data_retention_test.dart: CleanupResult dryRun result shows what would be deleted                                                                        
00:57 +1218 -5: loading D:/TulasiHotels/test/services/demo_data_service_test.dart                                                                                                                      
00:57 +1218 -5: D:/TulasiHotels/test/services/demo_data_service_test.dart: Initialization isLoaded is false initially                                                                                  
00:57 +1219 -5: D:/TulasiHotels/test/services/demo_data_service_test.dart: Initialization isLoaded is false initially                                                                                  
00:57 +1219 -5: D:/TulasiHotels/test/services/demo_data_service_test.dart: Initialization loadDemoData sets isLoaded to true                                                                           
00:57 +1219 -5: D:/TulasiHotels/test/services/demo_data_service_test.dart: Initialization loadDemoData sets isLoaded to true                                                                           
≡ƒÄ¡ DemoDataService.loadDemoData() called. Already loaded: false
≡ƒÄ¡ Demo data loaded: 15 products, 5 customers, 3 bills, 3 expenses

00:57 +1220 -5: D:/TulasiHotels/test/services/demo_data_service_test.dart: Initialization loadDemoData sets isLoaded to true                                                                           
00:57 +1220 -5: D:/TulasiHotels/test/services/demo_data_service_test.dart: Initialization clearDemoData resets isLoaded                                                                                
00:57 +1220 -5: D:/TulasiHotels/test/services/demo_data_service_test.dart: Initialization clearDemoData resets isLoaded                                                                                
≡ƒÄ¡ DemoDataService.loadDemoData() called. Already loaded: false
≡ƒÄ¡ Demo data loaded: 15 products, 5 customers, 3 bills, 3 expenses

00:57 +1221 -5: D:/TulasiHotels/test/services/demo_data_service_test.dart: Initialization clearDemoData resets isLoaded                                                                                
00:57 +1221 -5: D:/TulasiHotels/test/services/demo_data_service_test.dart: Initialization loadDemoData is idempotent                                                                                   
00:57 +1221 -5: D:/TulasiHotels/test/services/demo_data_service_test.dart: Initialization loadDemoData is idempotent                                                                                   
≡ƒÄ¡ DemoDataService.loadDemoData() called. Already loaded: false
≡ƒÄ¡ Demo data loaded: 15 products, 5 customers, 3 bills, 3 expenses
≡ƒÄ¡ DemoDataService.loadDemoData() called. Already loaded: true

00:57 +1222 -5: D:/TulasiHotels/test/services/demo_data_service_test.dart: Initialization loadDemoData is idempotent                                                                                   
00:57 +1222 -5: D:/TulasiHotels/test/services/demo_data_service_test.dart: Products getProducts returns non-empty list                                                                                 
00:57 +1222 -5: D:/TulasiHotels/test/services/demo_data_service_test.dart: Products getProducts returns non-empty list                                                                                 
≡ƒÄ¡ DemoDataService.loadDemoData() called. Already loaded: false
≡ƒÄ¡ Demo data loaded: 15 products, 5 customers, 3 bills, 3 expenses

00:57 +1223 -5: D:/TulasiHotels/test/services/demo_data_service_test.dart: Products getProducts returns non-empty list                                                                                 
00:57 +1223 -5: D:/TulasiHotels/test/services/demo_data_service_test.dart: Products getProducts returns at least 10 products                                                                           
00:57 +1223 -5: D:/TulasiHotels/test/services/demo_data_service_test.dart: Products getProducts returns at least 10 products                                                                           
≡ƒÄ¡ DemoDataService.loadDemoData() called. Already loaded: false
≡ƒÄ¡ Demo data loaded: 15 products, 5 customers, 3 bills, 3 expenses

00:57 +1224 -5: D:/TulasiHotels/test/services/demo_data_service_test.dart: Products getProducts returns at least 10 products                                                                           
00:57 +1224 -5: D:/TulasiHotels/test/services/demo_data_service_test.dart: Products getProduct by valid ID returns product                                                                             
00:57 +1224 -5: D:/TulasiHotels/test/services/demo_data_service_test.dart: Products getProduct by valid ID returns product                                                                             
≡ƒÄ¡ DemoDataService.loadDemoData() called. Already loaded: false
≡ƒÄ¡ Demo data loaded: 15 products, 5 customers, 3 bills, 3 expenses

00:57 +1225 -5: D:/TulasiHotels/test/services/demo_data_service_test.dart: Products getProduct by valid ID returns product                                                                             
00:57 +1225 -5: D:/TulasiHotels/test/services/demo_data_service_test.dart: Products getProduct by invalid ID returns null                                                                              
00:57 +1225 -5: D:/TulasiHotels/test/services/demo_data_service_test.dart: Products getProduct by invalid ID returns null                                                                              
≡ƒÄ¡ DemoDataService.loadDemoData() called. Already loaded: false
≡ƒÄ¡ Demo data loaded: 15 products, 5 customers, 3 bills, 3 expenses

00:57 +1226 -5: D:/TulasiHotels/test/services/demo_data_service_test.dart: Products getProduct by invalid ID returns null                                                                              
00:57 +1226 -5: D:/TulasiHotels/test/services/demo_data_service_test.dart: Products getProductByBarcode with valid barcode                                                                             
00:57 +1226 -5: D:/TulasiHotels/test/services/demo_data_service_test.dart: Products getProductByBarcode with valid barcode                                                                             
≡ƒÄ¡ DemoDataService.loadDemoData() called. Already loaded: false
≡ƒÄ¡ Demo data loaded: 15 products, 5 customers, 3 bills, 3 expenses

00:57 +1227 -5: D:/TulasiHotels/test/services/demo_data_service_test.dart: Products getProductByBarcode with valid barcode                                                                             
00:57 +1227 -5: D:/TulasiHotels/test/services/demo_data_service_test.dart: Products getProductByBarcode with invalid barcode returns null                                                              
00:57 +1227 -5: D:/TulasiHotels/test/services/demo_data_service_test.dart: Products getProductByBarcode with invalid barcode returns null                                                              
≡ƒÄ¡ DemoDataService.loadDemoData() called. Already loaded: false
≡ƒÄ¡ Demo data loaded: 15 products, 5 customers, 3 bills, 3 expenses

00:57 +1228 -5: D:/TulasiHotels/test/services/demo_data_service_test.dart: Products getProductByBarcode with invalid barcode returns null                                                              
00:57 +1228 -5: D:/TulasiHotels/test/services/demo_data_service_test.dart: Products addProduct returns ID and adds to list                                                                             
00:57 +1228 -5: D:/TulasiHotels/test/services/demo_data_service_test.dart: Products addProduct returns ID and adds to list                                                                             
≡ƒÄ¡ DemoDataService.loadDemoData() called. Already loaded: false
≡ƒÄ¡ Demo data loaded: 15 products, 5 customers, 3 bills, 3 expenses

00:57 +1229 -5: D:/TulasiHotels/test/services/demo_data_service_test.dart: Products addProduct returns ID and adds to list                                                                             
00:57 +1229 -5: D:/TulasiHotels/test/services/demo_data_service_test.dart: Products updateProduct modifies existing product                                                                            
00:57 +1229 -5: D:/TulasiHotels/test/services/demo_data_service_test.dart: Products updateProduct modifies existing product                                                                            
≡ƒÄ¡ DemoDataService.loadDemoData() called. Already loaded: false
≡ƒÄ¡ Demo data loaded: 15 products, 5 customers, 3 bills, 3 expenses

00:57 +1230 -5: D:/TulasiHotels/test/services/demo_data_service_test.dart: Products updateProduct modifies existing product                                                                            
00:57 +1230 -5: D:/TulasiHotels/test/services/demo_data_service_test.dart: Products deleteProduct removes product                                                                                      
00:57 +1230 -5: D:/TulasiHotels/test/services/demo_data_service_test.dart: Products deleteProduct removes product                                                                                      
≡ƒÄ¡ DemoDataService.loadDemoData() called. Already loaded: false
≡ƒÄ¡ Demo data loaded: 15 products, 5 customers, 3 bills, 3 expenses

00:57 +1231 -5: D:/TulasiHotels/test/services/demo_data_service_test.dart: Products deleteProduct removes product                                                                                      
00:57 +1231 -5: D:/TulasiHotels/test/services/demo_data_service_test.dart: Products updateStock changes stock value                                                                                    
00:57 +1231 -5: D:/TulasiHotels/test/services/demo_data_service_test.dart: Products updateStock changes stock value                                                                                    
≡ƒÄ¡ DemoDataService.loadDemoData() called. Already loaded: false
≡ƒÄ¡ Demo data loaded: 15 products, 5 customers, 3 bills, 3 expenses

00:57 +1232 -5: D:/TulasiHotels/test/services/demo_data_service_test.dart: Products updateStock changes stock value                                                                                    
00:57 +1232 -5: D:/TulasiHotels/test/services/demo_data_service_test.dart: Products decrementStock reduces stock                                                                                       
00:57 +1232 -5: D:/TulasiHotels/test/services/demo_data_service_test.dart: Products decrementStock reduces stock                                                                                       
≡ƒÄ¡ DemoDataService.loadDemoData() called. Already loaded: false
≡ƒÄ¡ Demo data loaded: 15 products, 5 customers, 3 bills, 3 expenses

00:57 +1233 -5: D:/TulasiHotels/test/services/demo_data_service_test.dart: Products decrementStock reduces stock                                                                                       
00:57 +1233 -5: D:/TulasiHotels/test/services/demo_data_service_test.dart: Customers getCustomers returns non-empty list                                                                               
00:57 +1233 -5: D:/TulasiHotels/test/services/demo_data_service_test.dart: Customers getCustomers returns non-empty list                                                                               
≡ƒÄ¡ DemoDataService.loadDemoData() called. Already loaded: false
≡ƒÄ¡ Demo data loaded: 15 products, 5 customers, 3 bills, 3 expenses

00:57 +1234 -5: D:/TulasiHotels/test/services/demo_data_service_test.dart: Customers getCustomers returns non-empty list                                                                               
00:57 +1234 -5: D:/TulasiHotels/test/services/demo_data_service_test.dart: Customers getCustomer by valid ID                                                                                           
00:57 +1234 -5: D:/TulasiHotels/test/services/demo_data_service_test.dart: Customers getCustomer by valid ID                                                                                           
≡ƒÄ¡ DemoDataService.loadDemoData() called. Already loaded: false
≡ƒÄ¡ Demo data loaded: 15 products, 5 customers, 3 bills, 3 expenses

00:57 +1235 -5: D:/TulasiHotels/test/services/demo_data_service_test.dart: Customers getCustomer by valid ID                                                                                           
00:57 +1235 -5: D:/TulasiHotels/test/services/demo_data_service_test.dart: Customers getCustomer by invalid ID returns null                                                                            
00:57 +1235 -5: D:/TulasiHotels/test/services/demo_data_service_test.dart: Customers getCustomer by invalid ID returns null                                                                            
≡ƒÄ¡ DemoDataService.loadDemoData() called. Already loaded: false
≡ƒÄ¡ Demo data loaded: 15 products, 5 customers, 3 bills, 3 expenses

00:57 +1236 -5: D:/TulasiHotels/test/services/demo_data_service_test.dart: Customers getCustomer by invalid ID returns null                                                                            
00:57 +1236 -5: D:/TulasiHotels/test/services/demo_data_service_test.dart: Customers addCustomer returns ID and adds to list                                                                           
00:57 +1236 -5: D:/TulasiHotels/test/services/demo_data_service_test.dart: Customers addCustomer returns ID and adds to list                                                                           
≡ƒÄ¡ DemoDataService.loadDemoData() called. Already loaded: false
≡ƒÄ¡ Demo data loaded: 15 products, 5 customers, 3 bills, 3 expenses

00:57 +1237 -5: D:/TulasiHotels/test/services/demo_data_service_test.dart: Customers addCustomer returns ID and adds to list                                                                           
00:57 +1237 -5: D:/TulasiHotels/test/services/demo_data_service_test.dart: Customers updateCustomer modifies existing                                                                                  
00:57 +1237 -5: D:/TulasiHotels/test/services/demo_data_service_test.dart: Customers updateCustomer modifies existing                                                                                  
≡ƒÄ¡ DemoDataService.loadDemoData() called. Already loaded: false
≡ƒÄ¡ Demo data loaded: 15 products, 5 customers, 3 bills, 3 expenses

00:57 +1238 -5: D:/TulasiHotels/test/services/demo_data_service_test.dart: Customers updateCustomer modifies existing                                                                                  
00:57 +1238 -5: D:/TulasiHotels/test/services/demo_data_service_test.dart: Customers deleteCustomer removes customer and transactions                                                                  
00:57 +1238 -5: D:/TulasiHotels/test/services/demo_data_service_test.dart: Customers deleteCustomer removes customer and transactions                                                                  
≡ƒÄ¡ DemoDataService.loadDemoData() called. Already loaded: false
≡ƒÄ¡ Demo data loaded: 15 products, 5 customers, 3 bills, 3 expenses

00:57 +1239 -5: D:/TulasiHotels/test/services/demo_data_service_test.dart: Customers deleteCustomer removes customer and transactions                                                                  
00:57 +1239 -5: D:/TulasiHotels/test/services/demo_data_service_test.dart: Customers updateCustomerBalance adds to balance                                                                             
00:57 +1239 -5: D:/TulasiHotels/test/services/demo_data_service_test.dart: Customers updateCustomerBalance adds to balance                                                                             
≡ƒÄ¡ DemoDataService.loadDemoData() called. Already loaded: false
≡ƒÄ¡ Demo data loaded: 15 products, 5 customers, 3 bills, 3 expenses

00:57 +1240 -5: D:/TulasiHotels/test/services/demo_data_service_test.dart: Customers updateCustomerBalance adds to balance                                                                             
00:57 +1240 -5: D:/TulasiHotels/test/services/demo_data_service_test.dart: Customers updateCustomerBalance subtracts from balance                                                                      
00:57 +1240 -5: D:/TulasiHotels/test/services/demo_data_service_test.dart: Customers updateCustomerBalance subtracts from balance                                                                      
≡ƒÄ¡ DemoDataService.loadDemoData() called. Already loaded: false
≡ƒÄ¡ Demo data loaded: 15 products, 5 customers, 3 bills, 3 expenses

00:57 +1241 -5: D:/TulasiHotels/test/services/demo_data_service_test.dart: Customers updateCustomerBalance subtracts from balance                                                                      
00:57 +1241 -5: D:/TulasiHotels/test/services/demo_data_service_test.dart: Customers partial payment reduces balance (KHAT-005)                                                                        
00:57 +1241 -5: D:/TulasiHotels/test/services/demo_data_service_test.dart: Customers partial payment reduces balance (KHAT-005)                                                                        
≡ƒÄ¡ DemoDataService.loadDemoData() called. Already loaded: false
≡ƒÄ¡ Demo data loaded: 15 products, 5 customers, 3 bills, 3 expenses

00:57 +1242 -5: D:/TulasiHotels/test/services/demo_data_service_test.dart: Customers partial payment reduces balance (KHAT-005)                                                                        
00:57 +1242 -5: D:/TulasiHotels/test/services/demo_data_service_test.dart: Customers full payment clears balance to 0 (KHAT-006)                                                                       
00:57 +1242 -5: D:/TulasiHotels/test/services/demo_data_service_test.dart: Customers full payment clears balance to 0 (KHAT-006)                                                                       
≡ƒÄ¡ DemoDataService.loadDemoData() called. Already loaded: false
≡ƒÄ¡ Demo data loaded: 15 products, 5 customers, 3 bills, 3 expenses

00:57 +1243 -5: D:/TulasiHotels/test/services/demo_data_service_test.dart: Customers full payment clears balance to 0 (KHAT-006)                                                                       
00:57 +1243 -5: D:/TulasiHotels/test/services/demo_data_service_test.dart: Customers payment creates transaction record (KHAT-004)                                                                     
00:57 +1243 -5: D:/TulasiHotels/test/services/demo_data_service_test.dart: Customers payment creates transaction record (KHAT-004)                                                                     
≡ƒÄ¡ DemoDataService.loadDemoData() called. Already loaded: false
≡ƒÄ¡ Demo data loaded: 15 products, 5 customers, 3 bills, 3 expenses

00:57 +1244 -5: D:/TulasiHotels/test/services/demo_data_service_test.dart: Customers payment creates transaction record (KHAT-004)                                                                     
00:57 +1244 -5: D:/TulasiHotels/test/services/demo_data_service_test.dart: Bills getBills returns non-empty list                                                                                       
00:57 +1244 -5: D:/TulasiHotels/test/services/demo_data_service_test.dart: Bills getBills returns non-empty list                                                                                       
≡ƒÄ¡ DemoDataService.loadDemoData() called. Already loaded: false
≡ƒÄ¡ Demo data loaded: 15 products, 5 customers, 3 bills, 3 expenses

00:57 +1245 -5: D:/TulasiHotels/test/services/demo_data_service_test.dart: Bills getBills returns non-empty list                                                                                       
00:57 +1245 -5: D:/TulasiHotels/test/services/demo_data_service_test.dart: Bills getBill by valid ID                                                                                                   
00:57 +1245 -5: D:/TulasiHotels/test/services/demo_data_service_test.dart: Bills getBill by valid ID                                                                                                   
≡ƒÄ¡ DemoDataService.loadDemoData() called. Already loaded: false
≡ƒÄ¡ Demo data loaded: 15 products, 5 customers, 3 bills, 3 expenses

00:57 +1246 -5: D:/TulasiHotels/test/services/demo_data_service_test.dart: Bills getBill by valid ID                                                                                                   
00:57 +1246 -5: D:/TulasiHotels/test/services/demo_data_service_test.dart: Bills getBill by invalid ID returns null                                                                                    
00:57 +1246 -5: D:/TulasiHotels/test/services/demo_data_service_test.dart: Bills getBill by invalid ID returns null                                                                                    
≡ƒÄ¡ DemoDataService.loadDemoData() called. Already loaded: false
≡ƒÄ¡ Demo data loaded: 15 products, 5 customers, 3 bills, 3 expenses

00:57 +1247 -5: D:/TulasiHotels/test/services/demo_data_service_test.dart: Bills getBill by invalid ID returns null                                                                                    
00:57 +1247 -5: D:/TulasiHotels/test/services/demo_data_service_test.dart: Bills getBillsInRange filters correctly                                                                                     
00:57 +1247 -5: D:/TulasiHotels/test/services/demo_data_service_test.dart: Bills getBillsInRange filters correctly                                                                                     
≡ƒÄ¡ DemoDataService.loadDemoData() called. Already loaded: false
≡ƒÄ¡ Demo data loaded: 15 products, 5 customers, 3 bills, 3 expenses

00:57 +1248 -5: D:/TulasiHotels/test/services/demo_data_service_test.dart: Bills getBillsInRange filters correctly                                                                                     
00:57 +1248 -5: D:/TulasiHotels/test/services/demo_data_service_test.dart: Bills getBillsInRange returns empty for future range                                                                        
00:57 +1248 -5: D:/TulasiHotels/test/services/demo_data_service_test.dart: Bills getBillsInRange returns empty for future range                                                                        
≡ƒÄ¡ DemoDataService.loadDemoData() called. Already loaded: false
≡ƒÄ¡ Demo data loaded: 15 products, 5 customers, 3 bills, 3 expenses

00:57 +1249 -5: D:/TulasiHotels/test/services/demo_data_service_test.dart: Bills getBillsInRange returns empty for future range                                                                        
00:57 +1249 -5: D:/TulasiHotels/test/services/demo_data_service_test.dart: Bills addBill returns ID and adds to list                                                                                   
00:57 +1249 -5: D:/TulasiHotels/test/services/demo_data_service_test.dart: Bills addBill returns ID and adds to list                                                                                   
≡ƒÄ¡ DemoDataService.loadDemoData() called. Already loaded: false
≡ƒÄ¡ Demo data loaded: 15 products, 5 customers, 3 bills, 3 expenses

00:57 +1250 -5: D:/TulasiHotels/test/services/demo_data_service_test.dart: Bills addBill returns ID and adds to list                                                                                   
00:57 +1250 -5: D:/TulasiHotels/test/services/demo_data_service_test.dart: Transactions getTransactions returns non-empty list                                                                         
00:57 +1250 -5: D:/TulasiHotels/test/services/demo_data_service_test.dart: Transactions getTransactions returns non-empty list                                                                         
≡ƒÄ¡ DemoDataService.loadDemoData() called. Already loaded: false
≡ƒÄ¡ Demo data loaded: 15 products, 5 customers, 3 bills, 3 expenses

00:57 +1251 -5: D:/TulasiHotels/test/services/demo_data_service_test.dart: Transactions getTransactions returns non-empty list                                                                         
00:57 +1251 -5: D:/TulasiHotels/test/services/demo_data_service_test.dart: Transactions getCustomerTransactions filters by customer                                                                    
00:57 +1251 -5: D:/TulasiHotels/test/services/demo_data_service_test.dart: Transactions getCustomerTransactions filters by customer                                                                    
≡ƒÄ¡ DemoDataService.loadDemoData() called. Already loaded: false
≡ƒÄ¡ Demo data loaded: 15 products, 5 customers, 3 bills, 3 expenses

00:57 +1252 -5: D:/TulasiHotels/test/services/demo_data_service_test.dart: Transactions getCustomerTransactions filters by customer                                                                    
00:57 +1252 -5: D:/TulasiHotels/test/services/demo_data_service_test.dart: Transactions getCustomerTransactions sorted by date descending                                                              
00:57 +1252 -5: D:/TulasiHotels/test/services/demo_data_service_test.dart: Transactions getCustomerTransactions sorted by date descending                                                              
≡ƒÄ¡ DemoDataService.loadDemoData() called. Already loaded: false
≡ƒÄ¡ Demo data loaded: 15 products, 5 customers, 3 bills, 3 expenses

00:57 +1253 -5: D:/TulasiHotels/test/services/demo_data_service_test.dart: Transactions getCustomerTransactions sorted by date descending                                                              
00:57 +1253 -5: D:/TulasiHotels/test/services/demo_data_service_test.dart: Transactions addTransaction adds to list                                                                                    
00:57 +1253 -5: D:/TulasiHotels/test/services/demo_data_service_test.dart: Transactions addTransaction adds to list                                                                                    
≡ƒÄ¡ DemoDataService.loadDemoData() called. Already loaded: false
≡ƒÄ¡ Demo data loaded: 15 products, 5 customers, 3 bills, 3 expenses

00:57 +1254 -5: D:/TulasiHotels/test/services/demo_data_service_test.dart: Transactions addTransaction adds to list                                                                                    
00:57 +1254 -5: D:/TulasiHotels/test/services/demo_data_service_test.dart: Transactions addTransaction returns valid ID                                                                                
00:57 +1254 -5: D:/TulasiHotels/test/services/demo_data_service_test.dart: Transactions addTransaction returns valid ID                                                                                
≡ƒÄ¡ DemoDataService.loadDemoData() called. Already loaded: false
≡ƒÄ¡ Demo data loaded: 15 products, 5 customers, 3 bills, 3 expenses

00:57 +1255 -5: D:/TulasiHotels/test/services/demo_data_service_test.dart: Transactions addTransaction returns valid ID                                                                                
00:57 +1255 -5: D:/TulasiHotels/test/services/demo_data_service_test.dart: Expenses getExpenses returns non-empty list                                                                                 
00:57 +1255 -5: D:/TulasiHotels/test/services/demo_data_service_test.dart: Expenses getExpenses returns non-empty list                                                                                 
≡ƒÄ¡ DemoDataService.loadDemoData() called. Already loaded: false
≡ƒÄ¡ Demo data loaded: 15 products, 5 customers, 3 bills, 3 expenses

00:57 +1256 -5: D:/TulasiHotels/test/services/demo_data_service_test.dart: Expenses getExpenses returns non-empty list                                                                                 
00:57 +1256 -5: D:/TulasiHotels/test/services/demo_data_service_test.dart: Expenses getExpenses has 3 preloaded expenses                                                                               
00:57 +1256 -5: D:/TulasiHotels/test/services/demo_data_service_test.dart: Expenses getExpenses has 3 preloaded expenses                                                                               
≡ƒÄ¡ DemoDataService.loadDemoData() called. Already loaded: false
≡ƒÄ¡ Demo data loaded: 15 products, 5 customers, 3 bills, 3 expenses

00:57 +1257 -5: D:/TulasiHotels/test/services/demo_data_service_test.dart: Expenses getExpenses has 3 preloaded expenses                                                                               
00:57 +1257 -5: D:/TulasiHotels/test/services/demo_data_service_test.dart: Expenses addExpense adds to list                                                                                            
00:57 +1257 -5: D:/TulasiHotels/test/services/demo_data_service_test.dart: Expenses addExpense adds to list                                                                                            
≡ƒÄ¡ DemoDataService.loadDemoData() called. Already loaded: false
≡ƒÄ¡ Demo data loaded: 15 products, 5 customers, 3 bills, 3 expenses

00:57 +1258 -5: D:/TulasiHotels/test/services/demo_data_service_test.dart: Expenses addExpense adds to list                                                                                            
00:57 +1258 -5: D:/TulasiHotels/test/services/demo_data_service_test.dart: clearDemoData clears all data                                                                                               
00:57 +1258 -5: D:/TulasiHotels/test/services/demo_data_service_test.dart: clearDemoData clears all data                                                                                               
≡ƒÄ¡ DemoDataService.loadDemoData() called. Already loaded: false
≡ƒÄ¡ Demo data loaded: 15 products, 5 customers, 3 bills, 3 expenses

00:57 +1259 -5: D:/TulasiHotels/test/services/demo_data_service_test.dart: clearDemoData clears all data                                                                                               
00:57 +1259 -5: loading D:/TulasiHotels/test/services/error_logging_test.dart                                                                                                                          
00:57 +1259 -5: D:/TulasiHotels/test/services/error_logging_test.dart: ErrorSeverity has 3 values                                                                                                      
00:57 +1260 -5: D:/TulasiHotels/test/services/error_logging_test.dart: ErrorSeverity has 3 values                                                                                                      
00:57 +1260 -5: D:/TulasiHotels/test/services/error_logging_test.dart: ErrorSeverity warning is available                                                                                              
00:57 +1261 -5: D:/TulasiHotels/test/services/error_logging_test.dart: ErrorSeverity warning is available                                                                                              
00:57 +1261 -5: D:/TulasiHotels/test/services/error_logging_test.dart: ErrorSeverity error is available                                                                                                
00:57 +1262 -5: D:/TulasiHotels/test/services/error_logging_test.dart: ErrorSeverity error is available                                                                                                
00:57 +1262 -5: D:/TulasiHotels/test/services/error_logging_test.dart: ErrorSeverity critical is available                                                                                             
00:57 +1263 -5: D:/TulasiHotels/test/services/error_logging_test.dart: ErrorSeverity critical is available                                                                                             
00:57 +1263 -5: D:/TulasiHotels/test/services/error_logging_test.dart: ErrorLogEntry creates with required fields                                                                                      
00:57 +1264 -5: D:/TulasiHotels/test/services/error_logging_test.dart: ErrorLogEntry creates with required fields                                                                                      
00:57 +1264 -5: D:/TulasiHotels/test/services/error_logging_test.dart: ErrorLogEntry creates with all optional fields                                                                                  
00:57 +1265 -5: D:/TulasiHotels/test/services/error_logging_test.dart: ErrorLogEntry creates with all optional fields                                                                                  
00:57 +1265 -5: D:/TulasiHotels/test/services/error_logging_test.dart: ErrorLogEntry toFirestore serializes all fields                                                                                 
00:57 +1266 -5: D:/TulasiHotels/test/services/error_logging_test.dart: ErrorLogEntry toFirestore serializes all fields                                                                                 
00:57 +1266 -5: D:/TulasiHotels/test/services/error_logging_test.dart: ErrorLogEntry toFirestore handles null optional fields                                                                          
00:57 +1267 -5: D:/TulasiHotels/test/services/error_logging_test.dart: ErrorLogEntry toFirestore handles null optional fields                                                                          
00:57 +1267 -5: D:/TulasiHotels/test/services/error_logging_test.dart: ErrorLogEntry toCopyText includes severity icons                                                                                
00:57 +1268 -5: D:/TulasiHotels/test/services/error_logging_test.dart: ErrorLogEntry toCopyText includes severity icons                                                                                
00:57 +1268 -5: D:/TulasiHotels/test/services/error_logging_test.dart: ErrorLogEntry toCopyText includes message                                                                                       
00:57 +1269 -5: D:/TulasiHotels/test/services/error_logging_test.dart: ErrorLogEntry toCopyText includes message                                                                                       
00:57 +1269 -5: D:/TulasiHotels/test/services/error_logging_test.dart: ErrorLogEntry toCopyText includes platform                                                                                      
00:57 +1270 -5: D:/TulasiHotels/test/services/error_logging_test.dart: ErrorLogEntry toCopyText includes platform                                                                                      
00:57 +1270 -5: D:/TulasiHotels/test/services/error_logging_test.dart: ErrorLogEntry toCopyText includes user info when present                                                                        
00:57 +1271 -5: D:/TulasiHotels/test/services/error_logging_test.dart: ErrorLogEntry toCopyText includes user info when present                                                                        
00:57 +1271 -5: D:/TulasiHotels/test/services/error_logging_test.dart: ErrorLogEntry toCopyText includes stack trace when present                                                                      
00:57 +1272 -5: D:/TulasiHotels/test/services/error_logging_test.dart: ErrorLogEntry toCopyText includes stack trace when present                                                                      
00:57 +1272 -5: D:/TulasiHotels/test/services/error_logging_test.dart: ErrorLogEntry toCopyText omits absent optional fields                                                                           
00:57 +1273 -5: D:/TulasiHotels/test/services/error_logging_test.dart: ErrorLogEntry toCopyText omits absent optional fields                                                                           
00:57 +1273 -5: D:/TulasiHotels/test/services/error_logging_test.dart: ErrorLogEntry toCopyText includes screen info when present                                                                      
00:57 +1274 -5: D:/TulasiHotels/test/services/error_logging_test.dart: ErrorLogEntry toCopyText includes screen info when present                                                                      
00:57 +1274 -5: D:/TulasiHotels/test/services/error_logging_test.dart: ErrorLogEntry toCopyText includes errorHash when present                                                                        
00:57 +1275 -5: D:/TulasiHotels/test/services/error_logging_test.dart: ErrorLogEntry toCopyText includes errorHash when present                                                                        
00:57 +1275 -5: D:/TulasiHotels/test/services/error_logging_test.dart: ErrorLogEntry toCopyText omits errorHash when null                                                                              
00:57 +1276 -5: D:/TulasiHotels/test/services/error_logging_test.dart: ErrorLogEntry toCopyText omits errorHash when null                                                                              
00:57 +1276 -5: D:/TulasiHotels/test/services/error_logging_test.dart: ErrorLogEntry toCopyText includes resolved status                                                                               
00:57 +1277 -5: D:/TulasiHotels/test/services/error_logging_test.dart: ErrorLogEntry toCopyText includes resolved status                                                                               
00:57 +1277 -5: D:/TulasiHotels/test/services/error_logging_test.dart: ErrorLogEntry toCopyText includes metadata when present                                                                         
00:57 +1278 -5: D:/TulasiHotels/test/services/error_logging_test.dart: ErrorLogEntry toCopyText includes metadata when present                                                                         
00:57 +1278 -5: D:/TulasiHotels/test/services/error_logging_test.dart: ErrorLogEntry toCopyText omits metadata section when empty                                                                      
00:57 +1279 -5: D:/TulasiHotels/test/services/error_logging_test.dart: ErrorLogEntry toCopyText omits metadata section when empty                                                                      
00:57 +1279 -5: D:/TulasiHotels/test/services/error_logging_test.dart: ErrorLogEntry toCopyText omits metadata section when null                                                                       
00:57 +1280 -5: D:/TulasiHotels/test/services/error_logging_test.dart: ErrorLogEntry toCopyText omits metadata section when null                                                                       
00:57 +1280 -5: D:/TulasiHotels/test/services/error_logging_test.dart: GroupedError creates with required fields                                                                                       
00:57 +1281 -5: D:/TulasiHotels/test/services/error_logging_test.dart: GroupedError creates with required fields                                                                                       
00:57 +1281 -5: D:/TulasiHotels/test/services/error_logging_test.dart: GroupedError creates with docId                                                                                                 
00:57 +1282 -5: D:/TulasiHotels/test/services/error_logging_test.dart: GroupedError creates with docId                                                                                                 
00:58 +1282 -5: D:/TulasiHotels/test/services/error_logging_test.dart: GroupedError creates with docId                                                                                                 
00:58 +1282 -5: loading D:/TulasiHotels/test/services/image_service_test.dart                                                                                                                          
00:58 +1282 -5: D:/TulasiHotels/test/services/image_service_test.dart: ImageSizes ├óΓé¼ΓÇ¥ constants logoSize is 200px                                                                                      
00:58 +1283 -5: D:/TulasiHotels/test/services/image_service_test.dart: ImageSizes ├óΓé¼ΓÇ¥ constants logoSize is 200px                                                                                      
00:58 +1283 -5: D:/TulasiHotels/test/services/image_service_test.dart: ImageSizes ├óΓé¼ΓÇ¥ constants productThumbnailSize is 150px                                                                          
00:58 +1284 -5: D:/TulasiHotels/test/services/image_service_test.dart: ImageSizes ├óΓé¼ΓÇ¥ constants productThumbnailSize is 150px                                                                          
00:58 +1284 -5: D:/TulasiHotels/test/services/image_service_test.dart: ImageSizes ├óΓé¼ΓÇ¥ constants maxFileSizeBytes is 15MB                                                                               
00:58 +1285 -5: D:/TulasiHotels/test/services/image_service_test.dart: ImageSizes ├óΓé¼ΓÇ¥ constants maxFileSizeBytes is 15MB                                                                               
00:58 +1285 -5: D:/TulasiHotels/test/services/image_service_test.dart: ImageSizes ├óΓé¼ΓÇ¥ constants logo is larger than product thumbnail                                                                  
00:58 +1286 -5: D:/TulasiHotels/test/services/image_service_test.dart: ImageSizes ├óΓé¼ΓÇ¥ constants logo is larger than product thumbnail                                                                  
00:58 +1286 -5: D:/TulasiHotels/test/services/image_service_test.dart: ImageSizes ├óΓé¼ΓÇ¥ file size validation logic file under 15MB passes                                                                
00:58 +1287 -5: D:/TulasiHotels/test/services/image_service_test.dart: ImageSizes ├óΓé¼ΓÇ¥ file size validation logic file under 15MB passes                                                                
00:58 +1287 -5: D:/TulasiHotels/test/services/image_service_test.dart: ImageSizes ├óΓé¼ΓÇ¥ file size validation logic file exactly 15MB passes                                                              
00:58 +1288 -5: D:/TulasiHotels/test/services/image_service_test.dart: ImageSizes ├óΓé¼ΓÇ¥ file size validation logic file exactly 15MB passes                                                              
00:58 +1288 -5: D:/TulasiHotels/test/services/image_service_test.dart: ImageSizes ├óΓé¼ΓÇ¥ file size validation logic file over 15MB fails                                                                  
00:58 +1289 -5: D:/TulasiHotels/test/services/image_service_test.dart: ImageSizes ├óΓé¼ΓÇ¥ file size validation logic file over 15MB fails                                                                  
00:58 +1289 -5: D:/TulasiHotels/test/services/image_service_test.dart: ImageSizes ├óΓé¼ΓÇ¥ file size validation logic common photo sizes (phone cameras) vs limit                                           
00:58 +1290 -5: D:/TulasiHotels/test/services/image_service_test.dart: ImageSizes ├óΓé¼ΓÇ¥ file size validation logic common photo sizes (phone cameras) vs limit                                           
00:58 +1290 -5: D:/TulasiHotels/test/services/image_service_test.dart: Image resize dimensions verification logo resize maintains square aspect                                                        
00:58 +1291 -5: D:/TulasiHotels/test/services/image_service_test.dart: Image resize dimensions verification logo resize maintains square aspect                                                        
00:58 +1291 -5: D:/TulasiHotels/test/services/image_service_test.dart: Image resize dimensions verification product thumbnail is appropriate for grid display                                          
00:58 +1292 -5: D:/TulasiHotels/test/services/image_service_test.dart: Image resize dimensions verification product thumbnail is appropriate for grid display                                          
00:58 +1292 -5: loading D:/TulasiHotels/test/services/khata_write_logic_test.dart                                                                                                                      
00:58 +1292 -5: D:/TulasiHotels/test/services/khata_write_logic_test.dart: KhataWriteService ├óΓé¼ΓÇ¥ transaction model usage recording payment uses TransactionType.payment                                
00:58 +1293 -5: D:/TulasiHotels/test/services/khata_write_logic_test.dart: KhataWriteService ├óΓé¼ΓÇ¥ transaction model usage recording payment uses TransactionType.payment                                
00:58 +1293 -5: D:/TulasiHotels/test/services/khata_write_logic_test.dart: KhataWriteService ├óΓé¼ΓÇ¥ transaction model usage giving credit uses TransactionType.purchase                                   
00:58 +1294 -5: D:/TulasiHotels/test/services/khata_write_logic_test.dart: KhataWriteService ├óΓé¼ΓÇ¥ transaction model usage giving credit uses TransactionType.purchase                                   
00:58 +1294 -5: D:/TulasiHotels/test/services/khata_write_logic_test.dart: KhataWriteService ├óΓé¼ΓÇ¥ transaction model usage payment note defaults to payment mode                                         
00:58 +1295 -5: D:/TulasiHotels/test/services/khata_write_logic_test.dart: KhataWriteService ├óΓé¼ΓÇ¥ transaction model usage payment note defaults to payment mode                                         
00:58 +1295 -5: D:/TulasiHotels/test/services/khata_write_logic_test.dart: KhataWriteService ├óΓé¼ΓÇ¥ transaction model usage credit note defaults to "Credit given"                                        
00:58 +1296 -5: D:/TulasiHotels/test/services/khata_write_logic_test.dart: KhataWriteService ├óΓé¼ΓÇ¥ transaction model usage credit note defaults to "Credit given"                                        
00:58 +1296 -5: D:/TulasiHotels/test/services/khata_write_logic_test.dart: KhataWriteService ├óΓé¼ΓÇ¥ balance arithmetic recordPayment reduces balance (negative delta)                                     
00:58 +1297 -5: D:/TulasiHotels/test/services/khata_write_logic_test.dart: KhataWriteService ├óΓé¼ΓÇ¥ balance arithmetic recordPayment reduces balance (negative delta)                                     
00:58 +1297 -5: D:/TulasiHotels/test/services/khata_write_logic_test.dart: KhataWriteService ├óΓé¼ΓÇ¥ balance arithmetic giveCredit increases balance (positive delta)                                      
00:58 +1298 -5: D:/TulasiHotels/test/services/khata_write_logic_test.dart: KhataWriteService ├óΓé¼ΓÇ¥ balance arithmetic giveCredit increases balance (positive delta)                                      
00:58 +1298 -5: D:/TulasiHotels/test/services/khata_write_logic_test.dart: KhataWriteService ├óΓé¼ΓÇ¥ balance arithmetic paying full balance brings to zero                                                 
00:58 +1299 -5: D:/TulasiHotels/test/services/khata_write_logic_test.dart: KhataWriteService ├óΓé¼ΓÇ¥ balance arithmetic paying full balance brings to zero                                                 
00:58 +1299 -5: D:/TulasiHotels/test/services/khata_write_logic_test.dart: KhataWriteService ├óΓé¼ΓÇ¥ balance arithmetic overpayment goes negative (credit balance)                                         
00:58 +1300 -5: D:/TulasiHotels/test/services/khata_write_logic_test.dart: KhataWriteService ├óΓé¼ΓÇ¥ balance arithmetic overpayment goes negative (credit balance)                                         
00:58 +1300 -5: D:/TulasiHotels/test/services/khata_write_logic_test.dart: KhataWriteService ├óΓé¼ΓÇ¥ provider invalidation invalidation targets 3 providers                                                
00:58 +1301 -5: D:/TulasiHotels/test/services/khata_write_logic_test.dart: KhataWriteService ├óΓé¼ΓÇ¥ provider invalidation invalidation targets 3 providers                                                
00:59 +1301 -5: D:/TulasiHotels/test/services/khata_write_logic_test.dart: KhataWriteService ├óΓé¼ΓÇ¥ provider invalidation invalidation targets 3 providers                                                
00:59 +1301 -5: loading D:/TulasiHotels/test/services/memory_management_test.dart                                                                                                                      
00:59 +1301 -5: D:/TulasiHotels/test/services/memory_management_test.dart: Stream subscription disposal patterns StreamSubscription cancels cleanly                                                    
00:59 +1302 -5: D:/TulasiHotels/test/services/memory_management_test.dart: Stream subscription disposal patterns StreamSubscription cancels cleanly                                                    
00:59 +1302 -5: D:/TulasiHotels/test/services/memory_management_test.dart: Stream subscription disposal patterns broadcast stream supports multiple listeners                                          
00:59 +1303 -5: D:/TulasiHotels/test/services/memory_management_test.dart: Stream subscription disposal patterns broadcast stream supports multiple listeners                                          
00:59 +1303 -5: D:/TulasiHotels/test/services/memory_management_test.dart: Stream subscription disposal patterns StreamController.close prevents new events                                            
00:59 +1304 -5: D:/TulasiHotels/test/services/memory_management_test.dart: Stream subscription disposal patterns StreamController.close prevents new events                                            
00:59 +1304 -5: D:/TulasiHotels/test/services/memory_management_test.dart: Provider autoDispose verification autoDispose providers use ref.keepAlive pattern                                           
00:59 +1305 -5: D:/TulasiHotels/test/services/memory_management_test.dart: Provider autoDispose verification autoDispose providers use ref.keepAlive pattern                                           
00:59 +1305 -5: D:/TulasiHotels/test/services/memory_management_test.dart: Provider autoDispose verification family providers clean up per-parameter instances                                         
00:59 +1306 -5: D:/TulasiHotels/test/services/memory_management_test.dart: Provider autoDispose verification family providers clean up per-parameter instances                                         
00:59 +1306 -5: D:/TulasiHotels/test/services/memory_management_test.dart: Timer/Completer cleanup patterns Completer does not leak if never completed                                                 
00:59 +1307 -5: D:/TulasiHotels/test/services/memory_management_test.dart: Timer/Completer cleanup patterns Completer does not leak if never completed                                                 
00:59 +1307 -5: D:/TulasiHotels/test/services/memory_management_test.dart: Timer/Completer cleanup patterns Timer cancellation prevents callback execution                                             
00:59 +1308 -5: D:/TulasiHotels/test/services/memory_management_test.dart: Timer/Completer cleanup patterns Timer cancellation prevents callback execution                                             
00:59 +1308 -5: D:/TulasiHotels/test/services/memory_management_test.dart: Timer/Completer cleanup patterns periodic timer can be cancelled                                                            
01:00 +1308 -5: D:/TulasiHotels/test/services/memory_management_test.dart: Timer/Completer cleanup patterns periodic timer can be cancelled                                                            
01:00 +1309 -5: D:/TulasiHotels/test/services/memory_management_test.dart: Timer/Completer cleanup patterns periodic timer can be cancelled                                                            
01:00 +1309 -5: D:/TulasiHotels/test/services/memory_management_test.dart: Memory-safe collection patterns map literal with bounded entries                                                            
01:00 +1310 -5: D:/TulasiHotels/test/services/memory_management_test.dart: Memory-safe collection patterns map literal with bounded entries                                                            
01:00 +1310 -5: D:/TulasiHotels/test/services/memory_management_test.dart: Memory-safe collection patterns list with limit prevents unbounded growth                                                   
01:00 +1311 -5: D:/TulasiHotels/test/services/memory_management_test.dart: Memory-safe collection patterns list with limit prevents unbounded growth                                                   
01:00 +1311 -5: loading D:/TulasiHotels/test/services/notification_model_extended_test.dart                                                                                                            
01:00 +1311 -5: D:/TulasiHotels/test/services/notification_model_extended_test.dart: NotificationType ├óΓé¼ΓÇ¥ enum coverage has 4 types                                                                    
01:00 +1312 -5: D:/TulasiHotels/test/services/notification_model_extended_test.dart: NotificationType ├óΓé¼ΓÇ¥ enum coverage has 4 types                                                                    
01:00 +1312 -5: D:/TulasiHotels/test/services/notification_model_extended_test.dart: NotificationType ├óΓé¼ΓÇ¥ enum coverage all types are accessible                                                       
01:00 +1313 -5: D:/TulasiHotels/test/services/notification_model_extended_test.dart: NotificationType ├óΓé¼ΓÇ¥ enum coverage all types are accessible                                                       
01:00 +1313 -5: D:/TulasiHotels/test/services/notification_model_extended_test.dart: NotificationType ├óΓé¼ΓÇ¥ enum coverage names match expected strings                                                   
01:00 +1314 -5: D:/TulasiHotels/test/services/notification_model_extended_test.dart: NotificationType ├óΓé¼ΓÇ¥ enum coverage names match expected strings                                                   
01:00 +1314 -5: D:/TulasiHotels/test/services/notification_model_extended_test.dart: NotificationTargetType ├óΓé¼ΓÇ¥ enum coverage has 3 target types                                                       
01:00 +1315 -5: D:/TulasiHotels/test/services/notification_model_extended_test.dart: NotificationTargetType ├óΓé¼ΓÇ¥ enum coverage has 3 target types                                                       
01:00 +1315 -5: D:/TulasiHotels/test/services/notification_model_extended_test.dart: NotificationTargetType ├óΓé¼ΓÇ¥ enum coverage all target types are accessible                                          
01:00 +1316 -5: D:/TulasiHotels/test/services/notification_model_extended_test.dart: NotificationTargetType ├óΓé¼ΓÇ¥ enum coverage all target types are accessible                                          
01:00 +1316 -5: D:/TulasiHotels/test/services/notification_model_extended_test.dart: NotificationModel ├óΓé¼ΓÇ¥ constructor creates with required fields                                                    
01:00 +1317 -5: D:/TulasiHotels/test/services/notification_model_extended_test.dart: NotificationModel ├óΓé¼ΓÇ¥ constructor creates with required fields                                                    
01:00 +1317 -5: D:/TulasiHotels/test/services/notification_model_extended_test.dart: NotificationModel ├óΓé¼ΓÇ¥ constructor defaults read to false                                                          
01:00 +1318 -5: D:/TulasiHotels/test/services/notification_model_extended_test.dart: NotificationModel ├óΓé¼ΓÇ¥ constructor defaults read to false                                                          
01:00 +1318 -5: D:/TulasiHotels/test/services/notification_model_extended_test.dart: NotificationModel ├óΓé¼ΓÇ¥ constructor supports data payload                                                           
01:00 +1319 -5: D:/TulasiHotels/test/services/notification_model_extended_test.dart: NotificationModel ├óΓé¼ΓÇ¥ constructor supports data payload                                                           
01:00 +1319 -5: D:/TulasiHotels/test/services/notification_model_extended_test.dart: NotificationModel ├óΓé¼ΓÇ¥ constructor user-targeted notification has targetUserId                                     
01:00 +1320 -5: D:/TulasiHotels/test/services/notification_model_extended_test.dart: NotificationModel ├óΓé¼ΓÇ¥ constructor user-targeted notification has targetUserId                                     
01:00 +1320 -5: D:/TulasiHotels/test/services/notification_model_extended_test.dart: NotificationModel ├óΓé¼ΓÇ¥ constructor plan-targeted notification has targetPlan                                       
01:00 +1321 -5: D:/TulasiHotels/test/services/notification_model_extended_test.dart: NotificationModel ├óΓé¼ΓÇ¥ constructor plan-targeted notification has targetPlan                                       
01:00 +1321 -5: D:/TulasiHotels/test/services/notification_model_extended_test.dart: NotificationModel ├óΓé¼ΓÇ¥ copyWith copyWith read changes only read                                                    
01:00 +1322 -5: D:/TulasiHotels/test/services/notification_model_extended_test.dart: NotificationModel ├óΓé¼ΓÇ¥ copyWith copyWith read changes only read                                                    
01:00 +1322 -5: D:/TulasiHotels/test/services/notification_model_extended_test.dart: NotificationModel ├óΓé¼ΓÇ¥ copyWith copyWith readAt                                                                    
01:00 +1323 -5: D:/TulasiHotels/test/services/notification_model_extended_test.dart: NotificationModel ├óΓé¼ΓÇ¥ copyWith copyWith readAt                                                                    
01:00 +1323 -5: D:/TulasiHotels/test/services/notification_model_extended_test.dart: NotificationModel ├óΓé¼ΓÇ¥ copyWith copyWith preserves all other fields                                                
01:00 +1324 -5: D:/TulasiHotels/test/services/notification_model_extended_test.dart: NotificationModel ├óΓé¼ΓÇ¥ copyWith copyWith preserves all other fields                                                
01:00 +1324 -5: D:/TulasiHotels/test/services/notification_model_extended_test.dart: NotificationModel ├óΓé¼ΓÇ¥ toFirestore toFirestore includes required fields                                            
01:00 +1325 -5: D:/TulasiHotels/test/services/notification_model_extended_test.dart: NotificationModel ├óΓé¼ΓÇ¥ toFirestore toFirestore includes required fields                                            
01:00 +1325 -5: D:/TulasiHotels/test/services/notification_model_extended_test.dart: NotificationModel ├óΓé¼ΓÇ¥ toFirestore toFirestore excludes null optional fields                                       
01:00 +1326 -5: D:/TulasiHotels/test/services/notification_model_extended_test.dart: NotificationModel ├óΓé¼ΓÇ¥ toFirestore toFirestore excludes null optional fields                                       
01:00 +1326 -5: D:/TulasiHotels/test/services/notification_model_extended_test.dart: NotificationModel ├óΓé¼ΓÇ¥ toFirestore toFirestore includes targetUserId when set                                      
01:00 +1327 -5: D:/TulasiHotels/test/services/notification_model_extended_test.dart: NotificationModel ├óΓé¼ΓÇ¥ toFirestore toFirestore includes targetUserId when set                                      
01:00 +1327 -5: D:/TulasiHotels/test/services/notification_model_extended_test.dart: NotificationModel ├óΓé¼ΓÇ¥ toFirestore toFirestore includes data when set                                              
01:00 +1328 -5: D:/TulasiHotels/test/services/notification_model_extended_test.dart: NotificationModel ├óΓé¼ΓÇ¥ toFirestore toFirestore includes data when set                                              
01:00 +1328 -5: D:/TulasiHotels/test/services/notification_model_extended_test.dart: NotificationModel ├óΓé¼ΓÇ¥ toUserNotification sets read to false                                                       
01:00 +1329 -5: D:/TulasiHotels/test/services/notification_model_extended_test.dart: NotificationModel ├óΓé¼ΓÇ¥ toUserNotification sets read to false                                                       
01:00 +1329 -5: D:/TulasiHotels/test/services/notification_model_extended_test.dart: NotificationModel ├óΓé¼ΓÇ¥ toUserNotification sets readAt to null                                                      
01:00 +1330 -5: D:/TulasiHotels/test/services/notification_model_extended_test.dart: NotificationModel ├óΓé¼ΓÇ¥ toUserNotification sets readAt to null                                                      
01:00 +1330 -5: D:/TulasiHotels/test/services/notification_model_extended_test.dart: NotificationModel ├óΓé¼ΓÇ¥ toUserNotification includes title and body                                                  
01:00 +1331 -5: D:/TulasiHotels/test/services/notification_model_extended_test.dart: NotificationModel ├óΓé¼ΓÇ¥ toUserNotification includes title and body                                                  
01:00 +1331 -5: D:/TulasiHotels/test/services/notification_model_extended_test.dart: NotificationModel ├óΓé¼ΓÇ¥ batch invariants (10K scale) sendToSelectedUsers batches at 450 to stay under 500 limit     
01:00 +1332 -5: D:/TulasiHotels/test/services/notification_model_extended_test.dart: NotificationModel ├óΓé¼ΓÇ¥ batch invariants (10K scale) sendToSelectedUsers batches at 450 to stay under 500 limit     
01:01 +1332 -5: D:/TulasiHotels/test/services/notification_model_extended_test.dart: NotificationModel ├óΓé¼ΓÇ¥ batch invariants (10K scale) sendToSelectedUsers batches at 450 to stay under 500 limit     
01:01 +1332 -5: loading D:/TulasiHotels/test/services/notification_test.dart                                                                                                                           
01:01 +1332 -5: D:/TulasiHotels/test/services/notification_test.dart: NotificationType enum should have all expected values                                                                            
01:01 +1333 -5: D:/TulasiHotels/test/services/notification_test.dart: NotificationType enum should have all expected values                                                                            
01:01 +1333 -5: D:/TulasiHotels/test/services/notification_test.dart: NotificationType enum name property returns correct string                                                                       
01:01 +1334 -5: D:/TulasiHotels/test/services/notification_test.dart: NotificationType enum name property returns correct string                                                                       
01:01 +1334 -5: D:/TulasiHotels/test/services/notification_test.dart: NotificationTargetType enum should have all expected values                                                                      
01:01 +1335 -5: D:/TulasiHotels/test/services/notification_test.dart: NotificationTargetType enum should have all expected values                                                                      
01:01 +1335 -5: D:/TulasiHotels/test/services/notification_test.dart: NotificationTargetType enum name property returns correct string                                                                 
01:01 +1336 -5: D:/TulasiHotels/test/services/notification_test.dart: NotificationTargetType enum name property returns correct string                                                                 
01:01 +1336 -5: D:/TulasiHotels/test/services/notification_test.dart: NotificationModel constructor creates model with required fields                                                                 
01:01 +1337 -5: D:/TulasiHotels/test/services/notification_test.dart: NotificationModel constructor creates model with required fields                                                                 
01:01 +1337 -5: D:/TulasiHotels/test/services/notification_test.dart: NotificationModel constructor creates model with all optional fields                                                             
01:01 +1338 -5: D:/TulasiHotels/test/services/notification_test.dart: NotificationModel constructor creates model with all optional fields                                                             
01:01 +1338 -5: D:/TulasiHotels/test/services/notification_test.dart: NotificationModel.toFirestore serializes required fields correctly                                                               
01:01 +1339 -5: D:/TulasiHotels/test/services/notification_test.dart: NotificationModel.toFirestore serializes required fields correctly                                                               
01:01 +1339 -5: D:/TulasiHotels/test/services/notification_test.dart: NotificationModel.toFirestore excludes null optional fields                                                                      
01:01 +1340 -5: D:/TulasiHotels/test/services/notification_test.dart: NotificationModel.toFirestore excludes null optional fields                                                                      
01:01 +1340 -5: D:/TulasiHotels/test/services/notification_test.dart: NotificationModel.toFirestore includes optional fields when set                                                                  
01:01 +1341 -5: D:/TulasiHotels/test/services/notification_test.dart: NotificationModel.toFirestore includes optional fields when set                                                                  
01:01 +1341 -5: D:/TulasiHotels/test/services/notification_test.dart: NotificationModel.toUserNotification serializes for user subcollection with read=false                                           
01:01 +1342 -5: D:/TulasiHotels/test/services/notification_test.dart: NotificationModel.toUserNotification serializes for user subcollection with read=false                                           
01:01 +1342 -5: D:/TulasiHotels/test/services/notification_test.dart: NotificationModel.toUserNotification includes data when present                                                                  
01:01 +1343 -5: D:/TulasiHotels/test/services/notification_test.dart: NotificationModel.toUserNotification includes data when present                                                                  
01:01 +1343 -5: D:/TulasiHotels/test/services/notification_test.dart: NotificationModel.toUserNotification excludes data when null                                                                     
01:01 +1344 -5: D:/TulasiHotels/test/services/notification_test.dart: NotificationModel.toUserNotification excludes data when null                                                                     
01:01 +1344 -5: D:/TulasiHotels/test/services/notification_test.dart: NotificationModel.copyWith marks as read with timestamp                                                                          
01:01 +1345 -5: D:/TulasiHotels/test/services/notification_test.dart: NotificationModel.copyWith marks as read with timestamp                                                                          
01:01 +1345 -5: D:/TulasiHotels/test/services/notification_test.dart: NotificationModel.copyWith preserves all fields when no changes                                                                  
01:01 +1346 -5: D:/TulasiHotels/test/services/notification_test.dart: NotificationModel.copyWith preserves all fields when no changes                                                                  
01:01 +1346 -5: D:/TulasiHotels/test/services/notification_test.dart: NotificationModel.copyWith only updates read without touching readAt                                                             
01:01 +1347 -5: D:/TulasiHotels/test/services/notification_test.dart: NotificationModel.copyWith only updates read without touching readAt                                                             
01:01 +1347 -5: D:/TulasiHotels/test/services/notification_test.dart: Notification type serialization round-trip all NotificationType values serialize correctly                                       
01:01 +1348 -5: D:/TulasiHotels/test/services/notification_test.dart: Notification type serialization round-trip all NotificationType values serialize correctly                                       
01:01 +1348 -5: D:/TulasiHotels/test/services/notification_test.dart: Notification type serialization round-trip all NotificationTargetType values serialize correctly                                 
01:01 +1349 -5: D:/TulasiHotels/test/services/notification_test.dart: Notification type serialization round-trip all NotificationTargetType values serialize correctly                                 
01:01 +1349 -5: D:/TulasiHotels/test/services/notification_test.dart: Edge cases empty title and body are valid                                                                                        
01:01 +1350 -5: D:/TulasiHotels/test/services/notification_test.dart: Edge cases empty title and body are valid                                                                                        
01:01 +1350 -5: D:/TulasiHotels/test/services/notification_test.dart: Edge cases special characters in title and body                                                                                  
01:01 +1351 -5: D:/TulasiHotels/test/services/notification_test.dart: Edge cases special characters in title and body                                                                                  
01:01 +1351 -5: D:/TulasiHotels/test/services/notification_test.dart: Edge cases data map with nested values                                                                                           
01:01 +1352 -5: D:/TulasiHotels/test/services/notification_test.dart: Edge cases data map with nested values                                                                                           
01:01 +1352 -5: D:/TulasiHotels/test/services/notification_test.dart: Edge cases toUserNotification always sets read=false regardless of source                                                        
01:01 +1353 -5: D:/TulasiHotels/test/services/notification_test.dart: Edge cases toUserNotification always sets read=false regardless of source                                                        
01:01 +1353 -5: D:/TulasiHotels/test/services/notification_test.dart: WindowsNotificationService platform safety appName and appUserModelId are correct constants                                      
01:01 +1354 -5: D:/TulasiHotels/test/services/notification_test.dart: WindowsNotificationService platform safety appName and appUserModelId are correct constants                                      
01:01 +1354 -5: D:/TulasiHotels/test/services/notification_test.dart: WindowsNotificationService platform safety notification query path structure is correct                                          
01:01 +1355 -5: D:/TulasiHotels/test/services/notification_test.dart: WindowsNotificationService platform safety notification query path structure is correct                                          
01:01 +1355 -5: D:/TulasiHotels/test/services/notification_test.dart: WindowsNotificationService platform safety unread filter uses correct field and value                                            
01:01 +1356 -5: D:/TulasiHotels/test/services/notification_test.dart: WindowsNotificationService platform safety unread filter uses correct field and value                                            
01:01 +1356 -5: D:/TulasiHotels/test/services/notification_test.dart: Notification targeting logic all-target notification has no userId or plan                                                       
01:01 +1357 -5: D:/TulasiHotels/test/services/notification_test.dart: Notification targeting logic all-target notification has no userId or plan                                                       
01:01 +1357 -5: D:/TulasiHotels/test/services/notification_test.dart: Notification targeting logic user-target notification has userId set                                                             
01:01 +1358 -5: D:/TulasiHotels/test/services/notification_test.dart: Notification targeting logic user-target notification has userId set                                                             
01:01 +1358 -5: D:/TulasiHotels/test/services/notification_test.dart: Notification targeting logic plan-target notification has plan set                                                               
01:01 +1359 -5: D:/TulasiHotels/test/services/notification_test.dart: Notification targeting logic plan-target notification has plan set                                                               
01:01 +1359 -5: loading D:/TulasiHotels/test/services/offline_storage_settings_test.dart                                                                                                               
01:01 +1359 -5: D:/TulasiHotels/test/services/offline_storage_settings_test.dart: SettingsKeys ├óΓé¼ΓÇ¥ constant correctness all keys are non-empty strings                                                 
01:01 +1360 -5: D:/TulasiHotels/test/services/offline_storage_settings_test.dart: SettingsKeys ├óΓé¼ΓÇ¥ constant correctness all keys are non-empty strings                                                 
01:01 +1360 -5: D:/TulasiHotels/test/services/offline_storage_settings_test.dart: SettingsKeys ├óΓé¼ΓÇ¥ constant correctness no duplicate keys                                                              
01:01 +1361 -5: D:/TulasiHotels/test/services/offline_storage_settings_test.dart: SettingsKeys ├óΓé¼ΓÇ¥ constant correctness no duplicate keys                                                              
01:01 +1361 -5: D:/TulasiHotels/test/services/offline_storage_settings_test.dart: HiveBoxes ├óΓé¼ΓÇ¥ collection name mapping box names are non-empty                                                        
01:01 +1362 -5: D:/TulasiHotels/test/services/offline_storage_settings_test.dart: HiveBoxes ├óΓé¼ΓÇ¥ collection name mapping box names are non-empty                                                        
01:01 +1362 -5: D:/TulasiHotels/test/services/offline_storage_settings_test.dart: HiveBoxes ├óΓé¼ΓÇ¥ collection name mapping box names map to Firestore collection names                                    
01:01 +1363 -5: D:/TulasiHotels/test/services/offline_storage_settings_test.dart: HiveBoxes ├óΓé¼ΓÇ¥ collection name mapping box names map to Firestore collection names                                    
01:01 +1363 -5: D:/TulasiHotels/test/services/offline_storage_settings_test.dart: PrinterStorage ├óΓé¼ΓÇ¥ SharedPreferences keys all printer keys are non-empty                                             
01:01 +1364 -5: D:/TulasiHotels/test/services/offline_storage_settings_test.dart: PrinterStorage ├óΓé¼ΓÇ¥ SharedPreferences keys all printer keys are non-empty                                             
01:01 +1364 -5: D:/TulasiHotels/test/services/offline_storage_settings_test.dart: PrinterStorage ├óΓé¼ΓÇ¥ SharedPreferences keys printer keys are unique                                                    
01:01 +1365 -5: D:/TulasiHotels/test/services/offline_storage_settings_test.dart: PrinterStorage ├óΓé¼ΓÇ¥ SharedPreferences keys printer keys are unique                                                    
01:01 +1365 -5: D:/TulasiHotels/test/services/offline_storage_settings_test.dart: PrinterStorage ├óΓé¼ΓÇ¥ SharedPreferences operations initialize sets up SharedPreferences                                 
01:01 +1366 -5: D:/TulasiHotels/test/services/offline_storage_settings_test.dart: PrinterStorage ├óΓé¼ΓÇ¥ SharedPreferences operations initialize sets up SharedPreferences                                 
01:01 +1366 -5: D:/TulasiHotels/test/services/offline_storage_settings_test.dart: PrinterStorage ├óΓé¼ΓÇ¥ SharedPreferences operations getSavedPrinter returns null when no printer saved                   
01:01 +1367 -5: D:/TulasiHotels/test/services/offline_storage_settings_test.dart: PrinterStorage ├óΓé¼ΓÇ¥ SharedPreferences operations getSavedPrinter returns null when no printer saved                   
01:01 +1367 -5: D:/TulasiHotels/test/services/offline_storage_settings_test.dart: PrinterStorage ├óΓé¼ΓÇ¥ SharedPreferences operations savePrinter and getSavedPrinter round-trip                           
01:01 +1368 -5: D:/TulasiHotels/test/services/offline_storage_settings_test.dart: PrinterStorage ├óΓé¼ΓÇ¥ SharedPreferences operations savePrinter and getSavedPrinter round-trip                           
01:01 +1368 -5: D:/TulasiHotels/test/services/offline_storage_settings_test.dart: PrinterStorage ├óΓé¼ΓÇ¥ SharedPreferences operations clearSavedPrinter removes printer                                    
01:01 +1369 -5: D:/TulasiHotels/test/services/offline_storage_settings_test.dart: PrinterStorage ├óΓé¼ΓÇ¥ SharedPreferences operations clearSavedPrinter removes printer                                    
01:01 +1369 -5: D:/TulasiHotels/test/services/offline_storage_settings_test.dart: PrinterStorage ├óΓé¼ΓÇ¥ SharedPreferences operations paper size defaults to 0                                             
01:02 +1370 -5: D:/TulasiHotels/test/services/offline_storage_settings_test.dart: PrinterStorage ├óΓé¼ΓÇ¥ SharedPreferences operations paper size defaults to 0                                             
01:02 +1370 -5: D:/TulasiHotels/test/services/offline_storage_settings_test.dart: PrinterStorage ├óΓé¼ΓÇ¥ SharedPreferences operations savePaperSize persists                                               
01:02 +1371 -5: D:/TulasiHotels/test/services/offline_storage_settings_test.dart: PrinterStorage ├óΓé¼ΓÇ¥ SharedPreferences operations savePaperSize persists                                               
01:02 +1371 -5: D:/TulasiHotels/test/services/offline_storage_settings_test.dart: PrinterStorage ├óΓé¼ΓÇ¥ SharedPreferences operations font size defaults to 1                                              
01:02 +1372 -5: D:/TulasiHotels/test/services/offline_storage_settings_test.dart: PrinterStorage ├óΓé¼ΓÇ¥ SharedPreferences operations font size defaults to 1                                              
01:02 +1372 -5: D:/TulasiHotels/test/services/offline_storage_settings_test.dart: PrinterStorage ├óΓé¼ΓÇ¥ SharedPreferences operations saveFontSize persists                                                
01:02 +1373 -5: D:/TulasiHotels/test/services/offline_storage_settings_test.dart: PrinterStorage ├óΓé¼ΓÇ¥ SharedPreferences operations saveFontSize persists                                                
01:02 +1373 -5: D:/TulasiHotels/test/services/offline_storage_settings_test.dart: PrinterStorage ├óΓé¼ΓÇ¥ SharedPreferences operations custom width defaults to 0                                           
01:02 +1374 -5: D:/TulasiHotels/test/services/offline_storage_settings_test.dart: PrinterStorage ├óΓé¼ΓÇ¥ SharedPreferences operations custom width defaults to 0                                           
01:02 +1374 -5: D:/TulasiHotels/test/services/offline_storage_settings_test.dart: PrinterStorage ├óΓé¼ΓÇ¥ SharedPreferences operations saveCustomWidth persists                                             
01:02 +1375 -5: D:/TulasiHotels/test/services/offline_storage_settings_test.dart: PrinterStorage ├óΓé¼ΓÇ¥ SharedPreferences operations saveCustomWidth persists                                             
01:02 +1375 -5: D:/TulasiHotels/test/services/offline_storage_settings_test.dart: PrinterStorage ├óΓé¼ΓÇ¥ SharedPreferences operations auto-print defaults to false                                         
01:02 +1376 -5: D:/TulasiHotels/test/services/offline_storage_settings_test.dart: PrinterStorage ├óΓé¼ΓÇ¥ SharedPreferences operations auto-print defaults to false                                         
01:02 +1376 -5: D:/TulasiHotels/test/services/offline_storage_settings_test.dart: PrinterStorage ├óΓé¼ΓÇ¥ SharedPreferences operations saveAutoPrint persists                                               
01:02 +1377 -5: D:/TulasiHotels/test/services/offline_storage_settings_test.dart: PrinterStorage ├óΓé¼ΓÇ¥ SharedPreferences operations saveAutoPrint persists                                               
01:02 +1377 -5: D:/TulasiHotels/test/services/offline_storage_settings_test.dart: PrinterStorage ├óΓé¼ΓÇ¥ SharedPreferences operations receipt footer defaults to empty string                              
01:02 +1378 -5: D:/TulasiHotels/test/services/offline_storage_settings_test.dart: PrinterStorage ├óΓé¼ΓÇ¥ SharedPreferences operations receipt footer defaults to empty string                              
01:02 +1378 -5: D:/TulasiHotels/test/services/offline_storage_settings_test.dart: PrinterStorage ├óΓé¼ΓÇ¥ SharedPreferences operations saveReceiptFooter persists                                           
01:02 +1379 -5: D:/TulasiHotels/test/services/offline_storage_settings_test.dart: PrinterStorage ├óΓé¼ΓÇ¥ SharedPreferences operations saveReceiptFooter persists                                           
01:02 +1379 -5: D:/TulasiHotels/test/services/offline_storage_settings_test.dart: PrinterStorage ├óΓé¼ΓÇ¥ SharedPreferences operations printer type defaults to system                                      
01:02 +1380 -5: D:/TulasiHotels/test/services/offline_storage_settings_test.dart: PrinterStorage ├óΓé¼ΓÇ¥ SharedPreferences operations printer type defaults to system                                      
01:02 +1380 -5: D:/TulasiHotels/test/services/offline_storage_settings_test.dart: PrinterStorage ├óΓé¼ΓÇ¥ SharedPreferences operations savePrinterType persists                                             
01:02 +1381 -5: D:/TulasiHotels/test/services/offline_storage_settings_test.dart: PrinterStorage ├óΓé¼ΓÇ¥ SharedPreferences operations savePrinterType persists                                             
01:02 +1381 -5: D:/TulasiHotels/test/services/offline_storage_settings_test.dart: PrinterStorage ├óΓé¼ΓÇ¥ SharedPreferences operations wifi printer IP defaults to empty                                    
01:02 +1382 -5: D:/TulasiHotels/test/services/offline_storage_settings_test.dart: PrinterStorage ├óΓé¼ΓÇ¥ SharedPreferences operations wifi printer IP defaults to empty                                    
01:02 +1382 -5: D:/TulasiHotels/test/services/offline_storage_settings_test.dart: PrinterStorage ├óΓé¼ΓÇ¥ SharedPreferences operations saveWifiPrinterIp persists                                           
01:02 +1383 -5: D:/TulasiHotels/test/services/offline_storage_settings_test.dart: PrinterStorage ├óΓé¼ΓÇ¥ SharedPreferences operations saveWifiPrinterIp persists                                           
01:02 +1383 -5: D:/TulasiHotels/test/services/offline_storage_settings_test.dart: PrinterStorage ├óΓé¼ΓÇ¥ SharedPreferences operations wifi printer port defaults to 9100                                   
01:02 +1384 -5: D:/TulasiHotels/test/services/offline_storage_settings_test.dart: PrinterStorage ├óΓé¼ΓÇ¥ SharedPreferences operations wifi printer port defaults to 9100                                   
01:02 +1384 -5: D:/TulasiHotels/test/services/offline_storage_settings_test.dart: PrinterStorage ├óΓé¼ΓÇ¥ SharedPreferences operations saveWifiPrinterPort persists                                         
01:02 +1385 -5: D:/TulasiHotels/test/services/offline_storage_settings_test.dart: PrinterStorage ├óΓé¼ΓÇ¥ SharedPreferences operations saveWifiPrinterPort persists                                         
01:02 +1385 -5: D:/TulasiHotels/test/services/offline_storage_settings_test.dart: PrinterStorage ├óΓé¼ΓÇ¥ SharedPreferences operations USB printer name defaults to empty                                   
01:02 +1386 -5: D:/TulasiHotels/test/services/offline_storage_settings_test.dart: PrinterStorage ├óΓé¼ΓÇ¥ SharedPreferences operations USB printer name defaults to empty                                   
01:02 +1386 -5: D:/TulasiHotels/test/services/offline_storage_settings_test.dart: PrinterStorage ├óΓé¼ΓÇ¥ SharedPreferences operations saveUsbPrinterName persists                                          
01:02 +1387 -5: D:/TulasiHotels/test/services/offline_storage_settings_test.dart: PrinterStorage ├óΓé¼ΓÇ¥ SharedPreferences operations saveUsbPrinterName persists                                          
01:02 +1387 -5: D:/TulasiHotels/test/services/offline_storage_settings_test.dart: PrinterStorage ├óΓé¼ΓÇ¥ edge cases saving empty printer name works                                                        
01:02 +1388 -5: D:/TulasiHotels/test/services/offline_storage_settings_test.dart: PrinterStorage ├óΓé¼ΓÇ¥ edge cases saving empty printer name works                                                        
01:02 +1388 -5: D:/TulasiHotels/test/services/offline_storage_settings_test.dart: PrinterStorage ├óΓé¼ΓÇ¥ edge cases saving very long receipt footer works                                                  
01:02 +1389 -5: D:/TulasiHotels/test/services/offline_storage_settings_test.dart: PrinterStorage ├óΓé¼ΓÇ¥ edge cases saving very long receipt footer works                                                  
01:02 +1389 -5: D:/TulasiHotels/test/services/offline_storage_settings_test.dart: PrinterStorage ├óΓé¼ΓÇ¥ edge cases saving unicode receipt footer works                                                    
01:02 +1390 -5: D:/TulasiHotels/test/services/offline_storage_settings_test.dart: PrinterStorage ├óΓé¼ΓÇ¥ edge cases saving unicode receipt footer works                                                    
01:02 +1390 -5: loading D:/TulasiHotels/test/services/payment_link_test.dart                                                                                                                           
01:02 +1390 -5: D:/TulasiHotels/test/services/payment_link_test.dart: PaymentLinkResult success factory creates with success=true                                                                      
01:02 +1391 -5: D:/TulasiHotels/test/services/payment_link_test.dart: PaymentLinkResult success factory creates with success=true                                                                      
01:02 +1391 -5: D:/TulasiHotels/test/services/payment_link_test.dart: PaymentLinkResult failure factory creates with success=false                                                                     
01:02 +1392 -5: D:/TulasiHotels/test/services/payment_link_test.dart: PaymentLinkResult failure factory creates with success=false                                                                     
01:02 +1392 -5: D:/TulasiHotels/test/services/payment_link_test.dart: PaymentLinkResult success without paymentLinkId                                                                                  
01:02 +1393 -5: D:/TulasiHotels/test/services/payment_link_test.dart: PaymentLinkResult success without paymentLinkId                                                                                  
01:02 +1393 -5: D:/TulasiHotels/test/services/payment_link_test.dart: isValidUpiId valid upi id: store@ybl                                                                                             
01:02 +1394 -5: D:/TulasiHotels/test/services/payment_link_test.dart: isValidUpiId valid upi id: store@ybl                                                                                             
01:02 +1394 -5: D:/TulasiHotels/test/services/payment_link_test.dart: isValidUpiId valid upi id: shop.owner@oksbi                                                                                      
01:02 +1395 -5: D:/TulasiHotels/test/services/payment_link_test.dart: isValidUpiId valid upi id: shop.owner@oksbi                                                                                      
01:02 +1395 -5: D:/TulasiHotels/test/services/payment_link_test.dart: isValidUpiId valid upi id with hyphen: my-shop@paytm                                                                             
01:02 +1396 -5: D:/TulasiHotels/test/services/payment_link_test.dart: isValidUpiId valid upi id with hyphen: my-shop@paytm                                                                             
01:02 +1396 -5: D:/TulasiHotels/test/services/payment_link_test.dart: isValidUpiId valid upi id with underscore: shop_1@upi                                                                            
01:02 +1397 -5: D:/TulasiHotels/test/services/payment_link_test.dart: isValidUpiId valid upi id with underscore: shop_1@upi                                                                            
01:02 +1397 -5: D:/TulasiHotels/test/services/payment_link_test.dart: isValidUpiId empty string is invalid                                                                                             
01:02 +1398 -5: D:/TulasiHotels/test/services/payment_link_test.dart: isValidUpiId empty string is invalid                                                                                             
01:02 +1398 -5: D:/TulasiHotels/test/services/payment_link_test.dart: isValidUpiId missing @ is invalid                                                                                                
01:02 +1399 -5: D:/TulasiHotels/test/services/payment_link_test.dart: isValidUpiId missing @ is invalid                                                                                                
01:02 +1399 -5: D:/TulasiHotels/test/services/payment_link_test.dart: isValidUpiId missing provider is invalid                                                                                         
01:02 +1400 -5: D:/TulasiHotels/test/services/payment_link_test.dart: isValidUpiId missing provider is invalid                                                                                         
01:02 +1400 -5: D:/TulasiHotels/test/services/payment_link_test.dart: isValidUpiId missing handle is invalid                                                                                           
01:02 +1401 -5: D:/TulasiHotels/test/services/payment_link_test.dart: isValidUpiId missing handle is invalid                                                                                           
01:02 +1401 -5: D:/TulasiHotels/test/services/payment_link_test.dart: isValidUpiId spaces are invalid                                                                                                  
01:02 +1402 -5: D:/TulasiHotels/test/services/payment_link_test.dart: isValidUpiId spaces are invalid                                                                                                  
01:02 +1402 -5: D:/TulasiHotels/test/services/payment_link_test.dart: isValidUpiId special chars in provider invalid                                                                                   
01:02 +1403 -5: D:/TulasiHotels/test/services/payment_link_test.dart: isValidUpiId special chars in provider invalid                                                                                   
01:02 +1403 -5: D:/TulasiHotels/test/services/payment_link_test.dart: generateUpiDeepLink basic link with amount                                                                                       
01:02 +1404 -5: D:/TulasiHotels/test/services/payment_link_test.dart: generateUpiDeepLink basic link with amount                                                                                       
01:02 +1404 -5: D:/TulasiHotels/test/services/payment_link_test.dart: generateUpiDeepLink zero amount omits am parameter                                                                               
01:02 +1405 -5: D:/TulasiHotels/test/services/payment_link_test.dart: generateUpiDeepLink zero amount omits am parameter                                                                               
01:02 +1405 -5: D:/TulasiHotels/test/services/payment_link_test.dart: generateUpiDeepLink includes payeeName when provided                                                                             
01:02 +1406 -5: D:/TulasiHotels/test/services/payment_link_test.dart: generateUpiDeepLink includes payeeName when provided                                                                             
01:02 +1406 -5: D:/TulasiHotels/test/services/payment_link_test.dart: generateUpiDeepLink includes transactionNote when provided                                                                       
01:02 +1407 -5: D:/TulasiHotels/test/services/payment_link_test.dart: generateUpiDeepLink includes transactionNote when provided                                                                       
01:02 +1407 -5: D:/TulasiHotels/test/services/payment_link_test.dart: generateUpiDeepLink omits payeeName when empty                                                                                   
01:02 +1408 -5: D:/TulasiHotels/test/services/payment_link_test.dart: generateUpiDeepLink omits payeeName when empty                                                                                   
01:02 +1408 -5: D:/TulasiHotels/test/services/payment_link_test.dart: generateUpiDeepLink omits transactionNote when null                                                                              
01:02 +1409 -5: D:/TulasiHotels/test/services/payment_link_test.dart: generateUpiDeepLink omits transactionNote when null                                                                              
01:02 +1409 -5: D:/TulasiHotels/test/services/payment_link_test.dart: generateUpiDeepLink decimal amount formatted to 2 places                                                                         
01:02 +1410 -5: D:/TulasiHotels/test/services/payment_link_test.dart: generateUpiDeepLink decimal amount formatted to 2 places                                                                         
01:02 +1410 -5: D:/TulasiHotels/test/services/payment_link_test.dart: generatePaymentPageUrl base URL is HTTPS                                                                                         
01:02 +1411 -5: D:/TulasiHotels/test/services/payment_link_test.dart: generatePaymentPageUrl base URL is HTTPS                                                                                         
01:02 +1411 -5: D:/TulasiHotels/test/services/payment_link_test.dart: generatePaymentPageUrl includes UPI ID unencoded                                                                                 
01:02 +1412 -5: D:/TulasiHotels/test/services/payment_link_test.dart: generatePaymentPageUrl includes UPI ID unencoded                                                                                 
01:02 +1412 -5: D:/TulasiHotels/test/services/payment_link_test.dart: generatePaymentPageUrl amount formatted as integer                                                                               
01:02 +1413 -5: D:/TulasiHotels/test/services/payment_link_test.dart: generatePaymentPageUrl amount formatted as integer                                                                               
01:02 +1413 -5: D:/TulasiHotels/test/services/payment_link_test.dart: generatePaymentPageUrl zero amount omits am                                                                                      
01:02 +1414 -5: D:/TulasiHotels/test/services/payment_link_test.dart: generatePaymentPageUrl zero amount omits am                                                                                      
01:02 +1414 -5: D:/TulasiHotels/test/services/payment_link_test.dart: generatePaymentPageUrl includes encoded payeeName                                                                                
01:02 +1415 -5: D:/TulasiHotels/test/services/payment_link_test.dart: generatePaymentPageUrl includes encoded payeeName                                                                                
01:02 +1415 -5: D:/TulasiHotels/test/services/payment_link_test.dart: generatePaymentPageUrl includes encoded transactionNote                                                                          
01:02 +1416 -5: D:/TulasiHotels/test/services/payment_link_test.dart: generatePaymentPageUrl includes encoded transactionNote                                                                          
01:02 +1416 -5: D:/TulasiHotels/test/services/payment_link_test.dart: generateUpiQrData generates UPI deep link with zero amount                                                                       
01:02 +1417 -5: D:/TulasiHotels/test/services/payment_link_test.dart: generateUpiQrData generates UPI deep link with zero amount                                                                       
01:02 +1417 -5: D:/TulasiHotels/test/services/payment_link_test.dart: generateUpiQrData includes payeeName when provided                                                                               
01:02 +1418 -5: D:/TulasiHotels/test/services/payment_link_test.dart: generateUpiQrData includes payeeName when provided                                                                               
01:02 +1418 -5: loading D:/TulasiHotels/test/services/payment_result_and_constants_test.dart                                                                                                           
01:02 +1418 -5: D:/TulasiHotels/test/services/payment_result_and_constants_test.dart: PaymentResult success factory sets success=true and paymentId                                                    
01:02 +1419 -5: D:/TulasiHotels/test/services/payment_result_and_constants_test.dart: PaymentResult success factory sets success=true and paymentId                                                    
01:02 +1419 -5: D:/TulasiHotels/test/services/payment_result_and_constants_test.dart: PaymentResult success factory includes orderId and signature                                                     
01:02 +1420 -5: D:/TulasiHotels/test/services/payment_result_and_constants_test.dart: PaymentResult success factory includes orderId and signature                                                     
01:02 +1420 -5: D:/TulasiHotels/test/services/payment_result_and_constants_test.dart: PaymentResult failure factory sets success=false with error details                                              
01:02 +1421 -5: D:/TulasiHotels/test/services/payment_result_and_constants_test.dart: PaymentResult failure factory sets success=false with error details                                              
01:02 +1421 -5: D:/TulasiHotels/test/services/payment_result_and_constants_test.dart: PaymentResult cancelled factory has predefined code and message                                                  
01:02 +1422 -5: D:/TulasiHotels/test/services/payment_result_and_constants_test.dart: PaymentResult cancelled factory has predefined code and message                                                  
01:02 +1422 -5: D:/TulasiHotels/test/services/payment_result_and_constants_test.dart: PaymentResult const constructor works for custom cases                                                           
01:02 +1423 -5: D:/TulasiHotels/test/services/payment_result_and_constants_test.dart: PaymentResult const constructor works for custom cases                                                           
01:02 +1423 -5: D:/TulasiHotels/test/services/payment_result_and_constants_test.dart: safeTextStyle clamps font size below minimum to 11                                                               
01:02 +1424 -5: D:/TulasiHotels/test/services/payment_result_and_constants_test.dart: safeTextStyle clamps font size below minimum to 11                                                               
01:02 +1424 -5: D:/TulasiHotels/test/services/payment_result_and_constants_test.dart: safeTextStyle passes through font size above minimum                                                             
01:02 +1425 -5: D:/TulasiHotels/test/services/payment_result_and_constants_test.dart: safeTextStyle passes through font size above minimum                                                             
01:02 +1425 -5: D:/TulasiHotels/test/services/payment_result_and_constants_test.dart: safeTextStyle null fontSize defaults to 14 (above minimum)                                                       
01:02 +1426 -5: D:/TulasiHotels/test/services/payment_result_and_constants_test.dart: safeTextStyle null fontSize defaults to 14 (above minimum)                                                       
01:02 +1426 -5: D:/TulasiHotels/test/services/payment_result_and_constants_test.dart: safeTextStyle exactly minimum passes through                                                                     
01:02 +1427 -5: D:/TulasiHotels/test/services/payment_result_and_constants_test.dart: safeTextStyle exactly minimum passes through                                                                     
01:02 +1427 -5: D:/TulasiHotels/test/services/payment_result_and_constants_test.dart: safeTextStyle preserves other style properties                                                                   
01:03 +1427 -5: D:/TulasiHotels/test/services/payment_result_and_constants_test.dart: safeTextStyle preserves other style properties                                                                   
01:03 +1428 -5: D:/TulasiHotels/test/services/payment_result_and_constants_test.dart: safeTextStyle preserves other style properties                                                                   
01:03 +1428 -5: D:/TulasiHotels/test/services/payment_result_and_constants_test.dart: safeTextStyle very large font size passes through                                                                
01:03 +1429 -5: D:/TulasiHotels/test/services/payment_result_and_constants_test.dart: safeTextStyle very large font size passes through                                                                
01:03 +1429 -5: D:/TulasiHotels/test/services/payment_result_and_constants_test.dart: SettingsKeys all keys are non-empty strings                                                                      
01:03 +1430 -5: D:/TulasiHotels/test/services/payment_result_and_constants_test.dart: SettingsKeys all keys are non-empty strings                                                                      
01:03 +1430 -5: D:/TulasiHotels/test/services/payment_result_and_constants_test.dart: SettingsKeys all keys are unique                                                                                 
01:03 +1431 -5: D:/TulasiHotels/test/services/payment_result_and_constants_test.dart: SettingsKeys all keys are unique                                                                                 
01:03 +1431 -5: D:/TulasiHotels/test/services/payment_result_and_constants_test.dart: SettingsKeys exact values match                                                                                  
01:03 +1432 -5: D:/TulasiHotels/test/services/payment_result_and_constants_test.dart: SettingsKeys exact values match                                                                                  
01:03 +1432 -5: D:/TulasiHotels/test/services/payment_result_and_constants_test.dart: HiveBoxes all box names are non-empty                                                                            
01:03 +1433 -5: D:/TulasiHotels/test/services/payment_result_and_constants_test.dart: HiveBoxes all box names are non-empty                                                                            
01:03 +1433 -5: D:/TulasiHotels/test/services/payment_result_and_constants_test.dart: HiveBoxes all box names are lowercase                                                                            
01:03 +1434 -5: D:/TulasiHotels/test/services/payment_result_and_constants_test.dart: HiveBoxes all box names are lowercase                                                                            
01:03 +1434 -5: D:/TulasiHotels/test/services/payment_result_and_constants_test.dart: PrinterStorage all keys are non-empty                                                                            
01:03 +1435 -5: D:/TulasiHotels/test/services/payment_result_and_constants_test.dart: PrinterStorage all keys are non-empty                                                                            
01:03 +1435 -5: D:/TulasiHotels/test/services/payment_result_and_constants_test.dart: PrinterStorage all keys are unique                                                                               
01:03 +1436 -5: D:/TulasiHotels/test/services/payment_result_and_constants_test.dart: PrinterStorage all keys are unique                                                                               
01:03 +1436 -5: D:/TulasiHotels/test/services/payment_result_and_constants_test.dart: PrinterStorage all printer keys have printer_ prefix                                                             
01:03 +1437 -5: D:/TulasiHotels/test/services/payment_result_and_constants_test.dart: PrinterStorage all printer keys have printer_ prefix                                                             
01:03 +1437 -5: D:/TulasiHotels/test/services/payment_result_and_constants_test.dart: PrinterStorage no key collision with SettingsKeys                                                                
01:03 +1438 -5: D:/TulasiHotels/test/services/payment_result_and_constants_test.dart: PrinterStorage no key collision with SettingsKeys                                                                
01:03 +1438 -5: D:/TulasiHotels/test/services/payment_result_and_constants_test.dart: ImageSizes logo size is positive                                                                                 
01:03 +1439 -5: D:/TulasiHotels/test/services/payment_result_and_constants_test.dart: ImageSizes logo size is positive                                                                                 
01:03 +1439 -5: D:/TulasiHotels/test/services/payment_result_and_constants_test.dart: ImageSizes thumbnail size is positive                                                                            
01:03 +1440 -5: D:/TulasiHotels/test/services/payment_result_and_constants_test.dart: ImageSizes thumbnail size is positive                                                                            
01:03 +1440 -5: D:/TulasiHotels/test/services/payment_result_and_constants_test.dart: ImageSizes logo size >= thumbnail size                                                                           
01:03 +1441 -5: D:/TulasiHotels/test/services/payment_result_and_constants_test.dart: ImageSizes logo size >= thumbnail size                                                                           
01:03 +1441 -5: D:/TulasiHotels/test/services/payment_result_and_constants_test.dart: ImageSizes exact values                                                                                          
01:03 +1442 -5: D:/TulasiHotels/test/services/payment_result_and_constants_test.dart: ImageSizes exact values                                                                                          
01:03 +1442 -5: loading D:/TulasiHotels/test/services/payment_validation_test.dart                                                                                                                     
01:03 +1442 -5: D:/TulasiHotels/test/services/payment_validation_test.dart: PaymentLinkService.isValidUpiId valid UPI ID with @ybl                                                                     
01:03 +1443 -5: D:/TulasiHotels/test/services/payment_validation_test.dart: PaymentLinkService.isValidUpiId valid UPI ID with @ybl                                                                     
01:03 +1443 -5: D:/TulasiHotels/test/services/payment_validation_test.dart: PaymentLinkService.isValidUpiId valid UPI ID with @oksbi                                                                   
01:03 +1444 -5: D:/TulasiHotels/test/services/payment_validation_test.dart: PaymentLinkService.isValidUpiId valid UPI ID with @oksbi                                                                   
01:03 +1444 -5: D:/TulasiHotels/test/services/payment_validation_test.dart: PaymentLinkService.isValidUpiId valid UPI ID with @paytm                                                                   
01:03 +1445 -5: D:/TulasiHotels/test/services/payment_validation_test.dart: PaymentLinkService.isValidUpiId valid UPI ID with @paytm                                                                   
01:03 +1445 -5: D:/TulasiHotels/test/services/payment_validation_test.dart: PaymentLinkService.isValidUpiId valid UPI ID with dots                                                                     
01:03 +1446 -5: D:/TulasiHotels/test/services/payment_validation_test.dart: PaymentLinkService.isValidUpiId valid UPI ID with dots                                                                     
01:03 +1446 -5: D:/TulasiHotels/test/services/payment_validation_test.dart: PaymentLinkService.isValidUpiId invalid - missing @                                                                        
01:03 +1447 -5: D:/TulasiHotels/test/services/payment_validation_test.dart: PaymentLinkService.isValidUpiId invalid - missing @                                                                        
01:03 +1447 -5: D:/TulasiHotels/test/services/payment_validation_test.dart: PaymentLinkService.isValidUpiId invalid - empty string                                                                     
01:03 +1448 -5: D:/TulasiHotels/test/services/payment_validation_test.dart: PaymentLinkService.isValidUpiId invalid - empty string                                                                     
01:03 +1448 -5: D:/TulasiHotels/test/services/payment_validation_test.dart: PaymentLinkService.isValidUpiId invalid - only @                                                                           
01:03 +1449 -5: D:/TulasiHotels/test/services/payment_validation_test.dart: PaymentLinkService.isValidUpiId invalid - only @                                                                           
01:03 +1449 -5: D:/TulasiHotels/test/services/payment_validation_test.dart: PaymentLinkService.isValidUpiId invalid - no handle after @                                                                
01:03 +1450 -5: D:/TulasiHotels/test/services/payment_validation_test.dart: PaymentLinkService.isValidUpiId invalid - no handle after @                                                                
01:03 +1450 -5: D:/TulasiHotels/test/services/payment_validation_test.dart: PaymentLinkService.isValidUpiId invalid - no name before @                                                                 
01:03 +1451 -5: D:/TulasiHotels/test/services/payment_validation_test.dart: PaymentLinkService.isValidUpiId invalid - no name before @                                                                 
01:03 +1451 -5: D:/TulasiHotels/test/services/payment_validation_test.dart: PaymentLinkService.generateUpiDeepLink generates valid upi:// URL                                                          
01:03 +1452 -5: D:/TulasiHotels/test/services/payment_validation_test.dart: PaymentLinkService.generateUpiDeepLink generates valid upi:// URL                                                          
01:03 +1452 -5: D:/TulasiHotels/test/services/payment_validation_test.dart: PaymentLinkService.generateUpiDeepLink includes payee name when provided                                                   
01:03 +1453 -5: D:/TulasiHotels/test/services/payment_validation_test.dart: PaymentLinkService.generateUpiDeepLink includes payee name when provided                                                   
01:03 +1453 -5: D:/TulasiHotels/test/services/payment_validation_test.dart: PaymentLinkService.generateUpiDeepLink includes transaction note when provided                                             
01:03 +1454 -5: D:/TulasiHotels/test/services/payment_validation_test.dart: PaymentLinkService.generateUpiDeepLink includes transaction note when provided                                             
01:03 +1454 -5: D:/TulasiHotels/test/services/payment_validation_test.dart: PaymentLinkService.generateUpiDeepLink handles decimal amount                                                              
01:03 +1455 -5: D:/TulasiHotels/test/services/payment_validation_test.dart: PaymentLinkService.generateUpiDeepLink handles decimal amount                                                              
01:03 +1455 -5: D:/TulasiHotels/test/services/payment_validation_test.dart: PaymentLinkService.generatePaymentPageUrl generates HTTPS URL                                                              
01:04 +1456 -5: D:/TulasiHotels/test/services/payment_validation_test.dart: PaymentLinkService.generatePaymentPageUrl generates HTTPS URL                                                              
01:04 +1456 -5: D:/TulasiHotels/test/services/payment_validation_test.dart: PaymentLinkService.generatePaymentPageUrl includes UPI ID and amount                                                       
01:04 +1457 -5: D:/TulasiHotels/test/services/payment_validation_test.dart: PaymentLinkService.generatePaymentPageUrl includes UPI ID and amount                                                       
01:04 +1457 -5: D:/TulasiHotels/test/services/payment_validation_test.dart: PaymentLinkService.generateUpiQrData generates upi:// format                                                               
01:04 +1458 -5: D:/TulasiHotels/test/services/payment_validation_test.dart: PaymentLinkService.generateUpiQrData generates upi:// format                                                               
01:04 +1458 -5: D:/TulasiHotels/test/services/payment_validation_test.dart: PaymentLinkService.generateUpiQrData includes payee name                                                                   
01:04 +1459 -5: D:/TulasiHotels/test/services/payment_validation_test.dart: PaymentLinkService.generateUpiQrData includes payee name                                                                   
01:04 +1459 -5: D:/TulasiHotels/test/services/payment_validation_test.dart: PaymentLinkResult success factory creates successful result                                                                
01:04 +1460 -5: D:/TulasiHotels/test/services/payment_validation_test.dart: PaymentLinkResult success factory creates successful result                                                                
01:04 +1460 -5: D:/TulasiHotels/test/services/payment_validation_test.dart: PaymentLinkResult failure factory creates failed result                                                                    
01:04 +1461 -5: D:/TulasiHotels/test/services/payment_validation_test.dart: PaymentLinkResult failure factory creates failed result                                                                    
01:04 +1461 -5: D:/TulasiHotels/test/services/payment_validation_test.dart: PaymentLinkResult constructor with required fields                                                                         
01:04 +1462 -5: D:/TulasiHotels/test/services/payment_validation_test.dart: PaymentLinkResult constructor with required fields                                                                         
01:04 +1462 -5: loading D:/TulasiHotels/test/services/performance_test.dart                                                                                                                            
01:04 +1462 -5: D:/TulasiHotels/test/services/performance_test.dart: BreadcrumbType has all expected values                                                                                            
01:04 +1463 -5: D:/TulasiHotels/test/services/performance_test.dart: BreadcrumbType has all expected values                                                                                            
01:04 +1463 -5: D:/TulasiHotels/test/services/performance_test.dart: Breadcrumb creates with required fields                                                                                           
01:04 +1464 -5: D:/TulasiHotels/test/services/performance_test.dart: Breadcrumb creates with required fields                                                                                           
01:04 +1464 -5: D:/TulasiHotels/test/services/performance_test.dart: Breadcrumb creates with optional data                                                                                             
01:04 +1465 -5: D:/TulasiHotels/test/services/performance_test.dart: Breadcrumb creates with optional data                                                                                             
01:04 +1465 -5: D:/TulasiHotels/test/services/performance_test.dart: Breadcrumb uses custom timestamp                                                                                                  
01:04 +1466 -5: D:/TulasiHotels/test/services/performance_test.dart: Breadcrumb uses custom timestamp                                                                                                  
01:04 +1466 -5: D:/TulasiHotels/test/services/performance_test.dart: Breadcrumb toMap serializes correctly                                                                                             
01:04 +1467 -5: D:/TulasiHotels/test/services/performance_test.dart: Breadcrumb toMap serializes correctly                                                                                             
01:04 +1467 -5: D:/TulasiHotels/test/services/performance_test.dart: Breadcrumb toMap handles null data                                                                                                
01:04 +1468 -5: D:/TulasiHotels/test/services/performance_test.dart: Breadcrumb toMap handles null data                                                                                                
01:04 +1468 -5: D:/TulasiHotels/test/services/performance_test.dart: ScreenTiming creates with required fields                                                                                         
01:04 +1469 -5: D:/TulasiHotels/test/services/performance_test.dart: ScreenTiming creates with required fields                                                                                         
01:04 +1469 -5: D:/TulasiHotels/test/services/performance_test.dart: ScreenTiming creates with userId                                                                                                  
01:04 +1470 -5: D:/TulasiHotels/test/services/performance_test.dart: ScreenTiming creates with userId                                                                                                  
01:04 +1470 -5: D:/TulasiHotels/test/services/performance_test.dart: ScreenTiming toFirestore includes correct fields                                                                                  
01:04 +1471 -5: D:/TulasiHotels/test/services/performance_test.dart: ScreenTiming toFirestore includes correct fields                                                                                  
01:04 +1471 -5: D:/TulasiHotels/test/services/performance_test.dart: NetworkTiming creates with required fields                                                                                        
01:04 +1472 -5: D:/TulasiHotels/test/services/performance_test.dart: NetworkTiming creates with required fields                                                                                        
01:04 +1472 -5: D:/TulasiHotels/test/services/performance_test.dart: NetworkTiming creates with error message                                                                                          
01:04 +1473 -5: D:/TulasiHotels/test/services/performance_test.dart: NetworkTiming creates with error message                                                                                          
01:04 +1473 -5: D:/TulasiHotels/test/services/performance_test.dart: NetworkTiming toFirestore includes correct fields                                                                                 
01:04 +1474 -5: D:/TulasiHotels/test/services/performance_test.dart: NetworkTiming toFirestore includes correct fields                                                                                 
01:04 +1474 -5: D:/TulasiHotels/test/services/performance_test.dart: PerformanceService breadcrumbs initially empty                                                                                    
01:04 +1475 -5: D:/TulasiHotels/test/services/performance_test.dart: PerformanceService breadcrumbs initially empty                                                                                    
01:04 +1475 -5: D:/TulasiHotels/test/services/performance_test.dart: PerformanceService breadcrumbs addBreadcrumb adds a crumb                                                                         
01:04 +1476 -5: D:/TulasiHotels/test/services/performance_test.dart: PerformanceService breadcrumbs addBreadcrumb adds a crumb                                                                         
01:04 +1476 -5: D:/TulasiHotels/test/services/performance_test.dart: PerformanceService breadcrumbs trackNavigation adds navigation breadcrumb                                                         
01:04 +1477 -5: D:/TulasiHotels/test/services/performance_test.dart: PerformanceService breadcrumbs trackNavigation adds navigation breadcrumb                                                         
01:04 +1477 -5: D:/TulasiHotels/test/services/performance_test.dart: PerformanceService breadcrumbs trackTap adds tap breadcrumb                                                                       
01:04 +1478 -5: D:/TulasiHotels/test/services/performance_test.dart: PerformanceService breadcrumbs trackTap adds tap breadcrumb                                                                       
01:04 +1478 -5: D:/TulasiHotels/test/services/performance_test.dart: PerformanceService breadcrumbs trackInput adds input breadcrumb                                                                   
01:04 +1479 -5: D:/TulasiHotels/test/services/performance_test.dart: PerformanceService breadcrumbs trackInput adds input breadcrumb                                                                   
01:04 +1479 -5: D:/TulasiHotels/test/services/performance_test.dart: PerformanceService breadcrumbs getBreadcrumbsJson returns serializable list                                                       
01:04 +1480 -5: D:/TulasiHotels/test/services/performance_test.dart: PerformanceService breadcrumbs getBreadcrumbsJson returns serializable list                                                       
01:04 +1480 -5: D:/TulasiHotels/test/services/performance_test.dart: PerformanceService breadcrumbs clearBreadcrumbs removes all crumbs                                                                
01:04 +1481 -5: D:/TulasiHotels/test/services/performance_test.dart: PerformanceService breadcrumbs clearBreadcrumbs removes all crumbs                                                                
01:04 +1481 -5: D:/TulasiHotels/test/services/performance_test.dart: PerformanceService breadcrumbs respects max breadcrumbs limit (50)                                                                
01:04 +1482 -5: D:/TulasiHotels/test/services/performance_test.dart: PerformanceService breadcrumbs respects max breadcrumbs limit (50)                                                                
01:04 +1482 -5: D:/TulasiHotels/test/services/performance_test.dart: PerformanceService breadcrumbs oldest crumbs are evicted when over max                                                            
01:04 +1483 -5: D:/TulasiHotels/test/services/performance_test.dart: PerformanceService breadcrumbs oldest crumbs are evicted when over max                                                            
01:05 +1483 -5: D:/TulasiHotels/test/services/performance_test.dart: PerformanceService breadcrumbs oldest crumbs are evicted when over max                                                            
01:05 +1483 -5: loading D:/TulasiHotels/test/services/privacy_consent_test.dart                                                                                                                        
01:05 +1483 -5: D:/TulasiHotels/test/services/privacy_consent_test.dart: LegalDocVersions privacyPolicy version is set                                                                                 
01:05 +1484 -5: D:/TulasiHotels/test/services/privacy_consent_test.dart: LegalDocVersions privacyPolicy version is set                                                                                 
01:05 +1484 -5: D:/TulasiHotels/test/services/privacy_consent_test.dart: LegalDocVersions termsOfService version is set                                                                                
01:05 +1485 -5: D:/TulasiHotels/test/services/privacy_consent_test.dart: LegalDocVersions termsOfService version is set                                                                                
01:05 +1485 -5: D:/TulasiHotels/test/services/privacy_consent_test.dart: LegalDocVersions privacyPolicyUrl is valid URL                                                                                
01:05 +1486 -5: D:/TulasiHotels/test/services/privacy_consent_test.dart: LegalDocVersions privacyPolicyUrl is valid URL                                                                                
01:05 +1486 -5: D:/TulasiHotels/test/services/privacy_consent_test.dart: LegalDocVersions termsOfServiceUrl is valid URL                                                                               
01:05 +1487 -5: D:/TulasiHotels/test/services/privacy_consent_test.dart: LegalDocVersions termsOfServiceUrl is valid URL                                                                               
01:05 +1487 -5: D:/TulasiHotels/test/services/privacy_consent_test.dart: LegalDocVersions versions follow semver format                                                                                
01:05 +1488 -5: D:/TulasiHotels/test/services/privacy_consent_test.dart: LegalDocVersions versions follow semver format                                                                                
01:05 +1488 -5: D:/TulasiHotels/test/services/privacy_consent_test.dart: ConsentRecord creates with required fields                                                                                    
01:05 +1489 -5: D:/TulasiHotels/test/services/privacy_consent_test.dart: ConsentRecord creates with required fields                                                                                    
01:05 +1489 -5: D:/TulasiHotels/test/services/privacy_consent_test.dart: ConsentRecord creates with explicit opt-outs                                                                                  
01:05 +1490 -5: D:/TulasiHotels/test/services/privacy_consent_test.dart: ConsentRecord creates with explicit opt-outs                                                                                  
01:05 +1490 -5: D:/TulasiHotels/test/services/privacy_consent_test.dart: ConsentRecord toMap serializes all fields                                                                                     
01:05 +1491 -5: D:/TulasiHotels/test/services/privacy_consent_test.dart: ConsentRecord toMap serializes all fields                                                                                     
01:05 +1491 -5: D:/TulasiHotels/test/services/privacy_consent_test.dart: ConsentRecord isCurrentVersion is true when matching                                                                          
01:05 +1492 -5: D:/TulasiHotels/test/services/privacy_consent_test.dart: ConsentRecord isCurrentVersion is true when matching                                                                          
01:05 +1492 -5: D:/TulasiHotels/test/services/privacy_consent_test.dart: ConsentRecord isCurrentVersion is false when privacy outdated                                                                 
01:05 +1493 -5: D:/TulasiHotels/test/services/privacy_consent_test.dart: ConsentRecord isCurrentVersion is false when privacy outdated                                                                 
01:05 +1493 -5: D:/TulasiHotels/test/services/privacy_consent_test.dart: ConsentRecord isCurrentVersion is false when terms outdated                                                                   
01:05 +1494 -5: D:/TulasiHotels/test/services/privacy_consent_test.dart: ConsentRecord isCurrentVersion is false when terms outdated                                                                   
01:05 +1494 -5: D:/TulasiHotels/test/services/privacy_consent_test.dart: ConsentRecord isCurrentVersion is false when both outdated                                                                    
01:05 +1495 -5: D:/TulasiHotels/test/services/privacy_consent_test.dart: ConsentRecord isCurrentVersion is false when both outdated                                                                    
01:05 +1495 -5: D:/TulasiHotels/test/services/privacy_consent_test.dart: ConsentRecord.fromMap handles complete map                                                                                    
01:05 +1496 -5: D:/TulasiHotels/test/services/privacy_consent_test.dart: ConsentRecord.fromMap handles complete map                                                                                    
01:05 +1496 -5: D:/TulasiHotels/test/services/privacy_consent_test.dart: ConsentRecord.fromMap handles missing fields with defaults                                                                    
01:05 +1497 -5: D:/TulasiHotels/test/services/privacy_consent_test.dart: ConsentRecord.fromMap handles missing fields with defaults                                                                    
01:05 +1497 -5: D:/TulasiHotels/test/services/privacy_consent_test.dart: ConsentRecord.fromMap handles null analytics consent                                                                          
01:05 +1498 -5: D:/TulasiHotels/test/services/privacy_consent_test.dart: ConsentRecord.fromMap handles null analytics consent                                                                          
01:05 +1498 -5: loading D:/TulasiHotels/test/services/product_catalog_test.dart                                                                                                                        
01:05 +1498 -5: D:/TulasiHotels/test/services/product_catalog_test.dart: ProductCategory has 6 categories                                                                                              
01:05 +1499 -5: D:/TulasiHotels/test/services/product_catalog_test.dart: ProductCategory has 6 categories                                                                                              
01:05 +1499 -5: D:/TulasiHotels/test/services/product_catalog_test.dart: ProductCategory all have English names                                                                                        
01:05 +1500 -5: D:/TulasiHotels/test/services/product_catalog_test.dart: ProductCategory all have English names                                                                                        
01:05 +1500 -5: D:/TulasiHotels/test/services/product_catalog_test.dart: ProductCategory all have Hindi names                                                                                          
01:05 +1501 -5: D:/TulasiHotels/test/services/product_catalog_test.dart: ProductCategory all have Hindi names                                                                                          
01:05 +1501 -5: D:/TulasiHotels/test/services/product_catalog_test.dart: ProductCategory kirana is first                                                                                               
01:05 +1502 -5: D:/TulasiHotels/test/services/product_catalog_test.dart: ProductCategory kirana is first                                                                                               
01:05 +1502 -5: D:/TulasiHotels/test/services/product_catalog_test.dart: CatalogProduct creates with required fields                                                                                   
01:05 +1503 -5: D:/TulasiHotels/test/services/product_catalog_test.dart: CatalogProduct creates with required fields                                                                                   
01:05 +1503 -5: D:/TulasiHotels/test/services/product_catalog_test.dart: CatalogProduct creates with custom unit and barcode                                                                           
01:05 +1504 -5: D:/TulasiHotels/test/services/product_catalog_test.dart: CatalogProduct creates with custom unit and barcode                                                                           
01:05 +1504 -5: D:/TulasiHotels/test/services/product_catalog_test.dart: CatalogProduct toProductModel creates with default stock 0                                                                    
01:05 +1505 -5: D:/TulasiHotels/test/services/product_catalog_test.dart: CatalogProduct toProductModel creates with default stock 0                                                                    
01:05 +1505 -5: D:/TulasiHotels/test/services/product_catalog_test.dart: CatalogProduct toProductModel accepts custom price and stock                                                                  
01:05 +1506 -5: D:/TulasiHotels/test/services/product_catalog_test.dart: CatalogProduct toProductModel accepts custom price and stock                                                                  
01:05 +1506 -5: D:/TulasiHotels/test/services/product_catalog_test.dart: CatalogProduct toProductModel inherits barcode                                                                                
01:05 +1507 -5: D:/TulasiHotels/test/services/product_catalog_test.dart: CatalogProduct toProductModel inherits barcode                                                                                
01:05 +1507 -5: D:/TulasiHotels/test/services/product_catalog_test.dart: CatalogProduct toProductModel sets lowStockAlert to 5                                                                         
01:05 +1508 -5: D:/TulasiHotels/test/services/product_catalog_test.dart: CatalogProduct toProductModel sets lowStockAlert to 5                                                                         
01:05 +1508 -5: D:/TulasiHotels/test/services/product_catalog_test.dart: ProductCatalogService categories returns all ProductCategory values                                                           
01:05 +1509 -5: D:/TulasiHotels/test/services/product_catalog_test.dart: ProductCatalogService categories returns all ProductCategory values                                                           
01:05 +1509 -5: D:/TulasiHotels/test/services/product_catalog_test.dart: ProductCatalogService allProducts is non-empty                                                                                
01:05 +1510 -5: D:/TulasiHotels/test/services/product_catalog_test.dart: ProductCatalogService allProducts is non-empty                                                                                
01:05 +1510 -5: D:/TulasiHotels/test/services/product_catalog_test.dart: ProductCatalogService allProducts has at least 50 items                                                                       
01:05 +1511 -5: D:/TulasiHotels/test/services/product_catalog_test.dart: ProductCatalogService allProducts has at least 50 items                                                                       
01:05 +1511 -5: D:/TulasiHotels/test/services/product_catalog_test.dart: ProductCatalogService all products have non-empty names                                                                       
01:05 +1512 -5: D:/TulasiHotels/test/services/product_catalog_test.dart: ProductCatalogService all products have non-empty names                                                                       
01:05 +1512 -5: D:/TulasiHotels/test/services/product_catalog_test.dart: ProductCatalogService all products have positive prices                                                                       
01:05 +1513 -5: D:/TulasiHotels/test/services/product_catalog_test.dart: ProductCatalogService all products have positive prices                                                                       
01:05 +1513 -5: D:/TulasiHotels/test/services/product_catalog_test.dart: ProductCatalogService getProductsByCategory returns only matching category                                                    
01:05 +1514 -5: D:/TulasiHotels/test/services/product_catalog_test.dart: ProductCatalogService getProductsByCategory returns only matching category                                                    
01:05 +1514 -5: D:/TulasiHotels/test/services/product_catalog_test.dart: ProductCatalogService every category has at least 1 product                                                                   
01:05 +1515 -5: D:/TulasiHotels/test/services/product_catalog_test.dart: ProductCatalogService every category has at least 1 product                                                                   
01:05 +1515 -5: D:/TulasiHotels/test/services/product_catalog_test.dart: ProductCatalogService searchProducts is case-insensitive                                                                      
01:05 +1516 -5: D:/TulasiHotels/test/services/product_catalog_test.dart: ProductCatalogService searchProducts is case-insensitive                                                                      
01:05 +1516 -5: D:/TulasiHotels/test/services/product_catalog_test.dart: ProductCatalogService searchProducts returns empty for nonsense query                                                         
01:05 +1517 -5: D:/TulasiHotels/test/services/product_catalog_test.dart: ProductCatalogService searchProducts returns empty for nonsense query                                                         
01:05 +1517 -5: D:/TulasiHotels/test/services/product_catalog_test.dart: ProductCatalogService searchProducts returns matching products                                                                
01:05 +1518 -5: D:/TulasiHotels/test/services/product_catalog_test.dart: ProductCatalogService searchProducts returns matching products                                                                
01:06 +1518 -5: D:/TulasiHotels/test/services/product_catalog_test.dart: ProductCatalogService searchProducts returns matching products                                                                
01:06 +1518 -5: loading D:/TulasiHotels/test/services/product_csv_service_test.dart                                                                                                                    
01:06 +1518 -5: D:/TulasiHotels/test/services/product_csv_service_test.dart: CsvImportResult imported returns product count                                                                            
01:06 +1519 -5: D:/TulasiHotels/test/services/product_csv_service_test.dart: CsvImportResult imported returns product count                                                                            
01:06 +1519 -5: D:/TulasiHotels/test/services/product_csv_service_test.dart: CsvImportResult hasErrors returns true when errors exist                                                                  
01:06 +1520 -5: D:/TulasiHotels/test/services/product_csv_service_test.dart: CsvImportResult hasErrors returns true when errors exist                                                                  
01:06 +1520 -5: D:/TulasiHotels/test/services/product_csv_service_test.dart: CsvImportResult hasErrors returns false when no errors                                                                    
01:06 +1521 -5: D:/TulasiHotels/test/services/product_csv_service_test.dart: CsvImportResult hasErrors returns false when no errors                                                                    
01:06 +1521 -5: D:/TulasiHotels/test/services/product_csv_service_test.dart: ProductCsvService._productsToCsv / _parseCsv round-trip getSampleCsv returns valid CSV with headers                       
01:06 +1522 -5: D:/TulasiHotels/test/services/product_csv_service_test.dart: ProductCsvService._productsToCsv / _parseCsv round-trip getSampleCsv returns valid CSV with headers                       
01:06 +1522 -5: D:/TulasiHotels/test/services/product_csv_service_test.dart: ProductCsvService._productsToCsv / _parseCsv round-trip getSampleCsv has correct number of data rows                      
01:06 +1523 -5: D:/TulasiHotels/test/services/product_csv_service_test.dart: ProductCsvService._productsToCsv / _parseCsv round-trip getSampleCsv has correct number of data rows                      
01:06 +1523 -5: D:/TulasiHotels/test/services/product_csv_service_test.dart: ProductCsvService column headers sample CSV first line matches expected headers                                           
01:06 +1524 -5: D:/TulasiHotels/test/services/product_csv_service_test.dart: ProductCsvService column headers sample CSV first line matches expected headers                                           
01:07 +1524 -5: D:/TulasiHotels/test/services/product_csv_service_test.dart: ProductCsvService column headers sample CSV first line matches expected headers                                           
01:07 +1524 -5: loading D:/TulasiHotels/test/services/razorpay_result_test.dart                                                                                                                        
01:07 +1524 -5: D:/TulasiHotels/test/services/razorpay_result_test.dart: PaymentResult ├óΓé¼ΓÇ¥ factory constructors success factory sets correct fields                                                    
01:07 +1525 -5: D:/TulasiHotels/test/services/razorpay_result_test.dart: PaymentResult ├óΓé¼ΓÇ¥ factory constructors success factory sets correct fields                                                    
01:07 +1525 -5: D:/TulasiHotels/test/services/razorpay_result_test.dart: PaymentResult ├óΓé¼ΓÇ¥ factory constructors success factory with paymentId only                                                    
01:07 +1526 -5: D:/TulasiHotels/test/services/razorpay_result_test.dart: PaymentResult ├óΓé¼ΓÇ¥ factory constructors success factory with paymentId only                                                    
01:07 +1526 -5: D:/TulasiHotels/test/services/razorpay_result_test.dart: PaymentResult ├óΓé¼ΓÇ¥ factory constructors failure factory sets correct fields                                                    
01:07 +1527 -5: D:/TulasiHotels/test/services/razorpay_result_test.dart: PaymentResult ├óΓé¼ΓÇ¥ factory constructors failure factory sets correct fields                                                    
01:07 +1527 -5: D:/TulasiHotels/test/services/razorpay_result_test.dart: PaymentResult ├óΓé¼ΓÇ¥ factory constructors cancelled factory has predefined error code                                            
01:07 +1528 -5: D:/TulasiHotels/test/services/razorpay_result_test.dart: PaymentResult ├óΓé¼ΓÇ¥ factory constructors cancelled factory has predefined error code                                            
01:07 +1528 -5: D:/TulasiHotels/test/services/razorpay_result_test.dart: PaymentResult ├óΓé¼ΓÇ¥ equality & properties success result is not failure                                                         
01:07 +1529 -5: D:/TulasiHotels/test/services/razorpay_result_test.dart: PaymentResult ├óΓé¼ΓÇ¥ equality & properties success result is not failure                                                         
01:07 +1529 -5: D:/TulasiHotels/test/services/razorpay_result_test.dart: PaymentResult ├óΓé¼ΓÇ¥ equality & properties const constructor works                                                               
01:07 +1530 -5: D:/TulasiHotels/test/services/razorpay_result_test.dart: PaymentResult ├óΓé¼ΓÇ¥ equality & properties const constructor works                                                               
01:07 +1530 -5: D:/TulasiHotels/test/services/razorpay_result_test.dart: PaymentResult ├óΓé¼ΓÇ¥ amount conversion invariants amount to paise conversion is correct for common amounts                       
01:07 +1531 -5: D:/TulasiHotels/test/services/razorpay_result_test.dart: PaymentResult ├óΓé¼ΓÇ¥ amount conversion invariants amount to paise conversion is correct for common amounts                       
01:07 +1531 -5: D:/TulasiHotels/test/services/razorpay_result_test.dart: PaymentResult ├óΓé¼ΓÇ¥ amount conversion invariants float precision: 0.1 + 0.2 paise conversion                                    
01:07 +1532 -5: D:/TulasiHotels/test/services/razorpay_result_test.dart: PaymentResult ├óΓé¼ΓÇ¥ amount conversion invariants float precision: 0.1 + 0.2 paise conversion                                    
01:07 +1532 -5: D:/TulasiHotels/test/services/razorpay_result_test.dart: PaymentResult ├óΓé¼ΓÇ¥ amount conversion invariants negative amount is technically valid (refund scenario)                         
01:07 +1533 -5: D:/TulasiHotels/test/services/razorpay_result_test.dart: PaymentResult ├óΓé¼ΓÇ¥ amount conversion invariants negative amount is technically valid (refund scenario)                         
01:07 +1533 -5: D:/TulasiHotels/test/services/razorpay_result_test.dart: PaymentResult ├óΓé¼ΓÇ¥ error classification CANCELLED is user-initiated                                                            
01:07 +1534 -5: D:/TulasiHotels/test/services/razorpay_result_test.dart: PaymentResult ├óΓé¼ΓÇ¥ error classification CANCELLED is user-initiated                                                            
01:07 +1534 -5: D:/TulasiHotels/test/services/razorpay_result_test.dart: PaymentResult ├óΓé¼ΓÇ¥ error classification network errors have meaningful messages                                                
01:07 +1535 -5: D:/TulasiHotels/test/services/razorpay_result_test.dart: PaymentResult ├óΓé¼ΓÇ¥ error classification network errors have meaningful messages                                                
01:07 +1535 -5: D:/TulasiHotels/test/services/razorpay_result_test.dart: PaymentResult ├óΓé¼ΓÇ¥ error classification OPEN_ERROR indicates SDK initialization issue                                          
01:07 +1536 -5: D:/TulasiHotels/test/services/razorpay_result_test.dart: PaymentResult ├óΓé¼ΓÇ¥ error classification OPEN_ERROR indicates SDK initialization issue                                          
01:07 +1536 -5: D:/TulasiHotels/test/services/razorpay_result_test.dart: Payment timeout behavior Completer can complete with success                                                                  
01:07 +1537 -5: D:/TulasiHotels/test/services/razorpay_result_test.dart: Payment timeout behavior Completer can complete with success                                                                  
01:07 +1537 -5: D:/TulasiHotels/test/services/razorpay_result_test.dart: Payment timeout behavior Completer cannot complete twice                                                                      
01:07 +1538 -5: D:/TulasiHotels/test/services/razorpay_result_test.dart: Payment timeout behavior Completer cannot complete twice                                                                      
01:07 +1538 -5: D:/TulasiHotels/test/services/razorpay_result_test.dart: Payment timeout behavior timeout returns failure result                                                                       
01:07 +1539 -5: D:/TulasiHotels/test/services/razorpay_result_test.dart: Payment timeout behavior timeout returns failure result                                                                       
01:07 +1539 -5: loading D:/TulasiHotels/test/services/receipt_service_test.dart                                                                                                                        
01:07 +1539 -5: D:/TulasiHotels/test/services/receipt_service_test.dart: ReceiptService._getPageFormat paper size 0 is 58mm roll                                                                       
01:08 +1539 -5: D:/TulasiHotels/test/services/receipt_service_test.dart: ReceiptService._getPageFormat paper size 0 is 58mm roll                                                                       
01:08 +1540 -5: D:/TulasiHotels/test/services/receipt_service_test.dart: ReceiptService._getPageFormat paper size 0 is 58mm roll                                                                       
01:08 +1540 -5: D:/TulasiHotels/test/services/receipt_service_test.dart: ReceiptService._getPageFormat paper size 1 is 80mm roll                                                                       
01:08 +1541 -5: D:/TulasiHotels/test/services/receipt_service_test.dart: ReceiptService._getPageFormat paper size 1 is 80mm roll                                                                       
01:08 +1541 -5: D:/TulasiHotels/test/services/receipt_service_test.dart: ReceiptService page format constants roll57 width is smaller than roll80                                                      
01:08 +1542 -5: D:/TulasiHotels/test/services/receipt_service_test.dart: ReceiptService page format constants roll57 width is smaller than roll80                                                      
01:08 +1542 -5: D:/TulasiHotels/test/services/receipt_service_test.dart: ReceiptService page format constants roll formats have no fixed height                                                        
01:08 +1543 -5: D:/TulasiHotels/test/services/receipt_service_test.dart: ReceiptService page format constants roll formats have no fixed height                                                        
01:08 +1543 -5: loading D:/TulasiHotels/test/services/referral_logic_test.dart                                                                                                                         
01:08 +1543 -5: D:/TulasiHotels/test/services/referral_logic_test.dart: Referral code generation code is exactly 8 characters                                                                          
01:08 +1544 -5: D:/TulasiHotels/test/services/referral_logic_test.dart: Referral code generation code is exactly 8 characters                                                                          
01:08 +1544 -5: D:/TulasiHotels/test/services/referral_logic_test.dart: Referral code generation first 4 chars come from UID uppercased                                                                
01:08 +1545 -5: D:/TulasiHotels/test/services/referral_logic_test.dart: Referral code generation first 4 chars come from UID uppercased                                                                
01:08 +1545 -5: D:/TulasiHotels/test/services/referral_logic_test.dart: Referral code generation last 4 chars are numeric                                                                              
01:08 +1546 -5: D:/TulasiHotels/test/services/referral_logic_test.dart: Referral code generation last 4 chars are numeric                                                                              
01:08 +1546 -5: D:/TulasiHotels/test/services/referral_logic_test.dart: Referral code generation suffix is zero-padded                                                                                 
01:08 +1547 -5: D:/TulasiHotels/test/services/referral_logic_test.dart: Referral code generation suffix is zero-padded                                                                                 
01:08 +1547 -5: D:/TulasiHotels/test/services/referral_logic_test.dart: Referral code generation different UIDs produce different prefixes                                                             
01:08 +1548 -5: D:/TulasiHotels/test/services/referral_logic_test.dart: Referral code generation different UIDs produce different prefixes                                                             
01:08 +1548 -5: D:/TulasiHotels/test/services/referral_logic_test.dart: Referral code generation UID with special chars works (first 4 only)                                                           
01:08 +1549 -5: D:/TulasiHotels/test/services/referral_logic_test.dart: Referral code generation UID with special chars works (first 4 only)                                                           
01:08 +1549 -5: D:/TulasiHotels/test/services/referral_logic_test.dart: Referral code generation handles minimum length UID (4 chars)                                                                  
01:08 +1550 -5: D:/TulasiHotels/test/services/referral_logic_test.dart: Referral code generation handles minimum length UID (4 chars)                                                                  
01:08 +1550 -5: D:/TulasiHotels/test/services/referral_logic_test.dart: Share message formatting contains referral code                                                                                
01:08 +1551 -5: D:/TulasiHotels/test/services/referral_logic_test.dart: Share message formatting contains referral code                                                                                
01:08 +1551 -5: D:/TulasiHotels/test/services/referral_logic_test.dart: Share message formatting contains referral URL                                                                                 
01:08 +1552 -5: D:/TulasiHotels/test/services/referral_logic_test.dart: Share message formatting contains referral URL                                                                                 
01:08 +1552 -5: D:/TulasiHotels/test/services/referral_logic_test.dart: Share message formatting mentions Tulasi Hotels                                                                                
01:08 +1553 -5: D:/TulasiHotels/test/services/referral_logic_test.dart: Share message formatting mentions Tulasi Hotels                                                                                
01:08 +1553 -5: D:/TulasiHotels/test/services/referral_logic_test.dart: Share message formatting URL is well-formed                                                                                    
01:08 +1554 -5: D:/TulasiHotels/test/services/referral_logic_test.dart: Share message formatting URL is well-formed                                                                                    
01:08 +1554 -5: D:/TulasiHotels/test/services/referral_logic_test.dart: Share message formatting code appears exactly twice (in text + URL)                                                            
01:08 +1555 -5: D:/TulasiHotels/test/services/referral_logic_test.dart: Share message formatting code appears exactly twice (in text + URL)                                                            
01:08 +1555 -5: D:/TulasiHotels/test/services/referral_logic_test.dart: Referral code uniqueness 1000 codes from same UID have no collisions                                                           
01:08 +1556 -5: D:/TulasiHotels/test/services/referral_logic_test.dart: Referral code uniqueness 1000 codes from same UID have no collisions                                                           
01:09 +1556 -5: D:/TulasiHotels/test/services/referral_logic_test.dart: Referral code uniqueness 1000 codes from same UID have no collisions                                                           
01:09 +1556 -5: loading D:/TulasiHotels/test/services/retry_behavior_test.dart                                                                                                                         
01:09 +1556 -5: D:/TulasiHotels/test/services/retry_behavior_test.dart: Retry queue ΓÇö exponential backoff first retry is 1 second                                                                      
01:09 +1557 -5: D:/TulasiHotels/test/services/retry_behavior_test.dart: Retry queue ΓÇö exponential backoff first retry is 1 second                                                                      
01:09 +1557 -5: D:/TulasiHotels/test/services/retry_behavior_test.dart: Retry queue ΓÇö exponential backoff second retry is 2 seconds                                                                    
01:09 +1558 -5: D:/TulasiHotels/test/services/retry_behavior_test.dart: Retry queue ΓÇö exponential backoff second retry is 2 seconds                                                                    
01:09 +1558 -5: D:/TulasiHotels/test/services/retry_behavior_test.dart: Retry queue ΓÇö exponential backoff third retry is 4 seconds                                                                     
01:09 +1559 -5: D:/TulasiHotels/test/services/retry_behavior_test.dart: Retry queue ΓÇö exponential backoff third retry is 4 seconds                                                                     
01:09 +1559 -5: D:/TulasiHotels/test/services/retry_behavior_test.dart: Retry queue ΓÇö exponential backoff fourth retry is 8 seconds                                                                    
01:09 +1560 -5: D:/TulasiHotels/test/services/retry_behavior_test.dart: Retry queue ΓÇö exponential backoff fourth retry is 8 seconds                                                                    
01:09 +1560 -5: D:/TulasiHotels/test/services/retry_behavior_test.dart: Retry queue ΓÇö exponential backoff fifth retry is 16 seconds                                                                    
01:09 +1561 -5: D:/TulasiHotels/test/services/retry_behavior_test.dart: Retry queue ΓÇö exponential backoff fifth retry is 16 seconds                                                                    
01:09 +1561 -5: D:/TulasiHotels/test/services/retry_behavior_test.dart: Retry queue ΓÇö exponential backoff after max attempts, returns zero (stop retrying)                                             
01:09 +1562 -5: D:/TulasiHotels/test/services/retry_behavior_test.dart: Retry queue ΓÇö exponential backoff after max attempts, returns zero (stop retrying)                                             
01:09 +1562 -5: D:/TulasiHotels/test/services/retry_behavior_test.dart: Retry queue ΓÇö exponential backoff total wait time for all retries is 31 seconds                                                
01:09 +1563 -5: D:/TulasiHotels/test/services/retry_behavior_test.dart: Retry queue ΓÇö exponential backoff total wait time for all retries is 31 seconds                                                
01:09 +1563 -5: D:/TulasiHotels/test/services/retry_behavior_test.dart: Retry queue ΓÇö exponential backoff backoff never exceeds 16 seconds (reasonable UX)                                             
01:09 +1564 -5: D:/TulasiHotels/test/services/retry_behavior_test.dart: Retry queue ΓÇö exponential backoff backoff never exceeds 16 seconds (reasonable UX)                                             
01:09 +1564 -5: D:/TulasiHotels/test/services/retry_behavior_test.dart: Retry queue ΓÇö eligibility should retry when under max attempts                                                                 
01:09 +1565 -5: D:/TulasiHotels/test/services/retry_behavior_test.dart: Retry queue ΓÇö eligibility should retry when under max attempts                                                                 
01:09 +1565 -5: D:/TulasiHotels/test/services/retry_behavior_test.dart: Retry queue ΓÇö eligibility should not retry at max attempts                                                                     
01:09 +1566 -5: D:/TulasiHotels/test/services/retry_behavior_test.dart: Retry queue ΓÇö eligibility should not retry at max attempts                                                                     
01:09 +1566 -5: D:/TulasiHotels/test/services/retry_behavior_test.dart: Retry queue ΓÇö eligibility should not retry when over max attempts                                                              
01:09 +1567 -5: D:/TulasiHotels/test/services/retry_behavior_test.dart: Retry queue ΓÇö eligibility should not retry when over max attempts                                                              
01:09 +1567 -5: D:/TulasiHotels/test/services/retry_behavior_test.dart: Retry queue ΓÇö write type classification common Firestore write types                                                           
01:09 +1568 -5: D:/TulasiHotels/test/services/retry_behavior_test.dart: Retry queue ΓÇö write type classification common Firestore write types                                                           
01:09 +1568 -5: D:/TulasiHotels/test/services/retry_behavior_test.dart: Retry queue ΓÇö write type classification queue paths are user-scoped                                                            
01:09 +1569 -5: D:/TulasiHotels/test/services/retry_behavior_test.dart: Retry queue ΓÇö write type classification queue paths are user-scoped                                                            
01:09 +1569 -5: D:/TulasiHotels/test/services/retry_behavior_test.dart: Retry queue ΓÇö 10K scale considerations max queue size should be bounded                                                        
01:09 +1570 -5: D:/TulasiHotels/test/services/retry_behavior_test.dart: Retry queue ΓÇö 10K scale considerations max queue size should be bounded                                                        
01:09 +1570 -5: D:/TulasiHotels/test/services/retry_behavior_test.dart: Retry queue ΓÇö 10K scale considerations retry storm prevention: max concurrent retries                                          
01:09 +1571 -5: D:/TulasiHotels/test/services/retry_behavior_test.dart: Retry queue ΓÇö 10K scale considerations retry storm prevention: max concurrent retries                                          
01:10 +1571 -5: D:/TulasiHotels/test/services/retry_behavior_test.dart: Retry queue ΓÇö 10K scale considerations retry storm prevention: max concurrent retries                                          
01:10 +1571 -5: loading D:/TulasiHotels/test/services/schema_migration_service_test.dart                                                                                                               
01:10 +1571 -5: D:/TulasiHotels/test/services/schema_migration_service_test.dart: SchemaMigrationService currentSchemaVersion is positive                                                              
01:10 +1572 -5: D:/TulasiHotels/test/services/schema_migration_service_test.dart: SchemaMigrationService currentSchemaVersion is positive                                                              
01:10 +1572 -5: D:/TulasiHotels/test/services/schema_migration_service_test.dart: SchemaMigrationService needsMigration returns true for user with no schemaVersion                                    
01:10 +1573 -5: D:/TulasiHotels/test/services/schema_migration_service_test.dart: SchemaMigrationService needsMigration returns true for user with no schemaVersion                                    
01:10 +1573 -5: D:/TulasiHotels/test/services/schema_migration_service_test.dart: SchemaMigrationService needsMigration returns false for up-to-date user                                              
01:10 +1574 -5: D:/TulasiHotels/test/services/schema_migration_service_test.dart: SchemaMigrationService needsMigration returns false for up-to-date user                                              
01:10 +1574 -5: D:/TulasiHotels/test/services/schema_migration_service_test.dart: SchemaMigrationService migration v1 adds customersLimit when missing                                                 
01:10 +1575 -5: D:/TulasiHotels/test/services/schema_migration_service_test.dart: SchemaMigrationService migration v1 adds customersLimit when missing                                                 
01:10 +1575 -5: D:/TulasiHotels/test/services/schema_migration_service_test.dart: SchemaMigrationService migration v1 is idempotent (skip if customersLimit exists)                                    
01:10 +1576 -5: D:/TulasiHotels/test/services/schema_migration_service_test.dart: SchemaMigrationService migration v1 is idempotent (skip if customersLimit exists)                                    
01:10 +1576 -5: D:/TulasiHotels/test/services/schema_migration_service_test.dart: SchemaMigrationService non-existent user does not crash                                                              
01:10 +1577 -5: D:/TulasiHotels/test/services/schema_migration_service_test.dart: SchemaMigrationService non-existent user does not crash                                                              
01:11 +1577 -5: loading D:/TulasiHotels/test/services/sync_settings_test.dart                                                                                                                          
01:11 +1577 -5: D:/TulasiHotels/test/services/sync_settings_test.dart: SyncInterval has 5 values                                                                                                       
01:11 +1578 -5: D:/TulasiHotels/test/services/sync_settings_test.dart: SyncInterval has 5 values                                                                                                       
01:11 +1578 -5: D:/TulasiHotels/test/services/sync_settings_test.dart: SyncInterval each has non-empty displayName                                                                                     
01:11 +1579 -5: D:/TulasiHotels/test/services/sync_settings_test.dart: SyncInterval each has non-empty displayName                                                                                     
01:11 +1579 -5: D:/TulasiHotels/test/services/sync_settings_test.dart: SyncInterval realtime has zero duration                                                                                         
01:11 +1580 -5: D:/TulasiHotels/test/services/sync_settings_test.dart: SyncInterval realtime has zero duration                                                                                         
01:11 +1580 -5: D:/TulasiHotels/test/services/sync_settings_test.dart: SyncInterval hourly duration is 1 hour                                                                                          
01:11 +1581 -5: D:/TulasiHotels/test/services/sync_settings_test.dart: SyncInterval hourly duration is 1 hour                                                                                          
01:11 +1581 -5: D:/TulasiHotels/test/services/sync_settings_test.dart: SyncInterval daily duration is 1 day                                                                                            
01:11 +1582 -5: D:/TulasiHotels/test/services/sync_settings_test.dart: SyncInterval daily duration is 1 day                                                                                            
01:11 +1582 -5: D:/TulasiHotels/test/services/sync_settings_test.dart: SyncInterval weekly duration is 7 days                                                                                          
01:11 +1583 -5: D:/TulasiHotels/test/services/sync_settings_test.dart: SyncInterval weekly duration is 7 days                                                                                          
01:11 +1583 -5: D:/TulasiHotels/test/services/sync_settings_test.dart: SyncInterval manual duration is 365 days (effectively manual)                                                                   
01:11 +1584 -5: D:/TulasiHotels/test/services/sync_settings_test.dart: SyncInterval manual duration is 365 days (effectively manual)                                                                   
01:11 +1584 -5: D:/TulasiHotels/test/services/sync_settings_test.dart: SyncInterval durations increase in order                                                                                        
01:11 +1585 -5: D:/TulasiHotels/test/services/sync_settings_test.dart: SyncInterval durations increase in order                                                                                        
01:11 +1585 -5: D:/TulasiHotels/test/services/sync_settings_test.dart: SyncStatus has 4 values                                                                                                         
01:11 +1586 -5: D:/TulasiHotels/test/services/sync_settings_test.dart: SyncStatus has 4 values                                                                                                         
01:11 +1586 -5: D:/TulasiHotels/test/services/sync_settings_test.dart: SyncStatus includes idle, syncing, success, error                                                                               
01:11 +1587 -5: D:/TulasiHotels/test/services/sync_settings_test.dart: SyncStatus includes idle, syncing, success, error                                                                               
01:11 +1587 -5: D:/TulasiHotels/test/services/sync_settings_test.dart: getLastSyncDisplay null returns Never synced                                                                                    
01:11 +1588 -5: D:/TulasiHotels/test/services/sync_settings_test.dart: getLastSyncDisplay null returns Never synced                                                                                    
01:11 +1588 -5: D:/TulasiHotels/test/services/sync_settings_test.dart: getLastSyncDisplay just now (seconds ago)                                                                                       
01:11 +1589 -5: D:/TulasiHotels/test/services/sync_settings_test.dart: getLastSyncDisplay just now (seconds ago)                                                                                       
01:11 +1589 -5: D:/TulasiHotels/test/services/sync_settings_test.dart: getLastSyncDisplay minutes ago (single)                                                                                         
01:11 +1590 -5: D:/TulasiHotels/test/services/sync_settings_test.dart: getLastSyncDisplay minutes ago (single)                                                                                         
01:11 +1590 -5: D:/TulasiHotels/test/services/sync_settings_test.dart: getLastSyncDisplay minutes ago (plural)                                                                                         
01:11 +1591 -5: D:/TulasiHotels/test/services/sync_settings_test.dart: getLastSyncDisplay minutes ago (plural)                                                                                         
01:11 +1591 -5: D:/TulasiHotels/test/services/sync_settings_test.dart: getLastSyncDisplay 1 hour ago (singular)                                                                                        
01:11 +1592 -5: D:/TulasiHotels/test/services/sync_settings_test.dart: getLastSyncDisplay 1 hour ago (singular)                                                                                        
01:11 +1592 -5: D:/TulasiHotels/test/services/sync_settings_test.dart: getLastSyncDisplay hours ago (plural)                                                                                           
01:11 +1593 -5: D:/TulasiHotels/test/services/sync_settings_test.dart: getLastSyncDisplay hours ago (plural)                                                                                           
01:11 +1593 -5: D:/TulasiHotels/test/services/sync_settings_test.dart: getLastSyncDisplay 1 day ago (singular)                                                                                         
01:11 +1594 -5: D:/TulasiHotels/test/services/sync_settings_test.dart: getLastSyncDisplay 1 day ago (singular)                                                                                         
01:11 +1594 -5: D:/TulasiHotels/test/services/sync_settings_test.dart: getLastSyncDisplay days ago (plural)                                                                                            
01:11 +1595 -5: D:/TulasiHotels/test/services/sync_settings_test.dart: getLastSyncDisplay days ago (plural)                                                                                            
01:11 +1595 -5: D:/TulasiHotels/test/services/sync_settings_test.dart: getSyncModeDescription realtime description                                                                                     
01:11 +1596 -5: D:/TulasiHotels/test/services/sync_settings_test.dart: getSyncModeDescription realtime description                                                                                     
01:11 +1596 -5: D:/TulasiHotels/test/services/sync_settings_test.dart: getSyncModeDescription hourly description                                                                                       
01:11 +1597 -5: D:/TulasiHotels/test/services/sync_settings_test.dart: getSyncModeDescription hourly description                                                                                       
01:11 +1597 -5: D:/TulasiHotels/test/services/sync_settings_test.dart: getSyncModeDescription daily description                                                                                        
01:11 +1598 -5: D:/TulasiHotels/test/services/sync_settings_test.dart: getSyncModeDescription daily description                                                                                        
01:11 +1598 -5: D:/TulasiHotels/test/services/sync_settings_test.dart: getSyncModeDescription weekly description                                                                                       
01:11 +1599 -5: D:/TulasiHotels/test/services/sync_settings_test.dart: getSyncModeDescription weekly description                                                                                       
01:11 +1599 -5: D:/TulasiHotels/test/services/sync_settings_test.dart: getSyncModeDescription manual description                                                                                       
01:11 +1600 -5: D:/TulasiHotels/test/services/sync_settings_test.dart: getSyncModeDescription manual description                                                                                       
01:11 +1600 -5: loading D:/TulasiHotels/test/services/sync_status_test.dart                                                                                                                            
01:11 +1600 -5: D:/TulasiHotels/test/services/sync_status_test.dart: SyncState has synced value                                                                                                        
01:12 +1600 -5: D:/TulasiHotels/test/services/sync_status_test.dart: SyncState has synced value                                                                                                        
01:12 +1601 -5: D:/TulasiHotels/test/services/sync_status_test.dart: SyncState has synced value                                                                                                        
01:12 +1601 -5: D:/TulasiHotels/test/services/sync_status_test.dart: SyncState has notSynced value                                                                                                     
01:12 +1602 -5: D:/TulasiHotels/test/services/sync_status_test.dart: SyncState has notSynced value                                                                                                     
01:12 +1602 -5: D:/TulasiHotels/test/services/sync_status_test.dart: SyncState values are distinct                                                                                                     
01:12 +1603 -5: D:/TulasiHotels/test/services/sync_status_test.dart: SyncState values are distinct                                                                                                     
01:12 +1603 -5: D:/TulasiHotels/test/services/sync_status_test.dart: SyncedItem hasPendingWrites=true gives notSynced state                                                                            
01:12 +1604 -5: D:/TulasiHotels/test/services/sync_status_test.dart: SyncedItem hasPendingWrites=true gives notSynced state                                                                            
01:12 +1604 -5: D:/TulasiHotels/test/services/sync_status_test.dart: SyncedItem hasPendingWrites=false gives synced state                                                                              
01:12 +1605 -5: D:/TulasiHotels/test/services/sync_status_test.dart: SyncedItem hasPendingWrites=false gives synced state                                                                              
01:12 +1605 -5: D:/TulasiHotels/test/services/sync_status_test.dart: SyncedItem preserves data                                                                                                         
01:12 +1606 -5: D:/TulasiHotels/test/services/sync_status_test.dart: SyncedItem preserves data                                                                                                         
01:12 +1606 -5: D:/TulasiHotels/test/services/sync_status_test.dart: SyncedList data extracts values from items                                                                                        
01:12 +1607 -5: D:/TulasiHotels/test/services/sync_status_test.dart: SyncedList data extracts values from items                                                                                        
01:12 +1607 -5: D:/TulasiHotels/test/services/sync_status_test.dart: SyncedList unsyncedCount counts pending items                                                                                     
01:12 +1608 -5: D:/TulasiHotels/test/services/sync_status_test.dart: SyncedList unsyncedCount counts pending items                                                                                     
01:12 +1608 -5: D:/TulasiHotels/test/services/sync_status_test.dart: SyncedList allSynced when no pending writes                                                                                       
01:12 +1609 -5: D:/TulasiHotels/test/services/sync_status_test.dart: SyncedList allSynced when no pending writes                                                                                       
01:12 +1609 -5: D:/TulasiHotels/test/services/sync_status_test.dart: SyncedList not allSynced when snapshot has pending writes                                                                         
01:12 +1610 -5: D:/TulasiHotels/test/services/sync_status_test.dart: SyncedList not allSynced when snapshot has pending writes                                                                         
01:12 +1610 -5: D:/TulasiHotels/test/services/sync_status_test.dart: SyncedList empty creates empty synced list                                                                                        
01:12 +1611 -5: D:/TulasiHotels/test/services/sync_status_test.dart: SyncedList empty creates empty synced list                                                                                        
01:12 +1611 -5: D:/TulasiHotels/test/services/sync_status_test.dart: CollectionSyncStatus isSynced when no pending writes                                                                              
01:12 +1612 -5: D:/TulasiHotels/test/services/sync_status_test.dart: CollectionSyncStatus isSynced when no pending writes                                                                              
01:12 +1612 -5: D:/TulasiHotels/test/services/sync_status_test.dart: CollectionSyncStatus not synced when has pending writes                                                                           
01:12 +1613 -5: D:/TulasiHotels/test/services/sync_status_test.dart: CollectionSyncStatus not synced when has pending writes                                                                           
01:12 +1613 -5: D:/TulasiHotels/test/services/sync_status_test.dart: CollectionSyncStatus defaults to zero counts and no pending                                                                       
01:12 +1614 -5: D:/TulasiHotels/test/services/sync_status_test.dart: CollectionSyncStatus defaults to zero counts and no pending                                                                       
01:12 +1614 -5: D:/TulasiHotels/test/services/sync_status_test.dart: GlobalSyncStatus totalUnsynced aggregates across collections                                                                      
01:12 +1615 -5: D:/TulasiHotels/test/services/sync_status_test.dart: GlobalSyncStatus totalUnsynced aggregates across collections                                                                      
01:12 +1615 -5: D:/TulasiHotels/test/services/sync_status_test.dart: GlobalSyncStatus allSynced when online and all collections synced                                                                 
01:12 +1616 -5: D:/TulasiHotels/test/services/sync_status_test.dart: GlobalSyncStatus allSynced when online and all collections synced                                                                 
01:12 +1616 -5: D:/TulasiHotels/test/services/sync_status_test.dart: GlobalSyncStatus not allSynced when offline                                                                                       
01:12 +1617 -5: D:/TulasiHotels/test/services/sync_status_test.dart: GlobalSyncStatus not allSynced when offline                                                                                       
01:12 +1617 -5: D:/TulasiHotels/test/services/sync_status_test.dart: GlobalSyncStatus not allSynced when any collection has pending writes                                                             
01:12 +1618 -5: D:/TulasiHotels/test/services/sync_status_test.dart: GlobalSyncStatus not allSynced when any collection has pending writes                                                             
01:12 +1618 -5: D:/TulasiHotels/test/services/sync_status_test.dart: GlobalSyncStatus empty has no collections and is online                                                                           
01:12 +1619 -5: D:/TulasiHotels/test/services/sync_status_test.dart: GlobalSyncStatus empty has no collections and is online                                                                           
01:12 +1619 -5: D:/TulasiHotels/test/services/sync_status_test.dart: GlobalSyncStatus totalUnsynced is 0 when all synced                                                                               
01:12 +1620 -5: D:/TulasiHotels/test/services/sync_status_test.dart: GlobalSyncStatus totalUnsynced is 0 when all synced                                                                               
01:12 +1620 -5: loading D:/TulasiHotels/test/services/thermal_printer_test.dart                                                                                                                        
01:12 +1620 -5: D:/TulasiHotels/test/services/thermal_printer_test.dart: EscPosBuilder ESC/POS commands init returns ESC @ sequence followed by UTF-8 codepage select                                  
01:12 +1621 -5: D:/TulasiHotels/test/services/thermal_printer_test.dart: EscPosBuilder ESC/POS commands init returns ESC @ sequence followed by UTF-8 codepage select                                  
01:12 +1621 -5: D:/TulasiHotels/test/services/thermal_printer_test.dart: EscPosBuilder ESC/POS commands center returns ESC a 1                                                                         
01:12 +1622 -5: D:/TulasiHotels/test/services/thermal_printer_test.dart: EscPosBuilder ESC/POS commands center returns ESC a 1                                                                         
01:12 +1622 -5: D:/TulasiHotels/test/services/thermal_printer_test.dart: EscPosBuilder ESC/POS commands left returns ESC a 0                                                                           
01:12 +1623 -5: D:/TulasiHotels/test/services/thermal_printer_test.dart: EscPosBuilder ESC/POS commands left returns ESC a 0                                                                           
01:12 +1623 -5: D:/TulasiHotels/test/services/thermal_printer_test.dart: EscPosBuilder ESC/POS commands bold on returns ESC E 1                                                                        
01:12 +1624 -5: D:/TulasiHotels/test/services/thermal_printer_test.dart: EscPosBuilder ESC/POS commands bold on returns ESC E 1                                                                        
01:12 +1624 -5: D:/TulasiHotels/test/services/thermal_printer_test.dart: EscPosBuilder ESC/POS commands bold off returns ESC E 0                                                                       
01:12 +1625 -5: D:/TulasiHotels/test/services/thermal_printer_test.dart: EscPosBuilder ESC/POS commands bold off returns ESC E 0                                                                       
01:12 +1625 -5: D:/TulasiHotels/test/services/thermal_printer_test.dart: EscPosBuilder ESC/POS commands doubleHeight on returns ESC ! 0x10                                                             
01:12 +1626 -5: D:/TulasiHotels/test/services/thermal_printer_test.dart: EscPosBuilder ESC/POS commands doubleHeight on returns ESC ! 0x10                                                             
01:12 +1626 -5: D:/TulasiHotels/test/services/thermal_printer_test.dart: EscPosBuilder ESC/POS commands doubleHeight off returns ESC ! 0x00                                                            
01:12 +1627 -5: D:/TulasiHotels/test/services/thermal_printer_test.dart: EscPosBuilder ESC/POS commands doubleHeight off returns ESC ! 0x00                                                            
01:12 +1627 -5: D:/TulasiHotels/test/services/thermal_printer_test.dart: EscPosBuilder ESC/POS commands feed returns ESC d n                                                                           
01:12 +1628 -5: D:/TulasiHotels/test/services/thermal_printer_test.dart: EscPosBuilder ESC/POS commands feed returns ESC d n                                                                           
01:12 +1628 -5: D:/TulasiHotels/test/services/thermal_printer_test.dart: EscPosBuilder ESC/POS commands cut returns GS V 0                                                                             
01:12 +1629 -5: D:/TulasiHotels/test/services/thermal_printer_test.dart: EscPosBuilder ESC/POS commands cut returns GS V 0                                                                             
01:12 +1629 -5: D:/TulasiHotels/test/services/thermal_printer_test.dart: EscPosBuilder ESC/POS commands text returns code units                                                                        
01:12 +1630 -5: D:/TulasiHotels/test/services/thermal_printer_test.dart: EscPosBuilder ESC/POS commands text returns code units                                                                        
01:12 +1630 -5: D:/TulasiHotels/test/services/thermal_printer_test.dart: EscPosBuilder fontSize small font returns ESC ! 0x01                                                                          
01:12 +1631 -5: D:/TulasiHotels/test/services/thermal_printer_test.dart: EscPosBuilder fontSize small font returns ESC ! 0x01                                                                          
01:12 +1631 -5: D:/TulasiHotels/test/services/thermal_printer_test.dart: EscPosBuilder fontSize normal font returns ESC ! 0x00                                                                         
01:12 +1632 -5: D:/TulasiHotels/test/services/thermal_printer_test.dart: EscPosBuilder fontSize normal font returns ESC ! 0x00                                                                         
01:12 +1632 -5: D:/TulasiHotels/test/services/thermal_printer_test.dart: EscPosBuilder fontSize large font returns ESC ! 0x10                                                                          
01:12 +1633 -5: D:/TulasiHotels/test/services/thermal_printer_test.dart: EscPosBuilder fontSize large font returns ESC ! 0x10                                                                          
01:12 +1633 -5: D:/TulasiHotels/test/services/thermal_printer_test.dart: EscPosBuilder.formatLine pads 3-column line to specified width                                                                
01:12 +1634 -5: D:/TulasiHotels/test/services/thermal_printer_test.dart: EscPosBuilder.formatLine pads 3-column line to specified width                                                                
01:12 +1634 -5: D:/TulasiHotels/test/services/thermal_printer_test.dart: EscPosBuilder.formatLine handles overflow gracefully                                                                          
01:12 +1635 -5: D:/TulasiHotels/test/services/thermal_printer_test.dart: EscPosBuilder.formatLine handles overflow gracefully                                                                          
01:12 +1635 -5: D:/TulasiHotels/test/services/thermal_printer_test.dart: EscPosBuilder.formatLine handles empty columns                                                                                
01:12 +1636 -5: D:/TulasiHotels/test/services/thermal_printer_test.dart: EscPosBuilder.formatLine handles empty columns                                                                                
01:12 +1636 -5: D:/TulasiHotels/test/services/thermal_printer_test.dart: EscPosBuilder.formatLine handles exact width content                                                                          
01:12 +1637 -5: D:/TulasiHotels/test/services/thermal_printer_test.dart: EscPosBuilder.formatLine handles exact width content                                                                          
01:12 +1637 -5: D:/TulasiHotels/test/services/thermal_printer_test.dart: PrinterFontSizeMode fromValue returns correct modes                                                                           
01:12 +1638 -5: D:/TulasiHotels/test/services/thermal_printer_test.dart: PrinterFontSizeMode fromValue returns correct modes                                                                           
01:12 +1638 -5: D:/TulasiHotels/test/services/thermal_printer_test.dart: PrinterFontSizeMode fromValue defaults to normal for unknown values                                                           
01:12 +1639 -5: D:/TulasiHotels/test/services/thermal_printer_test.dart: PrinterFontSizeMode fromValue defaults to normal for unknown values                                                           
01:12 +1639 -5: D:/TulasiHotels/test/services/thermal_printer_test.dart: PrinterPaperSize 58mm has 32 charsPerLine                                                                                     
01:12 +1640 -5: D:/TulasiHotels/test/services/thermal_printer_test.dart: PrinterPaperSize 58mm has 32 charsPerLine                                                                                     
01:12 +1640 -5: D:/TulasiHotels/test/services/thermal_printer_test.dart: PrinterPaperSize 80mm has 48 charsPerLine                                                                                     
01:12 +1641 -5: D:/TulasiHotels/test/services/thermal_printer_test.dart: PrinterPaperSize 80mm has 48 charsPerLine                                                                                     
01:12 +1641 -5: D:/TulasiHotels/test/services/thermal_printer_test.dart: PrinterPaperSize fromIndex returns correct paper size                                                                         
01:12 +1642 -5: D:/TulasiHotels/test/services/thermal_printer_test.dart: PrinterPaperSize fromIndex returns correct paper size                                                                         
01:12 +1642 -5: D:/TulasiHotels/test/services/thermal_printer_test.dart: PrinterPaperSize fromIndex defaults to valid size for invalid index                                                           
01:12 +1643 -5: D:/TulasiHotels/test/services/thermal_printer_test.dart: PrinterPaperSize fromIndex defaults to valid size for invalid index                                                           
01:12 +1643 -5: D:/TulasiHotels/test/services/thermal_printer_test.dart: PrinterPaperSize displayName returns readable name                                                                            
01:12 +1644 -5: D:/TulasiHotels/test/services/thermal_printer_test.dart: PrinterPaperSize displayName returns readable name                                                                            
01:13 +1644 -5: D:/TulasiHotels/test/services/thermal_printer_test.dart: PrinterPaperSize displayName returns readable name                                                                            
01:13 +1644 -5: loading D:/TulasiHotels/test/services/throttle_test.dart                                                                                                                               
01:13 +1644 -5: D:/TulasiHotels/test/services/throttle_test.dart: canWrite first call is always allowed                                                                                                
01:13 +1645 -5: D:/TulasiHotels/test/services/throttle_test.dart: canWrite first call is always allowed                                                                                                
01:13 +1645 -5: D:/TulasiHotels/test/services/throttle_test.dart: canWrite second call within cooldown is blocked                                                                                      
01:13 +1645 -5: D:/TulasiHotels/test/services/throttle_test.dart: canWrite second call within cooldown is blocked                                                                                      
? Throttled: test_op (cooldown 2000ms)

01:13 +1646 -5: D:/TulasiHotels/test/services/throttle_test.dart: canWrite second call within cooldown is blocked                                                                                      
01:13 +1646 -5: D:/TulasiHotels/test/services/throttle_test.dart: canWrite call after cooldown is allowed                                                                                              
01:13 +1647 -5: D:/TulasiHotels/test/services/throttle_test.dart: canWrite call after cooldown is allowed                                                                                              
01:13 +1648 -5: D:/TulasiHotels/test/services/throttle_test.dart: canWrite call after cooldown is allowed                                                                                              
01:13 +1649 -5: D:/TulasiHotels/test/services/throttle_test.dart: canWrite call after cooldown is allowed                                                                                              
01:13 +1650 -5: D:/TulasiHotels/test/services/throttle_test.dart: canWrite call after cooldown is allowed                                                                                              
01:13 +1651 -5: D:/TulasiHotels/test/services/throttle_test.dart: canWrite call after cooldown is allowed                                                                                              
01:13 +1652 -5: D:/TulasiHotels/test/services/throttle_test.dart: canWrite call after cooldown is allowed                                                                                              
01:13 +1653 -5: D:/TulasiHotels/test/services/throttle_test.dart: canWrite call after cooldown is allowed                                                                                              
01:13 +1654 -5: D:/TulasiHotels/test/services/throttle_test.dart: canWrite call after cooldown is allowed                                                                                              
01:14 +1654 -5: D:/TulasiHotels/test/services/throttle_test.dart: canWrite call after cooldown is allowed                                                                                              
01:14 +1654 -6: D:/TulasiHotels/test/services/upi_payment_test.dart: PaymentLinkService.generateUpiDeepLink should include payee name when provided [E]                                                
  Expected: contains 'pn=Tulasi%20Stores'
    Actual: 'upi://pay?pa=shop%40ybl&cu=INR&am=100.00&pn=Tulasi%20Hotels'
     Which: does not contain 'pn=Tulasi%20Stores'
  
  package:matcher                                     expect
  package:flutter_test/src/widget_tester.dart 473:18  expect
  test\services\upi_payment_test.dart 68:7            main.<fn>.<fn>
  

To run this test again: C:\Tools\flutter\bin\cache\dart-sdk\bin\dart.exe test D:/TulasiHotels/test/services/upi_payment_test.dart -p vm --plain-name "PaymentLinkService.generateUpiDeepLink should include payee name when provided"

01:14 +1655 -6: D:/TulasiHotels/test/services/throttle_test.dart: canWrite call after cooldown is allowed                                                                                              
01:14 +1656 -6: D:/TulasiHotels/test/services/throttle_test.dart: canWrite call after cooldown is allowed                                                                                              
01:14 +1657 -6: D:/TulasiHotels/test/services/throttle_test.dart: canWrite call after cooldown is allowed                                                                                              
01:14 +1658 -6: D:/TulasiHotels/test/services/throttle_test.dart: canWrite call after cooldown is allowed                                                                                              
01:14 +1659 -6: D:/TulasiHotels/test/services/throttle_test.dart: canWrite call after cooldown is allowed                                                                                              
01:14 +1660 -6: D:/TulasiHotels/test/services/throttle_test.dart: canWrite call after cooldown is allowed                                                                                              
01:14 +1661 -6: D:/TulasiHotels/test/services/throttle_test.dart: canWrite call after cooldown is allowed                                                                                              
01:14 +1662 -6: D:/TulasiHotels/test/services/throttle_test.dart: canWrite call after cooldown is allowed                                                                                              
01:15 +1662 -6: D:/TulasiHotels/test/services/throttle_test.dart: canWrite call after cooldown is allowed                                                                                              
01:15 +1663 -6: D:/TulasiHotels/test/services/throttle_test.dart: canWrite call after cooldown is allowed                                                                                              
01:15 +1663 -6: D:/TulasiHotels/test/services/throttle_test.dart: canWrite different operations are independent                                                                                        
01:15 +1664 -6: D:/TulasiHotels/test/services/throttle_test.dart: canWrite different operations are independent                                                                                        
01:15 +1664 -6: D:/TulasiHotels/test/services/throttle_test.dart: canWrite custom cooldown is respected                                                                                                
01:15 +1664 -6: D:/TulasiHotels/test/services/throttle_test.dart: canWrite custom cooldown is respected                                                                                                
? Throttled: test_op (cooldown 50ms)

01:15 +1665 -6: D:/TulasiHotels/test/services/throttle_test.dart: canWrite custom cooldown is respected                                                                                                
01:15 +1665 -6: D:/TulasiHotels/test/services/throttle_test.dart: recordWrite registers a write so canWrite returns false                                                                              
01:15 +1665 -6: D:/TulasiHotels/test/services/throttle_test.dart: recordWrite registers a write so canWrite returns false                                                                              
? Throttled: test_op (cooldown 2000ms)

01:15 +1666 -6: D:/TulasiHotels/test/services/throttle_test.dart: recordWrite registers a write so canWrite returns false                                                                              
01:15 +1666 -6: D:/TulasiHotels/test/services/throttle_test.dart: recordWrite tracks multiple separate operations                                                                                      
01:15 +1666 -6: D:/TulasiHotels/test/services/throttle_test.dart: recordWrite tracks multiple separate operations                                                                                      
? Throttled: op_a (cooldown 2000ms)
? Throttled: op_b (cooldown 2000ms)

01:15 +1667 -6: D:/TulasiHotels/test/services/throttle_test.dart: recordWrite tracks multiple separate operations                                                                                      
01:15 +1667 -6: D:/TulasiHotels/test/services/throttle_test.dart: remainingCooldown returns zero for unknown operation                                                                                 
01:15 +1668 -6: D:/TulasiHotels/test/services/throttle_test.dart: remainingCooldown returns zero for unknown operation                                                                                 
01:15 +1668 -6: D:/TulasiHotels/test/services/throttle_test.dart: remainingCooldown returns positive duration within cooldown                                                                          
01:15 +1669 -6: D:/TulasiHotels/test/services/throttle_test.dart: remainingCooldown returns positive duration within cooldown                                                                          
01:15 +1669 -6: D:/TulasiHotels/test/services/throttle_test.dart: remainingCooldown returns zero after cooldown expires                                                                                
01:16 +1669 -6: D:/TulasiHotels/test/services/throttle_test.dart: remainingCooldown returns zero after cooldown expires                                                                                
01:16 +1670 -6: D:/TulasiHotels/test/services/throttle_test.dart: remainingCooldown returns zero after cooldown expires                                                                                
01:16 +1671 -6: D:/TulasiHotels/test/services/throttle_test.dart: remainingCooldown returns zero after cooldown expires                                                                                
01:16 +1672 -6: D:/TulasiHotels/test/services/throttle_test.dart: remainingCooldown returns zero after cooldown expires                                                                                
01:16 +1673 -6: D:/TulasiHotels/test/services/throttle_test.dart: remainingCooldown returns zero after cooldown expires                                                                                
01:16 +1674 -6: D:/TulasiHotels/test/services/throttle_test.dart: remainingCooldown returns zero after cooldown expires                                                                                
01:16 +1675 -6: D:/TulasiHotels/test/services/throttle_test.dart: remainingCooldown returns zero after cooldown expires                                                                                
01:16 +1676 -6: D:/TulasiHotels/test/services/throttle_test.dart: remainingCooldown returns zero after cooldown expires                                                                                
01:16 +1677 -6: D:/TulasiHotels/test/services/throttle_test.dart: remainingCooldown returns zero after cooldown expires                                                                                
01:17 +1677 -6: D:/TulasiHotels/test/services/throttle_test.dart: remainingCooldown returns zero after cooldown expires                                                                                
01:17 +1678 -6: D:/TulasiHotels/test/services/throttle_test.dart: remainingCooldown returns zero after cooldown expires                                                                                
01:17 +1679 -6: D:/TulasiHotels/test/services/throttle_test.dart: remainingCooldown returns zero after cooldown expires                                                                                
01:17 +1680 -6: D:/TulasiHotels/test/services/throttle_test.dart: remainingCooldown returns zero after cooldown expires                                                                                
01:17 +1681 -6: D:/TulasiHotels/test/services/throttle_test.dart: remainingCooldown returns zero after cooldown expires                                                                                
01:17 +1682 -6: D:/TulasiHotels/test/services/throttle_test.dart: remainingCooldown returns zero after cooldown expires                                                                                
01:17 +1683 -6: D:/TulasiHotels/test/services/throttle_test.dart: remainingCooldown returns zero after cooldown expires                                                                                
01:17 +1684 -6: D:/TulasiHotels/test/services/throttle_test.dart: remainingCooldown returns zero after cooldown expires                                                                                
01:17 +1685 -6: D:/TulasiHotels/test/services/throttle_test.dart: remainingCooldown returns zero after cooldown expires                                                                                
01:17 +1686 -6: D:/TulasiHotels/test/services/throttle_test.dart: remainingCooldown returns zero after cooldown expires                                                                                
01:17 +1687 -6: D:/TulasiHotels/test/services/throttle_test.dart: remainingCooldown returns zero after cooldown expires                                                                                
01:17 +1688 -6: D:/TulasiHotels/test/services/throttle_test.dart: remainingCooldown returns zero after cooldown expires                                                                                
01:17 +1689 -6: D:/TulasiHotels/test/services/throttle_test.dart: remainingCooldown returns zero after cooldown expires                                                                                
01:17 +1690 -6: D:/TulasiHotels/test/services/throttle_test.dart: remainingCooldown returns zero after cooldown expires                                                                                
01:17 +1691 -6: D:/TulasiHotels/test/services/throttle_test.dart: remainingCooldown returns zero after cooldown expires                                                                                
01:17 +1692 -6: D:/TulasiHotels/test/services/throttle_test.dart: remainingCooldown returns zero after cooldown expires                                                                                
01:17 +1693 -6: D:/TulasiHotels/test/services/throttle_test.dart: remainingCooldown returns zero after cooldown expires                                                                                
01:17 +1694 -6: D:/TulasiHotels/test/services/throttle_test.dart: remainingCooldown returns zero after cooldown expires                                                                                
01:17 +1695 -6: D:/TulasiHotels/test/services/throttle_test.dart: remainingCooldown returns zero after cooldown expires                                                                                
01:17 +1696 -6: D:/TulasiHotels/test/services/throttle_test.dart: remainingCooldown returns zero after cooldown expires                                                                                
01:17 +1697 -6: D:/TulasiHotels/test/services/throttle_test.dart: remainingCooldown returns zero after cooldown expires                                                                                
01:17 +1698 -6: D:/TulasiHotels/test/services/throttle_test.dart: remainingCooldown returns zero after cooldown expires                                                                                
01:17 +1699 -6: D:/TulasiHotels/test/services/throttle_test.dart: remainingCooldown returns zero after cooldown expires                                                                                
01:17 +1700 -6: D:/TulasiHotels/test/services/throttle_test.dart: remainingCooldown returns zero after cooldown expires                                                                                
01:17 +1701 -6: D:/TulasiHotels/test/services/throttle_test.dart: remainingCooldown returns zero after cooldown expires                                                                                
01:17 +1702 -6: D:/TulasiHotels/test/services/throttle_test.dart: remainingCooldown returns zero after cooldown expires                                                                                
01:17 +1703 -6: D:/TulasiHotels/test/services/throttle_test.dart: remainingCooldown returns zero after cooldown expires                                                                                
01:17 +1704 -6: D:/TulasiHotels/test/services/throttle_test.dart: remainingCooldown returns zero after cooldown expires                                                                                
01:17 +1704 -6: D:/TulasiHotels/test/services/throttle_test.dart: writesInLastMinute returns 0 for unknown operation                                                                                   
01:17 +1705 -6: D:/TulasiHotels/test/services/throttle_test.dart: writesInLastMinute returns 0 for unknown operation                                                                                   
01:17 +1705 -6: D:/TulasiHotels/test/services/throttle_test.dart: writesInLastMinute counts single write                                                                                               
01:17 +1706 -6: D:/TulasiHotels/test/services/throttle_test.dart: writesInLastMinute counts single write                                                                                               
01:17 +1706 -6: D:/TulasiHotels/test/services/throttle_test.dart: writesInLastMinute counts multiple writes                                                                                            
01:17 +1707 -6: D:/TulasiHotels/test/services/throttle_test.dart: writesInLastMinute counts multiple writes                                                                                            
01:17 +1707 -6: D:/TulasiHotels/test/services/throttle_test.dart: reset clears all tracked operations                                                                                                  
01:17 +1708 -6: D:/TulasiHotels/test/services/throttle_test.dart: reset clears all tracked operations                                                                                                  
01:17 +1708 -6: D:/TulasiHotels/test/services/throttle_test.dart: reset clears write counts                                                                                                            
01:17 +1709 -6: D:/TulasiHotels/test/services/throttle_test.dart: reset clears write counts                                                                                                            
01:17 +1709 -6: D:/TulasiHotels/test/services/throttle_test.dart: burst detection many rapid writes are tracked                                                                                        
01:17 +1710 -6: D:/TulasiHotels/test/services/throttle_test.dart: burst detection many rapid writes are tracked                                                                                        
01:17 +1710 -6: D:/TulasiHotels/test/services/throttle_test.dart: burst detection canWrite returns false during burst                                                                                  
01:17 +1710 -6: D:/TulasiHotels/test/services/throttle_test.dart: burst detection canWrite returns false during burst                                                                                  
? Throttled: flood (cooldown 2000ms)

01:17 +1711 -6: D:/TulasiHotels/test/services/throttle_test.dart: burst detection canWrite returns false during burst                                                                                  
01:18 +1711 -6: D:/TulasiHotels/test/services/throttle_test.dart: burst detection canWrite returns false during burst                                                                                  
01:18 +1711 -6: loading D:/TulasiHotels/test/services/user_usage_test.dart                                                                                                                             
01:18 +1711 -6: D:/TulasiHotels/test/services/user_usage_test.dart: FirebasePricing constants reads pricing is set                                                                                     
01:18 +1712 -6: D:/TulasiHotels/test/services/user_usage_test.dart: FirebasePricing constants reads pricing is set                                                                                     
01:18 +1712 -6: D:/TulasiHotels/test/services/user_usage_test.dart: FirebasePricing constants writes pricing is higher than reads                                                                      
01:18 +1713 -6: D:/TulasiHotels/test/services/user_usage_test.dart: FirebasePricing constants writes pricing is higher than reads                                                                      
01:18 +1713 -6: D:/TulasiHotels/test/services/user_usage_test.dart: FirebasePricing constants all pricing values are positive                                                                          
01:18 +1714 -6: D:/TulasiHotels/test/services/user_usage_test.dart: FirebasePricing constants all pricing values are positive                                                                          
01:18 +1714 -6: D:/TulasiHotels/test/services/user_usage_test.dart: UserUsage estimatedCost calculates correctly                                                                                       
01:18 +1715 -6: D:/TulasiHotels/test/services/user_usage_test.dart: UserUsage estimatedCost calculates correctly                                                                                       
01:18 +1715 -6: D:/TulasiHotels/test/services/user_usage_test.dart: UserUsage estimatedCost is 0 when no usage                                                                                         
01:18 +1716 -6: D:/TulasiHotels/test/services/user_usage_test.dart: UserUsage estimatedCost is 0 when no usage                                                                                         
01:18 +1716 -6: D:/TulasiHotels/test/services/user_usage_test.dart: UserUsage storageMB converts bytes to MB                                                                                           
01:18 +1717 -6: D:/TulasiHotels/test/services/user_usage_test.dart: UserUsage storageMB converts bytes to MB                                                                                           
01:18 +1717 -6: D:/TulasiHotels/test/services/user_usage_test.dart: UserUsage storageMB is 0 for no storage                                                                                            
01:18 +1718 -6: D:/TulasiHotels/test/services/user_usage_test.dart: UserUsage storageMB is 0 for no storage                                                                                            
01:18 +1718 -6: D:/TulasiHotels/test/services/user_usage_test.dart: UserUsage copyWith updates specified fields                                                                                        
01:18 +1719 -6: D:/TulasiHotels/test/services/user_usage_test.dart: UserUsage copyWith updates specified fields                                                                                        
01:18 +1719 -6: D:/TulasiHotels/test/services/user_usage_test.dart: UserUsage copyWith preserves unspecified fields                                                                                    
01:18 +1720 -6: D:/TulasiHotels/test/services/user_usage_test.dart: UserUsage copyWith preserves unspecified fields                                                                                    
01:18 +1720 -6: D:/TulasiHotels/test/services/user_usage_test.dart: UserUsage defaults are zero                                                                                                        
01:18 +1721 -6: D:/TulasiHotels/test/services/user_usage_test.dart: UserUsage defaults are zero                                                                                                        
01:18 +1721 -6: D:/TulasiHotels/test/services/user_usage_test.dart: UserUsage isAdmin default is false                                                                                                 
01:18 +1722 -6: D:/TulasiHotels/test/services/user_usage_test.dart: UserUsage isAdmin default is false                                                                                                 
01:18 +1722 -6: loading D:/TulasiHotels/test/services/windows_update_classes_test.dart                                                                                                                 
01:18 +1722 -6: D:/TulasiHotels/test/services/windows_update_classes_test.dart: AppVersionInfo fromJson parses all fields                                                                              
01:18 +1723 -6: D:/TulasiHotels/test/services/windows_update_classes_test.dart: AppVersionInfo fromJson parses all fields                                                                              
01:18 +1723 -6: D:/TulasiHotels/test/services/windows_update_classes_test.dart: AppVersionInfo fromJson prefers exeDownloadUrl over downloadUrl                                                        
01:18 +1724 -6: D:/TulasiHotels/test/services/windows_update_classes_test.dart: AppVersionInfo fromJson prefers exeDownloadUrl over downloadUrl                                                        
01:18 +1724 -6: D:/TulasiHotels/test/services/windows_update_classes_test.dart: AppVersionInfo fromJson falls back to downloadUrl when exeDownloadUrl absent                                           
01:18 +1725 -6: D:/TulasiHotels/test/services/windows_update_classes_test.dart: AppVersionInfo fromJson falls back to downloadUrl when exeDownloadUrl absent                                           
01:18 +1725 -6: D:/TulasiHotels/test/services/windows_update_classes_test.dart: AppVersionInfo fromJson defaults changelog to empty string                                                             
01:18 +1726 -6: D:/TulasiHotels/test/services/windows_update_classes_test.dart: AppVersionInfo fromJson defaults changelog to empty string                                                             
01:18 +1726 -6: D:/TulasiHotels/test/services/windows_update_classes_test.dart: AppVersionInfo fromJson defaults forceUpdate to false                                                                  
01:18 +1727 -6: D:/TulasiHotels/test/services/windows_update_classes_test.dart: AppVersionInfo fromJson defaults forceUpdate to false                                                                  
01:18 +1727 -6: D:/TulasiHotels/test/services/windows_update_classes_test.dart: AppVersionInfo const constructor works                                                                                 
01:18 +1728 -6: D:/TulasiHotels/test/services/windows_update_classes_test.dart: AppVersionInfo const constructor works                                                                                 
01:18 +1728 -6: D:/TulasiHotels/test/services/windows_update_classes_test.dart: UpdateStatus has 3 values                                                                                              
01:18 +1729 -6: D:/TulasiHotels/test/services/windows_update_classes_test.dart: UpdateStatus has 3 values                                                                                              
01:18 +1729 -6: D:/TulasiHotels/test/services/windows_update_classes_test.dart: UpdateStatus values are accessible by name                                                                             
01:18 +1730 -6: D:/TulasiHotels/test/services/windows_update_classes_test.dart: UpdateStatus values are accessible by name                                                                             
01:18 +1730 -6: D:/TulasiHotels/test/services/windows_update_classes_test.dart: UpdateCheckResult up-to-date result                                                                                    
01:18 +1731 -6: D:/TulasiHotels/test/services/windows_update_classes_test.dart: UpdateCheckResult up-to-date result                                                                                    
01:18 +1731 -6: D:/TulasiHotels/test/services/windows_update_classes_test.dart: UpdateCheckResult update available with version info                                                                   
01:18 +1732 -6: D:/TulasiHotels/test/services/windows_update_classes_test.dart: UpdateCheckResult update available with version info                                                                   
01:18 +1732 -6: D:/TulasiHotels/test/services/windows_update_classes_test.dart: UpdateCheckResult error result with message                                                                            
01:18 +1733 -6: D:/TulasiHotels/test/services/windows_update_classes_test.dart: UpdateCheckResult error result with message                                                                            
01:18 +1733 -6: D:/TulasiHotels/test/services/windows_update_classes_test.dart: UpdateLayer has 4 layers                                                                                               
01:18 +1734 -6: D:/TulasiHotels/test/services/windows_update_classes_test.dart: UpdateLayer has 4 layers                                                                                               
01:18 +1734 -6: D:/TulasiHotels/test/services/windows_update_classes_test.dart: UpdateLayer layers are ordered by escalation                                                                           
01:18 +1735 -6: D:/TulasiHotels/test/services/windows_update_classes_test.dart: UpdateLayer layers are ordered by escalation                                                                           
01:18 +1735 -6: D:/TulasiHotels/test/services/windows_update_classes_test.dart: UpdateLayer progression from silent to force                                                                           
01:18 +1736 -6: D:/TulasiHotels/test/services/windows_update_classes_test.dart: UpdateLayer progression from silent to force                                                                           
01:19 +1736 -6: D:/TulasiHotels/test/services/windows_update_classes_test.dart: UpdateLayer progression from silent to force                                                                           
01:19 +1736 -6: loading D:/TulasiHotels/test/services/windows_update_test.dart                                                                                                                         
01:19 +1736 -6: D:/TulasiHotels/test/services/windows_update_test.dart: AppVersionInfo should parse from JSON correctly                                                                                
01:19 +1737 -6: D:/TulasiHotels/test/services/windows_update_test.dart: AppVersionInfo should parse from JSON correctly                                                                                
01:19 +1737 -6: D:/TulasiHotels/test/services/windows_update_test.dart: AppVersionInfo should handle missing optional fields                                                                           
01:19 +1738 -6: D:/TulasiHotels/test/services/windows_update_test.dart: AppVersionInfo should handle missing optional fields                                                                           
01:19 +1738 -6: D:/TulasiHotels/test/services/windows_update_test.dart: AppVersionInfo should parse forceUpdate flag                                                                                   
01:19 +1739 -6: D:/TulasiHotels/test/services/windows_update_test.dart: AppVersionInfo should parse forceUpdate flag                                                                                   
01:19 +1739 -6: D:/TulasiHotels/test/services/windows_update_test.dart: UpdateCheckResult upToDate result                                                                                              
01:19 +1740 -6: D:/TulasiHotels/test/services/windows_update_test.dart: UpdateCheckResult upToDate result                                                                                              
01:19 +1740 -6: D:/TulasiHotels/test/services/windows_update_test.dart: UpdateCheckResult updateAvailable result with version info                                                                     
01:19 +1741 -6: D:/TulasiHotels/test/services/windows_update_test.dart: UpdateCheckResult updateAvailable result with version info                                                                     
01:19 +1741 -6: D:/TulasiHotels/test/services/windows_update_test.dart: UpdateCheckResult error result                                                                                                 
01:19 +1742 -6: D:/TulasiHotels/test/services/windows_update_test.dart: UpdateCheckResult error result                                                                                                 
01:19 +1742 -6: D:/TulasiHotels/test/services/windows_update_test.dart: UpdateStatus should have all expected values                                                                                   
01:19 +1743 -6: D:/TulasiHotels/test/services/windows_update_test.dart: UpdateStatus should have all expected values                                                                                   
01:19 +1743 -6: D:/TulasiHotels/test/services/windows_update_test.dart: UpdateLayer should have all expected values                                                                                    
01:19 +1744 -6: D:/TulasiHotels/test/services/windows_update_test.dart: UpdateLayer should have all expected values                                                                                    
01:19 +1744 -6: D:/TulasiHotels/test/services/windows_update_test.dart: Version comparison logic higher build number means update available                                                            
01:19 +1745 -6: D:/TulasiHotels/test/services/windows_update_test.dart: Version comparison logic higher build number means update available                                                            
01:19 +1745 -6: D:/TulasiHotels/test/services/windows_update_test.dart: Version comparison logic equal build number means up to date                                                                   
01:19 +1746 -6: D:/TulasiHotels/test/services/windows_update_test.dart: Version comparison logic equal build number means up to date                                                                   
01:19 +1746 -6: D:/TulasiHotels/test/services/windows_update_test.dart: Version comparison logic lower build number means up to date                                                                   
01:19 +1747 -6: D:/TulasiHotels/test/services/windows_update_test.dart: Version comparison logic lower build number means up to date                                                                   
01:19 +1747 -6: D:/TulasiHotels/test/services/windows_update_test.dart: Version comparison logic build 0 (parse failure) should not crash                                                              
01:19 +1748 -6: D:/TulasiHotels/test/services/windows_update_test.dart: Version comparison logic build 0 (parse failure) should not crash                                                              
01:19 +1748 -6: D:/TulasiHotels/test/services/windows_update_test.dart: Silent attempt escalation logic 0 attempts ├óΓé¼ΓÇ¥ still in silent mode                                                            
01:19 +1749 -6: D:/TulasiHotels/test/services/windows_update_test.dart: Silent attempt escalation logic 0 attempts ├óΓé¼ΓÇ¥ still in silent mode                                                            
01:19 +1749 -6: D:/TulasiHotels/test/services/windows_update_test.dart: Silent attempt escalation logic 1 attempt ├óΓé¼ΓÇ¥ still in silent mode                                                             
01:19 +1750 -6: D:/TulasiHotels/test/services/windows_update_test.dart: Silent attempt escalation logic 1 attempt ├óΓé¼ΓÇ¥ still in silent mode                                                             
01:19 +1750 -6: D:/TulasiHotels/test/services/windows_update_test.dart: Silent attempt escalation logic 2 attempts ├óΓé¼ΓÇ¥ still in silent mode                                                            
01:19 +1751 -6: D:/TulasiHotels/test/services/windows_update_test.dart: Silent attempt escalation logic 2 attempts ├óΓé¼ΓÇ¥ still in silent mode                                                            
01:19 +1751 -6: D:/TulasiHotels/test/services/windows_update_test.dart: Silent attempt escalation logic 3 attempts ├óΓé¼ΓÇ¥ escalate to dialog                                                              
01:19 +1752 -6: D:/TulasiHotels/test/services/windows_update_test.dart: Silent attempt escalation logic 3 attempts ├óΓé¼ΓÇ¥ escalate to dialog                                                              
01:19 +1752 -6: D:/TulasiHotels/test/services/windows_update_test.dart: Silent attempt escalation logic 5 attempts ├óΓé¼ΓÇ¥ stays at dialog                                                                 
01:19 +1753 -6: D:/TulasiHotels/test/services/windows_update_test.dart: Silent attempt escalation logic 5 attempts ├óΓé¼ΓÇ¥ stays at dialog                                                                 
01:19 +1753 -6: D:/TulasiHotels/test/services/windows_update_test.dart: Marker data structure marker should contain all required fields                                                                
01:19 +1754 -6: D:/TulasiHotels/test/services/windows_update_test.dart: Marker data structure marker should contain all required fields                                                                
01:19 +1754 -6: D:/TulasiHotels/test/services/windows_update_test.dart: Marker data structure should detect completed update via build comparison                                                      
01:19 +1755 -6: D:/TulasiHotels/test/services/windows_update_test.dart: Marker data structure should detect completed update via build comparison                                                      
01:19 +1755 -6: D:/TulasiHotels/test/services/windows_update_test.dart: Marker data structure should detect pending update via build comparison                                                        
01:19 +1756 -6: D:/TulasiHotels/test/services/windows_update_test.dart: Marker data structure should detect pending update via build comparison                                                        
01:19 +1756 -6: D:/TulasiHotels/test/services/windows_update_test.dart: MSIX detection logic WindowsApps path should be detected as MSIX                                                               
01:19 +1757 -6: D:/TulasiHotels/test/services/windows_update_test.dart: MSIX detection logic WindowsApps path should be detected as MSIX                                                               
01:19 +1757 -6: D:/TulasiHotels/test/services/windows_update_test.dart: MSIX detection logic Program Files path should NOT be detected as MSIX                                                         
01:19 +1758 -6: D:/TulasiHotels/test/services/windows_update_test.dart: MSIX detection logic Program Files path should NOT be detected as MSIX                                                         
01:19 +1758 -6: D:/TulasiHotels/test/services/windows_update_test.dart: MSIX detection logic AppData install path should NOT be detected as MSIX                                                       
01:19 +1759 -6: D:/TulasiHotels/test/services/windows_update_test.dart: MSIX detection logic AppData install path should NOT be detected as MSIX                                                       
01:19 +1759 -6: D:/TulasiHotels/test/services/windows_update_test.dart: MSIX detection logic case sensitivity ├óΓé¼ΓÇ¥ WindowsApps is exact match                                                           
01:19 +1760 -6: D:/TulasiHotels/test/services/windows_update_test.dart: MSIX detection logic case sensitivity ├óΓé¼ΓÇ¥ WindowsApps is exact match                                                           
01:19 +1760 -6: D:/TulasiHotels/test/services/windows_update_test.dart: Dual-distribution behavior MSIX install should skip custom update check                                                        
01:19 +1761 -6: D:/TulasiHotels/test/services/windows_update_test.dart: Dual-distribution behavior MSIX install should skip custom update check                                                        
01:19 +1761 -6: D:/TulasiHotels/test/services/windows_update_test.dart: Dual-distribution behavior Inno exe install should run custom update check                                                     
01:19 +1762 -6: D:/TulasiHotels/test/services/windows_update_test.dart: Dual-distribution behavior Inno exe install should run custom update check                                                     
01:19 +1762 -6: D:/TulasiHotels/test/services/windows_update_test.dart: Dual-distribution behavior update layer should be upToDate for MSIX                                                            
01:19 +1763 -6: D:/TulasiHotels/test/services/windows_update_test.dart: Dual-distribution behavior update layer should be upToDate for MSIX                                                            
01:19 +1763 -6: D:/TulasiHotels/test/services/windows_update_test.dart: Dual-distribution behavior force update via Remote Config works for both channels                                              
01:19 +1764 -6: D:/TulasiHotels/test/services/windows_update_test.dart: Dual-distribution behavior force update via Remote Config works for both channels                                              
01:20 +1764 -6: D:/TulasiHotels/test/services/windows_update_test.dart: Dual-distribution behavior force update via Remote Config works for both channels                                              
01:20 +1764 -6: loading D:/TulasiHotels/test/services/write_retry_queue_test.dart                                                                                                                      
01:20 +1764 -6: D:/TulasiHotels/test/services/write_retry_queue_test.dart: WriteOperation has 3 values                                                                                                 
01:20 +1765 -6: D:/TulasiHotels/test/services/write_retry_queue_test.dart: WriteOperation has 3 values                                                                                                 
01:20 +1765 -6: D:/TulasiHotels/test/services/write_retry_queue_test.dart: WriteOperation set is available                                                                                             
01:20 +1766 -6: D:/TulasiHotels/test/services/write_retry_queue_test.dart: WriteOperation set is available                                                                                             
01:20 +1766 -6: D:/TulasiHotels/test/services/write_retry_queue_test.dart: WriteOperation update is available                                                                                          
01:20 +1767 -6: D:/TulasiHotels/test/services/write_retry_queue_test.dart: WriteOperation update is available                                                                                          
01:20 +1767 -6: D:/TulasiHotels/test/services/write_retry_queue_test.dart: WriteOperation delete is available                                                                                          
01:20 +1768 -6: D:/TulasiHotels/test/services/write_retry_queue_test.dart: WriteOperation delete is available                                                                                          
01:20 +1768 -6: D:/TulasiHotels/test/services/write_retry_queue_test.dart: QueuedWrite creates with required fields                                                                                    
01:20 +1769 -6: D:/TulasiHotels/test/services/write_retry_queue_test.dart: QueuedWrite creates with required fields                                                                                    
01:20 +1769 -6: D:/TulasiHotels/test/services/write_retry_queue_test.dart: QueuedWrite creates with data and attempts                                                                                  
01:20 +1770 -6: D:/TulasiHotels/test/services/write_retry_queue_test.dart: QueuedWrite creates with data and attempts                                                                                  
01:20 +1770 -6: D:/TulasiHotels/test/services/write_retry_queue_test.dart: QueuedWrite toJson serializes correctly                                                                                     
01:20 +1771 -6: D:/TulasiHotels/test/services/write_retry_queue_test.dart: QueuedWrite toJson serializes correctly                                                                                     
01:20 +1771 -6: D:/TulasiHotels/test/services/write_retry_queue_test.dart: QueuedWrite toJson handles null data                                                                                        
01:20 +1772 -6: D:/TulasiHotels/test/services/write_retry_queue_test.dart: QueuedWrite toJson handles null data                                                                                        
01:20 +1772 -6: D:/TulasiHotels/test/services/write_retry_queue_test.dart: QueuedWrite fromJson deserializes correctly                                                                                 
01:20 +1773 -6: D:/TulasiHotels/test/services/write_retry_queue_test.dart: QueuedWrite fromJson deserializes correctly                                                                                 
01:20 +1773 -6: D:/TulasiHotels/test/services/write_retry_queue_test.dart: QueuedWrite fromJson handles delete operation                                                                               
01:20 +1774 -6: D:/TulasiHotels/test/services/write_retry_queue_test.dart: QueuedWrite fromJson handles delete operation                                                                               
01:20 +1774 -6: D:/TulasiHotels/test/services/write_retry_queue_test.dart: QueuedWrite toJsonΓåÆfromJson roundtrip preserves data                                                                        
01:20 +1775 -6: D:/TulasiHotels/test/services/write_retry_queue_test.dart: QueuedWrite toJsonΓåÆfromJson roundtrip preserves data                                                                        
01:20 +1775 -6: D:/TulasiHotels/test/services/write_retry_queue_test.dart: QueuedWrite fromJson throws on unknown operation                                                                            
01:20 +1776 -6: D:/TulasiHotels/test/services/write_retry_queue_test.dart: QueuedWrite fromJson throws on unknown operation                                                                            
01:21 +1776 -6: D:/TulasiHotels/test/services/write_retry_queue_test.dart: QueuedWrite fromJson throws on unknown operation                                                                            
01:21 +1776 -6: loading D:/TulasiHotels/test/unit/auth_state_test.dart                                                                                                                                 
01:21 +1776 -6: D:/TulasiHotels/test/unit/auth_state_test.dart: AuthState should have unauthenticated defaults                                                                                         
01:21 +1777 -6: D:/TulasiHotels/test/unit/auth_state_test.dart: AuthState should have unauthenticated defaults                                                                                         
01:21 +1777 -6: D:/TulasiHotels/test/unit/auth_state_test.dart: AuthState should create authenticated state                                                                                            
01:21 +1778 -6: D:/TulasiHotels/test/unit/auth_state_test.dart: AuthState should create authenticated state                                                                                            
01:21 +1778 -6: D:/TulasiHotels/test/unit/auth_state_test.dart: AuthState should copyWith preserve unchanged fields                                                                                    
01:21 +1779 -6: D:/TulasiHotels/test/unit/auth_state_test.dart: AuthState should copyWith preserve unchanged fields                                                                                    
01:21 +1779 -6: D:/TulasiHotels/test/unit/auth_state_test.dart: AuthState should copyWith set error                                                                                                    
01:21 +1780 -6: D:/TulasiHotels/test/unit/auth_state_test.dart: AuthState should copyWith set error                                                                                                    
01:21 +1780 -6: D:/TulasiHotels/test/unit/auth_state_test.dart: AuthState should copyWith clear error when null not passed                                                                             
01:21 +1781 -6: D:/TulasiHotels/test/unit/auth_state_test.dart: AuthState should copyWith clear error when null not passed                                                                             
01:21 +1781 -6: D:/TulasiHotels/test/unit/auth_state_test.dart: AuthState should represent demo mode                                                                                                   
01:21 +1782 -6: D:/TulasiHotels/test/unit/auth_state_test.dart: AuthState should represent demo mode                                                                                                   
01:21 +1782 -6: D:/TulasiHotels/test/unit/auth_state_test.dart: AuthStatus should have correct enum values                                                                                             
01:21 +1783 -6: D:/TulasiHotels/test/unit/auth_state_test.dart: AuthStatus should have correct enum values                                                                                             
01:21 +1783 -6: loading D:/TulasiHotels/test/unit/cart_provider_test.dart                                                                                                                              
01:21 +1783 -6: D:/TulasiHotels/test/unit/cart_provider_test.dart: CartState should start empty                                                                                                        
01:21 +1784 -6: D:/TulasiHotels/test/unit/cart_provider_test.dart: CartState should start empty                                                                                                        
01:21 +1784 -6: D:/TulasiHotels/test/unit/cart_provider_test.dart: addProduct should add a new product                                                                                                 
01:21 +1785 -6: D:/TulasiHotels/test/unit/cart_provider_test.dart: addProduct should add a new product                                                                                                 
01:21 +1785 -6: D:/TulasiHotels/test/unit/cart_provider_test.dart: addProduct should add multiple different products                                                                                   
01:21 +1786 -6: D:/TulasiHotels/test/unit/cart_provider_test.dart: addProduct should add multiple different products                                                                                   
01:21 +1786 -6: D:/TulasiHotels/test/unit/cart_provider_test.dart: addProduct should increment quantity for existing product                                                                           
01:21 +1787 -6: D:/TulasiHotels/test/unit/cart_provider_test.dart: addProduct should increment quantity for existing product                                                                           
01:21 +1787 -6: D:/TulasiHotels/test/unit/cart_provider_test.dart: addProduct should add with custom quantity                                                                                          
01:21 +1788 -6: D:/TulasiHotels/test/unit/cart_provider_test.dart: addProduct should add with custom quantity                                                                                          
01:21 +1788 -6: D:/TulasiHotels/test/unit/cart_provider_test.dart: addProduct should accumulate quantity on repeated adds                                                                              
01:21 +1789 -6: D:/TulasiHotels/test/unit/cart_provider_test.dart: addProduct should accumulate quantity on repeated adds                                                                              
01:21 +1789 -6: D:/TulasiHotels/test/unit/cart_provider_test.dart: updateQuantity should update item quantity                                                                                          
01:21 +1790 -6: D:/TulasiHotels/test/unit/cart_provider_test.dart: updateQuantity should update item quantity                                                                                          
01:21 +1790 -6: D:/TulasiHotels/test/unit/cart_provider_test.dart: updateQuantity should remove item when quantity set to 0                                                                            
01:21 +1791 -6: D:/TulasiHotels/test/unit/cart_provider_test.dart: updateQuantity should remove item when quantity set to 0                                                                            
01:21 +1791 -6: D:/TulasiHotels/test/unit/cart_provider_test.dart: updateQuantity should remove item when quantity set to negative                                                                     
01:21 +1792 -6: D:/TulasiHotels/test/unit/cart_provider_test.dart: updateQuantity should remove item when quantity set to negative                                                                     
01:21 +1792 -6: D:/TulasiHotels/test/unit/cart_provider_test.dart: incrementQuantity / decrementQuantity should increment by 1                                                                         
01:21 +1793 -6: D:/TulasiHotels/test/unit/cart_provider_test.dart: incrementQuantity / decrementQuantity should increment by 1                                                                         
01:21 +1793 -6: D:/TulasiHotels/test/unit/cart_provider_test.dart: incrementQuantity / decrementQuantity should decrement by 1                                                                         
01:21 +1794 -6: D:/TulasiHotels/test/unit/cart_provider_test.dart: incrementQuantity / decrementQuantity should decrement by 1                                                                         
01:21 +1794 -6: D:/TulasiHotels/test/unit/cart_provider_test.dart: incrementQuantity / decrementQuantity should remove item when decremented to 0                                                      
01:21 +1795 -6: D:/TulasiHotels/test/unit/cart_provider_test.dart: incrementQuantity / decrementQuantity should remove item when decremented to 0                                                      
01:21 +1795 -6: D:/TulasiHotels/test/unit/cart_provider_test.dart: removeItem should remove specific item                                                                                              
01:21 +1796 -6: D:/TulasiHotels/test/unit/cart_provider_test.dart: removeItem should remove specific item                                                                                              
01:21 +1796 -6: D:/TulasiHotels/test/unit/cart_provider_test.dart: removeItem should handle removing non-existent item                                                                                 
01:21 +1797 -6: D:/TulasiHotels/test/unit/cart_provider_test.dart: removeItem should handle removing non-existent item                                                                                 
01:21 +1797 -6: D:/TulasiHotels/test/unit/cart_provider_test.dart: customer management should set customer                                                                                             
01:21 +1798 -6: D:/TulasiHotels/test/unit/cart_provider_test.dart: customer management should set customer                                                                                             
01:21 +1798 -6: D:/TulasiHotels/test/unit/cart_provider_test.dart: customer management should clear customer but keep items                                                                            
01:21 +1799 -6: D:/TulasiHotels/test/unit/cart_provider_test.dart: customer management should clear customer but keep items                                                                            
01:21 +1799 -6: D:/TulasiHotels/test/unit/cart_provider_test.dart: clearCart should clear everything                                                                                                   
01:21 +1800 -6: D:/TulasiHotels/test/unit/cart_provider_test.dart: clearCart should clear everything                                                                                                   
01:21 +1800 -6: D:/TulasiHotels/test/unit/cart_provider_test.dart: total calculations should calculate correct total with mixed items                                                                  
01:21 +1801 -6: D:/TulasiHotels/test/unit/cart_provider_test.dart: total calculations should calculate correct total with mixed items                                                                  
01:21 +1801 -6: D:/TulasiHotels/test/unit/cart_provider_test.dart: total calculations should update total after quantity change                                                                        
01:21 +1802 -6: D:/TulasiHotels/test/unit/cart_provider_test.dart: total calculations should update total after quantity change                                                                        
01:21 +1802 -6: D:/TulasiHotels/test/unit/cart_provider_test.dart: total calculations should update total after item removal                                                                           
01:21 +1803 -6: D:/TulasiHotels/test/unit/cart_provider_test.dart: total calculations should update total after item removal                                                                           
01:22 +1803 -6: D:/TulasiHotels/test/unit/cart_provider_test.dart: total calculations should update total after item removal                                                                           
01:22 +1803 -6: loading D:/TulasiHotels/test/unit/mock_data_test.dart                                                                                                                                  
01:22 +1803 -6: D:/TulasiHotels/test/unit/mock_data_test.dart: MockData.products generates products with valid IDs                                                                                     
01:22 +1804 -6: D:/TulasiHotels/test/unit/mock_data_test.dart: MockData.products generates products with valid IDs                                                                                     
01:22 +1804 -6: D:/TulasiHotels/test/unit/mock_data_test.dart: MockData.products all products have non-empty names                                                                                     
01:22 +1805 -6: D:/TulasiHotels/test/unit/mock_data_test.dart: MockData.products all products have non-empty names                                                                                     
01:22 +1805 -6: D:/TulasiHotels/test/unit/mock_data_test.dart: MockData.products all products have positive prices                                                                                     
01:22 +1806 -6: D:/TulasiHotels/test/unit/mock_data_test.dart: MockData.products all products have positive prices                                                                                     
01:22 +1806 -6: D:/TulasiHotels/test/unit/mock_data_test.dart: MockData.products all products with purchase price have positive value                                                                  
01:22 +1807 -6: D:/TulasiHotels/test/unit/mock_data_test.dart: MockData.products all products with purchase price have positive value                                                                  
01:22 +1807 -6: D:/TulasiHotels/test/unit/mock_data_test.dart: MockData.products profit markup is positive for all priced items                                                                        
01:22 +1808 -6: D:/TulasiHotels/test/unit/mock_data_test.dart: MockData.products profit markup is positive for all priced items                                                                        
01:22 +1808 -6: D:/TulasiHotels/test/unit/mock_data_test.dart: MockData.products stock values are non-negative                                                                                         
01:22 +1809 -6: D:/TulasiHotels/test/unit/mock_data_test.dart: MockData.products stock values are non-negative                                                                                         
01:22 +1809 -6: D:/TulasiHotels/test/unit/mock_data_test.dart: MockData.products most IDs are unique                                                                                                   
01:22 +1810 -6: D:/TulasiHotels/test/unit/mock_data_test.dart: MockData.products most IDs are unique                                                                                                   
01:22 +1810 -6: D:/TulasiHotels/test/unit/mock_data_test.dart: MockData.products generates reasonable number of products                                                                               
01:22 +1811 -6: D:/TulasiHotels/test/unit/mock_data_test.dart: MockData.products generates reasonable number of products                                                                               
01:22 +1811 -6: D:/TulasiHotels/test/unit/mock_data_test.dart: MockData.customers generates customers with valid IDs                                                                                   
01:22 +1812 -6: D:/TulasiHotels/test/unit/mock_data_test.dart: MockData.customers generates customers with valid IDs                                                                                   
01:22 +1812 -6: D:/TulasiHotels/test/unit/mock_data_test.dart: MockData.customers all customers have names                                                                                             
01:22 +1813 -6: D:/TulasiHotels/test/unit/mock_data_test.dart: MockData.customers all customers have names                                                                                             
01:22 +1813 -6: D:/TulasiHotels/test/unit/mock_data_test.dart: MockData.customers all customers have phone numbers                                                                                     
01:22 +1814 -6: D:/TulasiHotels/test/unit/mock_data_test.dart: MockData.customers all customers have phone numbers                                                                                     
01:22 +1814 -6: D:/TulasiHotels/test/unit/mock_data_test.dart: MockData.customers IDs are unique                                                                                                       
01:22 +1815 -6: D:/TulasiHotels/test/unit/mock_data_test.dart: MockData.customers IDs are unique                                                                                                       
01:22 +1815 -6: D:/TulasiHotels/test/unit/mock_data_test.dart: MockData.customers balance field is a number                                                                                            
01:22 +1816 -6: D:/TulasiHotels/test/unit/mock_data_test.dart: MockData.customers balance field is a number                                                                                            
01:22 +1816 -6: D:/TulasiHotels/test/unit/mock_data_test.dart: MockData.bills generates bills with valid IDs                                                                                           
01:22 +1817 -6: D:/TulasiHotels/test/unit/mock_data_test.dart: MockData.bills generates bills with valid IDs                                                                                           
01:22 +1817 -6: D:/TulasiHotels/test/unit/mock_data_test.dart: MockData.bills all bills have positive totals                                                                                           
01:22 +1818 -6: D:/TulasiHotels/test/unit/mock_data_test.dart: MockData.bills all bills have positive totals                                                                                           
01:22 +1818 -6: D:/TulasiHotels/test/unit/mock_data_test.dart: MockData.bills all bills have at least one item                                                                                         
01:22 +1819 -6: D:/TulasiHotels/test/unit/mock_data_test.dart: MockData.bills all bills have at least one item                                                                                         
01:22 +1819 -6: D:/TulasiHotels/test/unit/mock_data_test.dart: MockData.bills bill dates are non-empty                                                                                                 
01:22 +1820 -6: D:/TulasiHotels/test/unit/mock_data_test.dart: MockData.bills bill dates are non-empty                                                                                                 
01:22 +1820 -6: D:/TulasiHotels/test/unit/mock_data_test.dart: MockData.bills IDs are unique                                                                                                           
01:22 +1821 -6: D:/TulasiHotels/test/unit/mock_data_test.dart: MockData.bills IDs are unique                                                                                                           
01:22 +1821 -6: D:/TulasiHotels/test/unit/mock_data_test.dart: MockData.transactions generates transactions with valid IDs                                                                             
01:22 +1822 -6: D:/TulasiHotels/test/unit/mock_data_test.dart: MockData.transactions generates transactions with valid IDs                                                                             
01:22 +1822 -6: D:/TulasiHotels/test/unit/mock_data_test.dart: MockData.transactions all transactions have positive amounts                                                                            
01:22 +1823 -6: D:/TulasiHotels/test/unit/mock_data_test.dart: MockData.transactions all transactions have positive amounts                                                                            
01:22 +1823 -6: D:/TulasiHotels/test/unit/mock_data_test.dart: MockData.transactions all transactions reference a customer                                                                             
01:22 +1824 -6: D:/TulasiHotels/test/unit/mock_data_test.dart: MockData.transactions all transactions reference a customer                                                                             
01:22 +1824 -6: D:/TulasiHotels/test/unit/mock_data_test.dart: MockData.transactions IDs are unique                                                                                                    
01:22 +1825 -6: D:/TulasiHotels/test/unit/mock_data_test.dart: MockData.transactions IDs are unique                                                                                                    
01:22 +1825 -6: loading D:/TulasiHotels/test/unit/validators_test.dart                                                                                                                                 
01:22 +1825 -6: D:/TulasiHotels/test/unit/validators_test.dart: Validators.phone returns error for null input                                                                                          
01:22 +1826 -6: D:/TulasiHotels/test/unit/validators_test.dart: Validators.phone returns error for null input                                                                                          
01:22 +1826 -6: D:/TulasiHotels/test/unit/validators_test.dart: Validators.phone returns error for empty input                                                                                         
01:22 +1827 -6: D:/TulasiHotels/test/unit/validators_test.dart: Validators.phone returns error for empty input                                                                                         
01:22 +1827 -6: D:/TulasiHotels/test/unit/validators_test.dart: Validators.phone accepts valid Indian mobile number                                                                                    
01:22 +1828 -6: D:/TulasiHotels/test/unit/validators_test.dart: Validators.phone accepts valid Indian mobile number                                                                                    
01:22 +1828 -6: D:/TulasiHotels/test/unit/validators_test.dart: Validators.phone rejects numbers not starting with 6-9                                                                                 
01:22 +1829 -6: D:/TulasiHotels/test/unit/validators_test.dart: Validators.phone rejects numbers not starting with 6-9                                                                                 
01:22 +1829 -6: D:/TulasiHotels/test/unit/validators_test.dart: Validators.phone rejects wrong length                                                                                                  
01:22 +1830 -6: D:/TulasiHotels/test/unit/validators_test.dart: Validators.phone rejects wrong length                                                                                                  
01:22 +1830 -6: D:/TulasiHotels/test/unit/validators_test.dart: Validators.phone strips non-digit characters before validating                                                                         
01:22 +1831 -6: D:/TulasiHotels/test/unit/validators_test.dart: Validators.phone strips non-digit characters before validating                                                                         
01:22 +1831 -6: D:/TulasiHotels/test/unit/validators_test.dart: Validators.email returns error for null or empty                                                                                       
01:22 +1832 -6: D:/TulasiHotels/test/unit/validators_test.dart: Validators.email returns error for null or empty                                                                                       
01:22 +1832 -6: D:/TulasiHotels/test/unit/validators_test.dart: Validators.email accepts valid emails                                                                                                  
01:22 +1833 -6: D:/TulasiHotels/test/unit/validators_test.dart: Validators.email accepts valid emails                                                                                                  
01:22 +1833 -6: D:/TulasiHotels/test/unit/validators_test.dart: Validators.email rejects invalid emails                                                                                                
01:22 +1834 -6: D:/TulasiHotels/test/unit/validators_test.dart: Validators.email rejects invalid emails                                                                                                
01:22 +1834 -6: D:/TulasiHotels/test/unit/validators_test.dart: Validators.password returns error for null or empty                                                                                    
01:22 +1835 -6: D:/TulasiHotels/test/unit/validators_test.dart: Validators.password returns error for null or empty                                                                                    
01:22 +1835 -6: D:/TulasiHotels/test/unit/validators_test.dart: Validators.password rejects passwords shorter than 8 characters                                                                        
01:22 +1836 -6: D:/TulasiHotels/test/unit/validators_test.dart: Validators.password rejects passwords shorter than 8 characters                                                                        
01:22 +1836 -6: D:/TulasiHotels/test/unit/validators_test.dart: Validators.password requires at least one letter                                                                                       
01:22 +1837 -6: D:/TulasiHotels/test/unit/validators_test.dart: Validators.password requires at least one letter                                                                                       
01:22 +1837 -6: D:/TulasiHotels/test/unit/validators_test.dart: Validators.password requires at least one number                                                                                       
01:22 +1838 -6: D:/TulasiHotels/test/unit/validators_test.dart: Validators.password requires at least one number                                                                                       
01:22 +1838 -6: D:/TulasiHotels/test/unit/validators_test.dart: Validators.password accepts valid passwords                                                                                            
01:22 +1839 -6: D:/TulasiHotels/test/unit/validators_test.dart: Validators.password accepts valid passwords                                                                                            
01:22 +1839 -6: D:/TulasiHotels/test/unit/validators_test.dart: Validators.required returns error for null or empty                                                                                    
01:22 +1840 -6: D:/TulasiHotels/test/unit/validators_test.dart: Validators.required returns error for null or empty                                                                                    
01:22 +1840 -6: D:/TulasiHotels/test/unit/validators_test.dart: Validators.required accepts non-empty value                                                                                            
01:22 +1841 -6: D:/TulasiHotels/test/unit/validators_test.dart: Validators.required accepts non-empty value                                                                                            
01:22 +1841 -6: D:/TulasiHotels/test/unit/validators_test.dart: Validators.required uses custom field name in error message                                                                            
01:22 +1842 -6: D:/TulasiHotels/test/unit/validators_test.dart: Validators.required uses custom field name in error message                                                                            
01:22 +1842 -6: D:/TulasiHotels/test/unit/validators_test.dart: Validators.name returns error for empty                                                                                                
01:22 +1843 -6: D:/TulasiHotels/test/unit/validators_test.dart: Validators.name returns error for empty                                                                                                
01:22 +1843 -6: D:/TulasiHotels/test/unit/validators_test.dart: Validators.name requires at least 2 characters                                                                                         
01:22 +1844 -6: D:/TulasiHotels/test/unit/validators_test.dart: Validators.name requires at least 2 characters                                                                                         
01:22 +1844 -6: D:/TulasiHotels/test/unit/validators_test.dart: Validators.price returns error for empty                                                                                               
01:22 +1845 -6: D:/TulasiHotels/test/unit/validators_test.dart: Validators.price returns error for empty                                                                                               
01:22 +1845 -6: D:/TulasiHotels/test/unit/validators_test.dart: Validators.price rejects non-numeric                                                                                                   
01:22 +1846 -6: D:/TulasiHotels/test/unit/validators_test.dart: Validators.price rejects non-numeric                                                                                                   
01:22 +1846 -6: D:/TulasiHotels/test/unit/validators_test.dart: Validators.price rejects zero and negative                                                                                             
01:22 +1847 -6: D:/TulasiHotels/test/unit/validators_test.dart: Validators.price rejects zero and negative                                                                                             
01:22 +1847 -6: D:/TulasiHotels/test/unit/validators_test.dart: Validators.price accepts positive numbers                                                                                              
01:22 +1848 -6: D:/TulasiHotels/test/unit/validators_test.dart: Validators.price accepts positive numbers                                                                                              
01:22 +1848 -6: D:/TulasiHotels/test/unit/validators_test.dart: Validators.stock rejects negative values                                                                                               
01:22 +1849 -6: D:/TulasiHotels/test/unit/validators_test.dart: Validators.stock rejects negative values                                                                                               
01:22 +1849 -6: D:/TulasiHotels/test/unit/validators_test.dart: Validators.stock accepts zero and positive                                                                                             
01:22 +1850 -6: D:/TulasiHotels/test/unit/validators_test.dart: Validators.stock accepts zero and positive                                                                                             
01:22 +1850 -6: D:/TulasiHotels/test/unit/validators_test.dart: Validators.stock rejects non-numeric                                                                                                   
01:22 +1851 -6: D:/TulasiHotels/test/unit/validators_test.dart: Validators.stock rejects non-numeric                                                                                                   
01:22 +1851 -6: D:/TulasiHotels/test/unit/validators_test.dart: Validators.gstNumber allows empty (optional field)                                                                                     
01:22 +1852 -6: D:/TulasiHotels/test/unit/validators_test.dart: Validators.gstNumber allows empty (optional field)                                                                                     
01:22 +1852 -6: D:/TulasiHotels/test/unit/validators_test.dart: Validators.gstNumber accepts valid GST format                                                                                          
01:22 +1853 -6: D:/TulasiHotels/test/unit/validators_test.dart: Validators.gstNumber accepts valid GST format                                                                                          
01:22 +1853 -6: D:/TulasiHotels/test/unit/validators_test.dart: Validators.gstNumber rejects invalid GST                                                                                               
01:22 +1854 -6: D:/TulasiHotels/test/unit/validators_test.dart: Validators.gstNumber rejects invalid GST                                                                                               
01:22 +1854 -6: D:/TulasiHotels/test/unit/validators_test.dart: Validators.barcode allows empty (optional field)                                                                                       
01:22 +1855 -6: D:/TulasiHotels/test/unit/validators_test.dart: Validators.barcode allows empty (optional field)                                                                                       
01:22 +1855 -6: D:/TulasiHotels/test/unit/validators_test.dart: Validators.barcode accepts valid barcode lengths (8-14 chars)                                                                          
01:22 +1856 -6: D:/TulasiHotels/test/unit/validators_test.dart: Validators.barcode accepts valid barcode lengths (8-14 chars)                                                                          
01:22 +1856 -6: D:/TulasiHotels/test/unit/validators_test.dart: Validators.barcode rejects too short or too long                                                                                       
01:22 +1857 -6: D:/TulasiHotels/test/unit/validators_test.dart: Validators.barcode rejects too short or too long                                                                                       
01:22 +1857 -6: D:/TulasiHotels/test/unit/validators_test.dart: Validators.amount rejects zero and negative                                                                                            
01:22 +1858 -6: D:/TulasiHotels/test/unit/validators_test.dart: Validators.amount rejects zero and negative                                                                                            
01:22 +1858 -6: D:/TulasiHotels/test/unit/validators_test.dart: Validators.amount respects max cap                                                                                                     
01:22 +1859 -6: D:/TulasiHotels/test/unit/validators_test.dart: Validators.amount respects max cap                                                                                                     
01:22 +1859 -6: D:/TulasiHotels/test/unit/validators_test.dart: Validators.sanitize strips HTML tags                                                                                                   
01:22 +1860 -6: D:/TulasiHotels/test/unit/validators_test.dart: Validators.sanitize strips HTML tags                                                                                                   
01:22 +1860 -6: D:/TulasiHotels/test/unit/validators_test.dart: Validators.sanitize strips script tags                                                                                                 
01:22 +1861 -6: D:/TulasiHotels/test/unit/validators_test.dart: Validators.sanitize strips script tags                                                                                                 
01:22 +1861 -6: D:/TulasiHotels/test/unit/validators_test.dart: Validators.sanitize trims whitespace                                                                                                   
01:22 +1862 -6: D:/TulasiHotels/test/unit/validators_test.dart: Validators.sanitize trims whitespace                                                                                                   
01:22 +1862 -6: D:/TulasiHotels/test/unit/validators_test.dart: Validators.sanitize preserves normal text                                                                                              
01:22 +1863 -6: D:/TulasiHotels/test/unit/validators_test.dart: Validators.sanitize preserves normal text                                                                                              
01:22 +1863 -6: D:/TulasiHotels/test/unit/validators_test.dart: Validators.containsSuspiciousInput detects SQL injection patterns                                                                      
01:22 +1864 -6: D:/TulasiHotels/test/unit/validators_test.dart: Validators.containsSuspiciousInput detects SQL injection patterns                                                                      
01:22 +1864 -6: D:/TulasiHotels/test/unit/validators_test.dart: Validators.containsSuspiciousInput allows normal text                                                                                  
01:22 +1865 -6: D:/TulasiHotels/test/unit/validators_test.dart: Validators.containsSuspiciousInput allows normal text                                                                                  
01:22 +1865 -6: D:/TulasiHotels/test/unit/validators_test.dart: Validators.containsSuspiciousInput detects script tags                                                                                 
01:22 +1866 -6: D:/TulasiHotels/test/unit/validators_test.dart: Validators.containsSuspiciousInput detects script tags                                                                                 
01:22 +1866 -6: D:/TulasiHotels/test/unit/validators_test.dart: Validators.otp rejects wrong length                                                                                                    
01:22 +1867 -6: D:/TulasiHotels/test/unit/validators_test.dart: Validators.otp rejects wrong length                                                                                                    
01:22 +1867 -6: D:/TulasiHotels/test/unit/validators_test.dart: Validators.otp rejects non-numeric                                                                                                     
01:22 +1868 -6: D:/TulasiHotels/test/unit/validators_test.dart: Validators.otp rejects non-numeric                                                                                                     
01:22 +1868 -6: D:/TulasiHotels/test/unit/validators_test.dart: Validators.otp accepts 4-digit numeric                                                                                                 
01:22 +1869 -6: D:/TulasiHotels/test/unit/validators_test.dart: Validators.otp accepts 4-digit numeric                                                                                                 
01:23 +1869 -6: D:/TulasiHotels/test/unit/validators_test.dart: Validators.otp accepts 4-digit numeric                                                                                                 
01:23 +1869 -6: loading D:/TulasiHotels/test/utils/a11y_test.dart                                                                                                                                      
01:23 +1869 -6: D:/TulasiHotels/test/utils/a11y_test.dart: A11y.currency formats positive amount                                                                                                       
01:23 +1869 -7: D:/TulasiHotels/test/utils/a11y_test.dart: A11y.currency formats positive amount [E]                                                                                                   
  Expected: '├óΓÇÜ┬╣100.00'
    Actual: 'Γé╣100.00'
     Which: is different.
            Expected: ├óΓÇÜ┬╣100.00
              Actual: Γé╣100.00
                      ^
             Differ at offset 0
  
  package:matcher                                     expect
  package:flutter_test/src/widget_tester.dart 473:18  expect
  test\utils\a11y_test.dart 10:7                      main.<fn>.<fn>
  

To run this test again: C:\Tools\flutter\bin\cache\dart-sdk\bin\dart.exe test D:/TulasiHotels/test/utils/a11y_test.dart -p vm --plain-name "A11y.currency formats positive amount"

01:23 +1869 -7: D:/TulasiHotels/test/utils/a11y_test.dart: A11y.currency formats zero                                                                                                                  
01:23 +1869 -8: D:/TulasiHotels/test/utils/a11y_test.dart: A11y.currency formats zero [E]                                                                                                              
  Expected: '├óΓÇÜ┬╣0.00'
    Actual: 'Γé╣0.00'
     Which: is different.
            Expected: ├óΓÇÜ┬╣0.00
              Actual: Γé╣0.00
                      ^
             Differ at offset 0
  
  package:matcher                                     expect
  package:flutter_test/src/widget_tester.dart 473:18  expect
  test\utils\a11y_test.dart 14:7                      main.<fn>.<fn>
  

To run this test again: C:\Tools\flutter\bin\cache\dart-sdk\bin\dart.exe test D:/TulasiHotels/test/utils/a11y_test.dart -p vm --plain-name "A11y.currency formats zero"

01:23 +1869 -8: D:/TulasiHotels/test/utils/a11y_test.dart: A11y.currency formats decimal amount with 2 places                                                                                          
01:23 +1869 -9: D:/TulasiHotels/test/utils/a11y_test.dart: A11y.currency formats decimal amount with 2 places [E]                                                                                      
  Expected: '├óΓÇÜ┬╣49.50'
    Actual: 'Γé╣49.50'
     Which: is different.
            Expected: ├óΓÇÜ┬╣49.50
              Actual: Γé╣49.50
                      ^
             Differ at offset 0
  
  package:matcher                                     expect
  package:flutter_test/src/widget_tester.dart 473:18  expect
  test\utils\a11y_test.dart 18:7                      main.<fn>.<fn>
  

To run this test again: C:\Tools\flutter\bin\cache\dart-sdk\bin\dart.exe test D:/TulasiHotels/test/utils/a11y_test.dart -p vm --plain-name "A11y.currency formats decimal amount with 2 places"

01:23 +1869 -9: D:/TulasiHotels/test/utils/a11y_test.dart: A11y.currency truncates to 2 decimal places                                                                                                 
01:23 +1869 -10: D:/TulasiHotels/test/utils/a11y_test.dart: A11y.currency truncates to 2 decimal places [E]                                                                                            
  Expected: '├óΓÇÜ┬╣100.00'
    Actual: 'Γé╣100.00'
     Which: is different.
            Expected: ├óΓÇÜ┬╣100.00
              Actual: Γé╣100.00
                      ^
             Differ at offset 0
  
  package:matcher                                     expect
  package:flutter_test/src/widget_tester.dart 473:18  expect
  test\utils\a11y_test.dart 22:7                      main.<fn>.<fn>
  

To run this test again: C:\Tools\flutter\bin\cache\dart-sdk\bin\dart.exe test D:/TulasiHotels/test/utils/a11y_test.dart -p vm --plain-name "A11y.currency truncates to 2 decimal places"

01:23 +1869 -10: D:/TulasiHotels/test/utils/a11y_test.dart: A11y.currency handles large amounts                                                                                                        
01:23 +1869 -11: D:/TulasiHotels/test/utils/a11y_test.dart: A11y.currency handles large amounts [E]                                                                                                    
  Expected: '├óΓÇÜ┬╣100000.00'
    Actual: 'Γé╣100000.00'
     Which: is different.
            Expected: ├óΓÇÜ┬╣100000. ...
              Actual: Γé╣100000.00 ...
                      ^
             Differ at offset 0
  
  package:matcher                                     expect
  package:flutter_test/src/widget_tester.dart 473:18  expect
  test\utils\a11y_test.dart 26:7                      main.<fn>.<fn>
  

To run this test again: C:\Tools\flutter\bin\cache\dart-sdk\bin\dart.exe test D:/TulasiHotels/test/utils/a11y_test.dart -p vm --plain-name "A11y.currency handles large amounts"

01:23 +1869 -11: D:/TulasiHotels/test/utils/a11y_test.dart: A11y.currency handles negative amount                                                                                                      
01:23 +1869 -12: D:/TulasiHotels/test/utils/a11y_test.dart: A11y.currency handles negative amount [E]                                                                                                  
  Expected: '├óΓÇÜ┬╣-50.00'
    Actual: 'Γé╣-50.00'
     Which: is different.
            Expected: ├óΓÇÜ┬╣-50.00
              Actual: Γé╣-50.00
                      ^
             Differ at offset 0
  
  package:matcher                                     expect
  package:flutter_test/src/widget_tester.dart 473:18  expect
  test\utils\a11y_test.dart 30:7                      main.<fn>.<fn>
  

To run this test again: C:\Tools\flutter\bin\cache\dart-sdk\bin\dart.exe test D:/TulasiHotels/test/utils/a11y_test.dart -p vm --plain-name "A11y.currency handles negative amount"

01:23 +1869 -12: D:/TulasiHotels/test/utils/a11y_test.dart: A11y.stockStatus out of stock                                                                                                              
01:23 +1870 -12: D:/TulasiHotels/test/utils/a11y_test.dart: A11y.stockStatus out of stock                                                                                                              
01:23 +1870 -12: D:/TulasiHotels/test/utils/a11y_test.dart: A11y.stockStatus low stock shows remaining                                                                                                 
01:23 +1871 -12: D:/TulasiHotels/test/utils/a11y_test.dart: A11y.stockStatus low stock shows remaining                                                                                                 
01:23 +1871 -12: D:/TulasiHotels/test/utils/a11y_test.dart: A11y.stockStatus normal stock shows count                                                                                                  
01:23 +1872 -12: D:/TulasiHotels/test/utils/a11y_test.dart: A11y.stockStatus normal stock shows count                                                                                                  
01:23 +1872 -12: D:/TulasiHotels/test/utils/a11y_test.dart: A11y.stockStatus out of stock takes priority over low stock                                                                                
01:23 +1873 -12: D:/TulasiHotels/test/utils/a11y_test.dart: A11y.stockStatus out of stock takes priority over low stock                                                                                
01:23 +1873 -12: D:/TulasiHotels/test/utils/a11y_test.dart: A11y.stockStatus zero stock but not flagged as out                                                                                         
01:23 +1874 -12: D:/TulasiHotels/test/utils/a11y_test.dart: A11y.stockStatus zero stock but not flagged as out                                                                                         
01:23 +1874 -12: D:/TulasiHotels/test/utils/a11y_test.dart: A11y.stockStatus high stock value                                                                                                          
01:23 +1875 -12: D:/TulasiHotels/test/utils/a11y_test.dart: A11y.stockStatus high stock value                                                                                                          
01:23 +1875 -12: loading D:/TulasiHotels/test/utils/color_utils_test.dart                                                                                                                              
01:23 +1875 -12: D:/TulasiHotels/test/utils/color_utils_test.dart: ColorOpacity.withAlpha8 applies full opacity                                                                                        
01:23 +1876 -12: D:/TulasiHotels/test/utils/color_utils_test.dart: ColorOpacity.withAlpha8 applies full opacity                                                                                        
01:23 +1876 -12: D:/TulasiHotels/test/utils/color_utils_test.dart: ColorOpacity.withAlpha8 applies zero opacity                                                                                        
01:23 +1877 -12: D:/TulasiHotels/test/utils/color_utils_test.dart: ColorOpacity.withAlpha8 applies zero opacity                                                                                        
01:23 +1877 -12: D:/TulasiHotels/test/utils/color_utils_test.dart: ColorOpacity.withAlpha8 applies half opacity                                                                                        
01:23 +1878 -12: D:/TulasiHotels/test/utils/color_utils_test.dart: ColorOpacity.withAlpha8 applies half opacity                                                                                        
01:23 +1878 -12: D:/TulasiHotels/test/utils/color_utils_test.dart: ColorOpacity.withAlpha8 preserves RGB components                                                                                    
01:23 +1879 -12: D:/TulasiHotels/test/utils/color_utils_test.dart: ColorOpacity.withAlpha8 preserves RGB components                                                                                    
01:23 +1879 -12: D:/TulasiHotels/test/utils/color_utils_test.dart: OpacityColors black colors have correct RGB                                                                                         
01:23 +1880 -12: D:/TulasiHotels/test/utils/color_utils_test.dart: OpacityColors black colors have correct RGB                                                                                         
01:23 +1880 -12: D:/TulasiHotels/test/utils/color_utils_test.dart: OpacityColors black05 has 5% opacity                                                                                                
01:23 +1881 -12: D:/TulasiHotels/test/utils/color_utils_test.dart: OpacityColors black05 has 5% opacity                                                                                                
01:23 +1881 -12: D:/TulasiHotels/test/utils/color_utils_test.dart: OpacityColors black50 has 50% opacity                                                                                               
01:23 +1882 -12: D:/TulasiHotels/test/utils/color_utils_test.dart: OpacityColors black50 has 50% opacity                                                                                               
01:23 +1882 -12: D:/TulasiHotels/test/utils/color_utils_test.dart: OpacityColors white colors have correct RGB                                                                                         
01:23 +1883 -12: D:/TulasiHotels/test/utils/color_utils_test.dart: OpacityColors white colors have correct RGB                                                                                         
01:23 +1883 -12: D:/TulasiHotels/test/utils/color_utils_test.dart: OpacityColors primary colors have correct indigo base                                                                               
01:23 +1884 -12: D:/TulasiHotels/test/utils/color_utils_test.dart: OpacityColors primary colors have correct indigo base                                                                               
01:23 +1884 -12: D:/TulasiHotels/test/utils/color_utils_test.dart: OpacityColors success colors have correct green base                                                                                
01:23 +1885 -12: D:/TulasiHotels/test/utils/color_utils_test.dart: OpacityColors success colors have correct green base                                                                                
01:23 +1885 -12: D:/TulasiHotels/test/utils/color_utils_test.dart: OpacityColors error colors have correct red base                                                                                    
01:23 +1886 -12: D:/TulasiHotels/test/utils/color_utils_test.dart: OpacityColors error colors have correct red base                                                                                    
01:23 +1886 -12: D:/TulasiHotels/test/utils/color_utils_test.dart: OpacityColors warning colors have correct amber base                                                                                
01:23 +1887 -12: D:/TulasiHotels/test/utils/color_utils_test.dart: OpacityColors warning colors have correct amber base                                                                                
01:23 +1887 -12: D:/TulasiHotels/test/utils/color_utils_test.dart: OpacityColors all opacity variants exist                                                                                            
01:23 +1888 -12: D:/TulasiHotels/test/utils/color_utils_test.dart: OpacityColors all opacity variants exist                                                                                            
01:24 +1888 -12: D:/TulasiHotels/test/utils/color_utils_test.dart: OpacityColors all opacity variants exist                                                                                            
01:24 +1888 -12: loading D:/TulasiHotels/test/utils/constants_test.dart                                                                                                                                
01:24 +1888 -12: D:/TulasiHotels/test/utils/constants_test.dart: AppConstants app name is set                                                                                                          
01:24 +1889 -12: D:/TulasiHotels/test/utils/constants_test.dart: AppConstants app name is set                                                                                                          
01:24 +1889 -12: D:/TulasiHotels/test/utils/constants_test.dart: AppConstants currency symbol is ├óΓÇÜ┬╣                                                                                                   
01:24 +1889 -13: D:/TulasiHotels/test/utils/constants_test.dart: AppConstants currency symbol is ├óΓÇÜ┬╣ [E]                                                                                               
  Expected: '├óΓÇÜ┬╣'
    Actual: 'Γé╣'
     Which: is different.
            Expected: ├óΓÇÜ┬╣
              Actual: Γé╣
                      ^
             Differ at offset 0
  
  package:matcher                                     expect
  package:flutter_test/src/widget_tester.dart 473:18  expect
  test\utils\constants_test.dart 15:7                 main.<fn>.<fn>
  

To run this test again: C:\Tools\flutter\bin\cache\dart-sdk\bin\dart.exe test D:/TulasiHotels/test/utils/constants_test.dart -p vm --plain-name "AppConstants currency symbol is ├óΓÇÜ┬╣"

01:24 +1889 -13: D:/TulasiHotels/test/utils/constants_test.dart: AppConstants country code is +91                                                                                                      
01:24 +1890 -13: D:/TulasiHotels/test/utils/constants_test.dart: AppConstants country code is +91                                                                                                      
01:24 +1890 -13: D:/TulasiHotels/test/utils/constants_test.dart: AppConstants date format display is correct                                                                                           
01:24 +1891 -13: D:/TulasiHotels/test/utils/constants_test.dart: AppConstants date format display is correct                                                                                           
01:24 +1891 -13: D:/TulasiHotels/test/utils/constants_test.dart: AppConstants OTP length is 4                                                                                                          
01:24 +1892 -13: D:/TulasiHotels/test/utils/constants_test.dart: AppConstants OTP length is 4                                                                                                          
01:24 +1892 -13: D:/TulasiHotels/test/utils/constants_test.dart: AppConstants free tier has product limit                                                                                              
01:24 +1893 -13: D:/TulasiHotels/test/utils/constants_test.dart: AppConstants free tier has product limit                                                                                              
01:24 +1893 -13: D:/TulasiHotels/test/utils/constants_test.dart: AppConstants free tier has bill limit                                                                                                 
01:24 +1894 -13: D:/TulasiHotels/test/utils/constants_test.dart: AppConstants free tier has bill limit                                                                                                 
01:24 +1894 -13: D:/TulasiHotels/test/utils/constants_test.dart: AppConstants free tier has customer limit                                                                                             
01:24 +1895 -13: D:/TulasiHotels/test/utils/constants_test.dart: AppConstants free tier has customer limit                                                                                             
01:24 +1895 -13: D:/TulasiHotels/test/utils/constants_test.dart: AppConstants paid tier limits exceed free tier                                                                                        
01:24 +1896 -13: D:/TulasiHotels/test/utils/constants_test.dart: AppConstants paid tier limits exceed free tier                                                                                        
01:24 +1896 -13: D:/TulasiHotels/test/utils/constants_test.dart: AppConstants animation durations are ordered                                                                                          
01:24 +1897 -13: D:/TulasiHotels/test/utils/constants_test.dart: AppConstants animation durations are ordered                                                                                          
01:24 +1897 -13: D:/TulasiHotels/test/utils/constants_test.dart: AppConstants query limits are positive                                                                                                
01:24 +1898 -13: D:/TulasiHotels/test/utils/constants_test.dart: AppConstants query limits are positive                                                                                                
01:24 +1898 -13: D:/TulasiHotels/test/utils/constants_test.dart: MockData sampleProducts returns non-empty list                                                                                        
01:24 +1899 -13: D:/TulasiHotels/test/utils/constants_test.dart: MockData sampleProducts returns non-empty list                                                                                        
01:24 +1899 -13: D:/TulasiHotels/test/utils/constants_test.dart: MockData sampleProducts have valid prices                                                                                             
01:24 +1900 -13: D:/TulasiHotels/test/utils/constants_test.dart: MockData sampleProducts have valid prices                                                                                             
01:24 +1900 -13: D:/TulasiHotels/test/utils/constants_test.dart: MockData sampleProducts have names                                                                                                    
01:24 +1901 -13: D:/TulasiHotels/test/utils/constants_test.dart: MockData sampleProducts have names                                                                                                    
01:24 +1901 -13: D:/TulasiHotels/test/utils/constants_test.dart: MockData sampleProducts have non-negative stock                                                                                       
01:24 +1902 -13: D:/TulasiHotels/test/utils/constants_test.dart: MockData sampleProducts have non-negative stock                                                                                       
01:24 +1902 -13: D:/TulasiHotels/test/utils/constants_test.dart: MockData sampleProducts have valid product units                                                                                      
01:24 +1903 -13: D:/TulasiHotels/test/utils/constants_test.dart: MockData sampleProducts have valid product units                                                                                      
01:24 +1903 -13: loading D:/TulasiHotels/test/utils/error_handler_test.dart                                                                                                                            
01:24 +1903 -13: D:/TulasiHotels/test/utils/error_handler_test.dart: AppErrorType has all expected types                                                                                               
01:25 +1903 -13: D:/TulasiHotels/test/utils/error_handler_test.dart: AppErrorType has all expected types                                                                                               
01:25 +1904 -13: D:/TulasiHotels/test/utils/error_handler_test.dart: AppErrorType has all expected types                                                                                               
01:25 +1904 -13: D:/TulasiHotels/test/utils/error_handler_test.dart: AppError construction creates with required fields                                                                                
01:25 +1905 -13: D:/TulasiHotels/test/utils/error_handler_test.dart: AppError construction creates with required fields                                                                                
01:25 +1905 -13: D:/TulasiHotels/test/utils/error_handler_test.dart: AppError construction creates with all fields                                                                                     
01:25 +1906 -13: D:/TulasiHotels/test/utils/error_handler_test.dart: AppError construction creates with all fields                                                                                     
01:25 +1906 -13: D:/TulasiHotels/test/utils/error_handler_test.dart: AppError construction toString returns message                                                                                    
01:25 +1907 -13: D:/TulasiHotels/test/utils/error_handler_test.dart: AppError construction toString returns message                                                                                    
01:25 +1907 -13: D:/TulasiHotels/test/utils/error_handler_test.dart: AppError.from - error classification classifies network errors                                                                    
01:25 +1908 -13: D:/TulasiHotels/test/utils/error_handler_test.dart: AppError.from - error classification classifies network errors                                                                    
01:25 +1908 -13: D:/TulasiHotels/test/utils/error_handler_test.dart: AppError.from - error classification classifies socket errors                                                                     
01:25 +1909 -13: D:/TulasiHotels/test/utils/error_handler_test.dart: AppError.from - error classification classifies socket errors                                                                     
01:25 +1909 -13: D:/TulasiHotels/test/utils/error_handler_test.dart: AppError.from - error classification classifies connection errors                                                                 
01:25 +1910 -13: D:/TulasiHotels/test/utils/error_handler_test.dart: AppError.from - error classification classifies connection errors                                                                 
01:25 +1910 -13: D:/TulasiHotels/test/utils/error_handler_test.dart: AppError.from - error classification classifies permission errors                                                                 
01:25 +1911 -13: D:/TulasiHotels/test/utils/error_handler_test.dart: AppError.from - error classification classifies permission errors                                                                 
01:25 +1911 -13: D:/TulasiHotels/test/utils/error_handler_test.dart: AppError.from - error classification classifies auth errors                                                                       
01:25 +1912 -13: D:/TulasiHotels/test/utils/error_handler_test.dart: AppError.from - error classification classifies auth errors                                                                       
01:25 +1912 -13: D:/TulasiHotels/test/utils/error_handler_test.dart: AppError.from - error classification classifies credential errors                                                                 
01:25 +1913 -13: D:/TulasiHotels/test/utils/error_handler_test.dart: AppError.from - error classification classifies credential errors                                                                 
01:25 +1913 -13: D:/TulasiHotels/test/utils/error_handler_test.dart: AppError.from - error classification classifies password errors                                                                   
01:25 +1914 -13: D:/TulasiHotels/test/utils/error_handler_test.dart: AppError.from - error classification classifies password errors                                                                   
01:25 +1914 -13: D:/TulasiHotels/test/utils/error_handler_test.dart: AppError.from - error classification classifies validation errors                                                                 
01:25 +1915 -13: D:/TulasiHotels/test/utils/error_handler_test.dart: AppError.from - error classification classifies validation errors                                                                 
01:25 +1915 -13: D:/TulasiHotels/test/utils/error_handler_test.dart: AppError.from - error classification classifies format errors                                                                     
01:25 +1916 -13: D:/TulasiHotels/test/utils/error_handler_test.dart: AppError.from - error classification classifies format errors                                                                     
01:25 +1916 -13: D:/TulasiHotels/test/utils/error_handler_test.dart: AppError.from - error classification classifies unknown errors                                                                    
01:25 +1917 -13: D:/TulasiHotels/test/utils/error_handler_test.dart: AppError.from - error classification classifies unknown errors                                                                    
01:25 +1917 -13: D:/TulasiHotels/test/utils/error_handler_test.dart: AppError.from - error classification returns same AppError if already AppError                                                    
01:25 +1918 -13: D:/TulasiHotels/test/utils/error_handler_test.dart: AppError.from - error classification returns same AppError if already AppError                                                    
01:25 +1918 -13: D:/TulasiHotels/test/utils/error_handler_test.dart: AppError.from - error classification preserves stack trace                                                                        
01:25 +1919 -13: D:/TulasiHotels/test/utils/error_handler_test.dart: AppError.from - error classification preserves stack trace                                                                        
01:25 +1919 -13: D:/TulasiHotels/test/utils/error_handler_test.dart: AppError.from - error classification stores original error                                                                        
01:25 +1920 -13: D:/TulasiHotels/test/utils/error_handler_test.dart: AppError.from - error classification stores original error                                                                        
01:25 +1920 -13: D:/TulasiHotels/test/utils/error_handler_test.dart: AppError.from - error classification stores error string as details                                                               
01:25 +1921 -13: D:/TulasiHotels/test/utils/error_handler_test.dart: AppError.from - error classification stores error string as details                                                               
01:25 +1921 -13: loading D:/TulasiHotels/test/utils/extensions_test.dart                                                                                                                               
01:25 +1921 -13: D:/TulasiHotels/test/utils/extensions_test.dart: StringExtensions.capitalized capitalizes first letter                                                                                
01:25 +1922 -13: D:/TulasiHotels/test/utils/extensions_test.dart: StringExtensions.capitalized capitalizes first letter                                                                                
01:25 +1922 -13: D:/TulasiHotels/test/utils/extensions_test.dart: StringExtensions.capitalized returns empty for empty string                                                                          
01:25 +1923 -13: D:/TulasiHotels/test/utils/extensions_test.dart: StringExtensions.capitalized returns empty for empty string                                                                          
01:25 +1923 -13: D:/TulasiHotels/test/utils/extensions_test.dart: StringExtensions.capitalized handles single character                                                                                
01:25 +1924 -13: D:/TulasiHotels/test/utils/extensions_test.dart: StringExtensions.capitalized handles single character                                                                                
01:25 +1924 -13: D:/TulasiHotels/test/utils/extensions_test.dart: StringExtensions.capitalized handles already capitalized                                                                             
01:25 +1925 -13: D:/TulasiHotels/test/utils/extensions_test.dart: StringExtensions.capitalized handles already capitalized                                                                             
01:25 +1925 -13: D:/TulasiHotels/test/utils/extensions_test.dart: StringExtensions.capitalized handles all uppercase                                                                                   
01:25 +1926 -13: D:/TulasiHotels/test/utils/extensions_test.dart: StringExtensions.capitalized handles all uppercase                                                                                   
01:25 +1926 -13: D:/TulasiHotels/test/utils/extensions_test.dart: StringExtensions.titleCase capitalizes each word                                                                                     
01:25 +1927 -13: D:/TulasiHotels/test/utils/extensions_test.dart: StringExtensions.titleCase capitalizes each word                                                                                     
01:25 +1927 -13: D:/TulasiHotels/test/utils/extensions_test.dart: StringExtensions.titleCase returns empty for empty string                                                                            
01:25 +1928 -13: D:/TulasiHotels/test/utils/extensions_test.dart: StringExtensions.titleCase returns empty for empty string                                                                            
01:25 +1928 -13: D:/TulasiHotels/test/utils/extensions_test.dart: StringExtensions.titleCase handles single word                                                                                       
01:25 +1929 -13: D:/TulasiHotels/test/utils/extensions_test.dart: StringExtensions.titleCase handles single word                                                                                       
01:25 +1929 -13: D:/TulasiHotels/test/utils/extensions_test.dart: StringExtensions.titleCase handles mixed case                                                                                        
01:25 +1930 -13: D:/TulasiHotels/test/utils/extensions_test.dart: StringExtensions.titleCase handles mixed case                                                                                        
01:25 +1930 -13: D:/TulasiHotels/test/utils/extensions_test.dart: StringExtensions.isDigitsOnly returns true for digits                                                                                
01:25 +1931 -13: D:/TulasiHotels/test/utils/extensions_test.dart: StringExtensions.isDigitsOnly returns true for digits                                                                                
01:25 +1931 -13: D:/TulasiHotels/test/utils/extensions_test.dart: StringExtensions.isDigitsOnly returns false for mixed                                                                                
01:25 +1932 -13: D:/TulasiHotels/test/utils/extensions_test.dart: StringExtensions.isDigitsOnly returns false for mixed                                                                                
01:25 +1932 -13: D:/TulasiHotels/test/utils/extensions_test.dart: StringExtensions.isDigitsOnly returns false for empty                                                                                
01:25 +1933 -13: D:/TulasiHotels/test/utils/extensions_test.dart: StringExtensions.isDigitsOnly returns false for empty                                                                                
01:25 +1933 -13: D:/TulasiHotels/test/utils/extensions_test.dart: StringExtensions.isDigitsOnly returns false for spaces                                                                               
01:25 +1934 -13: D:/TulasiHotels/test/utils/extensions_test.dart: StringExtensions.isDigitsOnly returns false for spaces                                                                               
01:25 +1934 -13: D:/TulasiHotels/test/utils/extensions_test.dart: StringExtensions.initials returns two initials for two words                                                                         
01:25 +1935 -13: D:/TulasiHotels/test/utils/extensions_test.dart: StringExtensions.initials returns two initials for two words                                                                         
01:25 +1935 -13: D:/TulasiHotels/test/utils/extensions_test.dart: StringExtensions.initials returns single initial for single word                                                                     
01:25 +1936 -13: D:/TulasiHotels/test/utils/extensions_test.dart: StringExtensions.initials returns single initial for single word                                                                     
01:25 +1936 -13: D:/TulasiHotels/test/utils/extensions_test.dart: StringExtensions.initials returns empty for empty string                                                                             
01:25 +1937 -13: D:/TulasiHotels/test/utils/extensions_test.dart: StringExtensions.initials returns empty for empty string                                                                             
01:25 +1937 -13: D:/TulasiHotels/test/utils/extensions_test.dart: StringExtensions.initials returns empty for whitespace only                                                                          
01:25 +1938 -13: D:/TulasiHotels/test/utils/extensions_test.dart: StringExtensions.initials returns empty for whitespace only                                                                          
01:25 +1938 -13: D:/TulasiHotels/test/utils/extensions_test.dart: StringExtensions.initials uses first and last word for three words                                                                   
01:25 +1939 -13: D:/TulasiHotels/test/utils/extensions_test.dart: StringExtensions.initials uses first and last word for three words                                                                   
01:25 +1939 -13: D:/TulasiHotels/test/utils/extensions_test.dart: StringExtensions.initials returns uppercase initials                                                                                 
01:25 +1940 -13: D:/TulasiHotels/test/utils/extensions_test.dart: StringExtensions.initials returns uppercase initials                                                                                 
01:25 +1940 -13: D:/TulasiHotels/test/utils/extensions_test.dart: StringExtensions.truncate returns original if within limit                                                                           
01:25 +1941 -13: D:/TulasiHotels/test/utils/extensions_test.dart: StringExtensions.truncate returns original if within limit                                                                           
01:25 +1941 -13: D:/TulasiHotels/test/utils/extensions_test.dart: StringExtensions.truncate truncates with ellipsis                                                                                    
01:25 +1942 -13: D:/TulasiHotels/test/utils/extensions_test.dart: StringExtensions.truncate truncates with ellipsis                                                                                    
01:25 +1942 -13: D:/TulasiHotels/test/utils/extensions_test.dart: StringExtensions.truncate returns original at exact limit                                                                            
01:25 +1943 -13: D:/TulasiHotels/test/utils/extensions_test.dart: StringExtensions.truncate returns original at exact limit                                                                            
01:25 +1943 -13: D:/TulasiHotels/test/utils/extensions_test.dart: NullableStringExtensions isNullOrEmpty returns true for null                                                                         
01:25 +1944 -13: D:/TulasiHotels/test/utils/extensions_test.dart: NullableStringExtensions isNullOrEmpty returns true for null                                                                         
01:25 +1944 -13: D:/TulasiHotels/test/utils/extensions_test.dart: NullableStringExtensions isNullOrEmpty returns true for empty                                                                        
01:25 +1945 -13: D:/TulasiHotels/test/utils/extensions_test.dart: NullableStringExtensions isNullOrEmpty returns true for empty                                                                        
01:25 +1945 -13: D:/TulasiHotels/test/utils/extensions_test.dart: NullableStringExtensions isNullOrEmpty returns false for non-empty                                                                   
01:25 +1946 -13: D:/TulasiHotels/test/utils/extensions_test.dart: NullableStringExtensions isNullOrEmpty returns false for non-empty                                                                   
01:25 +1946 -13: D:/TulasiHotels/test/utils/extensions_test.dart: NullableStringExtensions isNotNullOrEmpty returns true for non-empty                                                                 
01:25 +1947 -13: D:/TulasiHotels/test/utils/extensions_test.dart: NullableStringExtensions isNotNullOrEmpty returns true for non-empty                                                                 
01:25 +1947 -13: D:/TulasiHotels/test/utils/extensions_test.dart: NullableStringExtensions isNotNullOrEmpty returns false for null                                                                     
01:25 +1948 -13: D:/TulasiHotels/test/utils/extensions_test.dart: NullableStringExtensions isNotNullOrEmpty returns false for null                                                                     
01:25 +1948 -13: D:/TulasiHotels/test/utils/extensions_test.dart: ListExtensions.safeElementAt returns element at valid index                                                                          
01:25 +1949 -13: D:/TulasiHotels/test/utils/extensions_test.dart: ListExtensions.safeElementAt returns element at valid index                                                                          
01:25 +1949 -13: D:/TulasiHotels/test/utils/extensions_test.dart: ListExtensions.safeElementAt returns null for negative index                                                                         
01:25 +1950 -13: D:/TulasiHotels/test/utils/extensions_test.dart: ListExtensions.safeElementAt returns null for negative index                                                                         
01:25 +1950 -13: D:/TulasiHotels/test/utils/extensions_test.dart: ListExtensions.safeElementAt returns null for out of bounds index                                                                    
01:25 +1951 -13: D:/TulasiHotels/test/utils/extensions_test.dart: ListExtensions.safeElementAt returns null for out of bounds index                                                                    
01:25 +1951 -13: D:/TulasiHotels/test/utils/extensions_test.dart: ListExtensions.safeElementAt returns null for empty list                                                                             
01:25 +1952 -13: D:/TulasiHotels/test/utils/extensions_test.dart: ListExtensions.safeElementAt returns null for empty list                                                                             
01:25 +1952 -13: D:/TulasiHotels/test/utils/extensions_test.dart: ListExtensions.safeElementAt returns first element at 0                                                                              
01:25 +1953 -13: D:/TulasiHotels/test/utils/extensions_test.dart: ListExtensions.safeElementAt returns first element at 0                                                                              
01:25 +1953 -13: D:/TulasiHotels/test/utils/extensions_test.dart: ListExtensions.sumBy sums with selector                                                                                              
01:25 +1954 -13: D:/TulasiHotels/test/utils/extensions_test.dart: ListExtensions.sumBy sums with selector                                                                                              
01:25 +1954 -13: D:/TulasiHotels/test/utils/extensions_test.dart: ListExtensions.sumBy returns 0 for empty list                                                                                        
01:25 +1955 -13: D:/TulasiHotels/test/utils/extensions_test.dart: ListExtensions.sumBy returns 0 for empty list                                                                                        
01:25 +1955 -13: D:/TulasiHotels/test/utils/extensions_test.dart: ListExtensions.sumBy sums integers directly                                                                                          
01:25 +1956 -13: D:/TulasiHotels/test/utils/extensions_test.dart: ListExtensions.sumBy sums integers directly                                                                                          
01:25 +1956 -13: D:/TulasiHotels/test/utils/extensions_test.dart: DateTimeExtensions.isSameDay returns true for same day                                                                               
01:25 +1957 -13: D:/TulasiHotels/test/utils/extensions_test.dart: DateTimeExtensions.isSameDay returns true for same day                                                                               
01:25 +1957 -13: D:/TulasiHotels/test/utils/extensions_test.dart: DateTimeExtensions.isSameDay returns false for different day                                                                         
01:25 +1958 -13: D:/TulasiHotels/test/utils/extensions_test.dart: DateTimeExtensions.isSameDay returns false for different day                                                                         
01:25 +1958 -13: D:/TulasiHotels/test/utils/extensions_test.dart: DateTimeExtensions.isSameDay returns false for different month                                                                       
01:25 +1959 -13: D:/TulasiHotels/test/utils/extensions_test.dart: DateTimeExtensions.isSameDay returns false for different month                                                                       
01:25 +1959 -13: D:/TulasiHotels/test/utils/extensions_test.dart: DateTimeExtensions.startOfDay returns midnight of same day                                                                           
01:25 +1960 -13: D:/TulasiHotels/test/utils/extensions_test.dart: DateTimeExtensions.startOfDay returns midnight of same day                                                                           
01:25 +1960 -13: D:/TulasiHotels/test/utils/extensions_test.dart: DateTimeExtensions.endOfDay returns 23:59:59 of same day                                                                             
01:25 +1961 -13: D:/TulasiHotels/test/utils/extensions_test.dart: DateTimeExtensions.endOfDay returns 23:59:59 of same day                                                                             
01:25 +1961 -13: D:/TulasiHotels/test/utils/extensions_test.dart: DateTimeExtensions.startOfWeek returns Monday for a Wednesday                                                                        
01:25 +1962 -13: D:/TulasiHotels/test/utils/extensions_test.dart: DateTimeExtensions.startOfWeek returns Monday for a Wednesday                                                                        
01:25 +1962 -13: D:/TulasiHotels/test/utils/extensions_test.dart: DateTimeExtensions.startOfWeek returns same day for Monday                                                                           
01:25 +1963 -13: D:/TulasiHotels/test/utils/extensions_test.dart: DateTimeExtensions.startOfWeek returns same day for Monday                                                                           
01:25 +1963 -13: D:/TulasiHotels/test/utils/extensions_test.dart: DateTimeExtensions.startOfMonth returns first of month                                                                               
01:25 +1964 -13: D:/TulasiHotels/test/utils/extensions_test.dart: DateTimeExtensions.startOfMonth returns first of month                                                                               
01:25 +1964 -13: D:/TulasiHotels/test/utils/extensions_test.dart: DateTimeExtensions.isToday returns true for today                                                                                    
01:25 +1965 -13: D:/TulasiHotels/test/utils/extensions_test.dart: DateTimeExtensions.isToday returns true for today                                                                                    
01:25 +1965 -13: D:/TulasiHotels/test/utils/extensions_test.dart: DateTimeExtensions.isToday returns false for yesterday                                                                               
01:25 +1966 -13: D:/TulasiHotels/test/utils/extensions_test.dart: DateTimeExtensions.isToday returns false for yesterday                                                                               
01:25 +1966 -13: D:/TulasiHotels/test/utils/extensions_test.dart: DateTimeExtensions.isYesterday returns true for yesterday                                                                            
01:25 +1967 -13: D:/TulasiHotels/test/utils/extensions_test.dart: DateTimeExtensions.isYesterday returns true for yesterday                                                                            
01:25 +1967 -13: D:/TulasiHotels/test/utils/extensions_test.dart: DateTimeExtensions.isYesterday returns false for today                                                                               
01:25 +1968 -13: D:/TulasiHotels/test/utils/extensions_test.dart: DateTimeExtensions.isYesterday returns false for today                                                                               
01:25 +1968 -13: D:/TulasiHotels/test/utils/extensions_test.dart: NumExtensions.clampTo returns value within range                                                                                     
01:25 +1969 -13: D:/TulasiHotels/test/utils/extensions_test.dart: NumExtensions.clampTo returns value within range                                                                                     
01:25 +1969 -13: D:/TulasiHotels/test/utils/extensions_test.dart: NumExtensions.clampTo clamps below min                                                                                               
01:25 +1970 -13: D:/TulasiHotels/test/utils/extensions_test.dart: NumExtensions.clampTo clamps below min                                                                                               
01:25 +1970 -13: D:/TulasiHotels/test/utils/extensions_test.dart: NumExtensions.clampTo clamps above max                                                                                               
01:25 +1971 -13: D:/TulasiHotels/test/utils/extensions_test.dart: NumExtensions.clampTo clamps above max                                                                                               
01:25 +1971 -13: D:/TulasiHotels/test/utils/extensions_test.dart: NumExtensions.clampTo returns min when equal to min                                                                                  
01:25 +1972 -13: D:/TulasiHotels/test/utils/extensions_test.dart: NumExtensions.clampTo returns min when equal to min                                                                                  
01:25 +1972 -13: D:/TulasiHotels/test/utils/extensions_test.dart: NumExtensions.clampTo returns max when equal to max                                                                                  
01:25 +1973 -13: D:/TulasiHotels/test/utils/extensions_test.dart: NumExtensions.clampTo returns max when equal to max                                                                                  
01:26 +1973 -13: D:/TulasiHotels/test/utils/extensions_test.dart: NumExtensions.clampTo returns max when equal to max                                                                                  
01:26 +1973 -13: loading D:/TulasiHotels/test/utils/formatters_test.dart                                                                                                                               
01:26 +1973 -13: D:/TulasiHotels/test/utils/formatters_test.dart: Formatters.currency formats zero                                                                                                     
01:26 +1973 -14: D:/TulasiHotels/test/utils/formatters_test.dart: Formatters.currency formats zero [E]                                                                                                 
  Expected: '├óΓÇÜ┬╣0'
    Actual: 'Γé╣0'
     Which: is different.
            Expected: ├óΓÇÜ┬╣0
              Actual: Γé╣0
                      ^
             Differ at offset 0
  
  package:matcher                                     expect
  package:flutter_test/src/widget_tester.dart 473:18  expect
  test\utils\formatters_test.dart 9:7                 main.<fn>.<fn>
  

To run this test again: C:\Tools\flutter\bin\cache\dart-sdk\bin\dart.exe test D:/TulasiHotels/test/utils/formatters_test.dart -p vm --plain-name "Formatters.currency formats zero"

01:26 +1973 -14: D:/TulasiHotels/test/utils/formatters_test.dart: Formatters.currency formats small amount                                                                                             
01:26 +1973 -15: D:/TulasiHotels/test/utils/formatters_test.dart: Formatters.currency formats small amount [E]                                                                                         
  Expected: '├óΓÇÜ┬╣5'
    Actual: 'Γé╣5'
     Which: is different.
            Expected: ├óΓÇÜ┬╣5
              Actual: Γé╣5
                      ^
             Differ at offset 0
  
  package:matcher                                     expect
  package:flutter_test/src/widget_tester.dart 473:18  expect
  test\utils\formatters_test.dart 13:7                main.<fn>.<fn>
  

To run this test again: C:\Tools\flutter\bin\cache\dart-sdk\bin\dart.exe test D:/TulasiHotels/test/utils/formatters_test.dart -p vm --plain-name "Formatters.currency formats small amount"

01:26 +1973 -15: D:/TulasiHotels/test/utils/formatters_test.dart: Formatters.currency formats with Indian commas                                                                                       
01:26 +1973 -16: D:/TulasiHotels/test/utils/formatters_test.dart: Formatters.currency formats with Indian commas [E]                                                                                   
  Expected: '├óΓÇÜ┬╣1,234'
    Actual: 'Γé╣1,234'
     Which: is different.
            Expected: ├óΓÇÜ┬╣1,234
              Actual: Γé╣1,234
                      ^
             Differ at offset 0
  
  package:matcher                                     expect
  package:flutter_test/src/widget_tester.dart 473:18  expect
  test\utils\formatters_test.dart 17:7                main.<fn>.<fn>
  

To run this test again: C:\Tools\flutter\bin\cache\dart-sdk\bin\dart.exe test D:/TulasiHotels/test/utils/formatters_test.dart -p vm --plain-name "Formatters.currency formats with Indian commas"

01:26 +1973 -16: D:/TulasiHotels/test/utils/formatters_test.dart: Formatters.currency formats large amount with Indian commas                                                                          
01:26 +1973 -17: D:/TulasiHotels/test/utils/formatters_test.dart: Formatters.currency formats large amount with Indian commas [E]                                                                      
  Expected: '├óΓÇÜ┬╣1,23,456'
    Actual: 'Γé╣1,23,456'
     Which: is different.
            Expected: ├óΓÇÜ┬╣1,23,45 ...
              Actual: Γé╣1,23,456
                      ^
             Differ at offset 0
  
  package:matcher                                     expect
  package:flutter_test/src/widget_tester.dart 473:18  expect
  test\utils\formatters_test.dart 21:7                main.<fn>.<fn>
  

To run this test again: C:\Tools\flutter\bin\cache\dart-sdk\bin\dart.exe test D:/TulasiHotels/test/utils/formatters_test.dart -p vm --plain-name "Formatters.currency formats large amount with Indian commas"

01:26 +1973 -17: D:/TulasiHotels/test/utils/formatters_test.dart: Formatters.currency formats very large amount                                                                                        
01:26 +1973 -18: D:/TulasiHotels/test/utils/formatters_test.dart: Formatters.currency formats very large amount [E]                                                                                    
  Expected: '├óΓÇÜ┬╣10,00,000'
    Actual: 'Γé╣10,00,000'
     Which: is different.
            Expected: ├óΓÇÜ┬╣10,00,0 ...
              Actual: Γé╣10,00,000 ...
                      ^
             Differ at offset 0
  
  package:matcher                                     expect
  package:flutter_test/src/widget_tester.dart 473:18  expect
  test\utils\formatters_test.dart 25:7                main.<fn>.<fn>
  

To run this test again: C:\Tools\flutter\bin\cache\dart-sdk\bin\dart.exe test D:/TulasiHotels/test/utils/formatters_test.dart -p vm --plain-name "Formatters.currency formats very large amount"

01:26 +1973 -18: D:/TulasiHotels/test/utils/formatters_test.dart: Formatters.currency truncates decimals                                                                                               
01:27 +1973 -18: D:/TulasiHotels/test/utils/formatters_test.dart: Formatters.currency truncates decimals                                                                                               
01:27 +1973 -19: D:/TulasiHotels/test/utils/formatters_test.dart: Formatters.currency truncates decimals [E]                                                                                           
  Expected: contains '├óΓÇÜ┬╣'
    Actual: 'Γé╣1,235'
     Which: does not contain '├óΓÇÜ┬╣'
  
  package:matcher                                     expect
  package:flutter_test/src/widget_tester.dart 473:18  expect
  test\utils\formatters_test.dart 31:7                main.<fn>.<fn>
  

To run this test again: C:\Tools\flutter\bin\cache\dart-sdk\bin\dart.exe test D:/TulasiHotels/test/utils/formatters_test.dart -p vm --plain-name "Formatters.currency truncates decimals"

01:27 +1973 -19: D:/TulasiHotels/test/utils/formatters_test.dart: Formatters.currency formats negative amount                                                                                          
01:27 +1974 -19: D:/TulasiHotels/test/utils/formatters_test.dart: Formatters.currency formats negative amount                                                                                          
01:27 +1974 -19: D:/TulasiHotels/test/utils/formatters_test.dart: Formatters.currencyWithDecimals formats with 2 decimals                                                                              
01:27 +1974 -20: D:/TulasiHotels/test/utils/formatters_test.dart: Formatters.currencyWithDecimals formats with 2 decimals [E]                                                                          
  Expected: '├óΓÇÜ┬╣1,234.56'
    Actual: 'Γé╣1,234.56'
     Which: is different.
            Expected: ├óΓÇÜ┬╣1,234.5 ...
              Actual: Γé╣1,234.56
                      ^
             Differ at offset 0
  
  package:matcher                                     expect
  package:flutter_test/src/widget_tester.dart 473:18  expect
  test\utils\formatters_test.dart 43:7                main.<fn>.<fn>
  

To run this test again: C:\Tools\flutter\bin\cache\dart-sdk\bin\dart.exe test D:/TulasiHotels/test/utils/formatters_test.dart -p vm --plain-name "Formatters.currencyWithDecimals formats with 2 decimals"

01:27 +1974 -20: D:/TulasiHotels/test/utils/formatters_test.dart: Formatters.currencyWithDecimals adds trailing zeros                                                                                  
01:27 +1974 -21: D:/TulasiHotels/test/utils/formatters_test.dart: Formatters.currencyWithDecimals adds trailing zeros [E]                                                                              
  Expected: '├óΓÇÜ┬╣100.00'
    Actual: 'Γé╣100.00'
     Which: is different.
            Expected: ├óΓÇÜ┬╣100.00
              Actual: Γé╣100.00
                      ^
             Differ at offset 0
  
  package:matcher                                     expect
  package:flutter_test/src/widget_tester.dart 473:18  expect
  test\utils\formatters_test.dart 47:7                main.<fn>.<fn>
  

To run this test again: C:\Tools\flutter\bin\cache\dart-sdk\bin\dart.exe test D:/TulasiHotels/test/utils/formatters_test.dart -p vm --plain-name "Formatters.currencyWithDecimals adds trailing zeros"

01:27 +1974 -21: D:/TulasiHotels/test/utils/formatters_test.dart: Formatters.currencyWithDecimals formats zero                                                                                         
01:27 +1974 -22: D:/TulasiHotels/test/utils/formatters_test.dart: Formatters.currencyWithDecimals formats zero [E]                                                                                     
  Expected: '├óΓÇÜ┬╣0.00'
    Actual: 'Γé╣0.00'
     Which: is different.
            Expected: ├óΓÇÜ┬╣0.00
              Actual: Γé╣0.00
                      ^
             Differ at offset 0
  
  package:matcher                                     expect
  package:flutter_test/src/widget_tester.dart 473:18  expect
  test\utils\formatters_test.dart 51:7                main.<fn>.<fn>
  

To run this test again: C:\Tools\flutter\bin\cache\dart-sdk\bin\dart.exe test D:/TulasiHotels/test/utils/formatters_test.dart -p vm --plain-name "Formatters.currencyWithDecimals formats zero"

01:27 +1974 -22: D:/TulasiHotels/test/utils/formatters_test.dart: Formatters.number formats with Indian commas                                                                                         
01:27 +1975 -22: D:/TulasiHotels/test/utils/formatters_test.dart: Formatters.number formats with Indian commas                                                                                         
01:27 +1975 -22: D:/TulasiHotels/test/utils/formatters_test.dart: Formatters.number formats small number without commas                                                                                
01:27 +1976 -22: D:/TulasiHotels/test/utils/formatters_test.dart: Formatters.number formats small number without commas                                                                                
01:27 +1976 -22: D:/TulasiHotels/test/utils/formatters_test.dart: Formatters.number formats zero                                                                                                       
01:27 +1977 -22: D:/TulasiHotels/test/utils/formatters_test.dart: Formatters.number formats zero                                                                                                       
01:27 +1977 -22: D:/TulasiHotels/test/utils/formatters_test.dart: Formatters.phone formats 10-digit number with country code                                                                           
01:27 +1978 -22: D:/TulasiHotels/test/utils/formatters_test.dart: Formatters.phone formats 10-digit number with country code                                                                           
01:27 +1978 -22: D:/TulasiHotels/test/utils/formatters_test.dart: Formatters.phone returns original if not 10 digits                                                                                   
01:27 +1979 -22: D:/TulasiHotels/test/utils/formatters_test.dart: Formatters.phone returns original if not 10 digits                                                                                   
01:27 +1979 -22: D:/TulasiHotels/test/utils/formatters_test.dart: Formatters.phone strips non-digit chars before formatting                                                                            
01:27 +1980 -22: D:/TulasiHotels/test/utils/formatters_test.dart: Formatters.phone strips non-digit chars before formatting                                                                            
01:27 +1980 -22: D:/TulasiHotels/test/utils/formatters_test.dart: Formatters.phoneShort formats 10-digit number with space                                                                             
01:27 +1981 -22: D:/TulasiHotels/test/utils/formatters_test.dart: Formatters.phoneShort formats 10-digit number with space                                                                             
01:27 +1981 -22: D:/TulasiHotels/test/utils/formatters_test.dart: Formatters.phoneShort strips country code prefix                                                                                     
01:27 +1982 -22: D:/TulasiHotels/test/utils/formatters_test.dart: Formatters.phoneShort strips country code prefix                                                                                     
01:27 +1982 -22: D:/TulasiHotels/test/utils/formatters_test.dart: Formatters.phoneShort returns original if too short                                                                                  
01:27 +1983 -22: D:/TulasiHotels/test/utils/formatters_test.dart: Formatters.phoneShort returns original if too short                                                                                  
01:27 +1983 -22: D:/TulasiHotels/test/utils/formatters_test.dart: Formatters.date formats date correctly                                                                                               
01:27 +1984 -22: D:/TulasiHotels/test/utils/id_generator_test.dart: generateSafeId starts with prefix                                                                                                  
01:27 +1985 -22: D:/TulasiHotels/test/utils/id_generator_test.dart: generateSafeId starts with prefix                                                                                                  
01:27 +1986 -22: D:/TulasiHotels/test/utils/id_generator_test.dart: generateSafeId starts with prefix                                                                                                  
01:27 +1987 -22: D:/TulasiHotels/test/utils/id_generator_test.dart: generateSafeId starts with prefix                                                                                                  
01:27 +1988 -22: D:/TulasiHotels/test/utils/id_generator_test.dart: generateSafeId starts with prefix                                                                                                  
01:27 +1989 -22: D:/TulasiHotels/test/utils/id_generator_test.dart: generateSafeId starts with prefix                                                                                                  
01:27 +1990 -22: D:/TulasiHotels/test/utils/id_generator_test.dart: generateSafeId starts with prefix                                                                                                  
01:27 +1991 -22: D:/TulasiHotels/test/utils/formatters_test.dart: Formatters.dateTime formats full date time                                                                                           
01:27 +1992 -22: D:/TulasiHotels/test/utils/id_generator_test.dart: generateSafeId has expected format: prefix_timestamp_hex4                                                                          
01:27 +1993 -22: D:/TulasiHotels/test/utils/formatters_test.dart: Formatters.relativeDate returns Today for today                                                                                      
01:27 +1994 -22: D:/TulasiHotels/test/utils/id_generator_test.dart: generateSafeId generates unique IDs across 100 calls                                                                               
01:27 +1995 -22: D:/TulasiHotels/test/utils/formatters_test.dart: Formatters.relativeDate returns Yesterday for yesterday                                                                              
01:27 +1996 -22: D:/TulasiHotels/test/utils/id_generator_test.dart: generateSafeId works with empty prefix                                                                                             
01:27 +1997 -22: D:/TulasiHotels/test/utils/formatters_test.dart: Formatters.relativeDate returns days ago for < 7 days                                                                                
01:27 +1998 -22: D:/TulasiHotels/test/utils/formatters_test.dart: Formatters.relativeDate returns days ago for < 7 days                                                                                
01:27 +1998 -22: D:/TulasiHotels/test/utils/id_generator_test.dart: generateSafeId handles special characters in prefix                                                                                
01:27 +1999 -22: D:/TulasiHotels/test/utils/formatters_test.dart: Formatters.relativeDate returns weeks ago for < 30 days                                                                              
01:27 +2000 -22: D:/TulasiHotels/test/utils/formatters_test.dart: Formatters.relativeDate returns weeks ago for < 30 days                                                                              
01:27 +2001 -22: D:/TulasiHotels/test/utils/id_generator_test.dart: generateBillNumber generates different numbers across calls                                                                        
01:27 +2002 -22: D:/TulasiHotels/test/utils/formatters_test.dart: Formatters.relativeDate returns formatted date for > 30 days                                                                         
01:27 +2003 -22: D:/TulasiHotels/test/utils/id_generator_test.dart: generateBillNumber returns integer value                                                                                           
01:27 +2004 -22: D:/TulasiHotels/test/utils/id_generator_test.dart: generateBillNumber returns integer value                                                                                           
01:27 +2005 -22: D:/TulasiHotels/test/utils/id_generator_test.dart: generateBillNumber returns integer value                                                                                           
01:27 +2005 -22: D:/TulasiHotels/test/utils/formatters_test.dart: Formatters.quantity formats decimal quantity                                                                                         
01:27 +2006 -22: D:/TulasiHotels/test/utils/formatters_test.dart: Formatters.quantity formats decimal quantity                                                                                         
01:27 +2006 -22: D:/TulasiHotels/test/utils/formatters_test.dart: Formatters.quantity formats zero quantity                                                                                            
01:27 +2007 -22: D:/TulasiHotels/test/utils/formatters_test.dart: Formatters.quantity formats zero quantity                                                                                            
01:27 +2007 -22: D:/TulasiHotels/test/utils/formatters_test.dart: Formatters.percentage formats with one decimal                                                                                       
01:27 +2008 -22: D:/TulasiHotels/test/utils/formatters_test.dart: Formatters.percentage formats with one decimal                                                                                       
01:27 +2008 -22: D:/TulasiHotels/test/utils/formatters_test.dart: Formatters.percentage formats zero                                                                                                   
01:27 +2009 -22: D:/TulasiHotels/test/utils/formatters_test.dart: Formatters.percentage formats zero                                                                                                   
01:27 +2009 -22: D:/TulasiHotels/test/utils/formatters_test.dart: Formatters.percentage formats whole number                                                                                           
01:27 +2010 -22: D:/TulasiHotels/test/utils/formatters_test.dart: Formatters.percentage formats whole number                                                                                           
01:27 +2010 -22: D:/TulasiHotels/test/utils/formatters_test.dart: Formatters.billNumber adds hash prefix                                                                                               
01:27 +2011 -22: D:/TulasiHotels/test/utils/formatters_test.dart: Formatters.billNumber adds hash prefix                                                                                               
01:27 +2011 -22: D:/TulasiHotels/test/utils/formatters_test.dart: Formatters.billNumber formats zero                                                                                                   
01:27 +2012 -22: D:/TulasiHotels/test/utils/formatters_test.dart: Formatters.billNumber formats zero                                                                                                   
01:27 +2012 -22: D:/TulasiHotels/test/utils/formatters_test.dart: Formatters.stockStatus returns Out of Stock for 0                                                                                    
01:27 +2013 -22: D:/TulasiHotels/test/utils/formatters_test.dart: Formatters.stockStatus returns Out of Stock for 0                                                                                    
01:27 +2013 -22: D:/TulasiHotels/test/utils/formatters_test.dart: Formatters.stockStatus returns Low Stock when at alert threshold                                                                     
01:27 +2014 -22: D:/TulasiHotels/test/utils/formatters_test.dart: Formatters.stockStatus returns Low Stock when at alert threshold                                                                     
01:27 +2014 -22: D:/TulasiHotels/test/utils/formatters_test.dart: Formatters.stockStatus returns Low Stock when below alert threshold                                                                  
01:27 +2015 -22: D:/TulasiHotels/test/utils/formatters_test.dart: Formatters.stockStatus returns Low Stock when below alert threshold                                                                  
01:27 +2015 -22: D:/TulasiHotels/test/utils/formatters_test.dart: Formatters.stockStatus returns In Stock when above alert threshold                                                                   
01:27 +2016 -22: D:/TulasiHotels/test/utils/formatters_test.dart: Formatters.stockStatus returns In Stock when above alert threshold                                                                   
01:27 +2016 -22: D:/TulasiHotels/test/utils/formatters_test.dart: Formatters.stockStatus returns In Stock when no alert threshold                                                                      
01:27 +2017 -22: D:/TulasiHotels/test/utils/formatters_test.dart: Formatters.stockStatus returns In Stock when no alert threshold                                                                      
01:27 +2017 -22: D:/TulasiHotels/test/utils/formatters_test.dart: Formatters.stockStatus returns Out of Stock with null threshold and 0 stock                                                          
01:27 +2018 -22: D:/TulasiHotels/test/utils/formatters_test.dart: Formatters.stockStatus returns Out of Stock with null threshold and 0 stock                                                          
01:27 +2018 -22: D:/TulasiHotels/test/utils/formatters_test.dart: FormatterExtensions on num asCurrency works                                                                                          
01:27 +2018 -23: D:/TulasiHotels/test/utils/formatters_test.dart: FormatterExtensions on num asCurrency works [E]                                                                                      
  Expected: '├óΓÇÜ┬╣1,234'
    Actual: 'Γé╣1,234'
     Which: is different.
            Expected: ├óΓÇÜ┬╣1,234
              Actual: Γé╣1,234
                      ^
             Differ at offset 0
  
  package:matcher                                     expect
  package:flutter_test/src/widget_tester.dart 473:18  expect
  test\utils\formatters_test.dart 248:7               main.<fn>.<fn>
  

To run this test again: C:\Tools\flutter\bin\cache\dart-sdk\bin\dart.exe test D:/TulasiHotels/test/utils/formatters_test.dart -p vm --plain-name "FormatterExtensions on num asCurrency works"

01:27 +2018 -23: D:/TulasiHotels/test/utils/formatters_test.dart: FormatterExtensions on num asNumber works                                                                                            
01:27 +2019 -23: D:/TulasiHotels/test/utils/formatters_test.dart: FormatterExtensions on num asNumber works                                                                                            
01:27 +2019 -23: D:/TulasiHotels/test/utils/formatters_test.dart: FormatterExtensions on num asPercentage works                                                                                        
01:27 +2020 -23: D:/TulasiHotels/test/utils/formatters_test.dart: FormatterExtensions on num asPercentage works                                                                                        
01:27 +2020 -23: D:/TulasiHotels/test/utils/formatters_test.dart: DateFormatterExtensions on DateTime formatted works                                                                                  
01:27 +2021 -23: D:/TulasiHotels/test/utils/formatters_test.dart: DateFormatterExtensions on DateTime formatted works                                                                                  
01:27 +2021 -23: D:/TulasiHotels/test/utils/formatters_test.dart: DateFormatterExtensions on DateTime formattedTime works                                                                              
01:27 +2022 -23: D:/TulasiHotels/test/utils/formatters_test.dart: DateFormatterExtensions on DateTime formattedTime works                                                                              
01:27 +2022 -23: D:/TulasiHotels/test/utils/formatters_test.dart: DateFormatterExtensions on DateTime formattedDateTime works                                                                          
01:27 +2023 -23: D:/TulasiHotels/test/utils/formatters_test.dart: DateFormatterExtensions on DateTime formattedDateTime works                                                                          
01:27 +2023 -23: D:/TulasiHotels/test/utils/formatters_test.dart: DateFormatterExtensions on DateTime relative works                                                                                   
01:27 +2024 -23: D:/TulasiHotels/test/utils/formatters_test.dart: DateFormatterExtensions on DateTime relative works                                                                                   
01:27 +2024 -23: D:/TulasiHotels/test/utils/formatters_test.dart: DateFormatterExtensions on DateTime forStorage works                                                                                 
01:27 +2025 -23: D:/TulasiHotels/test/utils/formatters_test.dart: DateFormatterExtensions on DateTime forStorage works                                                                                 
01:27 +2025 -23: loading D:/TulasiHotels/test/utils/website_url_test.dart                                                                                                                              
01:27 +2025 -23: D:/TulasiHotels/test/utils/website_url_test.dart: website_url contracts websiteUrl production value is "/"                                                                            
01:28 +2025 -23: D:/TulasiHotels/test/utils/website_url_test.dart: website_url contracts websiteUrl production value is "/"                                                                            
01:28 +2026 -23: D:/TulasiHotels/test/utils/website_url_test.dart: website_url contracts websiteUrl production value is "/"                                                                            
01:28 +2026 -23: D:/TulasiHotels/test/utils/website_url_test.dart: website_url contracts websiteUrl debug value is localhost:8080                                                                      
01:28 +2027 -23: D:/TulasiHotels/test/utils/website_url_test.dart: website_url contracts websiteUrl debug value is localhost:8080                                                                      
01:28 +2027 -23: D:/TulasiHotels/test/utils/website_url_test.dart: website_url contracts showWebsiteLink is false in non-web tests                                                                     
01:28 +2028 -23: D:/TulasiHotels/test/utils/website_url_test.dart: website_url contracts showWebsiteLink is false in non-web tests                                                                     
01:28 +2028 -23: D:/TulasiHotels/test/utils/website_url_test.dart: website_url contracts app URL path is /app/                                                                                         
01:28 +2029 -23: D:/TulasiHotels/test/utils/website_url_test.dart: website_url contracts app URL path is /app/                                                                                         
01:29 +2029 -23: D:/TulasiHotels/test/utils/website_url_test.dart: website_url contracts app URL path is /app/                                                                                         
01:29 +2029 -23: loading D:/TulasiHotels/test/widgets/adaptive_layout_test.dart                                                                                                                        
01:29 +2029 -23: D:/TulasiHotels/test/widgets/adaptive_layout_test.dart: AdaptiveLayout shows mobile layout at narrow width                                                                            
01:30 +2029 -23: D:/TulasiHotels/test/widgets/adaptive_layout_test.dart: AdaptiveLayout shows mobile layout at narrow width                                                                            
01:30 +2030 -23: D:/TulasiHotels/test/widgets/adaptive_layout_test.dart: AdaptiveLayout shows mobile layout at narrow width                                                                            
01:30 +2030 -23: D:/TulasiHotels/test/widgets/adaptive_layout_test.dart: AdaptiveLayout shows tablet layout at medium width                                                                            
01:30 +2031 -23: D:/TulasiHotels/test/widgets/adaptive_layout_test.dart: AdaptiveLayout shows tablet layout at medium width                                                                            
01:30 +2031 -23: D:/TulasiHotels/test/widgets/adaptive_layout_test.dart: AdaptiveLayout shows desktop layout at wide width                                                                             
01:30 +2032 -23: D:/TulasiHotels/test/widgets/adaptive_layout_test.dart: AdaptiveLayout shows desktop layout at wide width                                                                             
01:30 +2032 -23: D:/TulasiHotels/test/widgets/adaptive_layout_test.dart: AdaptiveLayout falls back to mobile when tablet not provided                                                                  
01:30 +2033 -23: D:/TulasiHotels/test/widgets/adaptive_layout_test.dart: AdaptiveLayout falls back to mobile when tablet not provided                                                                  
01:30 +2033 -23: loading D:/TulasiHotels/test/widgets/auth_layout_test.dart                                                                                                                            
01:30 +2033 -23: D:/TulasiHotels/test/widgets/auth_layout_test.dart: AuthLayout renders title text                                                                                                     
01:30 +2034 -23: D:/TulasiHotels/test/widgets/auth_layout_test.dart: AuthLayout renders title text                                                                                                     
01:30 +2035 -23: D:/TulasiHotels/test/widgets/auth_layout_test.dart: AuthLayout renders title text                                                                                                     
01:31 +2035 -23: D:/TulasiHotels/test/widgets/auth_layout_test.dart: AuthLayout renders title text                                                                                                     
01:31 +2036 -23: D:/TulasiHotels/test/widgets/auth_layout_test.dart: AuthLayout renders title text                                                                                                     
01:31 +2036 -23: D:/TulasiHotels/test/widgets/auth_layout_test.dart: AuthLayout renders child content                                                                                                  
01:31 +2037 -23: D:/TulasiHotels/test/widgets/auth_layout_test.dart: AuthLayout renders child content                                                                                                  
01:31 +2037 -23: D:/TulasiHotels/test/widgets/auth_layout_test.dart: AuthLayout renders subtitle when provided                                                                                         
01:31 +2038 -23: D:/TulasiHotels/test/widgets/auth_layout_test.dart: AuthLayout renders subtitle when provided                                                                                         
01:31 +2038 -23: D:/TulasiHotels/test/widgets/auth_layout_test.dart: AuthLayout shows back button when onBack provided                                                                                 
01:31 +2039 -23: D:/TulasiHotels/test/widgets/auth_layout_test.dart: AuthLayout shows back button when onBack provided                                                                                 
01:31 +2039 -23: D:/TulasiHotels/test/widgets/auth_layout_test.dart: AuthLayout onBack callback fires                                                                                                  
01:31 +2040 -23: D:/TulasiHotels/test/widgets/auth_layout_test.dart: AuthLayout onBack callback fires                                                                                                  
01:31 +2040 -23: D:/TulasiHotels/test/widgets/auth_layout_test.dart: AuthLayout renders without crashing in admin mode                                                                                 
01:31 +2041 -23: D:/TulasiHotels/test/widgets/auth_layout_test.dart: AuthLayout renders without crashing in admin mode                                                                                 
01:32 +2041 -23: D:/TulasiHotels/test/widgets/auth_layout_test.dart: AuthLayout renders without crashing in admin mode                                                                                 
01:32 +2041 -23: loading D:/TulasiHotels/test/widgets/auth_social_section_test.dart                                                                                                                    
01:32 +2041 -23: D:/TulasiHotels/test/widgets/auth_social_section_test.dart: AuthSocialSection renders Google button text                                                                              
01:33 +2041 -23: D:/TulasiHotels/test/widgets/auth_social_section_test.dart: AuthSocialSection renders Google button text                                                                              
01:33 +2042 -23: D:/TulasiHotels/test/widgets/auth_social_section_test.dart: AuthSocialSection renders Google button text                                                                              
01:33 +2042 -23: D:/TulasiHotels/test/widgets/auth_social_section_test.dart: AuthSocialSection shows loading text when Google is loading                                                               
01:33 +2043 -23: D:/TulasiHotels/test/widgets/auth_social_section_test.dart: AuthSocialSection shows loading text when Google is loading                                                               
01:33 +2043 -23: D:/TulasiHotels/test/widgets/auth_social_section_test.dart: AuthSocialSection shows OR divider                                                                                        
01:33 +2044 -23: D:/TulasiHotels/test/widgets/auth_social_section_test.dart: AuthSocialSection shows OR divider                                                                                        
01:33 +2044 -23: D:/TulasiHotels/test/widgets/auth_social_section_test.dart: AuthSocialSection shows email button when not showing email form                                                          
01:33 +2045 -23: D:/TulasiHotels/test/widgets/auth_social_section_test.dart: AuthSocialSection shows email button when not showing email form                                                          
01:33 +2045 -23: D:/TulasiHotels/test/widgets/auth_social_section_test.dart: AuthSocialSection hides email button when showing email form                                                              
01:33 +2046 -23: D:/TulasiHotels/test/widgets/auth_social_section_test.dart: AuthSocialSection hides email button when showing email form                                                              
01:33 +2046 -23: D:/TulasiHotels/test/widgets/auth_social_section_test.dart: AuthSocialSection onGooglePressed callback fires                                                                          
01:34 +2046 -23: D:/TulasiHotels/test/widgets/auth_social_section_test.dart: AuthSocialSection onGooglePressed callback fires                                                                          
01:34 +2047 -23: D:/TulasiHotels/test/widgets/auth_social_section_test.dart: AuthSocialSection onGooglePressed callback fires                                                                          
01:34 +2047 -23: D:/TulasiHotels/test/widgets/auth_social_section_test.dart: AuthSocialSection onEmailToggle callback fires                                                                            
01:34 +2048 -23: D:/TulasiHotels/test/widgets/auth_social_section_test.dart: AuthSocialSection onEmailToggle callback fires                                                                            
01:34 +2048 -23: D:/TulasiHotels/test/widgets/auth_social_section_test.dart: AuthSocialSection Google button disabled when other loading                                                               
01:34 +2049 -23: D:/TulasiHotels/test/widgets/cart_section_test.dart: CartSection hidden when cart is empty and showHeader is false                                                                    
01:35 +2049 -23: D:/TulasiHotels/test/widgets/cart_section_test.dart: CartSection hidden when cart is empty and showHeader is false                                                                    
01:35 +2050 -23: D:/TulasiHotels/test/widgets/cart_section_test.dart: CartSection hidden when cart is empty and showHeader is false                                                                    
01:35 +2050 -23: D:/TulasiHotels/test/widgets/cart_section_test.dart: CartSection shows empty state when cart is empty and showHeader is true                                                          
01:35 +2050 -23: D:/TulasiHotels/test/widgets/cart_section_test.dart: CartSection shows empty state when cart is empty and showHeader is true                                                          
ΓòÉΓòÉΓòí EXCEPTION CAUGHT BY FLUTTER TEST FRAMEWORK Γò₧ΓòÉΓòÉΓòÉΓòÉΓòÉΓòÉΓòÉΓòÉΓòÉΓòÉΓòÉΓòÉΓòÉΓòÉΓòÉΓòÉΓòÉΓòÉΓòÉΓòÉΓòÉΓòÉΓòÉΓòÉΓòÉΓòÉΓòÉΓòÉΓòÉΓòÉΓòÉΓòÉΓòÉΓòÉΓòÉΓòÉΓòÉΓòÉΓòÉΓòÉΓòÉΓòÉΓòÉΓòÉΓòÉΓòÉΓòÉΓòÉΓòÉΓòÉΓòÉΓòÉ
The following TestFailure was thrown running a test:
Expected: exactly one matching candidate
  Actual: _TextWidgetFinder:<Found 0 widgets with text "Cart is empty": []>
   Which: means none were found but one was expected

When the exception was thrown, this was the stack:
#4      main.<anonymous closure>.<anonymous closure> (file:///D:/TulasiHotels/test/widgets/cart_section_test.dart:66:7)
<asynchronous suspension>
#5      testWidgets.<anonymous closure>.<anonymous closure> (package:flutter_test/src/widget_tester.dart:192:15)
<asynchronous suspension>
#6      TestWidgetsFlutterBinding._runTestBody (package:flutter_test/src/binding.dart:1059:5)
<asynchronous suspension>
<asynchronous suspension>
(elided one frame from package:stack_trace)

This was caught by the test expectation on the following line:
  file:///D:/TulasiHotels/test/widgets/cart_section_test.dart line 66
The test description was:
  shows empty state when cart is empty and showHeader is true
ΓòÉΓòÉΓòÉΓòÉΓòÉΓòÉΓòÉΓòÉΓòÉΓòÉΓòÉΓòÉΓòÉΓòÉΓòÉΓòÉΓòÉΓòÉΓòÉΓòÉΓòÉΓòÉΓòÉΓòÉΓòÉΓòÉΓòÉΓòÉΓòÉΓòÉΓòÉΓòÉΓòÉΓòÉΓòÉΓòÉΓòÉΓòÉΓòÉΓòÉΓòÉΓòÉΓòÉΓòÉΓòÉΓòÉΓòÉΓòÉΓòÉΓòÉΓòÉΓòÉΓòÉΓòÉΓòÉΓòÉΓòÉΓòÉΓòÉΓòÉΓòÉΓòÉΓòÉΓòÉΓòÉΓòÉΓòÉΓòÉΓòÉΓòÉΓòÉΓòÉΓòÉΓòÉΓòÉΓòÉΓòÉΓòÉΓòÉΓòÉΓòÉΓòÉΓòÉΓòÉΓòÉΓòÉΓòÉΓòÉΓòÉΓòÉΓòÉΓòÉΓòÉΓòÉΓòÉΓòÉΓòÉΓòÉΓòÉΓòÉ

01:35 +2050 -24: D:/TulasiHotels/test/widgets/cart_section_test.dart: CartSection shows empty state when cart is empty and showHeader is true [E]                                                      
  Test failed. See exception logs above.
  The test description was: shows empty state when cart is empty and showHeader is true
  

To run this test again: C:\Tools\flutter\bin\cache\dart-sdk\bin\dart.exe test D:/TulasiHotels/test/widgets/cart_section_test.dart -p vm --plain-name "CartSection shows empty state when cart is empty and showHeader is true"

01:35 +2050 -24: D:/TulasiHotels/test/widgets/cart_section_test.dart: CartSection shows Cart header with showHeader                                                                                    
01:35 +2050 -24: D:/TulasiHotels/test/widgets/cart_section_test.dart: CartSection shows Cart header with showHeader                                                                                    
ΓòÉΓòÉΓòí EXCEPTION CAUGHT BY FLUTTER TEST FRAMEWORK Γò₧ΓòÉΓòÉΓòÉΓòÉΓòÉΓòÉΓòÉΓòÉΓòÉΓòÉΓòÉΓòÉΓòÉΓòÉΓòÉΓòÉΓòÉΓòÉΓòÉΓòÉΓòÉΓòÉΓòÉΓòÉΓòÉΓòÉΓòÉΓòÉΓòÉΓòÉΓòÉΓòÉΓòÉΓòÉΓòÉΓòÉΓòÉΓòÉΓòÉΓòÉΓòÉΓòÉΓòÉΓòÉΓòÉΓòÉΓòÉΓòÉΓòÉΓòÉΓòÉΓòÉ
The following TestFailure was thrown running a test:
Expected: exactly one matching candidate
  Actual: _TextWidgetFinder:<Found 0 widgets with text "Cart": []>
   Which: means none were found but one was expected

When the exception was thrown, this was the stack:
#4      main.<anonymous closure>.<anonymous closure> (file:///D:/TulasiHotels/test/widgets/cart_section_test.dart:73:7)
<asynchronous suspension>
#5      testWidgets.<anonymous closure>.<anonymous closure> (package:flutter_test/src/widget_tester.dart:192:15)
<asynchronous suspension>
#6      TestWidgetsFlutterBinding._runTestBody (package:flutter_test/src/binding.dart:1059:5)
<asynchronous suspension>
<asynchronous suspension>
(elided one frame from package:stack_trace)

This was caught by the test expectation on the following line:
  file:///D:/TulasiHotels/test/widgets/cart_section_test.dart line 73
The test description was:
  shows Cart header with showHeader
ΓòÉΓòÉΓòÉΓòÉΓòÉΓòÉΓòÉΓòÉΓòÉΓòÉΓòÉΓòÉΓòÉΓòÉΓòÉΓòÉΓòÉΓòÉΓòÉΓòÉΓòÉΓòÉΓòÉΓòÉΓòÉΓòÉΓòÉΓòÉΓòÉΓòÉΓòÉΓòÉΓòÉΓòÉΓòÉΓòÉΓòÉΓòÉΓòÉΓòÉΓòÉΓòÉΓòÉΓòÉΓòÉΓòÉΓòÉΓòÉΓòÉΓòÉΓòÉΓòÉΓòÉΓòÉΓòÉΓòÉΓòÉΓòÉΓòÉΓòÉΓòÉΓòÉΓòÉΓòÉΓòÉΓòÉΓòÉΓòÉΓòÉΓòÉΓòÉΓòÉΓòÉΓòÉΓòÉΓòÉΓòÉΓòÉΓòÉΓòÉΓòÉΓòÉΓòÉΓòÉΓòÉΓòÉΓòÉΓòÉΓòÉΓòÉΓòÉΓòÉΓòÉΓòÉΓòÉΓòÉΓòÉΓòÉΓòÉΓòÉ

01:35 +2050 -25: D:/TulasiHotels/test/widgets/cart_section_test.dart: CartSection shows Cart header with showHeader [E]                                                                                
  Test failed. See exception logs above.
  The test description was: shows Cart header with showHeader
  

To run this test again: C:\Tools\flutter\bin\cache\dart-sdk\bin\dart.exe test D:/TulasiHotels/test/widgets/cart_section_test.dart -p vm --plain-name "CartSection shows Cart header with showHeader"

01:35 +2050 -25: D:/TulasiHotels/test/widgets/cart_section_test.dart: CartSection renders cart items                                                                                                   
01:35 +2051 -25: D:/TulasiHotels/test/widgets/cart_section_test.dart: CartSection renders cart items                                                                                                   
01:35 +2051 -25: D:/TulasiHotels/test/widgets/cart_section_test.dart: CartSection shows Clear button when items exist                                                                                  
01:35 +2052 -25: D:/TulasiHotels/test/widgets/demo_mode_banner_test.dart: DemoModeBanner shows banner when demo mode is active                                                                         
01:36 +2052 -25: D:/TulasiHotels/test/widgets/demo_mode_banner_test.dart: DemoModeBanner shows banner when demo mode is active                                                                         
01:36 +2052 -25: D:/TulasiHotels/test/widgets/cart_section_test.dart: CartSection shows item count in collapsed header                                                                                 
ΓòÉΓòÉΓòí EXCEPTION CAUGHT BY FLUTTER TEST FRAMEWORK Γò₧ΓòÉΓòÉΓòÉΓòÉΓòÉΓòÉΓòÉΓòÉΓòÉΓòÉΓòÉΓòÉΓòÉΓòÉΓòÉΓòÉΓòÉΓòÉΓòÉΓòÉΓòÉΓòÉΓòÉΓòÉΓòÉΓòÉΓòÉΓòÉΓòÉΓòÉΓòÉΓòÉΓòÉΓòÉΓòÉΓòÉΓòÉΓòÉΓòÉΓòÉΓòÉΓòÉΓòÉΓòÉΓòÉΓòÉΓòÉΓòÉΓòÉΓòÉΓòÉΓòÉ
The following TestFailure was thrown running a test:
Expected: exactly one matching candidate
  Actual: _TextContainingWidgetFinder:<Found 0 widgets with text containing CART: []>
   Which: means none were found but one was expected

When the exception was thrown, this was the stack:
#4      main.<anonymous closure>.<anonymous closure> (file:///D:/TulasiHotels/test/widgets/cart_section_test.dart:91:7)
<asynchronous suspension>
#5      testWidgets.<anonymous closure>.<anonymous closure> (package:flutter_test/src/widget_tester.dart:192:15)
<asynchronous suspension>
#6      TestWidgetsFlutterBinding._runTestBody (package:flutter_test/src/binding.dart:1059:5)
<asynchronous suspension>
<asynchronous suspension>
(elided one frame from package:stack_trace)

This was caught by the test expectation on the following line:
  file:///D:/TulasiHotels/test/widgets/cart_section_test.dart line 91
The test description was:
  shows item count in collapsed header
ΓòÉΓòÉΓòÉΓòÉΓòÉΓòÉΓòÉΓòÉΓòÉΓòÉΓòÉΓòÉΓòÉΓòÉΓòÉΓòÉΓòÉΓòÉΓòÉΓòÉΓòÉΓòÉΓòÉΓòÉΓòÉΓòÉΓòÉΓòÉΓòÉΓòÉΓòÉΓòÉΓòÉΓòÉΓòÉΓòÉΓòÉΓòÉΓòÉΓòÉΓòÉΓòÉΓòÉΓòÉΓòÉΓòÉΓòÉΓòÉΓòÉΓòÉΓòÉΓòÉΓòÉΓòÉΓòÉΓòÉΓòÉΓòÉΓòÉΓòÉΓòÉΓòÉΓòÉΓòÉΓòÉΓòÉΓòÉΓòÉΓòÉΓòÉΓòÉΓòÉΓòÉΓòÉΓòÉΓòÉΓòÉΓòÉΓòÉΓòÉΓòÉΓòÉΓòÉΓòÉΓòÉΓòÉΓòÉΓòÉΓòÉΓòÉΓòÉΓòÉΓòÉΓòÉΓòÉΓòÉΓòÉΓòÉΓòÉΓòÉ

01:36 +2052 -26: D:/TulasiHotels/test/widgets/cart_section_test.dart: CartSection shows item count in collapsed header [E]                                                                             
  Test failed. See exception logs above.
  The test description was: shows item count in collapsed header
  

To run this test again: C:\Tools\flutter\bin\cache\dart-sdk\bin\dart.exe test D:/TulasiHotels/test/widgets/cart_section_test.dart -p vm --plain-name "CartSection shows item count in collapsed header"

01:36 +2053 -26: D:/TulasiHotels/test/widgets/demo_mode_banner_test.dart: DemoModeBanner shows banner when demo mode is active                                                                         
01:36 +2054 -26: D:/TulasiHotels/test/widgets/demo_mode_banner_test.dart: DemoModeBanner shows banner when demo mode is active                                                                         
01:36 +2055 -26: D:/TulasiHotels/test/widgets/demo_mode_banner_test.dart: DemoModeBanner shows banner when demo mode is active                                                                         
01:36 +2055 -26: D:/TulasiHotels/test/widgets/demo_mode_banner_test.dart: DemoModeBanner shows Register button in demo mode                                                                            
01:36 +2056 -26: D:/TulasiHotels/test/widgets/demo_mode_banner_test.dart: DemoModeBanner shows Register button in demo mode                                                                            
01:36 +2056 -26: D:/TulasiHotels/test/widgets/demo_mode_banner_test.dart: DemoModeBanner shows close icon in demo mode                                                                                 
01:36 +2057 -26: D:/TulasiHotels/test/widgets/demo_mode_banner_test.dart: DemoModeBanner shows close icon in demo mode                                                                                 
01:36 +2057 -26: D:/TulasiHotels/test/widgets/demo_mode_banner_test.dart: DemoModeBanner hidden when demo mode is off                                                                                  
01:36 +2058 -26: D:/TulasiHotels/test/widgets/demo_mode_banner_test.dart: DemoModeBanner hidden when demo mode is off                                                                                  
01:37 +2058 -26: D:/TulasiHotels/test/widgets/demo_mode_banner_test.dart: DemoModeBanner hidden when demo mode is off                                                                                  
01:37 +2058 -26: loading D:/TulasiHotels/test/widgets/loading_states_test.dart                                                                                                                         
01:37 +2058 -26: D:/TulasiHotels/test/widgets/loading_states_test.dart: LoadingOverlay should display CircularProgressIndicator                                                                        
01:38 +2058 -26: D:/TulasiHotels/test/widgets/loading_states_test.dart: LoadingOverlay should display CircularProgressIndicator                                                                        
01:38 +2059 -26: D:/TulasiHotels/test/widgets/maintenance_screen_test.dart: MaintenanceScreen renders Under Maintenance text                                                                           
01:38 +2060 -26: D:/TulasiHotels/test/widgets/maintenance_screen_test.dart: MaintenanceScreen renders Under Maintenance text                                                                           
01:38 +2061 -26: D:/TulasiHotels/test/widgets/maintenance_screen_test.dart: MaintenanceScreen renders Under Maintenance text                                                                           
01:38 +2062 -26: D:/TulasiHotels/test/widgets/maintenance_screen_test.dart: MaintenanceScreen renders Under Maintenance text                                                                           
01:38 +2063 -26: D:/TulasiHotels/test/widgets/maintenance_screen_test.dart: MaintenanceScreen renders Under Maintenance text                                                                           
01:38 +2064 -26: D:/TulasiHotels/test/widgets/maintenance_screen_test.dart: MaintenanceScreen renders Under Maintenance text                                                                           
01:38 +2065 -26: D:/TulasiHotels/test/widgets/maintenance_screen_test.dart: MaintenanceScreen renders Under Maintenance text                                                                           
01:38 +2066 -26: D:/TulasiHotels/test/widgets/maintenance_screen_test.dart: MaintenanceScreen renders Under Maintenance text                                                                           
01:38 +2067 -26: D:/TulasiHotels/test/widgets/maintenance_screen_test.dart: MaintenanceScreen renders Under Maintenance text                                                                           
01:38 +2067 -26: D:/TulasiHotels/test/widgets/maintenance_screen_test.dart: MaintenanceScreen renders description text                                                                                 
01:38 +2068 -26: D:/TulasiHotels/test/widgets/maintenance_screen_test.dart: MaintenanceScreen renders description text                                                                                 
01:38 +2068 -26: D:/TulasiHotels/test/widgets/maintenance_screen_test.dart: MaintenanceScreen shows construction icon                                                                                  
01:38 +2069 -26: D:/TulasiHotels/test/widgets/maintenance_screen_test.dart: MaintenanceScreen shows construction icon                                                                                  
01:38 +2069 -26: D:/TulasiHotels/test/widgets/maintenance_screen_test.dart: MaintenanceScreen shows Try Again button when onRetry provided                                                             
01:39 +2069 -26: D:/TulasiHotels/test/widgets/maintenance_screen_test.dart: MaintenanceScreen shows Try Again button when onRetry provided                                                             
01:39 +2070 -26: D:/TulasiHotels/test/widgets/maintenance_screen_test.dart: MaintenanceScreen shows Try Again button when onRetry provided                                                             
01:39 +2070 -26: D:/TulasiHotels/test/widgets/maintenance_screen_test.dart: MaintenanceScreen hides Try Again button when onRetry null                                                                 
01:39 +2071 -26: D:/TulasiHotels/test/widgets/maintenance_screen_test.dart: MaintenanceScreen hides Try Again button when onRetry null                                                                 
01:39 +2071 -26: D:/TulasiHotels/test/widgets/maintenance_screen_test.dart: MaintenanceScreen onRetry callback fires on tap                                                                            
01:39 +2072 -26: D:/TulasiHotels/test/widgets/maintenance_screen_test.dart: MaintenanceScreen onRetry callback fires on tap                                                                            
01:39 +2072 -26: D:/TulasiHotels/test/widgets/maintenance_screen_test.dart: MaintenanceScreen shows refresh icon in button                                                                             
01:39 +2073 -26: D:/TulasiHotels/test/widgets/maintenance_screen_test.dart: MaintenanceScreen shows refresh icon in button                                                                             
01:39 +2073 -26: loading D:/TulasiHotels/test/widgets/offline_banner_test.dart                                                                                                                         
01:39 +2073 -26: D:/TulasiHotels/test/widgets/offline_banner_test.dart: OfflineBanner hidden when online                                                                                               
01:40 +2073 -26: D:/TulasiHotels/test/widgets/offline_banner_test.dart: OfflineBanner hidden when online                                                                                               
01:40 +2074 -26: D:/TulasiHotels/test/widgets/offline_banner_test.dart: OfflineBanner hidden when online                                                                                               
01:40 +2074 -26: D:/TulasiHotels/test/widgets/offline_banner_test.dart: OfflineBanner shows cloud_off icon when offline                                                                                
01:40 +2075 -26: D:/TulasiHotels/test/widgets/offline_banner_test.dart: OfflineBanner shows cloud_off icon when offline                                                                                
01:40 +2075 -26: D:/TulasiHotels/test/widgets/offline_banner_test.dart: OfflineBanner shows generic message when no unsynced changes                                                                   
01:40 +2075 -26: D:/TulasiHotels/test/widgets/offline_banner_test.dart: OfflineBanner shows generic message when no unsynced changes                                                                   
ΓòÉΓòÉΓòí EXCEPTION CAUGHT BY FLUTTER TEST FRAMEWORK Γò₧ΓòÉΓòÉΓòÉΓòÉΓòÉΓòÉΓòÉΓòÉΓòÉΓòÉΓòÉΓòÉΓòÉΓòÉΓòÉΓòÉΓòÉΓòÉΓòÉΓòÉΓòÉΓòÉΓòÉΓòÉΓòÉΓòÉΓòÉΓòÉΓòÉΓòÉΓòÉΓòÉΓòÉΓòÉΓòÉΓòÉΓòÉΓòÉΓòÉΓòÉΓòÉΓòÉΓòÉΓòÉΓòÉΓòÉΓòÉΓòÉΓòÉΓòÉΓòÉΓòÉ
The following TestFailure was thrown running a test:
Expected: exactly one matching candidate
  Actual: _TextWidgetFinder:<Found 0 widgets with text "You are offline ├óΓé¼ΓÇ¥ changes will sync when
connected": []>
   Which: means none were found but one was expected

When the exception was thrown, this was the stack:
#4      main.<anonymous closure>.<anonymous closure> (file:///D:/TulasiHotels/test/widgets/offline_banner_test.dart:36:7)
<asynchronous suspension>
#5      testWidgets.<anonymous closure>.<anonymous closure> (package:flutter_test/src/widget_tester.dart:192:15)
<asynchronous suspension>
#6      TestWidgetsFlutterBinding._runTestBody (package:flutter_test/src/binding.dart:1059:5)
<asynchronous suspension>
<asynchronous suspension>
(elided one frame from package:stack_trace)

This was caught by the test expectation on the following line:
  file:///D:/TulasiHotels/test/widgets/offline_banner_test.dart line 36
The test description was:
  shows generic message when no unsynced changes
ΓòÉΓòÉΓòÉΓòÉΓòÉΓòÉΓòÉΓòÉΓòÉΓòÉΓòÉΓòÉΓòÉΓòÉΓòÉΓòÉΓòÉΓòÉΓòÉΓòÉΓòÉΓòÉΓòÉΓòÉΓòÉΓòÉΓòÉΓòÉΓòÉΓòÉΓòÉΓòÉΓòÉΓòÉΓòÉΓòÉΓòÉΓòÉΓòÉΓòÉΓòÉΓòÉΓòÉΓòÉΓòÉΓòÉΓòÉΓòÉΓòÉΓòÉΓòÉΓòÉΓòÉΓòÉΓòÉΓòÉΓòÉΓòÉΓòÉΓòÉΓòÉΓòÉΓòÉΓòÉΓòÉΓòÉΓòÉΓòÉΓòÉΓòÉΓòÉΓòÉΓòÉΓòÉΓòÉΓòÉΓòÉΓòÉΓòÉΓòÉΓòÉΓòÉΓòÉΓòÉΓòÉΓòÉΓòÉΓòÉΓòÉΓòÉΓòÉΓòÉΓòÉΓòÉΓòÉΓòÉΓòÉΓòÉΓòÉΓòÉ

01:40 +2075 -27: D:/TulasiHotels/test/widgets/offline_banner_test.dart: OfflineBanner shows generic message when no unsynced changes [E]                                                               
  Test failed. See exception logs above.
  The test description was: shows generic message when no unsynced changes
  

To run this test again: C:\Tools\flutter\bin\cache\dart-sdk\bin\dart.exe test D:/TulasiHotels/test/widgets/offline_banner_test.dart -p vm --plain-name "OfflineBanner shows generic message when no unsynced changes"

01:40 +2075 -27: D:/TulasiHotels/test/widgets/offline_banner_test.dart: OfflineBanner shows singular unsynced message for 1 change                                                                     
ΓòÉΓòÉΓòí EXCEPTION CAUGHT BY FLUTTER TEST FRAMEWORK Γò₧ΓòÉΓòÉΓòÉΓòÉΓòÉΓòÉΓòÉΓòÉΓòÉΓòÉΓòÉΓòÉΓòÉΓòÉΓòÉΓòÉΓòÉΓòÉΓòÉΓòÉΓòÉΓòÉΓòÉΓòÉΓòÉΓòÉΓòÉΓòÉΓòÉΓòÉΓòÉΓòÉΓòÉΓòÉΓòÉΓòÉΓòÉΓòÉΓòÉΓòÉΓòÉΓòÉΓòÉΓòÉΓòÉΓòÉΓòÉΓòÉΓòÉΓòÉΓòÉΓòÉ
The following TestFailure was thrown running a test:
Expected: exactly one matching candidate
  Actual: _TextWidgetFinder:<Found 0 widgets with text "You are offline ├óΓé¼ΓÇ¥ 1 change will sync when
connected": []>
   Which: means none were found but one was expected

When the exception was thrown, this was the stack:
#4      main.<anonymous closure>.<anonymous closure> (file:///D:/TulasiHotels/test/widgets/offline_banner_test.dart:45:7)
<asynchronous suspension>
#5      testWidgets.<anonymous closure>.<anonymous closure> (package:flutter_test/src/widget_tester.dart:192:15)
<asynchronous suspension>
#6      TestWidgetsFlutterBinding._runTestBody (package:flutter_test/src/binding.dart:1059:5)
<asynchronous suspension>
<asynchronous suspension>
(elided one frame from package:stack_trace)

This was caught by the test expectation on the following line:
  file:///D:/TulasiHotels/test/widgets/offline_banner_test.dart line 45
The test description was:
  shows singular unsynced message for 1 change
ΓòÉΓòÉΓòÉΓòÉΓòÉΓòÉΓòÉΓòÉΓòÉΓòÉΓòÉΓòÉΓòÉΓòÉΓòÉΓòÉΓòÉΓòÉΓòÉΓòÉΓòÉΓòÉΓòÉΓòÉΓòÉΓòÉΓòÉΓòÉΓòÉΓòÉΓòÉΓòÉΓòÉΓòÉΓòÉΓòÉΓòÉΓòÉΓòÉΓòÉΓòÉΓòÉΓòÉΓòÉΓòÉΓòÉΓòÉΓòÉΓòÉΓòÉΓòÉΓòÉΓòÉΓòÉΓòÉΓòÉΓòÉΓòÉΓòÉΓòÉΓòÉΓòÉΓòÉΓòÉΓòÉΓòÉΓòÉΓòÉΓòÉΓòÉΓòÉΓòÉΓòÉΓòÉΓòÉΓòÉΓòÉΓòÉΓòÉΓòÉΓòÉΓòÉΓòÉΓòÉΓòÉΓòÉΓòÉΓòÉΓòÉΓòÉΓòÉΓòÉΓòÉΓòÉΓòÉΓòÉΓòÉΓòÉΓòÉΓòÉ

01:40 +2075 -28: D:/TulasiHotels/test/widgets/offline_banner_test.dart: OfflineBanner shows singular unsynced message for 1 change [E]                                                                 
  Test failed. See exception logs above.
  The test description was: shows singular unsynced message for 1 change
  

To run this test again: C:\Tools\flutter\bin\cache\dart-sdk\bin\dart.exe test D:/TulasiHotels/test/widgets/offline_banner_test.dart -p vm --plain-name "OfflineBanner shows singular unsynced message for 1 change"

01:40 +2075 -28: D:/TulasiHotels/test/widgets/offline_banner_test.dart: OfflineBanner shows plural unsynced message for multiple changes                                                               
ΓòÉΓòÉΓòí EXCEPTION CAUGHT BY FLUTTER TEST FRAMEWORK Γò₧ΓòÉΓòÉΓòÉΓòÉΓòÉΓòÉΓòÉΓòÉΓòÉΓòÉΓòÉΓòÉΓòÉΓòÉΓòÉΓòÉΓòÉΓòÉΓòÉΓòÉΓòÉΓòÉΓòÉΓòÉΓòÉΓòÉΓòÉΓòÉΓòÉΓòÉΓòÉΓòÉΓòÉΓòÉΓòÉΓòÉΓòÉΓòÉΓòÉΓòÉΓòÉΓòÉΓòÉΓòÉΓòÉΓòÉΓòÉΓòÉΓòÉΓòÉΓòÉΓòÉ
The following TestFailure was thrown running a test:
Expected: exactly one matching candidate
  Actual: _TextWidgetFinder:<Found 0 widgets with text "You are offline ├óΓé¼ΓÇ¥ 5 changes will sync when
connected": []>
   Which: means none were found but one was expected

When the exception was thrown, this was the stack:
#4      main.<anonymous closure>.<anonymous closure> (file:///D:/TulasiHotels/test/widgets/offline_banner_test.dart:55:7)
<asynchronous suspension>
#5      testWidgets.<anonymous closure>.<anonymous closure> (package:flutter_test/src/widget_tester.dart:192:15)
<asynchronous suspension>
#6      TestWidgetsFlutterBinding._runTestBody (package:flutter_test/src/binding.dart:1059:5)
<asynchronous suspension>
<asynchronous suspension>
(elided one frame from package:stack_trace)

This was caught by the test expectation on the following line:
  file:///D:/TulasiHotels/test/widgets/offline_banner_test.dart line 55
The test description was:
  shows plural unsynced message for multiple changes
ΓòÉΓòÉΓòÉΓòÉΓòÉΓòÉΓòÉΓòÉΓòÉΓòÉΓòÉΓòÉΓòÉΓòÉΓòÉΓòÉΓòÉΓòÉΓòÉΓòÉΓòÉΓòÉΓòÉΓòÉΓòÉΓòÉΓòÉΓòÉΓòÉΓòÉΓòÉΓòÉΓòÉΓòÉΓòÉΓòÉΓòÉΓòÉΓòÉΓòÉΓòÉΓòÉΓòÉΓòÉΓòÉΓòÉΓòÉΓòÉΓòÉΓòÉΓòÉΓòÉΓòÉΓòÉΓòÉΓòÉΓòÉΓòÉΓòÉΓòÉΓòÉΓòÉΓòÉΓòÉΓòÉΓòÉΓòÉΓòÉΓòÉΓòÉΓòÉΓòÉΓòÉΓòÉΓòÉΓòÉΓòÉΓòÉΓòÉΓòÉΓòÉΓòÉΓòÉΓòÉΓòÉΓòÉΓòÉΓòÉΓòÉΓòÉΓòÉΓòÉΓòÉΓòÉΓòÉΓòÉΓòÉΓòÉΓòÉΓòÉ

01:40 +2075 -29: D:/TulasiHotels/test/widgets/offline_banner_test.dart: OfflineBanner shows plural unsynced message for multiple changes [E]                                                           
  Test failed. See exception logs above.
  The test description was: shows plural unsynced message for multiple changes
  

To run this test again: C:\Tools\flutter\bin\cache\dart-sdk\bin\dart.exe test D:/TulasiHotels/test/widgets/offline_banner_test.dart -p vm --plain-name "OfflineBanner shows plural unsynced message for multiple changes"

01:41 +2076 -29: D:/TulasiHotels/test/widgets/password_strength_test.dart: PasswordStrengthIndicator shows nothing when password is empty                                                              
01:41 +2076 -29: D:/TulasiHotels/test/widgets/password_strength_test.dart: PasswordStrengthIndicator shows Weak for short simple password                                                              
01:41 +2077 -29: D:/TulasiHotels/test/widgets/password_strength_test.dart: PasswordStrengthIndicator shows Weak for short simple password                                                              
01:41 +2077 -29: D:/TulasiHotels/test/widgets/password_strength_test.dart: PasswordStrengthIndicator shows Weak for 6 lowercase only                                                                   
01:41 +2078 -29: D:/TulasiHotels/test/widgets/password_strength_test.dart: PasswordStrengthIndicator shows Weak for 6 lowercase only                                                                   
01:41 +2078 -29: D:/TulasiHotels/test/widgets/password_strength_test.dart: PasswordStrengthIndicator shows Fair for mixed case 8 chars                                                                 
01:41 +2079 -29: D:/TulasiHotels/test/widgets/password_strength_test.dart: PasswordStrengthIndicator shows Fair for mixed case 8 chars                                                                 
01:41 +2079 -29: D:/TulasiHotels/test/widgets/password_strength_test.dart: PasswordStrengthIndicator shows Good for mixed case + numbers 8 chars                                                       
01:41 +2080 -29: D:/TulasiHotels/test/widgets/password_strength_test.dart: PasswordStrengthIndicator shows Good for mixed case + numbers 8 chars                                                       
01:41 +2080 -29: D:/TulasiHotels/test/widgets/password_strength_test.dart: PasswordStrengthIndicator shows Strong for long complex password                                                            
01:41 +2081 -29: D:/TulasiHotels/test/widgets/password_strength_test.dart: PasswordStrengthIndicator shows Strong for long complex password                                                            
01:41 +2081 -29: D:/TulasiHotels/test/widgets/password_strength_test.dart: PasswordStrengthIndicator shows hint text for non-strong passwords                                                          
01:41 +2082 -29: D:/TulasiHotels/test/widgets/password_strength_test.dart: PasswordStrengthIndicator shows hint text for non-strong passwords                                                          
01:41 +2082 -29: D:/TulasiHotels/test/widgets/password_strength_test.dart: PasswordStrengthIndicator shows 4 strength bars                                                                             
01:41 +2083 -29: D:/TulasiHotels/test/widgets/password_strength_test.dart: PasswordStrengthIndicator shows 4 strength bars                                                                             
01:42 +2083 -29: D:/TulasiHotels/test/widgets/password_strength_test.dart: PasswordStrengthIndicator shows 4 strength bars                                                                             
01:42 +2083 -29: loading D:/TulasiHotels/test/widgets/product_grid_test.dart                                                                                                                           
01:42 +2083 -29: D:/TulasiHotels/test/widgets/product_grid_test.dart: ProductGrid renders widget without crashing                                                                                      
01:43 +2083 -29: D:/TulasiHotels/test/widgets/product_grid_test.dart: ProductGrid renders widget without crashing                                                                                      
01:43 +2084 -29: D:/TulasiHotels/test/widgets/product_grid_test.dart: ProductGrid renders widget without crashing                                                                                      
01:43 +2085 -29: D:/TulasiHotels/test/widgets/product_grid_test.dart: ProductGrid renders widget without crashing                                                                                      
01:43 +2086 -29: D:/TulasiHotels/test/widgets/product_grid_test.dart: ProductGrid renders widget without crashing                                                                                      
01:43 +2087 -29: D:/TulasiHotels/test/widgets/product_grid_test.dart: ProductGrid renders widget without crashing                                                                                      
01:43 +2088 -29: D:/TulasiHotels/test/widgets/product_grid_test.dart: ProductGrid renders widget without crashing                                                                                      
01:43 +2089 -29: D:/TulasiHotels/test/widgets/product_grid_test.dart: ProductGrid renders widget without crashing                                                                                      
01:43 +2090 -29: D:/TulasiHotels/test/widgets/product_grid_test.dart: ProductGrid renders widget without crashing                                                                                      
01:43 +2091 -29: D:/TulasiHotels/test/widgets/product_grid_test.dart: ProductGrid renders widget without crashing                                                                                      
01:43 +2092 -29: D:/TulasiHotels/test/widgets/responsive_test.dart: ResponsiveHelper ├â┬ó├óΓÇÜ┬¼├óΓé¼┬¥ Grid Columns tiny phone (320px) ├â┬ó├óΓé¼┬á├óΓé¼Γäó 2 columns                                                       
01:43 +2093 -29: D:/TulasiHotels/test/widgets/responsive_test.dart: ResponsiveHelper ├â┬ó├óΓÇÜ┬¼├óΓé¼┬¥ Grid Columns tiny phone (320px) ├â┬ó├óΓé¼┬á├óΓé¼Γäó 2 columns                                                       
01:43 +2094 -29: D:/TulasiHotels/test/widgets/responsive_test.dart: ResponsiveHelper ├â┬ó├óΓÇÜ┬¼├óΓé¼┬¥ Grid Columns tiny phone (320px) ├â┬ó├óΓé¼┬á├óΓé¼Γäó 2 columns                                                       
01:43 +2094 -29: D:/TulasiHotels/test/widgets/responsive_test.dart: ResponsiveHelper ├â┬ó├óΓÇÜ┬¼├óΓé¼┬¥ Grid Columns standard phone (375px) ├â┬ó├óΓé¼┬á├óΓé¼Γäó 3 columns                                                   
01:43 +2095 -29: D:/TulasiHotels/test/widgets/responsive_test.dart: ResponsiveHelper ├â┬ó├óΓÇÜ┬¼├óΓé¼┬¥ Grid Columns standard phone (375px) ├â┬ó├óΓé¼┬á├óΓé¼Γäó 3 columns                                                   
01:43 +2095 -29: D:/TulasiHotels/test/widgets/responsive_test.dart: ResponsiveHelper ├â┬ó├óΓÇÜ┬¼├óΓé¼┬¥ Grid Columns large phone (500px) ├â┬ó├óΓé¼┬á├óΓé¼Γäó 4 columns                                                      
01:43 +2096 -29: D:/TulasiHotels/test/widgets/responsive_test.dart: ResponsiveHelper ├â┬ó├óΓÇÜ┬¼├óΓé¼┬¥ Grid Columns large phone (500px) ├â┬ó├óΓé¼┬á├óΓé¼Γäó 4 columns                                                      
01:43 +2096 -29: D:/TulasiHotels/test/widgets/responsive_test.dart: ResponsiveHelper ├â┬ó├óΓÇÜ┬¼├óΓé¼┬¥ Grid Columns tablet (768px) ├â┬ó├óΓé¼┬á├óΓé¼Γäó 3 columns                                                           
01:43 +2097 -29: D:/TulasiHotels/test/widgets/responsive_test.dart: ResponsiveHelper ├â┬ó├óΓÇÜ┬¼├óΓé¼┬¥ Grid Columns tablet (768px) ├â┬ó├óΓé¼┬á├óΓé¼Γäó 3 columns                                                           
01:43 +2097 -29: D:/TulasiHotels/test/widgets/responsive_test.dart: ResponsiveHelper ├â┬ó├óΓÇÜ┬¼├óΓé¼┬¥ Grid Columns desktop (1440px) ├â┬ó├óΓé¼┬á├óΓé¼Γäó 5 columns                                                         
01:43 +2098 -29: D:/TulasiHotels/test/widgets/responsive_test.dart: ResponsiveHelper ├â┬ó├óΓÇÜ┬¼├óΓé¼┬¥ Grid Columns desktop (1440px) ├â┬ó├óΓé¼┬á├óΓé¼Γäó 5 columns                                                         
01:43 +2098 -29: D:/TulasiHotels/test/widgets/responsive_test.dart: ResponsiveHelper ├â┬ó├óΓÇÜ┬¼├óΓé¼┬¥ Grid Columns XL desktop (1920px) ├â┬ó├óΓé¼┬á├óΓé¼Γäó 6 columns                                                      
01:44 +2098 -29: D:/TulasiHotels/test/widgets/responsive_test.dart: ResponsiveHelper ├â┬ó├óΓÇÜ┬¼├óΓé¼┬¥ Grid Columns XL desktop (1920px) ├â┬ó├óΓé¼┬á├óΓé¼Γäó 6 columns                                                      
01:44 +2099 -29: D:/TulasiHotels/test/widgets/responsive_test.dart: ResponsiveHelper ├â┬ó├óΓÇÜ┬¼├óΓé¼┬¥ Grid Columns XL desktop (1920px) ├â┬ó├óΓé¼┬á├óΓé¼Γäó 6 columns                                                      
01:44 +2099 -29: D:/TulasiHotels/test/widgets/responsive_test.dart: ResponsiveScale ├â┬ó├óΓÇÜ┬¼├óΓé¼┬¥ Scaling Engine scale factor is clamped between 0.3 and 1.5                                                
01:44 +2100 -29: D:/TulasiHotels/test/widgets/responsive_test.dart: ResponsiveScale ├â┬ó├óΓÇÜ┬¼├óΓé¼┬¥ Scaling Engine scale factor is clamped between 0.3 and 1.5                                                
01:44 +2100 -29: D:/TulasiHotels/test/widgets/responsive_test.dart: ResponsiveScale ├â┬ó├óΓÇÜ┬¼├óΓé¼┬¥ Scaling Engine design width is 1920px (desktop base)                                                      
01:44 +2101 -29: D:/TulasiHotels/test/widgets/responsive_test.dart: ResponsiveScale ├â┬ó├óΓÇÜ┬¼├óΓé¼┬¥ Scaling Engine design width is 1920px (desktop base)                                                      
01:44 +2101 -29: D:/TulasiHotels/test/widgets/responsive_test.dart: ResponsiveScale ├â┬ó├óΓÇÜ┬¼├óΓé¼┬¥ Scaling Engine minimum font size is 11px                                                                  
01:44 +2102 -29: D:/TulasiHotels/test/widgets/responsive_test.dart: ResponsiveScale ├â┬ó├óΓÇÜ┬¼├óΓé¼┬¥ Scaling Engine minimum font size is 11px                                                                  
01:44 +2102 -29: D:/TulasiHotels/test/widgets/responsive_test.dart: ResponsiveScale ├â┬ó├óΓÇÜ┬¼├óΓé¼┬¥ Scaling Engine minimum touch target is 48px                                                               
01:44 +2103 -29: D:/TulasiHotels/test/widgets/responsive_test.dart: ResponsiveScale ├â┬ó├óΓÇÜ┬¼├óΓé¼┬¥ Scaling Engine minimum touch target is 48px                                                               
01:44 +2103 -29: D:/TulasiHotels/test/widgets/responsive_test.dart: ResponsiveScale ├â┬ó├óΓÇÜ┬¼├óΓé¼┬¥ Scaling Engine ensureTouchTarget never returns below 48                                                   
01:44 +2104 -29: D:/TulasiHotels/test/widgets/responsive_test.dart: ResponsiveScale ├â┬ó├óΓÇÜ┬¼├óΓé¼┬¥ Scaling Engine ensureTouchTarget never returns below 48                                                   
01:44 +2104 -29: D:/TulasiHotels/test/widgets/responsive_test.dart: ResponsiveHelper ├â┬ó├óΓÇÜ┬¼├óΓé¼┬¥ Per-Width Values page padding scales with width                                                          
01:44 +2105 -29: D:/TulasiHotels/test/widgets/responsive_test.dart: ResponsiveHelper ├â┬ó├óΓÇÜ┬¼├óΓé¼┬¥ Per-Width Values page padding scales with width                                                          
01:44 +2105 -29: D:/TulasiHotels/test/widgets/responsive_test.dart: ResponsiveHelper ├â┬ó├óΓÇÜ┬¼├óΓé¼┬¥ Per-Width Values pagePadding at mobile (360px) ├â┬ó├óΓé¼┬á├óΓé¼Γäó 10                                               
01:44 +2106 -29: D:/TulasiHotels/test/widgets/responsive_test.dart: ResponsiveHelper ├â┬ó├óΓÇÜ┬¼├óΓé¼┬¥ Per-Width Values pagePadding at mobile (360px) ├â┬ó├óΓé¼┬á├óΓé¼Γäó 10                                               
01:44 +2106 -29: D:/TulasiHotels/test/widgets/responsive_test.dart: ResponsiveHelper ├â┬ó├óΓÇÜ┬¼├óΓé¼┬¥ Per-Width Values pagePadding at tablet (768px) ├â┬ó├óΓé¼┬á├óΓé¼Γäó 16                                               
01:44 +2107 -29: D:/TulasiHotels/test/widgets/responsive_test.dart: ResponsiveHelper ├â┬ó├óΓÇÜ┬¼├óΓé¼┬¥ Per-Width Values pagePadding at tablet (768px) ├â┬ó├óΓé¼┬á├óΓé¼Γäó 16                                               
01:44 +2107 -29: D:/TulasiHotels/test/widgets/responsive_test.dart: ResponsiveHelper ├â┬ó├óΓÇÜ┬¼├óΓé¼┬¥ Per-Width Values pagePadding at desktop (1440px) ├â┬ó├óΓé¼┬á├óΓé¼Γäó 20                                             
01:44 +2108 -29: D:/TulasiHotels/test/widgets/responsive_test.dart: ResponsiveHelper ├â┬ó├óΓÇÜ┬¼├óΓé¼┬¥ Per-Width Values pagePadding at desktop (1440px) ├â┬ó├óΓé¼┬á├óΓé¼Γäó 20                                             
01:44 +2108 -29: D:/TulasiHotels/test/widgets/responsive_test.dart: ResponsiveHelper ├â┬ó├óΓÇÜ┬¼├óΓé¼┬¥ Per-Width Values buttonHeight at small phone (320px) ├â┬ó├óΓé¼┬á├óΓé¼Γäó 40                                         
01:44 +2109 -29: D:/TulasiHotels/test/widgets/responsive_test.dart: ResponsiveHelper ├â┬ó├óΓÇÜ┬¼├óΓé¼┬¥ Per-Width Values buttonHeight at small phone (320px) ├â┬ó├óΓé¼┬á├óΓé¼Γäó 40                                         
01:44 +2109 -29: D:/TulasiHotels/test/widgets/responsive_test.dart: ResponsiveHelper ├â┬ó├óΓÇÜ┬¼├óΓé¼┬¥ Per-Width Values buttonHeight at desktop (1024px) ├â┬ó├óΓé¼┬á├óΓé¼Γäó 48                                            
01:44 +2110 -29: D:/TulasiHotels/test/widgets/responsive_test.dart: ResponsiveHelper ├â┬ó├óΓÇÜ┬¼├óΓé¼┬¥ Per-Width Values buttonHeight at desktop (1024px) ├â┬ó├óΓé¼┬á├óΓé¼Γäó 48                                            
01:44 +2110 -29: D:/TulasiHotels/test/widgets/responsive_test.dart: AdaptiveLayout ├â┬ó├óΓÇÜ┬¼├óΓé¼┬¥ Fallback Chain mobile width shows mobile layout                                                            
01:44 +2111 -29: D:/TulasiHotels/test/widgets/responsive_test.dart: AdaptiveLayout ├â┬ó├óΓÇÜ┬¼├óΓé¼┬¥ Fallback Chain mobile width shows mobile layout                                                            
01:44 +2111 -29: D:/TulasiHotels/test/widgets/responsive_test.dart: AdaptiveLayout ├â┬ó├óΓÇÜ┬¼├óΓé¼┬¥ Fallback Chain desktop width shows desktop layout                                                          
01:44 +2112 -29: D:/TulasiHotels/test/widgets/responsive_test.dart: AdaptiveLayout ├â┬ó├óΓÇÜ┬¼├óΓé¼┬¥ Fallback Chain desktop width shows desktop layout                                                          
01:44 +2112 -29: D:/TulasiHotels/test/widgets/responsive_test.dart: ResponsiveWrapper ├â┬ó├óΓÇÜ┬¼├óΓé¼┬¥ Overflow Safety no overflow at 320px with long text content                                             
01:44 +2113 -29: D:/TulasiHotels/test/widgets/responsive_test.dart: ResponsiveWrapper ├â┬ó├óΓÇÜ┬¼├óΓé¼┬¥ Overflow Safety no overflow at 320px with long text content                                             
01:44 +2113 -29: D:/TulasiHotels/test/widgets/responsive_test.dart: ResponsiveWrapper ├â┬ó├óΓÇÜ┬¼├óΓé¼┬¥ Overflow Safety no overflow at 375px with long text content                                             
01:44 +2114 -29: D:/TulasiHotels/test/widgets/responsive_test.dart: ResponsiveWrapper ├â┬ó├óΓÇÜ┬¼├óΓé¼┬¥ Overflow Safety no overflow at 375px with long text content                                             
01:44 +2114 -29: D:/TulasiHotels/test/widgets/responsive_test.dart: ResponsiveWrapper ├â┬ó├óΓÇÜ┬¼├óΓé¼┬¥ Overflow Safety no overflow at 428px with long text content                                             
01:44 +2115 -29: D:/TulasiHotels/test/widgets/responsive_test.dart: ResponsiveWrapper ├â┬ó├óΓÇÜ┬¼├óΓé¼┬¥ Overflow Safety no overflow at 428px with long text content                                             
01:44 +2115 -29: D:/TulasiHotels/test/widgets/responsive_test.dart: ResponsiveWrapper ├â┬ó├óΓÇÜ┬¼├óΓé¼┬¥ Overflow Safety no overflow at 600px with long text content                                             
01:44 +2116 -29: D:/TulasiHotels/test/widgets/responsive_test.dart: ResponsiveWrapper ├â┬ó├óΓÇÜ┬¼├óΓé¼┬¥ Overflow Safety no overflow at 600px with long text content                                             
01:44 +2116 -29: D:/TulasiHotels/test/widgets/responsive_test.dart: ResponsiveWrapper ├â┬ó├óΓÇÜ┬¼├óΓé¼┬¥ Overflow Safety no overflow at 768px with long text content                                             
01:44 +2117 -29: D:/TulasiHotels/test/widgets/responsive_test.dart: ResponsiveWrapper ├â┬ó├óΓÇÜ┬¼├óΓé¼┬¥ Overflow Safety no overflow at 768px with long text content                                             
01:44 +2117 -29: D:/TulasiHotels/test/widgets/responsive_test.dart: ResponsiveWrapper ├â┬ó├óΓÇÜ┬¼├óΓé¼┬¥ Overflow Safety no overflow at 1024px with long text content                                            
01:44 +2118 -29: D:/TulasiHotels/test/widgets/responsive_test.dart: ResponsiveWrapper ├â┬ó├óΓÇÜ┬¼├óΓé¼┬¥ Overflow Safety no overflow at 1024px with long text content                                            
01:44 +2118 -29: D:/TulasiHotels/test/widgets/responsive_test.dart: ResponsiveWrapper ├â┬ó├óΓÇÜ┬¼├óΓé¼┬¥ Overflow Safety no overflow at 1440px with long text content                                            
01:44 +2119 -29: D:/TulasiHotels/test/widgets/responsive_test.dart: ResponsiveWrapper ├â┬ó├óΓÇÜ┬¼├óΓé¼┬¥ Overflow Safety no overflow at 1440px with long text content                                            
01:44 +2119 -29: D:/TulasiHotels/test/widgets/responsive_test.dart: ResponsiveWrapper ├â┬ó├óΓÇÜ┬¼├óΓé¼┬¥ Overflow Safety no overflow at 1920px with long text content                                            
01:44 +2120 -29: D:/TulasiHotels/test/widgets/responsive_test.dart: ResponsiveWrapper ├â┬ó├óΓÇÜ┬¼├óΓé¼┬¥ Overflow Safety no overflow at 1920px with long text content                                            
01:44 +2120 -29: D:/TulasiHotels/test/widgets/responsive_test.dart: ResponsiveVisibility hides on mobile when visibleOnMobile=false                                                                    
01:44 +2121 -29: D:/TulasiHotels/test/widgets/responsive_test.dart: ResponsiveVisibility hides on mobile when visibleOnMobile=false                                                                    
01:44 +2121 -29: D:/TulasiHotels/test/widgets/responsive_test.dart: ResponsiveVisibility shows on desktop when visibleOnDesktop=true                                                                   
01:44 +2122 -29: D:/TulasiHotels/test/widgets/responsive_test.dart: ResponsiveVisibility shows on desktop when visibleOnDesktop=true                                                                   
01:44 +2122 -29: D:/TulasiHotels/test/widgets/responsive_test.dart: ResponsiveHelper ├â┬ó├óΓÇÜ┬¼├óΓé¼┬¥ Product Card Heights tiny phone ├â┬ó├óΓé¼┬á├óΓé¼Γäó 85px card height                                                
01:44 +2123 -29: D:/TulasiHotels/test/widgets/responsive_test.dart: ResponsiveHelper ├â┬ó├óΓÇÜ┬¼├óΓé¼┬¥ Product Card Heights tiny phone ├â┬ó├óΓé¼┬á├óΓé¼Γäó 85px card height                                                
01:44 +2123 -29: D:/TulasiHotels/test/widgets/responsive_test.dart: ResponsiveHelper ├â┬ó├óΓÇÜ┬¼├óΓé¼┬¥ Product Card Heights standard phone ├â┬ó├óΓé¼┬á├óΓé¼Γäó 95px card height                                            
01:44 +2124 -29: D:/TulasiHotels/test/widgets/responsive_test.dart: ResponsiveHelper ├â┬ó├óΓÇÜ┬¼├óΓé¼┬¥ Product Card Heights standard phone ├â┬ó├óΓé¼┬á├óΓé¼Γäó 95px card height                                            
01:44 +2124 -29: D:/TulasiHotels/test/widgets/responsive_test.dart: ResponsiveHelper ├â┬ó├óΓÇÜ┬¼├óΓé¼┬¥ Product Card Heights desktop ├â┬ó├óΓé¼┬á├óΓé¼Γäó 110px card height                                                  
01:44 +2125 -29: D:/TulasiHotels/test/widgets/responsive_test.dart: ResponsiveHelper ├â┬ó├óΓÇÜ┬¼├óΓé¼┬¥ Product Card Heights desktop ├â┬ó├óΓé¼┬á├óΓé¼Γäó 110px card height                                                  
01:44 +2125 -29: D:/TulasiHotels/test/widgets/responsive_test.dart: Dark Theme ├â┬ó├óΓÇÜ┬¼├óΓé¼┬¥ Overflow Safety dark theme: no overflow at 320px                                                               
01:45 +2125 -29: D:/TulasiHotels/test/widgets/responsive_test.dart: Dark Theme ├â┬ó├óΓÇÜ┬¼├óΓé¼┬¥ Overflow Safety dark theme: no overflow at 320px                                                               
01:45 +2126 -29: D:/TulasiHotels/test/widgets/responsive_test.dart: Dark Theme ├â┬ó├óΓÇÜ┬¼├óΓé¼┬¥ Overflow Safety dark theme: no overflow at 320px                                                               
01:45 +2126 -29: D:/TulasiHotels/test/widgets/responsive_test.dart: Dark Theme ├â┬ó├óΓÇÜ┬¼├óΓé¼┬¥ Overflow Safety dark theme: no overflow at 375px                                                               
01:45 +2127 -29: D:/TulasiHotels/test/widgets/responsive_test.dart: Dark Theme ├â┬ó├óΓÇÜ┬¼├óΓé¼┬¥ Overflow Safety dark theme: no overflow at 375px                                                               
01:45 +2127 -29: D:/TulasiHotels/test/widgets/responsive_test.dart: Dark Theme ├â┬ó├óΓÇÜ┬¼├óΓé¼┬¥ Overflow Safety dark theme: no overflow at 600px                                                               
01:45 +2128 -29: D:/TulasiHotels/test/widgets/responsive_test.dart: Dark Theme ├â┬ó├óΓÇÜ┬¼├óΓé¼┬¥ Overflow Safety dark theme: no overflow at 600px                                                               
01:45 +2128 -29: D:/TulasiHotels/test/widgets/responsive_test.dart: Dark Theme ├â┬ó├óΓÇÜ┬¼├óΓé¼┬¥ Overflow Safety dark theme: no overflow at 1024px                                                              
01:45 +2129 -29: D:/TulasiHotels/test/widgets/responsive_test.dart: Dark Theme ├â┬ó├óΓÇÜ┬¼├óΓé¼┬¥ Overflow Safety dark theme: no overflow at 1024px                                                              
01:45 +2129 -29: D:/TulasiHotels/test/widgets/responsive_test.dart: Dark Theme ├â┬ó├óΓÇÜ┬¼├óΓé¼┬¥ Overflow Safety dark theme: no overflow at 1920px                                                              
01:45 +2130 -29: D:/TulasiHotels/test/widgets/responsive_test.dart: Dark Theme ├â┬ó├óΓÇÜ┬¼├óΓé¼┬¥ Overflow Safety dark theme: no overflow at 1920px                                                              
01:45 +2130 -29: D:/TulasiHotels/test/widgets/responsive_test.dart: Dark Theme ├â┬ó├óΓÇÜ┬¼├óΓé¼┬¥ Widget Rendering dark mode renders without errors                                                              
01:45 +2131 -29: D:/TulasiHotels/test/widgets/responsive_test.dart: Dark Theme ├â┬ó├óΓÇÜ┬¼├óΓé¼┬¥ Widget Rendering dark mode renders without errors                                                              
01:45 +2131 -29: D:/TulasiHotels/test/widgets/responsive_test.dart: Dark Theme ├â┬ó├óΓÇÜ┬¼├óΓé¼┬¥ Widget Rendering dark theme text is visible (not black on black)                                               
01:45 +2132 -29: D:/TulasiHotels/test/widgets/responsive_test.dart: Dark Theme ├â┬ó├óΓÇÜ┬¼├óΓé¼┬¥ Widget Rendering dark theme text is visible (not black on black)                                               
01:45 +2132 -29: loading D:/TulasiHotels/test/widgets/shared_widgets_test.dart                                                                                                                         
01:45 +2132 -29: D:/TulasiHotels/test/widgets/shared_widgets_test.dart: AppButton renders with label text                                                                                              
01:46 +2132 -29: D:/TulasiHotels/test/widgets/shared_widgets_test.dart: AppButton renders with label text                                                                                              
01:46 +2133 -29: D:/TulasiHotels/test/widgets/shop_logo_test.dart: ShopLogoWidget shows storefront icon when logoPath is null                                                                          
01:46 +2134 -29: D:/TulasiHotels/test/widgets/shop_logo_test.dart: ShopLogoWidget shows storefront icon when logoPath is null                                                                          
01:46 +2135 -29: D:/TulasiHotels/test/widgets/shop_logo_test.dart: ShopLogoWidget shows storefront icon when logoPath is null                                                                          
01:46 +2136 -29: D:/TulasiHotels/test/widgets/shop_logo_test.dart: ShopLogoWidget shows storefront icon when logoPath is null                                                                          
01:46 +2137 -29: D:/TulasiHotels/test/widgets/shop_logo_test.dart: ShopLogoWidget shows storefront icon when logoPath is null                                                                          
01:47 +2137 -29: D:/TulasiHotels/test/widgets/shop_logo_test.dart: ShopLogoWidget shows storefront icon when logoPath is null                                                                          
01:47 +2138 -29: D:/TulasiHotels/test/widgets/shop_logo_test.dart: ShopLogoWidget shows storefront icon when logoPath is null                                                                          
01:47 +2139 -29: D:/TulasiHotels/test/widgets/shop_logo_test.dart: ShopLogoWidget shows storefront icon when logoPath is null                                                                          
01:47 +2140 -29: D:/TulasiHotels/test/widgets/shop_logo_test.dart: ShopLogoWidget shows storefront icon when logoPath is null                                                                          
01:47 +2141 -29: D:/TulasiHotels/test/widgets/shop_logo_test.dart: ShopLogoWidget shows storefront icon when logoPath is null                                                                          
01:47 +2142 -29: D:/TulasiHotels/test/widgets/shop_logo_test.dart: ShopLogoWidget shows storefront icon when logoPath is null                                                                          
01:47 +2143 -29: D:/TulasiHotels/test/widgets/shop_logo_test.dart: ShopLogoWidget shows storefront icon when logoPath is null                                                                          
01:47 +2143 -29: D:/TulasiHotels/test/widgets/shop_logo_test.dart: ShopLogoWidget shows storefront icon when logoPath is null                                                                          
ΓòÉΓòÉΓòí EXCEPTION CAUGHT BY FLUTTER TEST FRAMEWORK Γò₧ΓòÉΓòÉΓòÉΓòÉΓòÉΓòÉΓòÉΓòÉΓòÉΓòÉΓòÉΓòÉΓòÉΓòÉΓòÉΓòÉΓòÉΓòÉΓòÉΓòÉΓòÉΓòÉΓòÉΓòÉΓòÉΓòÉΓòÉΓòÉΓòÉΓòÉΓòÉΓòÉΓòÉΓòÉΓòÉΓòÉΓòÉΓòÉΓòÉΓòÉΓòÉΓòÉΓòÉΓòÉΓòÉΓòÉΓòÉΓòÉΓòÉΓòÉΓòÉΓòÉ
The following TestFailure was thrown running a test:
Expected: exactly one matching candidate
  Actual: _IconWidgetFinder:<Found 0 widgets with icon "IconData(U+0E60C)": []>
   Which: means none were found but one was expected

When the exception was thrown, this was the stack:
#4      main.<anonymous closure>.<anonymous closure> (file:///D:/TulasiHotels/test/widgets/shop_logo_test.dart:12:7)
<asynchronous suspension>
#5      testWidgets.<anonymous closure>.<anonymous closure> (package:flutter_test/src/widget_tester.dart:192:15)
<asynchronous suspension>
#6      TestWidgetsFlutterBinding._runTestBody (package:flutter_test/src/binding.dart:1059:5)
<asynchronous suspension>
<asynchronous suspension>
(elided one frame from package:stack_trace)

This was caught by the test expectation on the following line:
  file:///D:/TulasiHotels/test/widgets/shop_logo_test.dart line 12
The test description was:
  shows storefront icon when logoPath is null
ΓòÉΓòÉΓòÉΓòÉΓòÉΓòÉΓòÉΓòÉΓòÉΓòÉΓòÉΓòÉΓòÉΓòÉΓòÉΓòÉΓòÉΓòÉΓòÉΓòÉΓòÉΓòÉΓòÉΓòÉΓòÉΓòÉΓòÉΓòÉΓòÉΓòÉΓòÉΓòÉΓòÉΓòÉΓòÉΓòÉΓòÉΓòÉΓòÉΓòÉΓòÉΓòÉΓòÉΓòÉΓòÉΓòÉΓòÉΓòÉΓòÉΓòÉΓòÉΓòÉΓòÉΓòÉΓòÉΓòÉΓòÉΓòÉΓòÉΓòÉΓòÉΓòÉΓòÉΓòÉΓòÉΓòÉΓòÉΓòÉΓòÉΓòÉΓòÉΓòÉΓòÉΓòÉΓòÉΓòÉΓòÉΓòÉΓòÉΓòÉΓòÉΓòÉΓòÉΓòÉΓòÉΓòÉΓòÉΓòÉΓòÉΓòÉΓòÉΓòÉΓòÉΓòÉΓòÉΓòÉΓòÉΓòÉΓòÉΓòÉ

01:47 +2143 -30: D:/TulasiHotels/test/widgets/shop_logo_test.dart: ShopLogoWidget shows storefront icon when logoPath is null [E]                                                                      
  Test failed. See exception logs above.
  The test description was: shows storefront icon when logoPath is null
  

To run this test again: C:\Tools\flutter\bin\cache\dart-sdk\bin\dart.exe test D:/TulasiHotels/test/widgets/shop_logo_test.dart -p vm --plain-name "ShopLogoWidget shows storefront icon when logoPath is null"

01:47 +2144 -30: D:/TulasiHotels/test/widgets/shop_logo_test.dart: ShopLogoWidget shows storefront icon when logoPath is empty                                                                         
01:47 +2145 -30: D:/TulasiHotels/test/widgets/shop_logo_test.dart: ShopLogoWidget shows storefront icon when logoPath is empty                                                                         
01:47 +2145 -30: D:/TulasiHotels/test/widgets/shop_logo_test.dart: ShopLogoWidget shows storefront icon when logoPath is empty                                                                         
ΓòÉΓòÉΓòí EXCEPTION CAUGHT BY FLUTTER TEST FRAMEWORK Γò₧ΓòÉΓòÉΓòÉΓòÉΓòÉΓòÉΓòÉΓòÉΓòÉΓòÉΓòÉΓòÉΓòÉΓòÉΓòÉΓòÉΓòÉΓòÉΓòÉΓòÉΓòÉΓòÉΓòÉΓòÉΓòÉΓòÉΓòÉΓòÉΓòÉΓòÉΓòÉΓòÉΓòÉΓòÉΓòÉΓòÉΓòÉΓòÉΓòÉΓòÉΓòÉΓòÉΓòÉΓòÉΓòÉΓòÉΓòÉΓòÉΓòÉΓòÉΓòÉΓòÉ
The following TestFailure was thrown running a test:
Expected: exactly one matching candidate
  Actual: _IconWidgetFinder:<Found 0 widgets with icon "IconData(U+0E60C)": []>
   Which: means none were found but one was expected

When the exception was thrown, this was the stack:
#4      main.<anonymous closure>.<anonymous closure> (file:///D:/TulasiHotels/test/widgets/shop_logo_test.dart:19:7)
<asynchronous suspension>
#5      testWidgets.<anonymous closure>.<anonymous closure> (package:flutter_test/src/widget_tester.dart:192:15)
<asynchronous suspension>
#6      TestWidgetsFlutterBinding._runTestBody (package:flutter_test/src/binding.dart:1059:5)
<asynchronous suspension>
<asynchronous suspension>
(elided one frame from package:stack_trace)

This was caught by the test expectation on the following line:
  file:///D:/TulasiHotels/test/widgets/shop_logo_test.dart line 19
The test description was:
  shows storefront icon when logoPath is empty
ΓòÉΓòÉΓòÉΓòÉΓòÉΓòÉΓòÉΓòÉΓòÉΓòÉΓòÉΓòÉΓòÉΓòÉΓòÉΓòÉΓòÉΓòÉΓòÉΓòÉΓòÉΓòÉΓòÉΓòÉΓòÉΓòÉΓòÉΓòÉΓòÉΓòÉΓòÉΓòÉΓòÉΓòÉΓòÉΓòÉΓòÉΓòÉΓòÉΓòÉΓòÉΓòÉΓòÉΓòÉΓòÉΓòÉΓòÉΓòÉΓòÉΓòÉΓòÉΓòÉΓòÉΓòÉΓòÉΓòÉΓòÉΓòÉΓòÉΓòÉΓòÉΓòÉΓòÉΓòÉΓòÉΓòÉΓòÉΓòÉΓòÉΓòÉΓòÉΓòÉΓòÉΓòÉΓòÉΓòÉΓòÉΓòÉΓòÉΓòÉΓòÉΓòÉΓòÉΓòÉΓòÉΓòÉΓòÉΓòÉΓòÉΓòÉΓòÉΓòÉΓòÉΓòÉΓòÉΓòÉΓòÉΓòÉΓòÉΓòÉ

01:47 +2145 -31: D:/TulasiHotels/test/widgets/shop_logo_test.dart: ShopLogoWidget shows storefront icon when logoPath is empty [E]                                                                     
  Test failed. See exception logs above.
  The test description was: shows storefront icon when logoPath is empty
  

To run this test again: C:\Tools\flutter\bin\cache\dart-sdk\bin\dart.exe test D:/TulasiHotels/test/widgets/shop_logo_test.dart -p vm --plain-name "ShopLogoWidget shows storefront icon when logoPath is empty"

01:47 +2146 -31: D:/TulasiHotels/test/widgets/shop_logo_test.dart: ShopLogoWidget respects custom size                                                                                                 
01:47 +2147 -31: D:/TulasiHotels/test/widgets/shared_widgets_test.dart: AppTextField errorText prop shows inline error                                                                                 
01:47 +2148 -31: D:/TulasiHotels/test/widgets/shop_logo_test.dart: ShopLogoWidget applies borderRadius                                                                                                 
01:47 +2149 -31: D:/TulasiHotels/test/widgets/shared_widgets_test.dart: AppTextField readOnly prevents editing                                                                                         
01:47 +2150 -31: D:/TulasiHotels/test/widgets/shop_logo_test.dart: ShopLogoWidget renders without error for http URL                                                                                   
01:48 +2150 -31: D:/TulasiHotels/test/widgets/shop_logo_test.dart: ShopLogoWidget renders without error for http URL                                                                                   
01:48 +2151 -31: D:/TulasiHotels/test/widgets/shared_widgets_test.dart: PhoneTextField renders with Mobile Number label                                                                                
01:48 +2152 -31: D:/TulasiHotels/test/widgets/shared_widgets_test.dart: PhoneTextField renders with Mobile Number label                                                                                
01:48 +2153 -31: D:/TulasiHotels/test/widgets/shared_widgets_test.dart: PhoneTextField renders with Mobile Number label                                                                                
01:48 +2153 -31: D:/TulasiHotels/test/widgets/shared_widgets_test.dart: PhoneTextField shows phone icon                                                                                                
01:48 +2154 -31: D:/TulasiHotels/test/widgets/shared_widgets_test.dart: PhoneTextField shows phone icon                                                                                                
01:48 +2154 -31: D:/TulasiHotels/test/widgets/shared_widgets_test.dart: CurrencyTextField renders with label                                                                                           
01:48 +2155 -31: D:/TulasiHotels/test/widgets/shared_widgets_test.dart: CurrencyTextField renders with label                                                                                           
01:48 +2155 -31: D:/TulasiHotels/test/widgets/shared_widgets_test.dart: CurrencyTextField shows rupee prefix                                                                                           
01:48 +2155 -31: D:/TulasiHotels/test/widgets/shared_widgets_test.dart: CurrencyTextField shows rupee prefix                                                                                           
ΓòÉΓòÉΓòí EXCEPTION CAUGHT BY FLUTTER TEST FRAMEWORK Γò₧ΓòÉΓòÉΓòÉΓòÉΓòÉΓòÉΓòÉΓòÉΓòÉΓòÉΓòÉΓòÉΓòÉΓòÉΓòÉΓòÉΓòÉΓòÉΓòÉΓòÉΓòÉΓòÉΓòÉΓòÉΓòÉΓòÉΓòÉΓòÉΓòÉΓòÉΓòÉΓòÉΓòÉΓòÉΓòÉΓòÉΓòÉΓòÉΓòÉΓòÉΓòÉΓòÉΓòÉΓòÉΓòÉΓòÉΓòÉΓòÉΓòÉΓòÉΓòÉΓòÉ
The following TestFailure was thrown running a test:
Expected: exactly one matching candidate
  Actual: _TextWidgetFinder:<Found 0 widgets with text "├óΓÇÜ┬╣ ": []>
   Which: means none were found but one was expected

When the exception was thrown, this was the stack:
#4      main.<anonymous closure>.<anonymous closure> (file:///D:/TulasiHotels/test/widgets/shared_widgets_test.dart:193:7)
<asynchronous suspension>
#5      testWidgets.<anonymous closure>.<anonymous closure> (package:flutter_test/src/widget_tester.dart:192:15)
<asynchronous suspension>
#6      TestWidgetsFlutterBinding._runTestBody (package:flutter_test/src/binding.dart:1059:5)
<asynchronous suspension>
<asynchronous suspension>
(elided one frame from package:stack_trace)

This was caught by the test expectation on the following line:
  file:///D:/TulasiHotels/test/widgets/shared_widgets_test.dart line 193
The test description was:
  shows rupee prefix
ΓòÉΓòÉΓòÉΓòÉΓòÉΓòÉΓòÉΓòÉΓòÉΓòÉΓòÉΓòÉΓòÉΓòÉΓòÉΓòÉΓòÉΓòÉΓòÉΓòÉΓòÉΓòÉΓòÉΓòÉΓòÉΓòÉΓòÉΓòÉΓòÉΓòÉΓòÉΓòÉΓòÉΓòÉΓòÉΓòÉΓòÉΓòÉΓòÉΓòÉΓòÉΓòÉΓòÉΓòÉΓòÉΓòÉΓòÉΓòÉΓòÉΓòÉΓòÉΓòÉΓòÉΓòÉΓòÉΓòÉΓòÉΓòÉΓòÉΓòÉΓòÉΓòÉΓòÉΓòÉΓòÉΓòÉΓòÉΓòÉΓòÉΓòÉΓòÉΓòÉΓòÉΓòÉΓòÉΓòÉΓòÉΓòÉΓòÉΓòÉΓòÉΓòÉΓòÉΓòÉΓòÉΓòÉΓòÉΓòÉΓòÉΓòÉΓòÉΓòÉΓòÉΓòÉΓòÉΓòÉΓòÉΓòÉΓòÉΓòÉ

01:48 +2155 -32: D:/TulasiHotels/test/widgets/shared_widgets_test.dart: CurrencyTextField shows rupee prefix [E]                                                                                       
  Test failed. See exception logs above.
  The test description was: shows rupee prefix
  

To run this test again: C:\Tools\flutter\bin\cache\dart-sdk\bin\dart.exe test D:/TulasiHotels/test/widgets/shared_widgets_test.dart -p vm --plain-name "CurrencyTextField shows rupee prefix"

01:49 +2155 -32: loading D:/TulasiHotels/test/widgets/splash_screen_test.dart                                                                                                                          
01:49 +2155 -32: D:/TulasiHotels/test/widgets/splash_screen_test.dart: SplashScreen renders app name                                                                                                   
01:50 +2155 -32: D:/TulasiHotels/test/widgets/splash_screen_test.dart: SplashScreen renders app name                                                                                                   
01:50 +2156 -32: D:/TulasiHotels/test/widgets/sync_badge_test.dart: SyncBadge shows nothing when synced                                                                                                
01:50 +2157 -32: D:/TulasiHotels/test/widgets/splash_screen_test.dart: SplashScreen renders Hindi tagline                                                                                              
01:50 +2157 -32: D:/TulasiHotels/test/widgets/splash_screen_test.dart: SplashScreen renders Hindi tagline                                                                                              
ΓòÉΓòÉΓòí EXCEPTION CAUGHT BY FLUTTER TEST FRAMEWORK Γò₧ΓòÉΓòÉΓòÉΓòÉΓòÉΓòÉΓòÉΓòÉΓòÉΓòÉΓòÉΓòÉΓòÉΓòÉΓòÉΓòÉΓòÉΓòÉΓòÉΓòÉΓòÉΓòÉΓòÉΓòÉΓòÉΓòÉΓòÉΓòÉΓòÉΓòÉΓòÉΓòÉΓòÉΓòÉΓòÉΓòÉΓòÉΓòÉΓòÉΓòÉΓòÉΓòÉΓòÉΓòÉΓòÉΓòÉΓòÉΓòÉΓòÉΓòÉΓòÉΓòÉ
The following TestFailure was thrown running a test:
Expected: exactly one matching candidate
  Actual: _TextWidgetFinder:<Found 0 widgets with text "├â┬á├é┬ñ├é┬¡├â┬á├é┬ñ├é┬╛├â┬á├é┬ñ├é┬░├â┬á├é┬ñ├é┬ñ ├â┬á├é┬ñ├óΓé¼┬ó├â┬á├é┬ñ├é┬╛
├â┬á├é┬ñ├é┬╕├â┬á├é┬ñ├é┬¼├â┬á├é┬ñ├é┬╕├â┬á├é┬Ñ├óΓé¼┬í ├â┬á├é┬ñ├óΓé¼┬á├â┬á├é┬ñ├é┬╕├â┬á├é┬ñ├é┬╛├â┬á├é┬ñ├é┬¿ ├â┬á├é┬ñ├é┬¼├â┬á├é┬ñ├é┬┐├â┬á├é┬ñ├é┬▓├â┬á├é┬ñ├é┬┐├â┬á├é┬ñ├óΓé¼┼í├â┬á├é┬ñ├óΓé¼ΓÇ¥
├â┬á├é┬ñ├é┬É├â┬á├é┬ñ├é┬¬": []>
   Which: means none were found but one was expected

When the exception was thrown, this was the stack:
#4      main.<anonymous closure>.<anonymous closure> (file:///D:/TulasiHotels/test/widgets/splash_screen_test.dart:14:7)
<asynchronous suspension>
#5      testWidgets.<anonymous closure>.<anonymous closure> (package:flutter_test/src/widget_tester.dart:192:15)
<asynchronous suspension>
#6      TestWidgetsFlutterBinding._runTestBody (package:flutter_test/src/binding.dart:1059:5)
<asynchronous suspension>
<asynchronous suspension>
(elided one frame from package:stack_trace)

This was caught by the test expectation on the following line:
  file:///D:/TulasiHotels/test/widgets/splash_screen_test.dart line 14
The test description was:
  renders Hindi tagline
ΓòÉΓòÉΓòÉΓòÉΓòÉΓòÉΓòÉΓòÉΓòÉΓòÉΓòÉΓòÉΓòÉΓòÉΓòÉΓòÉΓòÉΓòÉΓòÉΓòÉΓòÉΓòÉΓòÉΓòÉΓòÉΓòÉΓòÉΓòÉΓòÉΓòÉΓòÉΓòÉΓòÉΓòÉΓòÉΓòÉΓòÉΓòÉΓòÉΓòÉΓòÉΓòÉΓòÉΓòÉΓòÉΓòÉΓòÉΓòÉΓòÉΓòÉΓòÉΓòÉΓòÉΓòÉΓòÉΓòÉΓòÉΓòÉΓòÉΓòÉΓòÉΓòÉΓòÉΓòÉΓòÉΓòÉΓòÉΓòÉΓòÉΓòÉΓòÉΓòÉΓòÉΓòÉΓòÉΓòÉΓòÉΓòÉΓòÉΓòÉΓòÉΓòÉΓòÉΓòÉΓòÉΓòÉΓòÉΓòÉΓòÉΓòÉΓòÉΓòÉΓòÉΓòÉΓòÉΓòÉΓòÉΓòÉΓòÉΓòÉ

01:50 +2157 -33: D:/TulasiHotels/test/widgets/splash_screen_test.dart: SplashScreen renders Hindi tagline [E]                                                                                          
  Test failed. See exception logs above.
  The test description was: renders Hindi tagline
  

To run this test again: C:\Tools\flutter\bin\cache\dart-sdk\bin\dart.exe test D:/TulasiHotels/test/widgets/splash_screen_test.dart -p vm --plain-name "SplashScreen renders Hindi tagline"

01:50 +2158 -33: D:/TulasiHotels/test/widgets/sync_badge_test.dart: SyncBadge shows orange dot when pending writes                                                                                     
01:50 +2159 -33: D:/TulasiHotels/test/widgets/splash_screen_test.dart: SplashScreen shows message text when provided                                                                                   
01:50 +2160 -33: D:/TulasiHotels/test/widgets/sync_badge_test.dart: SyncBadge tooltip has correct message                                                                                              
01:50 +2161 -33: D:/TulasiHotels/test/widgets/splash_screen_test.dart: SplashScreen shows error state with retry button                                                                                
01:50 +2162 -33: D:/TulasiHotels/test/widgets/splash_screen_test.dart: SplashScreen shows error state with retry button                                                                                
01:50 +2163 -33: D:/TulasiHotels/test/widgets/splash_screen_test.dart: SplashScreen shows error state with retry button                                                                                
01:50 +2164 -33: D:/TulasiHotels/test/widgets/sync_badge_test.dart: SyncStatusChip renders not synced state                                                                                            
01:50 +2165 -33: D:/TulasiHotels/test/widgets/splash_screen_test.dart: SplashScreen retry button fires callback                                                                                        
01:50 +2166 -33: D:/TulasiHotels/test/widgets/splash_screen_test.dart: SplashScreen retry button fires callback                                                                                        
01:50 +2166 -33: D:/TulasiHotels/test/widgets/splash_screen_test.dart: SplashScreen does not show error state by default                                                                               
01:50 +2167 -33: D:/TulasiHotels/test/widgets/splash_screen_test.dart: SplashScreen does not show error state by default                                                                               
01:51 +2167 -33: D:/TulasiHotels/test/widgets/splash_screen_test.dart: SplashScreen does not show error state by default                                                                               
01:51 +2167 -33: loading D:/TulasiHotels/test/widgets/upgrade_prompt_test.dart                                                                                                                         
01:51 +2167 -33: D:/TulasiHotels/test/widgets/upgrade_prompt_test.dart: UpgradeTrigger has 4 values                                                                                                    
01:51 +2168 -33: D:/TulasiHotels/test/widgets/upgrade_prompt_test.dart: UpgradeTrigger has 4 values                                                                                                    
01:51 +2168 -33: D:/TulasiHotels/test/widgets/upgrade_prompt_test.dart: UpgradeTrigger contains expected triggers                                                                                      
01:51 +2169 -33: D:/TulasiHotels/test/widgets/upgrade_prompt_test.dart: UpgradeTrigger contains expected triggers                                                                                      
01:51 +2169 -33: D:/TulasiHotels/test/widgets/upgrade_prompt_test.dart: UpgradePromptModal.show shows dialog with product limit message                                                                
01:52 +2169 -33: D:/TulasiHotels/test/widgets/upgrade_prompt_test.dart: UpgradePromptModal.show shows dialog with product limit message                                                                
01:52 +2169 -33: D:/TulasiHotels/test/widgets/upgrade_prompt_test.dart: UpgradePromptModal.show shows dialog with product limit message                                                                
ΓòÉΓòÉΓòí EXCEPTION CAUGHT BY FLUTTER TEST FRAMEWORK Γò₧ΓòÉΓòÉΓòÉΓòÉΓòÉΓòÉΓòÉΓòÉΓòÉΓòÉΓòÉΓòÉΓòÉΓòÉΓòÉΓòÉΓòÉΓòÉΓòÉΓòÉΓòÉΓòÉΓòÉΓòÉΓòÉΓòÉΓòÉΓòÉΓòÉΓòÉΓòÉΓòÉΓòÉΓòÉΓòÉΓòÉΓòÉΓòÉΓòÉΓòÉΓòÉΓòÉΓòÉΓòÉΓòÉΓòÉΓòÉΓòÉΓòÉΓòÉΓòÉΓòÉ
The following TestFailure was thrown running a test:
Expected: exactly one matching candidate
  Actual: _TextContainingWidgetFinder:<Found 0 widgets with text containing product limit: []>
   Which: means none were found but one was expected

When the exception was thrown, this was the stack:
#4      main.<anonymous closure>.<anonymous closure> (file:///D:/TulasiHotels/test/widgets/upgrade_prompt_test.dart:39:7)
<asynchronous suspension>
#5      testWidgets.<anonymous closure>.<anonymous closure> (package:flutter_test/src/widget_tester.dart:192:15)
<asynchronous suspension>
#6      TestWidgetsFlutterBinding._runTestBody (package:flutter_test/src/binding.dart:1059:5)
<asynchronous suspension>
<asynchronous suspension>
(elided one frame from package:stack_trace)

This was caught by the test expectation on the following line:
  file:///D:/TulasiHotels/test/widgets/upgrade_prompt_test.dart line 39
The test description was:
  shows dialog with product limit message
ΓòÉΓòÉΓòÉΓòÉΓòÉΓòÉΓòÉΓòÉΓòÉΓòÉΓòÉΓòÉΓòÉΓòÉΓòÉΓòÉΓòÉΓòÉΓòÉΓòÉΓòÉΓòÉΓòÉΓòÉΓòÉΓòÉΓòÉΓòÉΓòÉΓòÉΓòÉΓòÉΓòÉΓòÉΓòÉΓòÉΓòÉΓòÉΓòÉΓòÉΓòÉΓòÉΓòÉΓòÉΓòÉΓòÉΓòÉΓòÉΓòÉΓòÉΓòÉΓòÉΓòÉΓòÉΓòÉΓòÉΓòÉΓòÉΓòÉΓòÉΓòÉΓòÉΓòÉΓòÉΓòÉΓòÉΓòÉΓòÉΓòÉΓòÉΓòÉΓòÉΓòÉΓòÉΓòÉΓòÉΓòÉΓòÉΓòÉΓòÉΓòÉΓòÉΓòÉΓòÉΓòÉΓòÉΓòÉΓòÉΓòÉΓòÉΓòÉΓòÉΓòÉΓòÉΓòÉΓòÉΓòÉΓòÉΓòÉΓòÉ

01:52 +2169 -34: D:/TulasiHotels/test/widgets/upgrade_prompt_test.dart: UpgradePromptModal.show shows dialog with product limit message [E]                                                            
  Test failed. See exception logs above.
  The test description was: shows dialog with product limit message
  

To run this test again: C:\Tools\flutter\bin\cache\dart-sdk\bin\dart.exe test D:/TulasiHotels/test/widgets/upgrade_prompt_test.dart -p vm --plain-name "UpgradePromptModal.show shows dialog with product limit message"

01:52 +2169 -34: D:/TulasiHotels/test/widgets/upgrade_prompt_test.dart: UpgradePromptModal.show shows dialog with bill limit message                                                                   
01:53 +2169 -34: D:/TulasiHotels/test/widgets/upgrade_prompt_test.dart: UpgradePromptModal.show shows dialog with bill limit message                                                                   
01:53 +2170 -34: D:/TulasiHotels/test/widgets/upgrade_prompt_test.dart: UpgradePromptModal.show shows dialog with bill limit message                                                                   
01:53 +2170 -34: D:/TulasiHotels/test/widgets/upgrade_prompt_test.dart: UpgradePromptModal.show shows dialog with customer limit message                                                               
01:53 +2170 -34: D:/TulasiHotels/test/widgets/upgrade_prompt_test.dart: UpgradePromptModal.show shows dialog with customer limit message                                                               
ΓòÉΓòÉΓòí EXCEPTION CAUGHT BY FLUTTER TEST FRAMEWORK Γò₧ΓòÉΓòÉΓòÉΓòÉΓòÉΓòÉΓòÉΓòÉΓòÉΓòÉΓòÉΓòÉΓòÉΓòÉΓòÉΓòÉΓòÉΓòÉΓòÉΓòÉΓòÉΓòÉΓòÉΓòÉΓòÉΓòÉΓòÉΓòÉΓòÉΓòÉΓòÉΓòÉΓòÉΓòÉΓòÉΓòÉΓòÉΓòÉΓòÉΓòÉΓòÉΓòÉΓòÉΓòÉΓòÉΓòÉΓòÉΓòÉΓòÉΓòÉΓòÉΓòÉ
The following TestFailure was thrown running a test:
Expected: exactly one matching candidate
  Actual: _TextContainingWidgetFinder:<Found 0 widgets with text containing customer limit: []>
   Which: means none were found but one was expected

When the exception was thrown, this was the stack:
#4      main.<anonymous closure>.<anonymous closure> (file:///D:/TulasiHotels/test/widgets/upgrade_prompt_test.dart:81:7)
<asynchronous suspension>
#5      testWidgets.<anonymous closure>.<anonymous closure> (package:flutter_test/src/widget_tester.dart:192:15)
<asynchronous suspension>
#6      TestWidgetsFlutterBinding._runTestBody (package:flutter_test/src/binding.dart:1059:5)
<asynchronous suspension>
<asynchronous suspension>
(elided one frame from package:stack_trace)

This was caught by the test expectation on the following line:
  file:///D:/TulasiHotels/test/widgets/upgrade_prompt_test.dart line 81
The test description was:
  shows dialog with customer limit message
ΓòÉΓòÉΓòÉΓòÉΓòÉΓòÉΓòÉΓòÉΓòÉΓòÉΓòÉΓòÉΓòÉΓòÉΓòÉΓòÉΓòÉΓòÉΓòÉΓòÉΓòÉΓòÉΓòÉΓòÉΓòÉΓòÉΓòÉΓòÉΓòÉΓòÉΓòÉΓòÉΓòÉΓòÉΓòÉΓòÉΓòÉΓòÉΓòÉΓòÉΓòÉΓòÉΓòÉΓòÉΓòÉΓòÉΓòÉΓòÉΓòÉΓòÉΓòÉΓòÉΓòÉΓòÉΓòÉΓòÉΓòÉΓòÉΓòÉΓòÉΓòÉΓòÉΓòÉΓòÉΓòÉΓòÉΓòÉΓòÉΓòÉΓòÉΓòÉΓòÉΓòÉΓòÉΓòÉΓòÉΓòÉΓòÉΓòÉΓòÉΓòÉΓòÉΓòÉΓòÉΓòÉΓòÉΓòÉΓòÉΓòÉΓòÉΓòÉΓòÉΓòÉΓòÉΓòÉΓòÉΓòÉΓòÉΓòÉΓòÉ

01:53 +2170 -35: D:/TulasiHotels/test/widgets/upgrade_prompt_test.dart: UpgradePromptModal.show shows dialog with customer limit message [E]                                                           
  Test failed. See exception logs above.
  The test description was: shows dialog with customer limit message
  

To run this test again: C:\Tools\flutter\bin\cache\dart-sdk\bin\dart.exe test D:/TulasiHotels/test/widgets/upgrade_prompt_test.dart -p vm --plain-name "UpgradePromptModal.show shows dialog with customer limit message"

01:53 +2170 -35: D:/TulasiHotels/test/widgets/upgrade_prompt_test.dart: UpgradePromptModal.show shows Later and View Plans buttons                                                                     
01:53 +2171 -35: D:/TulasiHotels/test/widgets/upgrade_prompt_test.dart: UpgradePromptModal.show shows Later and View Plans buttons                                                                     
01:53 +2171 -35: D:/TulasiHotels/test/widgets/upgrade_prompt_test.dart: UpgradePromptModal.show Later button dismisses dialog                                                                          
01:53 +2172 -35: D:/TulasiHotels/test/widgets/upgrade_prompt_test.dart: UpgradePromptModal.show Later button dismisses dialog                                                                          
01:53 +2172 -35: D:/TulasiHotels/test/widgets/upgrade_prompt_test.dart: UpgradePromptModal.show shows star icon                                                                                        
01:53 +2173 -35: D:/TulasiHotels/test/widgets/upgrade_prompt_test.dart: UpgradePromptModal.show shows star icon                                                                                        
01:53 +2173 -35: Some tests failed.                                                                                                                                                                    
